Archive member included to satisfy reference by file (symbol)

/home/kssvm/.eclipse/com.st.stm32cube.ide.mcu.rcp.product_1.10.1_139059409_linux_gtk_x86_64/plugins/com.st.stm32cube.ide.mcu.externaltools.gnu-tools-for-stm32.10.3-2021.10.linux64_1.0.200.202301161003/tools/bin/../lib/gcc/arm-none-eabi/10.3.1/../../../../arm-none-eabi/lib/thumb/v7e-m+fp/hard/libc_nano.a(lib_a-errno.o)
                              ./Core/Src/syscalls.o (__errno)
/home/kssvm/.eclipse/com.st.stm32cube.ide.mcu.rcp.product_1.10.1_139059409_linux_gtk_x86_64/plugins/com.st.stm32cube.ide.mcu.externaltools.gnu-tools-for-stm32.10.3-2021.10.linux64_1.0.200.202301161003/tools/bin/../lib/gcc/arm-none-eabi/10.3.1/../../../../arm-none-eabi/lib/thumb/v7e-m+fp/hard/libc_nano.a(lib_a-exit.o)
                              /home/kssvm/.eclipse/com.st.stm32cube.ide.mcu.rcp.product_1.10.1_139059409_linux_gtk_x86_64/plugins/com.st.stm32cube.ide.mcu.externaltools.gnu-tools-for-stm32.10.3-2021.10.linux64_1.0.200.202301161003/tools/bin/../lib/gcc/arm-none-eabi/10.3.1/../../../../arm-none-eabi/lib/thumb/v7e-m+fp/hard/crt0.o (exit)
/home/kssvm/.eclipse/com.st.stm32cube.ide.mcu.rcp.product_1.10.1_139059409_linux_gtk_x86_64/plugins/com.st.stm32cube.ide.mcu.externaltools.gnu-tools-for-stm32.10.3-2021.10.linux64_1.0.200.202301161003/tools/bin/../lib/gcc/arm-none-eabi/10.3.1/../../../../arm-none-eabi/lib/thumb/v7e-m+fp/hard/libc_nano.a(lib_a-impure.o)
                              /home/kssvm/.eclipse/com.st.stm32cube.ide.mcu.rcp.product_1.10.1_139059409_linux_gtk_x86_64/plugins/com.st.stm32cube.ide.mcu.externaltools.gnu-tools-for-stm32.10.3-2021.10.linux64_1.0.200.202301161003/tools/bin/../lib/gcc/arm-none-eabi/10.3.1/../../../../arm-none-eabi/lib/thumb/v7e-m+fp/hard/libc_nano.a(lib_a-exit.o) (_global_impure_ptr)
/home/kssvm/.eclipse/com.st.stm32cube.ide.mcu.rcp.product_1.10.1_139059409_linux_gtk_x86_64/plugins/com.st.stm32cube.ide.mcu.externaltools.gnu-tools-for-stm32.10.3-2021.10.linux64_1.0.200.202301161003/tools/bin/../lib/gcc/arm-none-eabi/10.3.1/../../../../arm-none-eabi/lib/thumb/v7e-m+fp/hard/libc_nano.a(lib_a-init.o)
                              /home/kssvm/.eclipse/com.st.stm32cube.ide.mcu.rcp.product_1.10.1_139059409_linux_gtk_x86_64/plugins/com.st.stm32cube.ide.mcu.externaltools.gnu-tools-for-stm32.10.3-2021.10.linux64_1.0.200.202301161003/tools/bin/../lib/gcc/arm-none-eabi/10.3.1/../../../../arm-none-eabi/lib/thumb/v7e-m+fp/hard/crt0.o (__libc_init_array)
/home/kssvm/.eclipse/com.st.stm32cube.ide.mcu.rcp.product_1.10.1_139059409_linux_gtk_x86_64/plugins/com.st.stm32cube.ide.mcu.externaltools.gnu-tools-for-stm32.10.3-2021.10.linux64_1.0.200.202301161003/tools/bin/../lib/gcc/arm-none-eabi/10.3.1/../../../../arm-none-eabi/lib/thumb/v7e-m+fp/hard/libc_nano.a(lib_a-memset.o)
                              /home/kssvm/.eclipse/com.st.stm32cube.ide.mcu.rcp.product_1.10.1_139059409_linux_gtk_x86_64/plugins/com.st.stm32cube.ide.mcu.externaltools.gnu-tools-for-stm32.10.3-2021.10.linux64_1.0.200.202301161003/tools/bin/../lib/gcc/arm-none-eabi/10.3.1/../../../../arm-none-eabi/lib/thumb/v7e-m+fp/hard/crt0.o (memset)

Discarded input sections

 .text          0x0000000000000000        0x0 /home/kssvm/.eclipse/com.st.stm32cube.ide.mcu.rcp.product_1.10.1_139059409_linux_gtk_x86_64/plugins/com.st.stm32cube.ide.mcu.externaltools.gnu-tools-for-stm32.10.3-2021.10.linux64_1.0.200.202301161003/tools/bin/../lib/gcc/arm-none-eabi/10.3.1/thumb/v7e-m+fp/hard/crti.o
 .data          0x0000000000000000        0x0 /home/kssvm/.eclipse/com.st.stm32cube.ide.mcu.rcp.product_1.10.1_139059409_linux_gtk_x86_64/plugins/com.st.stm32cube.ide.mcu.externaltools.gnu-tools-for-stm32.10.3-2021.10.linux64_1.0.200.202301161003/tools/bin/../lib/gcc/arm-none-eabi/10.3.1/thumb/v7e-m+fp/hard/crti.o
 .bss           0x0000000000000000        0x0 /home/kssvm/.eclipse/com.st.stm32cube.ide.mcu.rcp.product_1.10.1_139059409_linux_gtk_x86_64/plugins/com.st.stm32cube.ide.mcu.externaltools.gnu-tools-for-stm32.10.3-2021.10.linux64_1.0.200.202301161003/tools/bin/../lib/gcc/arm-none-eabi/10.3.1/thumb/v7e-m+fp/hard/crti.o
 .data          0x0000000000000000        0x4 /home/kssvm/.eclipse/com.st.stm32cube.ide.mcu.rcp.product_1.10.1_139059409_linux_gtk_x86_64/plugins/com.st.stm32cube.ide.mcu.externaltools.gnu-tools-for-stm32.10.3-2021.10.linux64_1.0.200.202301161003/tools/bin/../lib/gcc/arm-none-eabi/10.3.1/thumb/v7e-m+fp/hard/crtbegin.o
 .rodata        0x0000000000000000       0x24 /home/kssvm/.eclipse/com.st.stm32cube.ide.mcu.rcp.product_1.10.1_139059409_linux_gtk_x86_64/plugins/com.st.stm32cube.ide.mcu.externaltools.gnu-tools-for-stm32.10.3-2021.10.linux64_1.0.200.202301161003/tools/bin/../lib/gcc/arm-none-eabi/10.3.1/thumb/v7e-m+fp/hard/crtbegin.o
[...]
Memory Configuration

Name             Origin             Length             Attributes
FLASH            0x0000000008100000 0x0000000000100000 xr
RAM              0x0000000010000000 0x0000000000048000 xrw
*default*        0x0000000000000000 0xffffffffffffffff

Linker script and memory map

LOAD /home/kssvm/.eclipse/com.st.stm32cube.ide.mcu.rcp.product_1.10.1_139059409_linux_gtk_x86_64/plugins/com.st.stm32cube.ide.mcu.externaltools.gnu-tools-for-stm32.10.3-2021.10.linux64_1.0.200.202301161003/tools/bin/../lib/gcc/arm-none-eabi/10.3.1/thumb/v7e-m+fp/hard/crti.o
LOAD /home/kssvm/.eclipse/com.st.stm32cube.ide.mcu.rcp.product_1.10.1_139059409_linux_gtk_x86_64/plugins/com.st.stm32cube.ide.mcu.externaltools.gnu-tools-for-stm32.10.3-2021.10.linux64_1.0.200.202301161003/tools/bin/../lib/gcc/arm-none-eabi/10.3.1/thumb/v7e-m+fp/hard/crtbegin.o
LOAD /home/kssvm/.eclipse/com.st.stm32cube.ide.mcu.rcp.product_1.10.1_139059409_linux_gtk_x86_64/plugins/com.st.stm32cube.ide.mcu.externaltools.gnu-tools-for-stm32.10.3-2021.10.linux64_1.0.200.202301161003/tools/bin/../lib/gcc/arm-none-eabi/10.3.1/../../../../arm-none-eabi/lib/thumb/v7e-m+fp/hard/crt0.o
LOAD ./Common/Src/system_stm32h7xx_dualcore_boot_cm4_cm7.o
LOAD ./Core/Src/main.o
LOAD ./Core/Src/stm32h7xx_hal_msp.o
LOAD ./Core/Src/stm32h7xx_it.o
LOAD ./Core/Src/syscalls.o
LOAD ./Core/Src/sysmem.o
LOAD ./Core/Startup/startup_stm32h747xihx.o
LOAD ./Drivers/STM32H7xx_HAL_Driver/stm32h7xx_hal.o
LOAD ./Drivers/STM32H7xx_HAL_Driver/stm32h7xx_hal_adc.o
LOAD ./Drivers/STM32H7xx_HAL_Driver/stm32h7xx_hal_adc_ex.o
LOAD ./Drivers/STM32H7xx_HAL_Driver/stm32h7xx_hal_cec.o
LOAD ./Drivers/STM32H7xx_HAL_Driver/stm32h7xx_hal_cortex.o
LOAD ./Drivers/STM32H7xx_HAL_Driver/stm32h7xx_hal_dma.o
LOAD ./Drivers/STM32H7xx_HAL_Driver/stm32h7xx_hal_dma_ex.o
LOAD ./Drivers/STM32H7xx_HAL_Driver/stm32h7xx_hal_exti.o
LOAD ./Drivers/STM32H7xx_HAL_Driver/stm32h7xx_hal_flash.o
LOAD ./Drivers/STM32H7xx_HAL_Driver/stm32h7xx_hal_flash_ex.o
LOAD ./Drivers/STM32H7xx_HAL_Driver/stm32h7xx_hal_gpio.o
LOAD ./Drivers/STM32H7xx_HAL_Driver/stm32h7xx_hal_hsem.o
LOAD ./Drivers/STM32H7xx_HAL_Driver/stm32h7xx_hal_i2c.o
LOAD ./Drivers/STM32H7xx_HAL_Driver/stm32h7xx_hal_i2c_ex.o
LOAD ./Drivers/STM32H7xx_HAL_Driver/stm32h7xx_hal_mdma.o
LOAD ./Drivers/STM32H7xx_HAL_Driver/stm32h7xx_hal_pwr.o
LOAD ./Drivers/STM32H7xx_HAL_Driver/stm32h7xx_hal_pwr_ex.o
LOAD ./Drivers/STM32H7xx_HAL_Driver/stm32h7xx_hal_rcc.o
LOAD ./Drivers/STM32H7xx_HAL_Driver/stm32h7xx_hal_rcc_ex.o
LOAD ./Drivers/STM32H7xx_HAL_Driver/stm32h7xx_hal_rtc.o
LOAD ./Drivers/STM32H7xx_HAL_Driver/stm32h7xx_hal_rtc_ex.o
LOAD ./Drivers/STM32H7xx_HAL_Driver/stm32h7xx_hal_sai.o
LOAD ./Drivers/STM32H7xx_HAL_Driver/stm32h7xx_hal_sai_ex.o
LOAD ./Drivers/STM32H7xx_HAL_Driver/stm32h7xx_hal_spdifrx.o
LOAD ./Drivers/STM32H7xx_HAL_Driver/stm32h7xx_hal_tim.o
LOAD ./Drivers/STM32H7xx_HAL_Driver/stm32h7xx_hal_tim_ex.o
START GROUP
LOAD /home/kssvm/.eclipse/com.st.stm32cube.ide.mcu.rcp.product_1.10.1_139059409_linux_gtk_x86_64/plugins/com.st.stm32cube.ide.mcu.externaltools.gnu-tools-for-stm32.10.3-2021.10.linux64_1.0.200.202301161003/tools/bin/../lib/gcc/arm-none-eabi/10.3.1/../../../../arm-none-eabi/lib/thumb/v7e-m+fp/hard/libstdc++_nano.a
LOAD /home/kssvm/.eclipse/com.st.stm32cube.ide.mcu.rcp.product_1.10.1_139059409_linux_gtk_x86_64/plugins/com.st.stm32cube.ide.mcu.externaltools.gnu-tools-for-stm32.10.3-2021.10.linux64_1.0.200.202301161003/tools/bin/../lib/gcc/arm-none-eabi/10.3.1/../../../../arm-none-eabi/lib/thumb/v7e-m+fp/hard/libsupc++_nano.a
END GROUP
LOAD /home/kssvm/.eclipse/com.st.stm32cube.ide.mcu.rcp.product_1.10.1_139059409_linux_gtk_x86_64/plugins/com.st.stm32cube.ide.mcu.externaltools.gnu-tools-for-stm32.10.3-2021.10.linux64_1.0.200.202301161003/tools/bin/../lib/gcc/arm-none-eabi/10.3.1/../../../../arm-none-eabi/lib/thumb/v7e-m+fp/hard/libstdc++_nano.a
LOAD /home/kssvm/.eclipse/com.st.stm32cube.ide.mcu.rcp.product_1.10.1_139059409_linux_gtk_x86_64/plugins/com.st.stm32cube.ide.mcu.externaltools.gnu-tools-for-stm32.10.3-2021.10.linux64_1.0.200.202301161003/tools/bin/../lib/gcc/arm-none-eabi/10.3.1/../../../../arm-none-eabi/lib/thumb/v7e-m+fp/hard/libm.a
LOAD /home/kssvm/.eclipse/com.st.stm32cube.ide.mcu.rcp.product_1.10.1_139059409_linux_gtk_x86_64/plugins/com.st.stm32cube.ide.mcu.externaltools.gnu-tools-for-stm32.10.3-2021.10.linux64_1.0.200.202301161003/tools/bin/../lib/gcc/arm-none-eabi/10.3.1/../../../../arm-none-eabi/lib/thumb/v7e-m+fp/hard/libc_nano.a
START GROUP
LOAD /home/kssvm/.eclipse/com.st.stm32cube.ide.mcu.rcp.product_1.10.1_139059409_linux_gtk_x86_64/plugins/com.st.stm32cube.ide.mcu.externaltools.gnu-tools-for-stm32.10.3-2021.10.linux64_1.0.200.202301161003/tools/bin/../lib/gcc/arm-none-eabi/10.3.1/thumb/v7e-m+fp/hard/libgcc.a
LOAD /home/kssvm/.eclipse/com.st.stm32cube.ide.mcu.rcp.product_1.10.1_139059409_linux_gtk_x86_64/plugins/com.st.stm32cube.ide.mcu.externaltools.gnu-tools-for-stm32.10.3-2021.10.linux64_1.0.200.202301161003/tools/bin/../lib/gcc/arm-none-eabi/10.3.1/../../../../arm-none-eabi/lib/thumb/v7e-m+fp/hard/libc_nano.a
END GROUP
START GROUP
LOAD /home/kssvm/.eclipse/com.st.stm32cube.ide.mcu.rcp.product_1.10.1_139059409_linux_gtk_x86_64/plugins/com.st.stm32cube.ide.mcu.externaltools.gnu-tools-for-stm32.10.3-2021.10.linux64_1.0.200.202301161003/tools/bin/../lib/gcc/arm-none-eabi/10.3.1/thumb/v7e-m+fp/hard/libgcc.a
LOAD /home/kssvm/.eclipse/com.st.stm32cube.ide.mcu.rcp.product_1.10.1_139059409_linux_gtk_x86_64/plugins/com.st.stm32cube.ide.mcu.externaltools.gnu-tools-for-stm32.10.3-2021.10.linux64_1.0.200.202301161003/tools/bin/../lib/gcc/arm-none-eabi/10.3.1/../../../../arm-none-eabi/lib/thumb/v7e-m+fp/hard/libc_nano.a
LOAD /home/kssvm/.eclipse/com.st.stm32cube.ide.mcu.rcp.product_1.10.1_139059409_linux_gtk_x86_64/plugins/com.st.stm32cube.ide.mcu.externaltools.gnu-tools-for-stm32.10.3-2021.10.linux64_1.0.200.202301161003/tools/bin/../lib/gcc/arm-none-eabi/10.3.1/../../../../arm-none-eabi/lib/thumb/v7e-m+fp/hard/libnosys.a
END GROUP
START GROUP
LOAD /home/kssvm/.eclipse/com.st.stm32cube.ide.mcu.rcp.product_1.10.1_139059409_linux_gtk_x86_64/plugins/com.st.stm32cube.ide.mcu.externaltools.gnu-tools-for-stm32.10.3-2021.10.linux64_1.0.200.202301161003/tools/bin/../lib/gcc/arm-none-eabi/10.3.1/thumb/v7e-m+fp/hard/libgcc.a
LOAD /home/kssvm/.eclipse/com.st.stm32cube.ide.mcu.rcp.product_1.10.1_139059409_linux_gtk_x86_64/plugins/com.st.stm32cube.ide.mcu.externaltools.gnu-tools-for-stm32.10.3-2021.10.linux64_1.0.200.202301161003/tools/bin/../lib/gcc/arm-none-eabi/10.3.1/../../../../arm-none-eabi/lib/thumb/v7e-m+fp/hard/libc_nano.a
LOAD /home/kssvm/.eclipse/com.st.stm32cube.ide.mcu.rcp.product_1.10.1_139059409_linux_gtk_x86_64/plugins/com.st.stm32cube.ide.mcu.externaltools.gnu-tools-for-stm32.10.3-2021.10.linux64_1.0.200.202301161003/tools/bin/../lib/gcc/arm-none-eabi/10.3.1/../../../../arm-none-eabi/lib/thumb/v7e-m+fp/hard/libnosys.a
END GROUP
LOAD /home/kssvm/.eclipse/com.st.stm32cube.ide.mcu.rcp.product_1.10.1_139059409_linux_gtk_x86_64/plugins/com.st.stm32cube.ide.mcu.externaltools.gnu-tools-for-stm32.10.3-2021.10.linux64_1.0.200.202301161003/tools/bin/../lib/gcc/arm-none-eabi/10.3.1/thumb/v7e-m+fp/hard/crtend.o
LOAD /home/kssvm/.eclipse/com.st.stm32cube.ide.mcu.rcp.product_1.10.1_139059409_linux_gtk_x86_64/plugins/com.st.stm32cube.ide.mcu.externaltools.gnu-tools-for-stm32.10.3-2021.10.linux64_1.0.200.202301161003/tools/bin/../lib/gcc/arm-none-eabi/10.3.1/thumb/v7e-m+fp/hard/crtn.o
                0x0000000010048000                _estack = (ORIGIN (RAM) + LENGTH (RAM))
                0x0000000000000200                _Min_Heap_Size = 0x200
                0x0000000000000400                _Min_Stack_Size = 0x400

.isr_vector     0x0000000008100000      0x298
                0x0000000008100000                . = ALIGN (0x4)
 *(.isr_vector)
 .isr_vector    0x0000000008100000      0x298 ./Core/Startup/startup_stm32h747xihx.o
                0x0000000008100000                g_pfnVectors
                0x0000000008100298                . = ALIGN (0x4)

.text           0x0000000008100298     0x745c
                0x0000000008100298                . = ALIGN (0x4)
 *(.text)
 .text          0x0000000008100298       0x40 /home/kssvm/.eclipse/com.st.stm32cube.ide.mcu.rcp.product_1.10.1_139059409_linux_gtk_x86_64/plugins/com.st.stm32cube.ide.mcu.externaltools.gnu-tools-for-stm32.10.3-2021.10.linux64_1.0.200.202301161003/tools/bin/../lib/gcc/arm-none-eabi/10.3.1/thumb/v7e-m+fp/hard/crtbegin.o
 *(.text*)
 .text.SystemInit
                0x00000000081002d8       0x30 ./Common/Src/system_stm32h7xx_dualcore_boot_cm4_cm7.o
                0x00000000081002d8                SystemInit
 .text.main     0x0000000008100308       0xa4 ./Core/Src/main.o
                0x0000000008100308                main
 .text._ZL12MX_ADC1_Initv
                0x00000000081003ac      0x110 ./Core/Src/main.o
 .text._ZL12MX_ADC3_Initv
                0x00000000081004bc       0xd4 ./Core/Src/main.o
 .text._ZL16MX_HDMI_CEC_Initv
                0x0000000008100590       0x74 ./Core/Src/main.o
 .text._ZL11MX_RTC_Initv
                0x0000000008100604       0xb0 ./Core/Src/main.o
 .text._ZL12MX_SAI1_Initv
                0x00000000081006b4      0x14c ./Core/Src/main.o
 .text._ZL16MX_SPDIFRX1_Initv
                0x0000000008100800       0x7c ./Core/Src/main.o
 .text._ZL12MX_TIM8_Initv
                0x000000000810087c      0x148 ./Core/Src/main.o
 .text._ZL13MX_TIM13_Initv
                0x00000000081009c4       0xac ./Core/Src/main.o
 .text._ZL12MX_MDMA_Initv
                0x0000000008100a70       0x34 ./Core/Src/main.o
 .text._ZL12MX_GPIO_Initv
                0x0000000008100aa4      0x108 ./Core/Src/main.o
 .text.Error_Handler
                0x0000000008100bac        0xa ./Core/Src/main.o
                0x0000000008100bac                Error_Handler
 *fill*         0x0000000008100bb6        0x2 
 .text.HAL_MspInit
                0x0000000008100bb8       0x34 ./Core/Src/stm32h7xx_hal_msp.o
                0x0000000008100bb8                HAL_MspInit
 .text.HAL_ADC_MspInit
                0x0000000008100bec      0x128 ./Core/Src/stm32h7xx_hal_msp.o
                0x0000000008100bec                HAL_ADC_MspInit
 .text.HAL_CEC_MspInit
                0x0000000008100d14       0xe4 ./Core/Src/stm32h7xx_hal_msp.o
                0x0000000008100d14                HAL_CEC_MspInit
 .text.HAL_RTC_MspInit
                0x0000000008100df8       0x64 ./Core/Src/stm32h7xx_hal_msp.o
                0x0000000008100df8                HAL_RTC_MspInit
 .text.HAL_SPDIFRX_MspInit
                0x0000000008100e5c       0x90 ./Core/Src/stm32h7xx_hal_msp.o
                0x0000000008100e5c                HAL_SPDIFRX_MspInit
 .text.HAL_TIM_OC_MspInit
                0x0000000008100eec       0x44 ./Core/Src/stm32h7xx_hal_msp.o
                0x0000000008100eec                HAL_TIM_OC_MspInit
 .text.HAL_TIM_Base_MspInit
                0x0000000008100f30       0x94 ./Core/Src/stm32h7xx_hal_msp.o
                0x0000000008100f30                HAL_TIM_Base_MspInit
 .text.HAL_TIM_MspPostInit
                0x0000000008100fc4       0x74 ./Core/Src/stm32h7xx_hal_msp.o
                0x0000000008100fc4                HAL_TIM_MspPostInit
 .text.HAL_SAI_MspInit
                0x0000000008101038       0xfc ./Core/Src/stm32h7xx_hal_msp.o
                0x0000000008101038                HAL_SAI_MspInit
 .text.NMI_Handler
                0x0000000008101134        0x6 ./Core/Src/stm32h7xx_it.o
                0x0000000008101134                NMI_Handler
 .text.HardFault_Handler
                0x000000000810113a        0x6 ./Core/Src/stm32h7xx_it.o
                0x000000000810113a                HardFault_Handler
 .text.MemManage_Handler
                0x0000000008101140        0x6 ./Core/Src/stm32h7xx_it.o
                0x0000000008101140                MemManage_Handler
 .text.BusFault_Handler
                0x0000000008101146        0x6 ./Core/Src/stm32h7xx_it.o
                0x0000000008101146                BusFault_Handler
 .text.UsageFault_Handler
                0x000000000810114c        0x6 ./Core/Src/stm32h7xx_it.o
                0x000000000810114c                UsageFault_Handler
 .text.SVC_Handler
                0x0000000008101152        0xe ./Core/Src/stm32h7xx_it.o
                0x0000000008101152                SVC_Handler
 .text.DebugMon_Handler
                0x0000000008101160        0xe ./Core/Src/stm32h7xx_it.o
                0x0000000008101160                DebugMon_Handler
 .text.PendSV_Handler
                0x000000000810116e        0xe ./Core/Src/stm32h7xx_it.o
                0x000000000810116e                PendSV_Handler
 .text.SysTick_Handler
                0x000000000810117c        0xc ./Core/Src/stm32h7xx_it.o
                0x000000000810117c                SysTick_Handler
 .text.CEC_IRQHandler
                0x0000000008101188       0x14 ./Core/Src/stm32h7xx_it.o
                0x0000000008101188                CEC_IRQHandler
 .text.Reset_Handler
                0x000000000810119c       0x50 ./Core/Startup/startup_stm32h747xihx.o
                0x000000000810119c                Reset_Handler
 .text.Default_Handler
                0x00000000081011ec        0x2 ./Core/Startup/startup_stm32h747xihx.o
                0x00000000081011ec                RTC_Alarm_IRQHandler
                0x00000000081011ec                EXTI2_IRQHandler
                0x00000000081011ec                TIM8_CC_IRQHandler
                0x00000000081011ec                HRTIM1_Master_IRQHandler
                0x00000000081011ec                UART8_IRQHandler
                0x00000000081011ec                SPI4_IRQHandler
                0x00000000081011ec                TIM1_CC_IRQHandler
                0x00000000081011ec                BDMA_Channel6_IRQHandler
                0x00000000081011ec                DMA2_Stream5_IRQHandler
                0x00000000081011ec                HRTIM1_FLT_IRQHandler
                0x00000000081011ec                JPEG_IRQHandler
                0x00000000081011ec                DMA1_Stream5_IRQHandler
                0x00000000081011ec                BDMA_Channel1_IRQHandler
                0x00000000081011ec                HRTIM1_TIMD_IRQHandler
                0x00000000081011ec                TAMP_STAMP_IRQHandler
                0x00000000081011ec                EXTI3_IRQHandler
                0x00000000081011ec                LPTIM4_IRQHandler
                0x00000000081011ec                TIM8_TRG_COM_TIM14_IRQHandler
                0x00000000081011ec                LPTIM2_IRQHandler
                0x00000000081011ec                DFSDM1_FLT1_IRQHandler
                0x00000000081011ec                DMAMUX2_OVR_IRQHandler
                0x00000000081011ec                TIM8_UP_TIM13_IRQHandler
                0x00000000081011ec                I2C3_ER_IRQHandler
                0x00000000081011ec                DFSDM1_FLT2_IRQHandler
                0x00000000081011ec                MDMA_IRQHandler
                0x00000000081011ec                LPTIM3_IRQHandler
                0x00000000081011ec                HSEM1_IRQHandler
                0x00000000081011ec                EXTI0_IRQHandler
                0x00000000081011ec                I2C2_EV_IRQHandler
                0x00000000081011ec                DMA1_Stream2_IRQHandler
                0x00000000081011ec                FPU_IRQHandler
                0x00000000081011ec                OTG_HS_WKUP_IRQHandler
                0x00000000081011ec                FDCAN1_IT1_IRQHandler
                0x00000000081011ec                LTDC_ER_IRQHandler
                0x00000000081011ec                DMA2_Stream2_IRQHandler
                0x00000000081011ec                HRTIM1_TIME_IRQHandler
                0x00000000081011ec                SPI1_IRQHandler
                0x00000000081011ec                TIM6_DAC_IRQHandler
                0x00000000081011ec                DCMI_IRQHandler
                0x00000000081011ec                HRTIM1_TIMC_IRQHandler
                0x00000000081011ec                DMA2_Stream3_IRQHandler
                0x00000000081011ec                SAI2_IRQHandler
                0x00000000081011ec                DFSDM1_FLT3_IRQHandler
                0x00000000081011ec                USART6_IRQHandler
                0x00000000081011ec                TIM17_IRQHandler
                0x00000000081011ec                USART3_IRQHandler
                0x00000000081011ec                BDMA_Channel7_IRQHandler
                0x00000000081011ec                LPTIM5_IRQHandler
                0x00000000081011ec                UART5_IRQHandler
                0x00000000081011ec                ADC3_IRQHandler
                0x00000000081011ec                DMA2_Stream0_IRQHandler
                0x00000000081011ec                TIM4_IRQHandler
                0x00000000081011ec                BDMA_Channel2_IRQHandler
                0x00000000081011ec                QUADSPI_IRQHandler
                0x00000000081011ec                I2C1_EV_IRQHandler
                0x00000000081011ec                DMA1_Stream6_IRQHandler
                0x00000000081011ec                DMAMUX1_OVR_IRQHandler
                0x00000000081011ec                DMA1_Stream1_IRQHandler
                0x00000000081011ec                TIM16_IRQHandler
                0x00000000081011ec                UART4_IRQHandler
                0x00000000081011ec                BDMA_Channel5_IRQHandler
                0x00000000081011ec                TIM3_IRQHandler
                0x00000000081011ec                RCC_IRQHandler
                0x00000000081011ec                TIM8_BRK_TIM12_IRQHandler
                0x00000000081011ec                TIM1_TRG_COM_IRQHandler
                0x00000000081011ec                Default_Handler
                0x00000000081011ec                ECC_IRQHandler
                0x00000000081011ec                EXTI15_10_IRQHandler
                0x00000000081011ec                BDMA_Channel0_IRQHandler
                0x00000000081011ec                ADC_IRQHandler
                0x00000000081011ec                DMA1_Stream7_IRQHandler
                0x00000000081011ec                HRTIM1_TIMA_IRQHandler
                0x00000000081011ec                SPI5_IRQHandler
                0x00000000081011ec                TIM7_IRQHandler
                0x00000000081011ec                SDMMC1_IRQHandler
                0x00000000081011ec                TIM5_IRQHandler
                0x00000000081011ec                DMA2_Stream7_IRQHandler
                0x00000000081011ec                TIM15_IRQHandler
                0x00000000081011ec                PVD_AVD_IRQHandler
                0x00000000081011ec                I2C3_EV_IRQHandler
                0x00000000081011ec                EXTI9_5_IRQHandler
                0x00000000081011ec                RTC_WKUP_IRQHandler
                0x00000000081011ec                LTDC_IRQHandler
                0x00000000081011ec                SAI3_IRQHandler
                0x00000000081011ec                ETH_WKUP_IRQHandler
                0x00000000081011ec                SPDIF_RX_IRQHandler
                0x00000000081011ec                SPI2_IRQHandler
                0x00000000081011ec                OTG_HS_EP1_IN_IRQHandler
                0x00000000081011ec                DMA1_Stream0_IRQHandler
                0x00000000081011ec                CRS_IRQHandler
                0x00000000081011ec                CM7_SEV_IRQHandler
                0x00000000081011ec                EXTI4_IRQHandler
                0x00000000081011ec                RNG_IRQHandler
                0x00000000081011ec                CM4_SEV_IRQHandler
                0x00000000081011ec                HRTIM1_TIMB_IRQHandler
                0x00000000081011ec                FDCAN2_IT1_IRQHandler
                0x00000000081011ec                DSI_IRQHandler
                0x00000000081011ec                ETH_IRQHandler
                0x00000000081011ec                TIM1_UP_IRQHandler
                0x00000000081011ec                WWDG_RST_IRQHandler
                0x00000000081011ec                BDMA_Channel4_IRQHandler
                0x00000000081011ec                OTG_HS_EP1_OUT_IRQHandler
                0x00000000081011ec                WWDG_IRQHandler
                0x00000000081011ec                SPI6_IRQHandler
                0x00000000081011ec                MDIOS_IRQHandler
                0x00000000081011ec                I2C4_EV_IRQHandler
                0x00000000081011ec                FDCAN2_IT0_IRQHandler
                0x00000000081011ec                LPUART1_IRQHandler
                0x00000000081011ec                FDCAN1_IT0_IRQHandler
                0x00000000081011ec                TIM2_IRQHandler
                0x00000000081011ec                OTG_FS_WKUP_IRQHandler
                0x00000000081011ec                OTG_HS_IRQHandler
                0x00000000081011ec                HSEM2_IRQHandler
                0x00000000081011ec                DMA2D_IRQHandler
                0x00000000081011ec                TIM1_BRK_IRQHandler
                0x00000000081011ec                EXTI1_IRQHandler
                0x00000000081011ec                SDMMC2_IRQHandler
                0x00000000081011ec                OTG_FS_EP1_OUT_IRQHandler
                0x00000000081011ec                BDMA_Channel3_IRQHandler
                0x00000000081011ec                HOLD_CORE_IRQHandler
                0x00000000081011ec                UART7_IRQHandler
                0x00000000081011ec                MDIOS_WKUP_IRQHandler
                0x00000000081011ec                USART2_IRQHandler
                0x00000000081011ec                DFSDM1_FLT0_IRQHandler
                0x00000000081011ec                SAI4_IRQHandler
                0x00000000081011ec                I2C2_ER_IRQHandler
                0x00000000081011ec                DMA2_Stream1_IRQHandler
                0x00000000081011ec                FLASH_IRQHandler
                0x00000000081011ec                DMA2_Stream4_IRQHandler
                0x00000000081011ec                USART1_IRQHandler
                0x00000000081011ec                OTG_FS_IRQHandler
                0x00000000081011ec                SPI3_IRQHandler
                0x00000000081011ec                WAKEUP_PIN_IRQHandler
                0x00000000081011ec                DMA1_Stream4_IRQHandler
                0x00000000081011ec                OTG_FS_EP1_IN_IRQHandler
                0x00000000081011ec                I2C1_ER_IRQHandler
                0x00000000081011ec                FMC_IRQHandler
                0x00000000081011ec                FDCAN_CAL_IRQHandler
                0x00000000081011ec                SWPMI1_IRQHandler
                0x00000000081011ec                COMP1_IRQHandler
                0x00000000081011ec                LPTIM1_IRQHandler
                0x00000000081011ec                I2C4_ER_IRQHandler
                0x00000000081011ec                DMA2_Stream6_IRQHandler
                0x00000000081011ec                SAI1_IRQHandler
                0x00000000081011ec                DMA1_Stream3_IRQHandler
 *fill*         0x00000000081011ee        0x2 
 .text.HAL_Init
                0x00000000081011f0       0xbc ./Drivers/STM32H7xx_HAL_Driver/stm32h7xx_hal.o
                0x00000000081011f0                HAL_Init
 .text.HAL_InitTick
                0x00000000081012ac       0x6c ./Drivers/STM32H7xx_HAL_Driver/stm32h7xx_hal.o
                0x00000000081012ac                HAL_InitTick
 .text.HAL_IncTick
                0x0000000008101318       0x28 ./Drivers/STM32H7xx_HAL_Driver/stm32h7xx_hal.o
                0x0000000008101318                HAL_IncTick
 .text.HAL_GetTick
                0x0000000008101340       0x18 ./Drivers/STM32H7xx_HAL_Driver/stm32h7xx_hal.o
                0x0000000008101340                HAL_GetTick
 .text.HAL_GetREVID
                0x0000000008101358       0x18 ./Drivers/STM32H7xx_HAL_Driver/stm32h7xx_hal.o
                0x0000000008101358                HAL_GetREVID
 .text.HAL_SYSCFG_AnalogSwitchConfig
                0x0000000008101370       0x2c ./Drivers/STM32H7xx_HAL_Driver/stm32h7xx_hal.o
                0x0000000008101370                HAL_SYSCFG_AnalogSwitchConfig
 .text.LL_ADC_SetCommonClock
                0x000000000810139c       0x26 ./Drivers/STM32H7xx_HAL_Driver/stm32h7xx_hal_adc.o
 .text.LL_ADC_SetCommonPathInternalCh
                0x00000000081013c2       0x26 ./Drivers/STM32H7xx_HAL_Driver/stm32h7xx_hal_adc.o
 .text.LL_ADC_GetCommonPathInternalCh
                0x00000000081013e8       0x1c ./Drivers/STM32H7xx_HAL_Driver/stm32h7xx_hal_adc.o
 .text.LL_ADC_SetOffset
                0x0000000008101404       0x40 ./Drivers/STM32H7xx_HAL_Driver/stm32h7xx_hal_adc.o
 .text.LL_ADC_SetDataRightShift
                0x0000000008101444       0x32 ./Drivers/STM32H7xx_HAL_Driver/stm32h7xx_hal_adc.o
 .text.LL_ADC_SetOffsetSignedSaturation
                0x0000000008101476       0x36 ./Drivers/STM32H7xx_HAL_Driver/stm32h7xx_hal_adc.o
 .text.LL_ADC_REG_SetSequencerRanks
                0x00000000081014ac       0x58 ./Drivers/STM32H7xx_HAL_Driver/stm32h7xx_hal_adc.o
 .text.LL_ADC_SetChannelSamplingTime
                0x0000000008101504       0x56 ./Drivers/STM32H7xx_HAL_Driver/stm32h7xx_hal_adc.o
 *fill*         0x000000000810155a        0x2 
 .text.LL_ADC_SetChannelSingleDiff
                0x000000000810155c       0x48 ./Drivers/STM32H7xx_HAL_Driver/stm32h7xx_hal_adc.o
 .text.LL_ADC_DisableDeepPowerDown
                0x00000000081015a4       0x24 ./Drivers/STM32H7xx_HAL_Driver/stm32h7xx_hal_adc.o
 .text.LL_ADC_IsDeepPowerDownEnabled
                0x00000000081015c8       0x28 ./Drivers/STM32H7xx_HAL_Driver/stm32h7xx_hal_adc.o
 .text.LL_ADC_EnableInternalRegulator
                0x00000000081015f0       0x28 ./Drivers/STM32H7xx_HAL_Driver/stm32h7xx_hal_adc.o
 .text.LL_ADC_IsInternalRegulatorEnabled
                0x0000000008101618       0x28 ./Drivers/STM32H7xx_HAL_Driver/stm32h7xx_hal_adc.o
 .text.LL_ADC_IsEnabled
                0x0000000008101640       0x26 ./Drivers/STM32H7xx_HAL_Driver/stm32h7xx_hal_adc.o
 .text.LL_ADC_REG_IsConversionOngoing
                0x0000000008101666       0x26 ./Drivers/STM32H7xx_HAL_Driver/stm32h7xx_hal_adc.o
 .text.LL_ADC_INJ_IsConversionOngoing
                0x000000000810168c       0x26 ./Drivers/STM32H7xx_HAL_Driver/stm32h7xx_hal_adc.o
 *fill*         0x00000000081016b2        0x2 
 .text.HAL_ADC_Init
                0x00000000081016b4      0x344 ./Drivers/STM32H7xx_HAL_Driver/stm32h7xx_hal_adc.o
                0x00000000081016b4                HAL_ADC_Init
 .text.HAL_ADC_ConfigChannel
                0x00000000081019f8      0x6a0 ./Drivers/STM32H7xx_HAL_Driver/stm32h7xx_hal_adc.o
                0x00000000081019f8                HAL_ADC_ConfigChannel
 .text.ADC_ConfigureBoostMode
                0x0000000008102098      0x218 ./Drivers/STM32H7xx_HAL_Driver/stm32h7xx_hal_adc.o
                0x0000000008102098                ADC_ConfigureBoostMode
 .text.LL_ADC_IsEnabled
                0x00000000081022b0       0x26 ./Drivers/STM32H7xx_HAL_Driver/stm32h7xx_hal_adc_ex.o
 .text.LL_ADC_REG_IsConversionOngoing
                0x00000000081022d6       0x26 ./Drivers/STM32H7xx_HAL_Driver/stm32h7xx_hal_adc_ex.o
 .text.HAL_ADCEx_MultiModeConfigChannel
                0x00000000081022fc      0x1c4 ./Drivers/STM32H7xx_HAL_Driver/stm32h7xx_hal_adc_ex.o
                0x00000000081022fc                HAL_ADCEx_MultiModeConfigChannel
 .text.HAL_CEC_Init
                0x00000000081024c0       0xc4 ./Drivers/STM32H7xx_HAL_Driver/stm32h7xx_hal_cec.o
                0x00000000081024c0                HAL_CEC_Init
 .text.HAL_CEC_IRQHandler
                0x0000000008102584      0x1ba ./Drivers/STM32H7xx_HAL_Driver/stm32h7xx_hal_cec.o
                0x0000000008102584                HAL_CEC_IRQHandler
 .text.HAL_CEC_TxCpltCallback
                0x000000000810273e       0x14 ./Drivers/STM32H7xx_HAL_Driver/stm32h7xx_hal_cec.o
                0x000000000810273e                HAL_CEC_TxCpltCallback
 .text.HAL_CEC_RxCpltCallback
                0x0000000008102752       0x16 ./Drivers/STM32H7xx_HAL_Driver/stm32h7xx_hal_cec.o
                0x0000000008102752                HAL_CEC_RxCpltCallback
 .text.HAL_CEC_ErrorCallback
                0x0000000008102768       0x14 ./Drivers/STM32H7xx_HAL_Driver/stm32h7xx_hal_cec.o
                0x0000000008102768                HAL_CEC_ErrorCallback
 .text.__NVIC_SetPriorityGrouping
                0x000000000810277c       0x48 ./Drivers/STM32H7xx_HAL_Driver/stm32h7xx_hal_cortex.o
 .text.__NVIC_GetPriorityGrouping
                0x00000000081027c4       0x1c ./Drivers/STM32H7xx_HAL_Driver/stm32h7xx_hal_cortex.o
 .text.__NVIC_EnableIRQ
                0x00000000081027e0       0x3c ./Drivers/STM32H7xx_HAL_Driver/stm32h7xx_hal_cortex.o
 .text.__NVIC_SetPriority
                0x000000000810281c       0x54 ./Drivers/STM32H7xx_HAL_Driver/stm32h7xx_hal_cortex.o
 .text.NVIC_EncodePriority
                0x0000000008102870       0x66 ./Drivers/STM32H7xx_HAL_Driver/stm32h7xx_hal_cortex.o
 *fill*         0x00000000081028d6        0x2 
 .text.SysTick_Config
                0x00000000081028d8       0x44 ./Drivers/STM32H7xx_HAL_Driver/stm32h7xx_hal_cortex.o
 .text.HAL_NVIC_SetPriorityGrouping
                0x000000000810291c       0x16 ./Drivers/STM32H7xx_HAL_Driver/stm32h7xx_hal_cortex.o
                0x000000000810291c                HAL_NVIC_SetPriorityGrouping
 .text.HAL_NVIC_SetPriority
                0x0000000008102932       0x34 ./Drivers/STM32H7xx_HAL_Driver/stm32h7xx_hal_cortex.o
                0x0000000008102932                HAL_NVIC_SetPriority
 .text.HAL_NVIC_EnableIRQ
                0x0000000008102966       0x1c ./Drivers/STM32H7xx_HAL_Driver/stm32h7xx_hal_cortex.o
                0x0000000008102966                HAL_NVIC_EnableIRQ
 .text.HAL_SYSTICK_Config
                0x0000000008102982       0x18 ./Drivers/STM32H7xx_HAL_Driver/stm32h7xx_hal_cortex.o
                0x0000000008102982                HAL_SYSTICK_Config
 *fill*         0x000000000810299a        0x2 
 .text.HAL_GetCurrentCPUID
                0x000000000810299c       0x28 ./Drivers/STM32H7xx_HAL_Driver/stm32h7xx_hal_cortex.o
                0x000000000810299c                HAL_GetCurrentCPUID
 .text.HAL_GPIO_Init
                0x00000000081029c4      0x360 ./Drivers/STM32H7xx_HAL_Driver/stm32h7xx_hal_gpio.o
                0x00000000081029c4                HAL_GPIO_Init
 .text.HAL_HSEM_ActivateNotification
                0x0000000008102d24       0x24 ./Drivers/STM32H7xx_HAL_Driver/stm32h7xx_hal_hsem.o
                0x0000000008102d24                HAL_HSEM_ActivateNotification
 .text.HAL_PWREx_EnterSTOPMode
                0x0000000008102d48       0xf4 ./Drivers/STM32H7xx_HAL_Driver/stm32h7xx_hal_pwr_ex.o
                0x0000000008102d48                HAL_PWREx_EnterSTOPMode
 .text.HAL_PWREx_ClearPendingEvent
                0x0000000008102e3c       0x1a ./Drivers/STM32H7xx_HAL_Driver/stm32h7xx_hal_pwr_ex.o
                0x0000000008102e3c                HAL_PWREx_ClearPendingEvent
 *fill*         0x0000000008102e56        0x2 
 .text.HAL_RCC_GetSysClockFreq
                0x0000000008102e58      0x2f4 ./Drivers/STM32H7xx_HAL_Driver/stm32h7xx_hal_rcc.o
                0x0000000008102e58                HAL_RCC_GetSysClockFreq
 .text.HAL_RCC_GetHCLKFreq
                0x000000000810314c       0x64 ./Drivers/STM32H7xx_HAL_Driver/stm32h7xx_hal_rcc.o
                0x000000000810314c                HAL_RCC_GetHCLKFreq
 .text.HAL_RCC_GetPCLK1Freq
                0x00000000081031b0       0x2c ./Drivers/STM32H7xx_HAL_Driver/stm32h7xx_hal_rcc.o
                0x00000000081031b0                HAL_RCC_GetPCLK1Freq
 .text.HAL_RCCEx_PeriphCLKConfig
                0x00000000081031dc     0x1494 ./Drivers/STM32H7xx_HAL_Driver/stm32h7xx_hal_rcc_ex.o
                0x00000000081031dc                HAL_RCCEx_PeriphCLKConfig
 .text.HAL_RCCEx_GetPeriphCLKFreq
                0x0000000008104670      0xb00 ./Drivers/STM32H7xx_HAL_Driver/stm32h7xx_hal_rcc_ex.o
                0x0000000008104670                HAL_RCCEx_GetPeriphCLKFreq
 .text.HAL_RCCEx_GetD3PCLK1Freq
                0x0000000008105170       0x2c ./Drivers/STM32H7xx_HAL_Driver/stm32h7xx_hal_rcc_ex.o
                0x0000000008105170                HAL_RCCEx_GetD3PCLK1Freq
 .text.HAL_RCCEx_GetPLL2ClockFreq
                0x000000000810519c      0x2a8 ./Drivers/STM32H7xx_HAL_Driver/stm32h7xx_hal_rcc_ex.o
                0x000000000810519c                HAL_RCCEx_GetPLL2ClockFreq
 .text.HAL_RCCEx_GetPLL3ClockFreq
                0x0000000008105444      0x2a8 ./Drivers/STM32H7xx_HAL_Driver/stm32h7xx_hal_rcc_ex.o
                0x0000000008105444                HAL_RCCEx_GetPLL3ClockFreq
 .text.HAL_RCCEx_GetPLL1ClockFreq
                0x00000000081056ec      0x2a4 ./Drivers/STM32H7xx_HAL_Driver/stm32h7xx_hal_rcc_ex.o
                0x00000000081056ec                HAL_RCCEx_GetPLL1ClockFreq
 .text.RCCEx_PLL2_Config
                0x0000000008105990      0x164 ./Drivers/STM32H7xx_HAL_Driver/stm32h7xx_hal_rcc_ex.o
 .text.RCCEx_PLL3_Config
                0x0000000008105af4      0x164 ./Drivers/STM32H7xx_HAL_Driver/stm32h7xx_hal_rcc_ex.o
 .text.HAL_RTC_Init
                0x0000000008105c58      0x104 ./Drivers/STM32H7xx_HAL_Driver/stm32h7xx_hal_rtc.o
                0x0000000008105c58                HAL_RTC_Init
 .text.HAL_RTC_WaitForSynchro
                0x0000000008105d5c       0x48 ./Drivers/STM32H7xx_HAL_Driver/stm32h7xx_hal_rtc.o
                0x0000000008105d5c                HAL_RTC_WaitForSynchro
 .text.RTC_EnterInitMode
                0x0000000008105da4       0x66 ./Drivers/STM32H7xx_HAL_Driver/stm32h7xx_hal_rtc.o
                0x0000000008105da4                RTC_EnterInitMode
 *fill*         0x0000000008105e0a        0x2 
 .text.RTC_ExitInitMode
                0x0000000008105e0c       0x7c ./Drivers/STM32H7xx_HAL_Driver/stm32h7xx_hal_rtc.o
                0x0000000008105e0c                RTC_ExitInitMode
 .text.HAL_RTCEx_SetTamper
                0x0000000008105e88      0x1be ./Drivers/STM32H7xx_HAL_Driver/stm32h7xx_hal_rtc_ex.o
                0x0000000008105e88                HAL_RTCEx_SetTamper
 *fill*         0x0000000008106046        0x2 
 .text.HAL_SAI_Init
                0x0000000008106048      0x554 ./Drivers/STM32H7xx_HAL_Driver/stm32h7xx_hal_sai.o
                0x0000000008106048                HAL_SAI_Init
 .text.SAI_Disable
                0x000000000810659c       0x74 ./Drivers/STM32H7xx_HAL_Driver/stm32h7xx_hal_sai.o
 .text.HAL_SPDIFRX_Init
                0x0000000008106610       0xdc ./Drivers/STM32H7xx_HAL_Driver/stm32h7xx_hal_spdifrx.o
                0x0000000008106610                HAL_SPDIFRX_Init
 .text.HAL_TIM_Base_Init
                0x00000000081066ec       0xae ./Drivers/STM32H7xx_HAL_Driver/stm32h7xx_hal_tim.o
                0x00000000081066ec                HAL_TIM_Base_Init
 .text.HAL_TIM_OC_Init
                0x000000000810679a       0xae ./Drivers/STM32H7xx_HAL_Driver/stm32h7xx_hal_tim.o
                0x000000000810679a                HAL_TIM_OC_Init
 .text.HAL_TIM_IC_Init
                0x0000000008106848       0xae ./Drivers/STM32H7xx_HAL_Driver/stm32h7xx_hal_tim.o
                0x0000000008106848                HAL_TIM_IC_Init
 .text.HAL_TIM_IC_MspInit
                0x00000000081068f6       0x14 ./Drivers/STM32H7xx_HAL_Driver/stm32h7xx_hal_tim.o
                0x00000000081068f6                HAL_TIM_IC_MspInit
 *fill*         0x000000000810690a        0x2 
 .text.HAL_TIM_OC_ConfigChannel
                0x000000000810690c       0xf4 ./Drivers/STM32H7xx_HAL_Driver/stm32h7xx_hal_tim.o
                0x000000000810690c                HAL_TIM_OC_ConfigChannel
 .text.HAL_TIM_IC_ConfigChannel
                0x0000000008106a00      0x138 ./Drivers/STM32H7xx_HAL_Driver/stm32h7xx_hal_tim.o
                0x0000000008106a00                HAL_TIM_IC_ConfigChannel
 .text.TIM_Base_SetConfig
                0x0000000008106b38      0x134 ./Drivers/STM32H7xx_HAL_Driver/stm32h7xx_hal_tim.o
                0x0000000008106b38                TIM_Base_SetConfig
 .text.TIM_OC1_SetConfig
                0x0000000008106c6c      0x120 ./Drivers/STM32H7xx_HAL_Driver/stm32h7xx_hal_tim.o
 .text.TIM_OC2_SetConfig
                0x0000000008106d8c      0x114 ./Drivers/STM32H7xx_HAL_Driver/stm32h7xx_hal_tim.o
                0x0000000008106d8c                TIM_OC2_SetConfig
 .text.TIM_OC3_SetConfig
                0x0000000008106ea0      0x110 ./Drivers/STM32H7xx_HAL_Driver/stm32h7xx_hal_tim.o
 .text.TIM_OC4_SetConfig
                0x0000000008106fb0       0xd4 ./Drivers/STM32H7xx_HAL_Driver/stm32h7xx_hal_tim.o
 .text.TIM_OC5_SetConfig
                0x0000000008107084       0xc8 ./Drivers/STM32H7xx_HAL_Driver/stm32h7xx_hal_tim.o
 .text.TIM_OC6_SetConfig
                0x000000000810714c       0xcc ./Drivers/STM32H7xx_HAL_Driver/stm32h7xx_hal_tim.o
 .text.TIM_TI1_SetConfig
                0x0000000008107218       0xe8 ./Drivers/STM32H7xx_HAL_Driver/stm32h7xx_hal_tim.o
                0x0000000008107218                TIM_TI1_SetConfig
 .text.TIM_TI2_SetConfig
                0x0000000008107300       0x7a ./Drivers/STM32H7xx_HAL_Driver/stm32h7xx_hal_tim.o
 .text.TIM_TI3_SetConfig
                0x000000000810737a       0x78 ./Drivers/STM32H7xx_HAL_Driver/stm32h7xx_hal_tim.o
 .text.TIM_TI4_SetConfig
                0x00000000081073f2       0x7a ./Drivers/STM32H7xx_HAL_Driver/stm32h7xx_hal_tim.o
 .text.HAL_TIMEx_MasterConfigSynchronization
                0x000000000810746c      0x11c ./Drivers/STM32H7xx_HAL_Driver/stm32h7xx_hal_tim_ex.o
                0x000000000810746c                HAL_TIMEx_MasterConfigSynchronization
 .text.HAL_TIMEx_ConfigBreakDeadTime
                0x0000000008107588       0xfc ./Drivers/STM32H7xx_HAL_Driver/stm32h7xx_hal_tim_ex.o
                0x0000000008107588                HAL_TIMEx_ConfigBreakDeadTime
 .text.__libc_init_array
                0x0000000008107684       0x48 /home/kssvm/.eclipse/com.st.stm32cube.ide.mcu.rcp.product_1.10.1_139059409_linux_gtk_x86_64/plugins/com.st.stm32cube.ide.mcu.externaltools.gnu-tools-for-stm32.10.3-2021.10.linux64_1.0.200.202301161003/tools/bin/../lib/gcc/arm-none-eabi/10.3.1/../../../../arm-none-eabi/lib/thumb/v7e-m+fp/hard/libc_nano.a(lib_a-init.o)
                0x0000000008107684                __libc_init_array
 .text.memset   0x00000000081076cc       0x10 /home/kssvm/.eclipse/com.st.stm32cube.ide.mcu.rcp.product_1.10.1_139059409_linux_gtk_x86_64/plugins/com.st.stm32cube.ide.mcu.externaltools.gnu-tools-for-stm32.10.3-2021.10.linux64_1.0.200.202301161003/tools/bin/../lib/gcc/arm-none-eabi/10.3.1/../../../../arm-none-eabi/lib/thumb/v7e-m+fp/hard/libc_nano.a(lib_a-memset.o)
                0x00000000081076cc                memset
 *(.glue_7)
 .glue_7        0x00000000081076dc        0x0 linker stubs
 *(.glue_7t)
 .glue_7t       0x00000000081076dc        0x0 linker stubs
 *(.eh_frame)
 .eh_frame      0x00000000081076dc        0x0 /home/kssvm/.eclipse/com.st.stm32cube.ide.mcu.rcp.product_1.10.1_139059409_linux_gtk_x86_64/plugins/com.st.stm32cube.ide.mcu.externaltools.gnu-tools-for-stm32.10.3-2021.10.linux64_1.0.200.202301161003/tools/bin/../lib/gcc/arm-none-eabi/10.3.1/thumb/v7e-m+fp/hard/crtbegin.o
 *(.init)
 .init          0x00000000081076dc        0x4 /home/kssvm/.eclipse/com.st.stm32cube.ide.mcu.rcp.product_1.10.1_139059409_linux_gtk_x86_64/plugins/com.st.stm32cube.ide.mcu.externaltools.gnu-tools-for-stm32.10.3-2021.10.linux64_1.0.200.202301161003/tools/bin/../lib/gcc/arm-none-eabi/10.3.1/thumb/v7e-m+fp/hard/crti.o
                0x00000000081076dc                _init
 .init          0x00000000081076e0        0x8 /home/kssvm/.eclipse/com.st.stm32cube.ide.mcu.rcp.product_1.10.1_139059409_linux_gtk_x86_64/plugins/com.st.stm32cube.ide.mcu.externaltools.gnu-tools-for-stm32.10.3-2021.10.linux64_1.0.200.202301161003/tools/bin/../lib/gcc/arm-none-eabi/10.3.1/thumb/v7e-m+fp/hard/crtn.o
 *(.fini)
 .fini          0x00000000081076e8        0x4 /home/kssvm/.eclipse/com.st.stm32cube.ide.mcu.rcp.product_1.10.1_139059409_linux_gtk_x86_64/plugins/com.st.stm32cube.ide.mcu.externaltools.gnu-tools-for-stm32.10.3-2021.10.linux64_1.0.200.202301161003/tools/bin/../lib/gcc/arm-none-eabi/10.3.1/thumb/v7e-m+fp/hard/crti.o
                0x00000000081076e8                _fini
 .fini          0x00000000081076ec        0x8 /home/kssvm/.eclipse/com.st.stm32cube.ide.mcu.rcp.product_1.10.1_139059409_linux_gtk_x86_64/plugins/com.st.stm32cube.ide.mcu.externaltools.gnu-tools-for-stm32.10.3-2021.10.linux64_1.0.200.202301161003/tools/bin/../lib/gcc/arm-none-eabi/10.3.1/thumb/v7e-m+fp/hard/crtn.o
                0x00000000081076f4                . = ALIGN (0x4)
                0x00000000081076f4                _etext = .

.vfp11_veneer   0x00000000081076f4        0x0
 .vfp11_veneer  0x00000000081076f4        0x0 linker stubs

.v4_bx          0x00000000081076f4        0x0
 .v4_bx         0x00000000081076f4        0x0 linker stubs

.iplt           0x00000000081076f4        0x0
 .iplt          0x00000000081076f4        0x0 /home/kssvm/.eclipse/com.st.stm32cube.ide.mcu.rcp.product_1.10.1_139059409_linux_gtk_x86_64/plugins/com.st.stm32cube.ide.mcu.externaltools.gnu-tools-for-stm32.10.3-2021.10.linux64_1.0.200.202301161003/tools/bin/../lib/gcc/arm-none-eabi/10.3.1/thumb/v7e-m+fp/hard/crtbegin.o

.rodata         0x00000000081076f4       0x10
                0x00000000081076f4                . = ALIGN (0x4)
 *(.rodata)
 *(.rodata*)
 .rodata.D1CorePrescTable
                0x00000000081076f4       0x10 ./Common/Src/system_stm32h7xx_dualcore_boot_cm4_cm7.o
                0x00000000081076f4                D1CorePrescTable
                0x0000000008107704                . = ALIGN (0x4)

.rel.dyn        0x0000000008107704        0x0
 .rel.iplt      0x0000000008107704        0x0 /home/kssvm/.eclipse/com.st.stm32cube.ide.mcu.rcp.product_1.10.1_139059409_linux_gtk_x86_64/plugins/com.st.stm32cube.ide.mcu.externaltools.gnu-tools-for-stm32.10.3-2021.10.linux64_1.0.200.202301161003/tools/bin/../lib/gcc/arm-none-eabi/10.3.1/thumb/v7e-m+fp/hard/crtbegin.o

.ARM.extab
 *(.ARM.extab* .gnu.linkonce.armextab.*)

.ARM            0x0000000008107704        0x0
                0x0000000008107704                __exidx_start = .
 *(.ARM.exidx*)
                0x0000000008107704                __exidx_end = .

.preinit_array  0x0000000008107704        0x0
                0x0000000008107704                PROVIDE (__preinit_array_start = .)
 *(.preinit_array*)
                0x0000000008107704                PROVIDE (__preinit_array_end = .)

.init_array     0x0000000008107704        0x4
                0x0000000008107704                PROVIDE (__init_array_start = .)
 *(SORT_BY_NAME(.init_array.*))
 *(.init_array*)
 .init_array    0x0000000008107704        0x4 /home/kssvm/.eclipse/com.st.stm32cube.ide.mcu.rcp.product_1.10.1_139059409_linux_gtk_x86_64/plugins/com.st.stm32cube.ide.mcu.externaltools.gnu-tools-for-stm32.10.3-2021.10.linux64_1.0.200.202301161003/tools/bin/../lib/gcc/arm-none-eabi/10.3.1/thumb/v7e-m+fp/hard/crtbegin.o
                0x0000000008107708                PROVIDE (__init_array_end = .)

.fini_array     0x0000000008107708        0x4
                [!provide]                        PROVIDE (__fini_array_start = .)
 *(SORT_BY_NAME(.fini_array.*))
 *(.fini_array*)
 .fini_array    0x0000000008107708        0x4 /home/kssvm/.eclipse/com.st.stm32cube.ide.mcu.rcp.product_1.10.1_139059409_linux_gtk_x86_64/plugins/com.st.stm32cube.ide.mcu.externaltools.gnu-tools-for-stm32.10.3-2021.10.linux64_1.0.200.202301161003/tools/bin/../lib/gcc/arm-none-eabi/10.3.1/thumb/v7e-m+fp/hard/crtbegin.o
                [!provide]                        PROVIDE (__fini_array_end = .)
                0x000000000810770c                _sidata = LOADADDR (.data)

.data           0x0000000010000000       0x10 load address 0x000000000810770c
                0x0000000010000000                . = ALIGN (0x4)
                0x0000000010000000                _sdata = .
 *(.data)
 *(.data*)
 .data.SystemCoreClock
                0x0000000010000000        0x4 ./Common/Src/system_stm32h7xx_dualcore_boot_cm4_cm7.o
                0x0000000010000000                SystemCoreClock
 .data.SystemD2Clock
                0x0000000010000004        0x4 ./Common/Src/system_stm32h7xx_dualcore_boot_cm4_cm7.o
                0x0000000010000004                SystemD2Clock
 .data.uwTickPrio
                0x0000000010000008        0x4 ./Drivers/STM32H7xx_HAL_Driver/stm32h7xx_hal.o
                0x0000000010000008                uwTickPrio
 .data.uwTickFreq
                0x000000001000000c        0x1 ./Drivers/STM32H7xx_HAL_Driver/stm32h7xx_hal.o
                0x000000001000000c                uwTickFreq
 *(.RamFunc)
 *(.RamFunc*)
                0x0000000010000010                . = ALIGN (0x4)
 *fill*         0x000000001000000d        0x3 
                0x0000000010000010                _edata = .

.igot.plt       0x0000000010000010        0x0 load address 0x000000000810771c
 .igot.plt      0x0000000010000010        0x0 /home/kssvm/.eclipse/com.st.stm32cube.ide.mcu.rcp.product_1.10.1_139059409_linux_gtk_x86_64/plugins/com.st.stm32cube.ide.mcu.externaltools.gnu-tools-for-stm32.10.3-2021.10.linux64_1.0.200.202301161003/tools/bin/../lib/gcc/arm-none-eabi/10.3.1/thumb/v7e-m+fp/hard/crtbegin.o
                0x0000000010000010                . = ALIGN (0x4)

.bss            0x0000000010000010      0x37c load address 0x000000000810771c
                0x0000000010000010                _sbss = .
                0x0000000010000010                __bss_start__ = _sbss
 *(.bss)
 .bss           0x0000000010000010       0x1c /home/kssvm/.eclipse/com.st.stm32cube.ide.mcu.rcp.product_1.10.1_139059409_linux_gtk_x86_64/plugins/com.st.stm32cube.ide.mcu.externaltools.gnu-tools-for-stm32.10.3-2021.10.linux64_1.0.200.202301161003/tools/bin/../lib/gcc/arm-none-eabi/10.3.1/thumb/v7e-m+fp/hard/crtbegin.o
 *(.bss*)
 .bss.hadc1     0x000000001000002c       0x64 ./Core/Src/main.o
                0x000000001000002c                hadc1
 .bss.hadc3     0x0000000010000090       0x64 ./Core/Src/main.o
                0x0000000010000090                hadc3
 .bss.hcec      0x00000000100000f4       0x44 ./Core/Src/main.o
                0x00000000100000f4                hcec
 .bss.hrtc      0x0000000010000138       0x24 ./Core/Src/main.o
                0x0000000010000138                hrtc
 .bss.hsai_BlockA1
                0x000000001000015c       0x98 ./Core/Src/main.o
                0x000000001000015c                hsai_BlockA1
 .bss.hsai_BlockB1
                0x00000000100001f4       0x98 ./Core/Src/main.o
                0x00000000100001f4                hsai_BlockB1
 .bss.hspdif1   0x000000001000028c       0x50 ./Core/Src/main.o
                0x000000001000028c                hspdif1
 .bss.htim8     0x00000000100002dc       0x4c ./Core/Src/main.o
                0x00000000100002dc                htim8
 .bss.htim13    0x0000000010000328       0x4c ./Core/Src/main.o
                0x0000000010000328                htim13
 .bss.cec_receive_buffer
                0x0000000010000374       0x10 ./Core/Src/main.o
                0x0000000010000374                cec_receive_buffer
 .bss.SAI1_client
                0x0000000010000384        0x4 ./Core/Src/stm32h7xx_hal_msp.o
 .bss.uwTick    0x0000000010000388        0x4 ./Drivers/STM32H7xx_HAL_Driver/stm32h7xx_hal.o
                0x0000000010000388                uwTick
 *(COMMON)
                0x000000001000038c                . = ALIGN (0x4)
                0x000000001000038c                _ebss = .
                0x000000001000038c                __bss_end__ = _ebss

._user_heap_stack
                0x000000001000038c      0x604 load address 0x000000000810771c
                0x0000000010000390                . = ALIGN (0x8)
 *fill*         0x000000001000038c        0x4 
                [!provide]                        PROVIDE (end = .)
                0x0000000010000390                PROVIDE (_end = .)
                0x0000000010000590                . = (. + _Min_Heap_Size)
 *fill*         0x0000000010000390      0x200 
                0x0000000010000990                . = (. + _Min_Stack_Size)
 *fill*         0x0000000010000590      0x400 
                0x0000000010000990                . = ALIGN (0x8)

/DISCARD/
 libc.a(*)
 libm.a(*)
 libgcc.a(*)

.ARM.attributes
                0x0000000000000000       0x30
 *(.ARM.attributes)
 .ARM.attributes
                0x0000000000000000       0x1e /home/kssvm/.eclipse/com.st.stm32cube.ide.mcu.rcp.product_1.10.1_139059409_linux_gtk_x86_64/plugins/com.st.stm32cube.ide.mcu.externaltools.gnu-tools-for-stm32.10.3-2021.10.linux64_1.0.200.202301161003/tools/bin/../lib/gcc/arm-none-eabi/10.3.1/thumb/v7e-m+fp/hard/crti.o
 .ARM.attributes
                0x000000000000001e       0x34 /home/kssvm/.eclipse/com.st.stm32cube.ide.mcu.rcp.product_1.10.1_139059409_linux_gtk_x86_64/plugins/com.st.stm32cube.ide.mcu.externaltools.gnu-tools-for-stm32.10.3-2021.10.linux64_1.0.200.202301161003/tools/bin/../lib/gcc/arm-none-eabi/10.3.1/thumb/v7e-m+fp/hard/crtbegin.o
 .ARM.attributes
                0x0000000000000052       0x34 ./Common/Src/system_stm32h7xx_dualcore_boot_cm4_cm7.o
 .ARM.attributes
                0x0000000000000086       0x34 ./Core/Src/main.o
 .ARM.attributes
                0x00000000000000ba       0x34 ./Core/Src/stm32h7xx_hal_msp.o
 .ARM.attributes
                0x00000000000000ee       0x34 ./Core/Src/stm32h7xx_it.o
 .ARM.attributes
                0x0000000000000122       0x21 ./Core/Startup/startup_stm32h747xihx.o
 .ARM.attributes
                0x0000000000000143       0x34 ./Drivers/STM32H7xx_HAL_Driver/stm32h7xx_hal.o
 .ARM.attributes
                0x0000000000000177       0x34 ./Drivers/STM32H7xx_HAL_Driver/stm32h7xx_hal_adc.o
 .ARM.attributes
                0x00000000000001ab       0x34 ./Drivers/STM32H7xx_HAL_Driver/stm32h7xx_hal_adc_ex.o
 .ARM.attributes
                0x00000000000001df       0x34 ./Drivers/STM32H7xx_HAL_Driver/stm32h7xx_hal_cec.o
 .ARM.attributes
                0x0000000000000213       0x34 ./Drivers/STM32H7xx_HAL_Driver/stm32h7xx_hal_cortex.o
 .ARM.attributes
                0x0000000000000247       0x34 ./Drivers/STM32H7xx_HAL_Driver/stm32h7xx_hal_gpio.o
 .ARM.attributes
                0x000000000000027b       0x34 ./Drivers/STM32H7xx_HAL_Driver/stm32h7xx_hal_hsem.o
 .ARM.attributes
                0x00000000000002af       0x34 ./Drivers/STM32H7xx_HAL_Driver/stm32h7xx_hal_pwr_ex.o
 .ARM.attributes
                0x00000000000002e3       0x34 ./Drivers/STM32H7xx_HAL_Driver/stm32h7xx_hal_rcc.o
 .ARM.attributes
                0x0000000000000317       0x34 ./Drivers/STM32H7xx_HAL_Driver/stm32h7xx_hal_rcc_ex.o
 .ARM.attributes
                0x000000000000034b       0x34 ./Drivers/STM32H7xx_HAL_Driver/stm32h7xx_hal_rtc.o
 .ARM.attributes
                0x000000000000037f       0x34 ./Drivers/STM32H7xx_HAL_Driver/stm32h7xx_hal_rtc_ex.o
 .ARM.attributes
                0x00000000000003b3       0x34 ./Drivers/STM32H7xx_HAL_Driver/stm32h7xx_hal_sai.o
 .ARM.attributes
                0x00000000000003e7       0x34 ./Drivers/STM32H7xx_HAL_Driver/stm32h7xx_hal_spdifrx.o
 .ARM.attributes
                0x000000000000041b       0x34 ./Drivers/STM32H7xx_HAL_Driver/stm32h7xx_hal_tim.o
 .ARM.attributes
                0x000000000000044f       0x34 ./Drivers/STM32H7xx_HAL_Driver/stm32h7xx_hal_tim_ex.o
 .ARM.attributes
                0x0000000000000483       0x34 /home/kssvm/.eclipse/com.st.stm32cube.ide.mcu.rcp.product_1.10.1_139059409_linux_gtk_x86_64/plugins/com.st.stm32cube.ide.mcu.externaltools.gnu-tools-for-stm32.10.3-2021.10.linux64_1.0.200.202301161003/tools/bin/../lib/gcc/arm-none-eabi/10.3.1/../../../../arm-none-eabi/lib/thumb/v7e-m+fp/hard/libc_nano.a(lib_a-init.o)
 .ARM.attributes
                0x00000000000004b7       0x34 /home/kssvm/.eclipse/com.st.stm32cube.ide.mcu.rcp.product_1.10.1_139059409_linux_gtk_x86_64/plugins/com.st.stm32cube.ide.mcu.externaltools.gnu-tools-for-stm32.10.3-2021.10.linux64_1.0.200.202301161003/tools/bin/../lib/gcc/arm-none-eabi/10.3.1/../../../../arm-none-eabi/lib/thumb/v7e-m+fp/hard/libc_nano.a(lib_a-memset.o)
 .ARM.attributes
                0x00000000000004eb       0x1e /home/kssvm/.eclipse/com.st.stm32cube.ide.mcu.rcp.product_1.10.1_139059409_linux_gtk_x86_64/plugins/com.st.stm32cube.ide.mcu.externaltools.gnu-tools-for-stm32.10.3-2021.10.linux64_1.0.200.202301161003/tools/bin/../lib/gcc/arm-none-eabi/10.3.1/thumb/v7e-m+fp/hard/crtn.o
OUTPUT(sdmmc_h7_CM4.elf elf32-littlearm)
LOAD linker stubs
LOAD /home/kssvm/.eclipse/com.st.stm32cube.ide.mcu.rcp.product_1.10.1_139059409_linux_gtk_x86_64/plugins/com.st.stm32cube.ide.mcu.externaltools.gnu-tools-for-stm32.10.3-2021.10.linux64_1.0.200.202301161003/tools/bin/../lib/gcc/arm-none-eabi/10.3.1/../../../../arm-none-eabi/lib/thumb/v7e-m+fp/hard/libc.a
LOAD /home/kssvm/.eclipse/com.st.stm32cube.ide.mcu.rcp.product_1.10.1_139059409_linux_gtk_x86_64/plugins/com.st.stm32cube.ide.mcu.externaltools.gnu-tools-for-stm32.10.3-2021.10.linux64_1.0.200.202301161003/tools/bin/../lib/gcc/arm-none-eabi/10.3.1/../../../../arm-none-eabi/lib/thumb/v7e-m+fp/hard/libm.a
LOAD /home/kssvm/.eclipse/com.st.stm32cube.ide.mcu.rcp.product_1.10.1_139059409_linux_gtk_x86_64/plugins/com.st.stm32cube.ide.mcu.externaltools.gnu-tools-for-stm32.10.3-2021.10.linux64_1.0.200.202301161003/tools/bin/../lib/gcc/arm-none-eabi/10.3.1/thumb/v7e-m+fp/hard/libgcc.a

.debug_info     0x0000000000000000    0x1b764
 .debug_info    0x0000000000000000      0x779 ./Common/Src/system_stm32h7xx_dualcore_boot_cm4_cm7.o
 .debug_info    0x0000000000000779     0x3f92 ./Core/Src/main.o
 .debug_info    0x000000000000470b     0x28e5 ./Core/Src/stm32h7xx_hal_msp.o
 .debug_info    0x0000000000006ff0      0x393 ./Core/Src/stm32h7xx_it.o
 .debug_info    0x0000000000007383       0x22 ./Core/Startup/startup_stm32h747xihx.o
 .debug_info    0x00000000000073a5     0x186b ./Drivers/STM32H7xx_HAL_Driver/stm32h7xx_hal.o
 .debug_info    0x0000000000008c10     0x1fd3 ./Drivers/STM32H7xx_HAL_Driver/stm32h7xx_hal_adc.o
 .debug_info    0x000000000000abe3     0x20ee ./Drivers/STM32H7xx_HAL_Driver/stm32h7xx_hal_adc_ex.o
 .debug_info    0x000000000000ccd1      0x5db ./Drivers/STM32H7xx_HAL_Driver/stm32h7xx_hal_cec.o
 .debug_info    0x000000000000d2ac      0xfb2 ./Drivers/STM32H7xx_HAL_Driver/stm32h7xx_hal_cortex.o
 .debug_info    0x000000000000e25e      0xde0 ./Drivers/STM32H7xx_HAL_Driver/stm32h7xx_hal_gpio.o
 .debug_info    0x000000000000f03e      0x3fd ./Drivers/STM32H7xx_HAL_Driver/stm32h7xx_hal_hsem.o
 .debug_info    0x000000000000f43b     0x10d3 ./Drivers/STM32H7xx_HAL_Driver/stm32h7xx_hal_pwr_ex.o
 .debug_info    0x000000000001050e      0xf48 ./Drivers/STM32H7xx_HAL_Driver/stm32h7xx_hal_rcc.o
 .debug_info    0x0000000000011456     0x13c6 ./Drivers/STM32H7xx_HAL_Driver/stm32h7xx_hal_rcc_ex.o
 .debug_info    0x000000000001281c     0x100e ./Drivers/STM32H7xx_HAL_Driver/stm32h7xx_hal_rtc.o
 .debug_info    0x000000000001382a     0x13da ./Drivers/STM32H7xx_HAL_Driver/stm32h7xx_hal_rtc_ex.o
 .debug_info    0x0000000000014c04     0x14cd ./Drivers/STM32H7xx_HAL_Driver/stm32h7xx_hal_sai.o
 .debug_info    0x00000000000160d1      0xf66 ./Drivers/STM32H7xx_HAL_Driver/stm32h7xx_hal_spdifrx.o
 .debug_info    0x0000000000017037     0x2e05 ./Drivers/STM32H7xx_HAL_Driver/stm32h7xx_hal_tim.o
 .debug_info    0x0000000000019e3c     0x1928 ./Drivers/STM32H7xx_HAL_Driver/stm32h7xx_hal_tim_ex.o

.debug_abbrev   0x0000000000000000     0x2ec4
 .debug_abbrev  0x0000000000000000      0x136 ./Common/Src/system_stm32h7xx_dualcore_boot_cm4_cm7.o
 .debug_abbrev  0x0000000000000136      0x3a6 ./Core/Src/main.o
 .debug_abbrev  0x00000000000004dc      0x277 ./Core/Src/stm32h7xx_hal_msp.o
 .debug_abbrev  0x0000000000000753      0x145 ./Core/Src/stm32h7xx_it.o
 .debug_abbrev  0x0000000000000898       0x12 ./Core/Startup/startup_stm32h747xihx.o
 .debug_abbrev  0x00000000000008aa      0x292 ./Drivers/STM32H7xx_HAL_Driver/stm32h7xx_hal.o
 .debug_abbrev  0x0000000000000b3c      0x2ae ./Drivers/STM32H7xx_HAL_Driver/stm32h7xx_hal_adc.o
 .debug_abbrev  0x0000000000000dea      0x2f4 ./Drivers/STM32H7xx_HAL_Driver/stm32h7xx_hal_adc_ex.o
 .debug_abbrev  0x00000000000010de      0x192 ./Drivers/STM32H7xx_HAL_Driver/stm32h7xx_hal_cec.o
 .debug_abbrev  0x0000000000001270      0x329 ./Drivers/STM32H7xx_HAL_Driver/stm32h7xx_hal_cortex.o
 .debug_abbrev  0x0000000000001599      0x1ec ./Drivers/STM32H7xx_HAL_Driver/stm32h7xx_hal_gpio.o
 .debug_abbrev  0x0000000000001785      0x1d0 ./Drivers/STM32H7xx_HAL_Driver/stm32h7xx_hal_hsem.o
 .debug_abbrev  0x0000000000001955      0x2bc ./Drivers/STM32H7xx_HAL_Driver/stm32h7xx_hal_pwr_ex.o
 .debug_abbrev  0x0000000000001c11      0x2b8 ./Drivers/STM32H7xx_HAL_Driver/stm32h7xx_hal_rcc.o
 .debug_abbrev  0x0000000000001ec9      0x25c ./Drivers/STM32H7xx_HAL_Driver/stm32h7xx_hal_rcc_ex.o
 .debug_abbrev  0x0000000000002125      0x1f0 ./Drivers/STM32H7xx_HAL_Driver/stm32h7xx_hal_rtc.o
 .debug_abbrev  0x0000000000002315      0x219 ./Drivers/STM32H7xx_HAL_Driver/stm32h7xx_hal_rtc_ex.o
 .debug_abbrev  0x000000000000252e      0x27d ./Drivers/STM32H7xx_HAL_Driver/stm32h7xx_hal_sai.o
 .debug_abbrev  0x00000000000027ab      0x249 ./Drivers/STM32H7xx_HAL_Driver/stm32h7xx_hal_spdifrx.o
 .debug_abbrev  0x00000000000029f4      0x264 ./Drivers/STM32H7xx_HAL_Driver/stm32h7xx_hal_tim.o
 .debug_abbrev  0x0000000000002c58      0x26c ./Drivers/STM32H7xx_HAL_Driver/stm32h7xx_hal_tim_ex.o

.debug_aranges  0x0000000000000000     0x1708
 .debug_aranges
                0x0000000000000000       0x28 ./Common/Src/system_stm32h7xx_dualcore_boot_cm4_cm7.o
 .debug_aranges
                0x0000000000000028       0x78 ./Core/Src/main.o
 .debug_aranges
                0x00000000000000a0       0x98 ./Core/Src/stm32h7xx_hal_msp.o
 .debug_aranges
                0x0000000000000138       0x68 ./Core/Src/stm32h7xx_it.o
 .debug_aranges
                0x00000000000001a0       0x28 ./Core/Startup/startup_stm32h747xihx.o
 .debug_aranges
                0x00000000000001c8      0x200 ./Drivers/STM32H7xx_HAL_Driver/stm32h7xx_hal.o
 .debug_aranges
                0x00000000000003c8      0x228 ./Drivers/STM32H7xx_HAL_Driver/stm32h7xx_hal_adc.o
 .debug_aranges
                0x00000000000005f0      0x1d8 ./Drivers/STM32H7xx_HAL_Driver/stm32h7xx_hal_adc_ex.o
 .debug_aranges
                0x00000000000007c8       0x88 ./Drivers/STM32H7xx_HAL_Driver/stm32h7xx_hal_cec.o
 .debug_aranges
                0x0000000000000850      0x120 ./Drivers/STM32H7xx_HAL_Driver/stm32h7xx_hal_cortex.o
 .debug_aranges
                0x0000000000000970       0x58 ./Drivers/STM32H7xx_HAL_Driver/stm32h7xx_hal_gpio.o
 .debug_aranges
                0x00000000000009c8       0x70 ./Drivers/STM32H7xx_HAL_Driver/stm32h7xx_hal_hsem.o
 .debug_aranges
                0x0000000000000a38      0x170 ./Drivers/STM32H7xx_HAL_Driver/stm32h7xx_hal_pwr_ex.o
 .debug_aranges
                0x0000000000000ba8       0x88 ./Drivers/STM32H7xx_HAL_Driver/stm32h7xx_hal_rcc.o
 .debug_aranges
                0x0000000000000c30      0x100 ./Drivers/STM32H7xx_HAL_Driver/stm32h7xx_hal_rcc_ex.o
 .debug_aranges
                0x0000000000000d30       0xc0 ./Drivers/STM32H7xx_HAL_Driver/stm32h7xx_hal_rtc.o
 .debug_aranges
                0x0000000000000df0      0x140 ./Drivers/STM32H7xx_HAL_Driver/stm32h7xx_hal_rtc_ex.o
 .debug_aranges
                0x0000000000000f30      0x178 ./Drivers/STM32H7xx_HAL_Driver/stm32h7xx_hal_sai.o
 .debug_aranges
                0x00000000000010a8       0xf8 ./Drivers/STM32H7xx_HAL_Driver/stm32h7xx_hal_spdifrx.o
 .debug_aranges
                0x00000000000011a0      0x3e0 ./Drivers/STM32H7xx_HAL_Driver/stm32h7xx_hal_tim.o
 .debug_aranges
                0x0000000000001580      0x188 ./Drivers/STM32H7xx_HAL_Driver/stm32h7xx_hal_tim_ex.o

.debug_ranges   0x0000000000000000     0x15d8
 .debug_ranges  0x0000000000000000       0x18 ./Common/Src/system_stm32h7xx_dualcore_boot_cm4_cm7.o
 .debug_ranges  0x0000000000000018       0x68 ./Core/Src/main.o
 .debug_ranges  0x0000000000000080       0x88 ./Core/Src/stm32h7xx_hal_msp.o
 .debug_ranges  0x0000000000000108       0x58 ./Core/Src/stm32h7xx_it.o
 .debug_ranges  0x0000000000000160       0x20 ./Core/Startup/startup_stm32h747xihx.o
 .debug_ranges  0x0000000000000180      0x1f0 ./Drivers/STM32H7xx_HAL_Driver/stm32h7xx_hal.o
 .debug_ranges  0x0000000000000370      0x218 ./Drivers/STM32H7xx_HAL_Driver/stm32h7xx_hal_adc.o
 .debug_ranges  0x0000000000000588      0x1c8 ./Drivers/STM32H7xx_HAL_Driver/stm32h7xx_hal_adc_ex.o
 .debug_ranges  0x0000000000000750       0x78 ./Drivers/STM32H7xx_HAL_Driver/stm32h7xx_hal_cec.o
 .debug_ranges  0x00000000000007c8      0x110 ./Drivers/STM32H7xx_HAL_Driver/stm32h7xx_hal_cortex.o
 .debug_ranges  0x00000000000008d8       0x48 ./Drivers/STM32H7xx_HAL_Driver/stm32h7xx_hal_gpio.o
 .debug_ranges  0x0000000000000920       0x60 ./Drivers/STM32H7xx_HAL_Driver/stm32h7xx_hal_hsem.o
 .debug_ranges  0x0000000000000980      0x160 ./Drivers/STM32H7xx_HAL_Driver/stm32h7xx_hal_pwr_ex.o
 .debug_ranges  0x0000000000000ae0       0x78 ./Drivers/STM32H7xx_HAL_Driver/stm32h7xx_hal_rcc.o
 .debug_ranges  0x0000000000000b58       0xf0 ./Drivers/STM32H7xx_HAL_Driver/stm32h7xx_hal_rcc_ex.o
 .debug_ranges  0x0000000000000c48       0xb0 ./Drivers/STM32H7xx_HAL_Driver/stm32h7xx_hal_rtc.o
 .debug_ranges  0x0000000000000cf8      0x130 ./Drivers/STM32H7xx_HAL_Driver/stm32h7xx_hal_rtc_ex.o
 .debug_ranges  0x0000000000000e28      0x180 ./Drivers/STM32H7xx_HAL_Driver/stm32h7xx_hal_sai.o
 .debug_ranges  0x0000000000000fa8       0xe8 ./Drivers/STM32H7xx_HAL_Driver/stm32h7xx_hal_spdifrx.o
 .debug_ranges  0x0000000000001090      0x3d0 ./Drivers/STM32H7xx_HAL_Driver/stm32h7xx_hal_tim.o
 .debug_ranges  0x0000000000001460      0x178 ./Drivers/STM32H7xx_HAL_Driver/stm32h7xx_hal_tim_ex.o

.debug_macro    0x0000000000000000    0x45a6e
 .debug_macro   0x0000000000000000      0x2ff ./Common/Src/system_stm32h7xx_dualcore_boot_cm4_cm7.o
 .debug_macro   0x00000000000002ff      0xa7e ./Common/Src/system_stm32h7xx_dualcore_boot_cm4_cm7.o
 .debug_macro   0x0000000000000d7d       0x2e ./Common/Src/system_stm32h7xx_dualcore_boot_cm4_cm7.o
 .debug_macro   0x0000000000000dab       0x3b ./Common/Src/system_stm32h7xx_dualcore_boot_cm4_cm7.o
 .debug_macro   0x0000000000000de6       0x22 ./Common/Src/system_stm32h7xx_dualcore_boot_cm4_cm7.o
 .debug_macro   0x0000000000000e08       0x8e ./Common/Src/system_stm32h7xx_dualcore_boot_cm4_cm7.o
 .debug_macro   0x0000000000000e96       0x51 ./Common/Src/system_stm32h7xx_dualcore_boot_cm4_cm7.o
 .debug_macro   0x0000000000000ee7      0x103 ./Common/Src/system_stm32h7xx_dualcore_boot_cm4_cm7.o
 .debug_macro   0x0000000000000fea       0x6a ./Common/Src/system_stm32h7xx_dualcore_boot_cm4_cm7.o
 .debug_macro   0x0000000000001054      0x1df ./Common/Src/system_stm32h7xx_dualcore_boot_cm4_cm7.o
 .debug_macro   0x0000000000001233       0x1c ./Common/Src/system_stm32h7xx_dualcore_boot_cm4_cm7.o
 .debug_macro   0x000000000000124f       0x22 ./Common/Src/system_stm32h7xx_dualcore_boot_cm4_cm7.o
 .debug_macro   0x0000000000001271       0xfb ./Common/Src/system_stm32h7xx_dualcore_boot_cm4_cm7.o
 .debug_macro   0x000000000000136c     0x1011 ./Common/Src/system_stm32h7xx_dualcore_boot_cm4_cm7.o
 .debug_macro   0x000000000000237d      0x11f ./Common/Src/system_stm32h7xx_dualcore_boot_cm4_cm7.o
 .debug_macro   0x000000000000249c    0x2c717 ./Common/Src/system_stm32h7xx_dualcore_boot_cm4_cm7.o
 .debug_macro   0x000000000002ebb3       0x6d ./Common/Src/system_stm32h7xx_dualcore_boot_cm4_cm7.o
 .debug_macro   0x000000000002ec20      0x250 ./Common/Src/system_stm32h7xx_dualcore_boot_cm4_cm7.o
 .debug_macro   0x000000000002ee70     0x3d5d ./Common/Src/system_stm32h7xx_dualcore_boot_cm4_cm7.o
 .debug_macro   0x0000000000032bcd      0x174 ./Common/Src/system_stm32h7xx_dualcore_boot_cm4_cm7.o
 .debug_macro   0x0000000000032d41       0x52 ./Common/Src/system_stm32h7xx_dualcore_boot_cm4_cm7.o
 .debug_macro   0x0000000000032d93       0x1e ./Common/Src/system_stm32h7xx_dualcore_boot_cm4_cm7.o
 .debug_macro   0x0000000000032db1       0x3c ./Common/Src/system_stm32h7xx_dualcore_boot_cm4_cm7.o
 .debug_macro   0x0000000000032ded       0x34 ./Common/Src/system_stm32h7xx_dualcore_boot_cm4_cm7.o
 .debug_macro   0x0000000000032e21       0x16 ./Common/Src/system_stm32h7xx_dualcore_boot_cm4_cm7.o
 .debug_macro   0x0000000000032e37       0x43 ./Common/Src/system_stm32h7xx_dualcore_boot_cm4_cm7.o
 .debug_macro   0x0000000000032e7a       0x34 ./Common/Src/system_stm32h7xx_dualcore_boot_cm4_cm7.o
 .debug_macro   0x0000000000032eae       0x10 ./Common/Src/system_stm32h7xx_dualcore_boot_cm4_cm7.o
 .debug_macro   0x0000000000032ebe       0x58 ./Common/Src/system_stm32h7xx_dualcore_boot_cm4_cm7.o
 .debug_macro   0x0000000000032f16       0x71 ./Common/Src/system_stm32h7xx_dualcore_boot_cm4_cm7.o
 .debug_macro   0x0000000000032f87       0x1c ./Common/Src/system_stm32h7xx_dualcore_boot_cm4_cm7.o
 .debug_macro   0x0000000000032fa3      0x12a ./Common/Src/system_stm32h7xx_dualcore_boot_cm4_cm7.o
 .debug_macro   0x00000000000330cd      0x341 ./Common/Src/system_stm32h7xx_dualcore_boot_cm4_cm7.o
 .debug_macro   0x000000000003340e      0x19b ./Common/Src/system_stm32h7xx_dualcore_boot_cm4_cm7.o
 .debug_macro   0x00000000000335a9       0x5d ./Common/Src/system_stm32h7xx_dualcore_boot_cm4_cm7.o
 .debug_macro   0x0000000000033606     0x3ae3 ./Common/Src/system_stm32h7xx_dualcore_boot_cm4_cm7.o
 .debug_macro   0x00000000000370e9     0x1095 ./Common/Src/system_stm32h7xx_dualcore_boot_cm4_cm7.o
 .debug_macro   0x000000000003817e      0x154 ./Common/Src/system_stm32h7xx_dualcore_boot_cm4_cm7.o
 .debug_macro   0x00000000000382d2      0x130 ./Common/Src/system_stm32h7xx_dualcore_boot_cm4_cm7.o
 .debug_macro   0x0000000000038402      0x3c5 ./Common/Src/system_stm32h7xx_dualcore_boot_cm4_cm7.o
 .debug_macro   0x00000000000387c7       0xac ./Common/Src/system_stm32h7xx_dualcore_boot_cm4_cm7.o
 .debug_macro   0x0000000000038873      0x72d ./Common/Src/system_stm32h7xx_dualcore_boot_cm4_cm7.o
 .debug_macro   0x0000000000038fa0      0x228 ./Common/Src/system_stm32h7xx_dualcore_boot_cm4_cm7.o
 .debug_macro   0x00000000000391c8       0x66 ./Common/Src/system_stm32h7xx_dualcore_boot_cm4_cm7.o
 .debug_macro   0x000000000003922e      0x3c9 ./Common/Src/system_stm32h7xx_dualcore_boot_cm4_cm7.o
 .debug_macro   0x00000000000395f7      0x407 ./Common/Src/system_stm32h7xx_dualcore_boot_cm4_cm7.o
 .debug_macro   0x00000000000399fe      0x244 ./Common/Src/system_stm32h7xx_dualcore_boot_cm4_cm7.o
 .debug_macro   0x0000000000039c42     0x1044 ./Common/Src/system_stm32h7xx_dualcore_boot_cm4_cm7.o
 .debug_macro   0x000000000003ac86      0x6cc ./Common/Src/system_stm32h7xx_dualcore_boot_cm4_cm7.o
 .debug_macro   0x000000000003b352      0x36e ./Common/Src/system_stm32h7xx_dualcore_boot_cm4_cm7.o
 .debug_macro   0x000000000003b6c0      0x313 ./Common/Src/system_stm32h7xx_dualcore_boot_cm4_cm7.o
 .debug_macro   0x000000000003b9d3      0x3ca ./Common/Src/system_stm32h7xx_dualcore_boot_cm4_cm7.o
 .debug_macro   0x000000000003bd9d      0x4a2 ./Common/Src/system_stm32h7xx_dualcore_boot_cm4_cm7.o
 .debug_macro   0x000000000003c23f       0x51 ./Common/Src/system_stm32h7xx_dualcore_boot_cm4_cm7.o
 .debug_macro   0x000000000003c290       0x4a ./Common/Src/system_stm32h7xx_dualcore_boot_cm4_cm7.o
 .debug_macro   0x000000000003c2da      0x22c ./Common/Src/system_stm32h7xx_dualcore_boot_cm4_cm7.o
 .debug_macro   0x000000000003c506       0x67 ./Common/Src/system_stm32h7xx_dualcore_boot_cm4_cm7.o
 .debug_macro   0x000000000003c56d       0xa5 ./Common/Src/system_stm32h7xx_dualcore_boot_cm4_cm7.o
 .debug_macro   0x000000000003c612      0x218 ./Common/Src/system_stm32h7xx_dualcore_boot_cm4_cm7.o
 .debug_macro   0x000000000003c82a      0x2ea ./Common/Src/system_stm32h7xx_dualcore_boot_cm4_cm7.o
 .debug_macro   0x000000000003cb14       0x35 ./Common/Src/system_stm32h7xx_dualcore_boot_cm4_cm7.o
 .debug_macro   0x000000000003cb49      0x352 ./Common/Src/system_stm32h7xx_dualcore_boot_cm4_cm7.o
 .debug_macro   0x000000000003ce9b      0x6b6 ./Common/Src/system_stm32h7xx_dualcore_boot_cm4_cm7.o
 .debug_macro   0x000000000003d551       0xeb ./Common/Src/system_stm32h7xx_dualcore_boot_cm4_cm7.o
 .debug_macro   0x000000000003d63c      0x3bb ./Common/Src/system_stm32h7xx_dualcore_boot_cm4_cm7.o
 .debug_macro   0x000000000003d9f7       0x10 ./Common/Src/system_stm32h7xx_dualcore_boot_cm4_cm7.o
 .debug_macro   0x000000000003da07       0xe4 ./Common/Src/system_stm32h7xx_dualcore_boot_cm4_cm7.o
 .debug_macro   0x000000000003daeb      0x1f4 ./Common/Src/system_stm32h7xx_dualcore_boot_cm4_cm7.o
 .debug_macro   0x000000000003dcdf      0xaf3 ./Common/Src/system_stm32h7xx_dualcore_boot_cm4_cm7.o
 .debug_macro   0x000000000003e7d2      0x29f ./Common/Src/system_stm32h7xx_dualcore_boot_cm4_cm7.o
 .debug_macro   0x000000000003ea71      0x798 ./Common/Src/system_stm32h7xx_dualcore_boot_cm4_cm7.o
 .debug_macro   0x000000000003f209      0x3b0 ./Core/Src/main.o
 .debug_macro   0x000000000003f5b9      0xb56 ./Core/Src/main.o
 .debug_macro   0x000000000004010f       0x1c ./Core/Src/main.o
 .debug_macro   0x000000000004012b     0x1011 ./Core/Src/main.o
 .debug_macro   0x000000000004113c      0x17b ./Core/Src/main.o
 .debug_macro   0x00000000000412b7      0x18a ./Core/Src/main.o
 .debug_macro   0x0000000000041441       0x10 ./Core/Src/main.o
 .debug_macro   0x0000000000041451      0x3d1 ./Core/Src/main.o
 .debug_macro   0x0000000000041822       0x18 ./Core/Src/main.o
 .debug_macro   0x000000000004183a       0x34 ./Core/Src/main.o
 .debug_macro   0x000000000004186e       0x43 ./Core/Src/main.o
 .debug_macro   0x00000000000418b1       0x16 ./Core/Src/main.o
 .debug_macro   0x00000000000418c7      0x364 ./Core/Src/main.o
 .debug_macro   0x0000000000041c2b      0x194 ./Core/Src/main.o
 .debug_macro   0x0000000000041dbf       0x10 ./Core/Src/main.o
 .debug_macro   0x0000000000041dcf       0x16 ./Core/Src/main.o
 .debug_macro   0x0000000000041de5       0x35 ./Core/Src/main.o
 .debug_macro   0x0000000000041e1a       0x16 ./Core/Src/main.o
 .debug_macro   0x0000000000041e30       0x29 ./Core/Src/main.o
 .debug_macro   0x0000000000041e59       0x10 ./Core/Src/main.o
 .debug_macro   0x0000000000041e69      0x3c7 ./Core/Src/main.o
 .debug_macro   0x0000000000042230      0x100 ./Core/Src/main.o
 .debug_macro   0x0000000000042330      0x30e ./Core/Src/stm32h7xx_hal_msp.o
 .debug_macro   0x000000000004263e      0x318 ./Core/Src/stm32h7xx_it.o
 .debug_macro   0x0000000000042956      0x329 ./Drivers/STM32H7xx_HAL_Driver/stm32h7xx_hal.o
 .debug_macro   0x0000000000042c7f      0x323 ./Drivers/STM32H7xx_HAL_Driver/stm32h7xx_hal_adc.o
 .debug_macro   0x0000000000042fa2      0x30b ./Drivers/STM32H7xx_HAL_Driver/stm32h7xx_hal_adc_ex.o
 .debug_macro   0x00000000000432ad      0x2ff ./Drivers/STM32H7xx_HAL_Driver/stm32h7xx_hal_cec.o
 .debug_macro   0x00000000000435ac      0x2ff ./Drivers/STM32H7xx_HAL_Driver/stm32h7xx_hal_cortex.o
 .debug_macro   0x00000000000438ab      0x313 ./Drivers/STM32H7xx_HAL_Driver/stm32h7xx_hal_gpio.o
 .debug_macro   0x0000000000043bbe      0x311 ./Drivers/STM32H7xx_HAL_Driver/stm32h7xx_hal_hsem.o
 .debug_macro   0x0000000000043ecf      0x338 ./Drivers/STM32H7xx_HAL_Driver/stm32h7xx_hal_pwr_ex.o
 .debug_macro   0x0000000000044207      0x323 ./Drivers/STM32H7xx_HAL_Driver/stm32h7xx_hal_rcc.o
 .debug_macro   0x000000000004452a      0x31d ./Drivers/STM32H7xx_HAL_Driver/stm32h7xx_hal_rcc_ex.o
 .debug_macro   0x0000000000044847      0x300 ./Drivers/STM32H7xx_HAL_Driver/stm32h7xx_hal_rtc.o
 .debug_macro   0x0000000000044b47      0x305 ./Drivers/STM32H7xx_HAL_Driver/stm32h7xx_hal_rtc_ex.o
 .debug_macro   0x0000000000044e4c      0x31c ./Drivers/STM32H7xx_HAL_Driver/stm32h7xx_hal_sai.o
 .debug_macro   0x0000000000045168      0x307 ./Drivers/STM32H7xx_HAL_Driver/stm32h7xx_hal_spdifrx.o
 .debug_macro   0x000000000004546f      0x300 ./Drivers/STM32H7xx_HAL_Driver/stm32h7xx_hal_tim.o
 .debug_macro   0x000000000004576f      0x2ff ./Drivers/STM32H7xx_HAL_Driver/stm32h7xx_hal_tim_ex.o

.debug_line     0x0000000000000000    0x1cff5
 .debug_line    0x0000000000000000      0xbab ./Common/Src/system_stm32h7xx_dualcore_boot_cm4_cm7.o
 .debug_line    0x0000000000000bab     0x12a6 ./Core/Src/main.o
 .debug_line    0x0000000000001e51      0xce1 ./Core/Src/stm32h7xx_hal_msp.o
 .debug_line    0x0000000000002b32      0xaf7 ./Core/Src/stm32h7xx_it.o
 .debug_line    0x0000000000003629       0x88 ./Core/Startup/startup_stm32h747xihx.o
 .debug_line    0x00000000000036b1     0x116c ./Drivers/STM32H7xx_HAL_Driver/stm32h7xx_hal.o
 .debug_line    0x000000000000481d     0x2562 ./Drivers/STM32H7xx_HAL_Driver/stm32h7xx_hal_adc.o
 .debug_line    0x0000000000006d7f     0x2128 ./Drivers/STM32H7xx_HAL_Driver/stm32h7xx_hal_adc_ex.o
 .debug_line    0x0000000000008ea7      0xdbb ./Drivers/STM32H7xx_HAL_Driver/stm32h7xx_hal_cec.o
 .debug_line    0x0000000000009c62     0x101c ./Drivers/STM32H7xx_HAL_Driver/stm32h7xx_hal_cortex.o
 .debug_line    0x000000000000ac7e      0xecf ./Drivers/STM32H7xx_HAL_Driver/stm32h7xx_hal_gpio.o
 .debug_line    0x000000000000bb4d      0xbcc ./Drivers/STM32H7xx_HAL_Driver/stm32h7xx_hal_hsem.o
 .debug_line    0x000000000000c719     0x1237 ./Drivers/STM32H7xx_HAL_Driver/stm32h7xx_hal_pwr_ex.o
 .debug_line    0x000000000000d950     0x15da ./Drivers/STM32H7xx_HAL_Driver/stm32h7xx_hal_rcc.o
 .debug_line    0x000000000000ef2a     0x1eeb ./Drivers/STM32H7xx_HAL_Driver/stm32h7xx_hal_rcc_ex.o
 .debug_line    0x0000000000010e15     0x13f7 ./Drivers/STM32H7xx_HAL_Driver/stm32h7xx_hal_rtc.o
 .debug_line    0x000000000001220c     0x188e ./Drivers/STM32H7xx_HAL_Driver/stm32h7xx_hal_rtc_ex.o
 .debug_line    0x0000000000013a9a     0x20a0 ./Drivers/STM32H7xx_HAL_Driver/stm32h7xx_hal_sai.o
 .debug_line    0x0000000000015b3a     0x140d ./Drivers/STM32H7xx_HAL_Driver/stm32h7xx_hal_spdifrx.o
 .debug_line    0x0000000000016f47     0x40f8 ./Drivers/STM32H7xx_HAL_Driver/stm32h7xx_hal_tim.o
 .debug_line    0x000000000001b03f     0x1fb6 ./Drivers/STM32H7xx_HAL_Driver/stm32h7xx_hal_tim_ex.o

.debug_str      0x0000000000000000   0x1bc962
 .debug_str     0x0000000000000000   0x1b18c0 ./Common/Src/system_stm32h7xx_dualcore_boot_cm4_cm7.o
                                     0x1b1f59 (size before relaxing)
 .debug_str     0x00000000001b18c0     0x4608 ./Core/Src/main.o
                                     0x1b68c0 (size before relaxing)
 .debug_str     0x00000000001b5ec8      0xd7c ./Core/Src/stm32h7xx_hal_msp.o
                                     0x1b4169 (size before relaxing)
 .debug_str     0x00000000001b6c44       0xdc ./Core/Src/stm32h7xx_it.o
                                     0x1b2227 (size before relaxing)
 .debug_str     0x00000000001b6d20       0x36 ./Core/Startup/startup_stm32h747xihx.o
                                         0x83 (size before relaxing)
 .debug_str     0x00000000001b6d56      0xa2e ./Drivers/STM32H7xx_HAL_Driver/stm32h7xx_hal.o
                                     0x1b32c9 (size before relaxing)
 .debug_str     0x00000000001b7784      0xb6a ./Drivers/STM32H7xx_HAL_Driver/stm32h7xx_hal_adc.o
                                     0x1b2f4a (size before relaxing)
 .debug_str     0x00000000001b82ee      0x804 ./Drivers/STM32H7xx_HAL_Driver/stm32h7xx_hal_adc_ex.o
                                     0x1b2f89 (size before relaxing)
 .debug_str     0x00000000001b8af2      0x1ad ./Drivers/STM32H7xx_HAL_Driver/stm32h7xx_hal_cec.o
                                     0x1b1f63 (size before relaxing)
 .debug_str     0x00000000001b8c9f      0x36c ./Drivers/STM32H7xx_HAL_Driver/stm32h7xx_hal_cortex.o
                                     0x1b2a17 (size before relaxing)
 .debug_str     0x00000000001b900b      0x19d ./Drivers/STM32H7xx_HAL_Driver/stm32h7xx_hal_gpio.o
                                     0x1b21ae (size before relaxing)
 .debug_str     0x00000000001b91a8      0x1e3 ./Drivers/STM32H7xx_HAL_Driver/stm32h7xx_hal_hsem.o
                                     0x1b1e39 (size before relaxing)
 .debug_str     0x00000000001b938b      0x6bf ./Drivers/STM32H7xx_HAL_Driver/stm32h7xx_hal_pwr_ex.o
                                     0x1b2604 (size before relaxing)
 .debug_str     0x00000000001b9a4a      0x532 ./Drivers/STM32H7xx_HAL_Driver/stm32h7xx_hal_rcc.o
                                     0x1b252f (size before relaxing)
 .debug_str     0x00000000001b9f7c      0x694 ./Drivers/STM32H7xx_HAL_Driver/stm32h7xx_hal_rcc_ex.o
                                     0x1b2a76 (size before relaxing)
 .debug_str     0x00000000001ba610      0x301 ./Drivers/STM32H7xx_HAL_Driver/stm32h7xx_hal_rtc.o
                                     0x1b2341 (size before relaxing)
 .debug_str     0x00000000001ba911      0x58f ./Drivers/STM32H7xx_HAL_Driver/stm32h7xx_hal_rtc_ex.o
                                     0x1b2727 (size before relaxing)
 .debug_str     0x00000000001baea0      0x4d3 ./Drivers/STM32H7xx_HAL_Driver/stm32h7xx_hal_sai.o
                                     0x1b27df (size before relaxing)
 .debug_str     0x00000000001bb373      0x340 ./Drivers/STM32H7xx_HAL_Driver/stm32h7xx_hal_spdifrx.o
                                     0x1b25a1 (size before relaxing)
 .debug_str     0x00000000001bb6b3      0xdc8 ./Drivers/STM32H7xx_HAL_Driver/stm32h7xx_hal_tim.o
                                     0x1b32ab (size before relaxing)
 .debug_str     0x00000000001bc47b      0x4e7 ./Drivers/STM32H7xx_HAL_Driver/stm32h7xx_hal_tim_ex.o
                                     0x1b2be3 (size before relaxing)

.comment        0x0000000000000000       0x50
 .comment       0x0000000000000000       0x50 ./Common/Src/system_stm32h7xx_dualcore_boot_cm4_cm7.o
                                         0x51 (size before relaxing)
 .comment       0x0000000000000050       0x51 ./Core/Src/main.o
 .comment       0x0000000000000050       0x51 ./Core/Src/stm32h7xx_hal_msp.o
 .comment       0x0000000000000050       0x51 ./Core/Src/stm32h7xx_it.o
 .comment       0x0000000000000050       0x51 ./Drivers/STM32H7xx_HAL_Driver/stm32h7xx_hal.o
 .comment       0x0000000000000050       0x51 ./Drivers/STM32H7xx_HAL_Driver/stm32h7xx_hal_adc.o
 .comment       0x0000000000000050       0x51 ./Drivers/STM32H7xx_HAL_Driver/stm32h7xx_hal_adc_ex.o
 .comment       0x0000000000000050       0x51 ./Drivers/STM32H7xx_HAL_Driver/stm32h7xx_hal_cec.o
 .comment       0x0000000000000050       0x51 ./Drivers/STM32H7xx_HAL_Driver/stm32h7xx_hal_cortex.o
 .comment       0x0000000000000050       0x51 ./Drivers/STM32H7xx_HAL_Driver/stm32h7xx_hal_gpio.o
 .comment       0x0000000000000050       0x51 ./Drivers/STM32H7xx_HAL_Driver/stm32h7xx_hal_hsem.o
 .comment       0x0000000000000050       0x51 ./Drivers/STM32H7xx_HAL_Driver/stm32h7xx_hal_pwr_ex.o
 .comment       0x0000000000000050       0x51 ./Drivers/STM32H7xx_HAL_Driver/stm32h7xx_hal_rcc.o
 .comment       0x0000000000000050       0x51 ./Drivers/STM32H7xx_HAL_Driver/stm32h7xx_hal_rcc_ex.o
 .comment       0x0000000000000050       0x51 ./Drivers/STM32H7xx_HAL_Driver/stm32h7xx_hal_rtc.o
 .comment       0x0000000000000050       0x51 ./Drivers/STM32H7xx_HAL_Driver/stm32h7xx_hal_rtc_ex.o
 .comment       0x0000000000000050       0x51 ./Drivers/STM32H7xx_HAL_Driver/stm32h7xx_hal_sai.o
 .comment       0x0000000000000050       0x51 ./Drivers/STM32H7xx_HAL_Driver/stm32h7xx_hal_spdifrx.o
 .comment       0x0000000000000050       0x51 ./Drivers/STM32H7xx_HAL_Driver/stm32h7xx_hal_tim.o
 .comment       0x0000000000000050       0x51 ./Drivers/STM32H7xx_HAL_Driver/stm32h7xx_hal_tim_ex.o

.debug_frame    0x0000000000000000     0x6364
 .debug_frame   0x0000000000000000       0x58 ./Common/Src/system_stm32h7xx_dualcore_boot_cm4_cm7.o
 .debug_frame   0x0000000000000058      0x1a0 ./Core/Src/main.o
 .debug_frame   0x00000000000001f8      0x264 ./Core/Src/stm32h7xx_hal_msp.o
 .debug_frame   0x000000000000045c      0x120 ./Core/Src/stm32h7xx_it.o
 .debug_frame   0x000000000000057c      0x848 ./Drivers/STM32H7xx_HAL_Driver/stm32h7xx_hal.o
 .debug_frame   0x0000000000000dc4      0xa28 ./Drivers/STM32H7xx_HAL_Driver/stm32h7xx_hal_adc.o
 .debug_frame   0x00000000000017ec      0x88c ./Drivers/STM32H7xx_HAL_Driver/stm32h7xx_hal_adc_ex.o
 .debug_frame   0x0000000000002078      0x234 ./Drivers/STM32H7xx_HAL_Driver/stm32h7xx_hal_cec.o
 .debug_frame   0x00000000000022ac      0x4b8 ./Drivers/STM32H7xx_HAL_Driver/stm32h7xx_hal_cortex.o
 .debug_frame   0x0000000000002764      0x14c ./Drivers/STM32H7xx_HAL_Driver/stm32h7xx_hal_gpio.o
 .debug_frame   0x00000000000028b0      0x1bc ./Drivers/STM32H7xx_HAL_Driver/stm32h7xx_hal_hsem.o
 .debug_frame   0x0000000000002a6c      0x5ec ./Drivers/STM32H7xx_HAL_Driver/stm32h7xx_hal_pwr_ex.o
 .debug_frame   0x0000000000003058      0x1f8 ./Drivers/STM32H7xx_HAL_Driver/stm32h7xx_hal_rcc.o
 .debug_frame   0x0000000000003250      0x43c ./Drivers/STM32H7xx_HAL_Driver/stm32h7xx_hal_rcc_ex.o
 .debug_frame   0x000000000000368c      0x32c ./Drivers/STM32H7xx_HAL_Driver/stm32h7xx_hal_rtc.o
 .debug_frame   0x00000000000039b8      0x590 ./Drivers/STM32H7xx_HAL_Driver/stm32h7xx_hal_rtc_ex.o
 .debug_frame   0x0000000000003f48      0x69c ./Drivers/STM32H7xx_HAL_Driver/stm32h7xx_hal_sai.o
 .debug_frame   0x00000000000045e4      0x440 ./Drivers/STM32H7xx_HAL_Driver/stm32h7xx_hal_spdifrx.o
 .debug_frame   0x0000000000004a24     0x121c ./Drivers/STM32H7xx_HAL_Driver/stm32h7xx_hal_tim.o
 .debug_frame   0x0000000000005c40      0x6d8 ./Drivers/STM32H7xx_HAL_Driver/stm32h7xx_hal_tim_ex.o
 .debug_frame   0x0000000000006318       0x2c /home/kssvm/.eclipse/com.st.stm32cube.ide.mcu.rcp.product_1.10.1_139059409_linux_gtk_x86_64/plugins/com.st.stm32cube.ide.mcu.externaltools.gnu-tools-for-stm32.10.3-2021.10.linux64_1.0.200.202301161003/tools/bin/../lib/gcc/arm-none-eabi/10.3.1/../../../../arm-none-eabi/lib/thumb/v7e-m+fp/hard/libc_nano.a(lib_a-init.o)
 .debug_frame   0x0000000000006344       0x20 /home/kssvm/.eclipse/com.st.stm32cube.ide.mcu.rcp.product_1.10.1_139059409_linux_gtk_x86_64/plugins/com.st.stm32cube.ide.mcu.externaltools.gnu-tools-for-stm32.10.3-2021.10.linux64_1.0.200.202301161003/tools/bin/../lib/gcc/arm-none-eabi/10.3.1/../../../../arm-none-eabi/lib/thumb/v7e-m+fp/hard/libc_nano.a(lib_a-memset.o)
