../Core/Src/main.cpp:92:5:int main()	16	static
../Core/Src/main.cpp:160:13:void MX_ADC1_Init()	48	static
../Core/Src/main.cpp:228:13:void MX_ADC3_Init()	40	static
../Core/Src/main.cpp:286:13:void MX_HDMI_CEC_Init()	8	static
../Core/Src/main.cpp:322:13:void MX_RTC_Init()	48	static
../Core/Src/main.cpp:376:13:void MX_SAI1_Init()	8	static
../Core/Src/main.cpp:445:13:void MX_SPDIFRX1_Init()	8	static
../Core/Src/main.cpp:483:13:void MX_TIM8_Init()	96	static
../Core/Src/main.cpp:553:13:void MX_TIM13_Init()	24	static
../Core/Src/main.cpp:598:13:void MX_GPIO_Init()	40	static
../Core/Src/main.cpp:621:6:void Error_Handler()	4	static,ignoring_inline_asm
