../../Drivers/CMSIS/Include/core_cm7.h:2660:26:uint32_t ITM_SendChar(uint32_t)	16	static,ignoring_inline_asm
../Core/Src/main.cpp:80:5:int _write(int, char*, int)	32	static
../Core/Src/main.cpp:102:5:int main()	64	static,ignoring_inline_asm
../Core/Src/main.cpp:215:6:void SystemClock_Config()	120	static
../Core/Src/main.cpp:281:13:void MX_SDMMC1_SD_Init()	8	static
../Core/Src/main.cpp:312:13:void MX_MDMA_Init()	16	static
../Core/Src/main.cpp:359:13:void MX_GPIO_Init()	56	static
../Core/Src/main.cpp:398:6:void StartInitTask(const void*)	16	static
../Core/Src/main.cpp:422:6:void MPU_Config()	24	static
../Core/Src/main.cpp:483:6:void HAL_TIM_PeriodElapsedCallback(TIM_HandleTypeDef*)	16	static
../Core/Src/main.cpp:500:6:void Error_Handler()	4	static,ignoring_inline_asm
