../Core/Module/initialize_peripheral/src/initialize_peripheral.cpp:25:5:int MPU_setting()	24	static,ignoring_inline_asm
../Core/Module/initialize_peripheral/src/initialize_peripheral.cpp:41:5:int initialize_peripheral()	16	static
../Core/Module/initialize_peripheral/src/initialize_peripheral.cpp:79:6:void SystemClock_Config()	120	static
../Core/Module/initialize_peripheral/src/initialize_peripheral.cpp:145:13:void MX_SDMMC1_SD_Init()	8	static
../Core/Module/initialize_peripheral/src/initialize_peripheral.cpp:177:13:void MX_MDMA_Init()	16	static
../Core/Module/initialize_peripheral/src/initialize_peripheral.cpp:235:13:void MX_GPIO_Init()	56	static
../Core/Module/initialize_peripheral/src/initialize_peripheral.cpp:265:13:void MPU_Config()	24	static
../Core/Module/initialize_peripheral/src/initialize_peripheral.cpp:363:6:void HAL_TIM_PeriodElapsedCallback(TIM_HandleTypeDef*)	16	static
