../../Drivers/CMSIS/Include/core_cm7.h:2660:26:uint32_t ITM_SendChar(uint32_t)	16	static,ignoring_inline_asm
../Core/Src/main.cpp:81:5:int _write(int, char*, int)	32	static
../Core/Src/main.cpp:104:5:int main()	64	static,ignoring_inline_asm
../Core/Src/main.cpp:220:6:void SystemClock_Config()	120	static
../Core/Src/main.cpp:285:6:void PeriphCommonClock_Config()	208	static
../Core/Src/main.cpp:324:13:void MX_SDMMC1_SD_Init()	8	static
../Core/Src/main.cpp:355:13:void MX_MDMA_Init()	16	static
../Core/Src/main.cpp:402:13:void MX_GPIO_Init()	56	static
../Core/Src/main.cpp:443:6:void StartDefaultTask(const void*)	16	static
../Core/Src/main.cpp:472:6:void MPU_Config()	24	static
../Core/Src/main.cpp:530:6:void HAL_TIM_PeriodElapsedCallback(TIM_HandleTypeDef*)	16	static
../Core/Src/main.cpp:547:6:void Error_Handler()	4	static,ignoring_inline_asm
