../Core/Src/main.cpp:90:5:int main()	16	static
../Core/Src/main.cpp:155:13:void MX_ADC1_Init()	48	static
../Core/Src/main.cpp:223:13:void MX_ADC3_Init()	40	static
../Core/Src/main.cpp:281:13:void MX_HDMI_CEC_Init()	8	static
../Core/Src/main.cpp:317:13:void MX_RTC_Init()	48	static
../Core/Src/main.cpp:371:13:void MX_SAI1_Init()	8	static
../Core/Src/main.cpp:440:13:void MX_SPDIFRX1_Init()	8	static
../Core/Src/main.cpp:478:13:void MX_TIM8_Init()	96	static
../Core/Src/main.cpp:548:13:void MX_TIM13_Init()	24	static
../Core/Src/main.cpp:591:13:void MX_MDMA_Init()	16	static
../Core/Src/main.cpp:605:13:void MX_GPIO_Init()	40	static
../Core/Src/main.cpp:628:6:void Error_Handler()	4	static,ignoring_inline_asm
