Archive member included to satisfy reference by file (symbol)

/home/kssvm/.eclipse/com.st.stm32cube.ide.mcu.rcp.product_1.10.1_139059409_linux_gtk_x86_64/plugins/com.st.stm32cube.ide.mcu.externaltools.gnu-tools-for-stm32.10.3-2021.10.linux64_1.0.200.202301161003/tools/bin/../lib/gcc/arm-none-eabi/10.3.1/../../../../arm-none-eabi/lib/thumb/v7e-m+fp/hard/libc_nano.a(lib_a-assert.o)
                              ./Middlewares/Third_Party/OpenAMP/device.o (__assert_func)
/home/kssvm/.eclipse/com.st.stm32cube.ide.mcu.rcp.product_1.10.1_139059409_linux_gtk_x86_64/plugins/com.st.stm32cube.ide.mcu.externaltools.gnu-tools-for-stm32.10.3-2021.10.linux64_1.0.200.202301161003/tools/bin/../lib/gcc/arm-none-eabi/10.3.1/../../../../arm-none-eabi/lib/thumb/v7e-m+fp/hard/libc_nano.a(lib_a-errno.o)
                              ./Core/Src/syscalls.o (__errno)
/home/kssvm/.eclipse/com.st.stm32cube.ide.mcu.rcp.product_1.10.1_139059409_linux_gtk_x86_64/plugins/com.st.stm32cube.ide.mcu.externaltools.gnu-tools-for-stm32.10.3-2021.10.linux64_1.0.200.202301161003/tools/bin/../lib/gcc/arm-none-eabi/10.3.1/../../../../arm-none-eabi/lib/thumb/v7e-m+fp/hard/libc_nano.a(lib_a-exit.o)
                              /home/kssvm/.eclipse/com.st.stm32cube.ide.mcu.rcp.product_1.10.1_139059409_linux_gtk_x86_64/plugins/com.st.stm32cube.ide.mcu.externaltools.gnu-tools-for-stm32.10.3-2021.10.linux64_1.0.200.202301161003/tools/bin/../lib/gcc/arm-none-eabi/10.3.1/../../../../arm-none-eabi/lib/thumb/v7e-m+fp/hard/crt0.o (exit)
/home/kssvm/.eclipse/com.st.stm32cube.ide.mcu.rcp.product_1.10.1_139059409_linux_gtk_x86_64/plugins/com.st.stm32cube.ide.mcu.externaltools.gnu-tools-for-stm32.10.3-2021.10.linux64_1.0.200.202301161003/tools/bin/../lib/gcc/arm-none-eabi/10.3.1/../../../../arm-none-eabi/lib/thumb/v7e-m+fp/hard/libc_nano.a(lib_a-fprintf.o)
                              /home/kssvm/.eclipse/com.st.stm32cube.ide.mcu.rcp.product_1.10.1_139059409_linux_gtk_x86_64/plugins/com.st.stm32cube.ide.mcu.externaltools.gnu-tools-for-stm32.10.3-2021.10.linux64_1.0.200.202301161003/tools/bin/../lib/gcc/arm-none-eabi/10.3.1/../../../../arm-none-eabi/lib/thumb/v7e-m+fp/hard/libc_nano.a(lib_a-assert.o) (fiprintf)
/home/kssvm/.eclipse/com.st.stm32cube.ide.mcu.rcp.product_1.10.1_139059409_linux_gtk_x86_64/plugins/com.st.stm32cube.ide.mcu.externaltools.gnu-tools-for-stm32.10.3-2021.10.linux64_1.0.200.202301161003/tools/bin/../lib/gcc/arm-none-eabi/10.3.1/../../../../arm-none-eabi/lib/thumb/v7e-m+fp/hard/libc_nano.a(lib_a-impure.o)
                              /home/kssvm/.eclipse/com.st.stm32cube.ide.mcu.rcp.product_1.10.1_139059409_linux_gtk_x86_64/plugins/com.st.stm32cube.ide.mcu.externaltools.gnu-tools-for-stm32.10.3-2021.10.linux64_1.0.200.202301161003/tools/bin/../lib/gcc/arm-none-eabi/10.3.1/../../../../arm-none-eabi/lib/thumb/v7e-m+fp/hard/libc_nano.a(lib_a-exit.o) (_global_impure_ptr)
/home/kssvm/.eclipse/com.st.stm32cube.ide.mcu.rcp.product_1.10.1_139059409_linux_gtk_x86_64/plugins/com.st.stm32cube.ide.mcu.externaltools.gnu-tools-for-stm32.10.3-2021.10.linux64_1.0.200.202301161003/tools/bin/../lib/gcc/arm-none-eabi/10.3.1/../../../../arm-none-eabi/lib/thumb/v7e-m+fp/hard/libc_nano.a(lib_a-init.o)
                              /home/kssvm/.eclipse/com.st.stm32cube.ide.mcu.rcp.product_1.10.1_139059409_linux_gtk_x86_64/plugins/com.st.stm32cube.ide.mcu.externaltools.gnu-tools-for-stm32.10.3-2021.10.linux64_1.0.200.202301161003/tools/bin/../lib/gcc/arm-none-eabi/10.3.1/../../../../arm-none-eabi/lib/thumb/v7e-m+fp/hard/crt0.o (__libc_init_array)
/home/kssvm/.eclipse/com.st.stm32cube.ide.mcu.rcp.product_1.10.1_139059409_linux_gtk_x86_64/plugins/com.st.stm32cube.ide.mcu.externaltools.gnu-tools-for-stm32.10.3-2021.10.linux64_1.0.200.202301161003/tools/bin/../lib/gcc/arm-none-eabi/10.3.1/../../../../arm-none-eabi/lib/thumb/v7e-m+fp/hard/libc_nano.a(lib_a-malloc.o)
                              ./Middlewares/Third_Party/OpenAMP/remoteproc_virtio.o (malloc)
/home/kssvm/.eclipse/com.st.stm32cube.ide.mcu.rcp.product_1.10.1_139059409_linux_gtk_x86_64/plugins/com.st.stm32cube.ide.mcu.externaltools.gnu-tools-for-stm32.10.3-2021.10.linux64_1.0.200.202301161003/tools/bin/../lib/gcc/arm-none-eabi/10.3.1/../../../../arm-none-eabi/lib/thumb/v7e-m+fp/hard/libc_nano.a(lib_a-memcpy-stub.o)
                              ./Middlewares/Third_Party/OpenAMP/device.o (memcpy)
/home/kssvm/.eclipse/com.st.stm32cube.ide.mcu.rcp.product_1.10.1_139059409_linux_gtk_x86_64/plugins/com.st.stm32cube.ide.mcu.externaltools.gnu-tools-for-stm32.10.3-2021.10.linux64_1.0.200.202301161003/tools/bin/../lib/gcc/arm-none-eabi/10.3.1/../../../../arm-none-eabi/lib/thumb/v7e-m+fp/hard/libc_nano.a(lib_a-memset.o)
[...]
Memory Configuration

Name             Origin             Length             Attributes
FLASH            0x0000000008100000 0x0000000000100000 xr
RAM              0x0000000010000000 0x0000000000020000 xrw
OPEN_AMP_RSC_TAB 0x0000000038000000 0x0000000000000400 xrw
OPEN_AMP_SHMEM   0x0000000038000400 0x000000000000fc00 xrw
*default*        0x0000000000000000 0xffffffffffffffff

Linker script and memory map

LOAD /home/kssvm/.eclipse/com.st.stm32cube.ide.mcu.rcp.product_1.10.1_139059409_linux_gtk_x86_64/plugins/com.st.stm32cube.ide.mcu.externaltools.gnu-tools-for-stm32.10.3-2021.10.linux64_1.0.200.202301161003/tools/bin/../lib/gcc/arm-none-eabi/10.3.1/thumb/v7e-m+fp/hard/crti.o
LOAD /home/kssvm/.eclipse/com.st.stm32cube.ide.mcu.rcp.product_1.10.1_139059409_linux_gtk_x86_64/plugins/com.st.stm32cube.ide.mcu.externaltools.gnu-tools-for-stm32.10.3-2021.10.linux64_1.0.200.202301161003/tools/bin/../lib/gcc/arm-none-eabi/10.3.1/thumb/v7e-m+fp/hard/crtbegin.o
LOAD /home/kssvm/.eclipse/com.st.stm32cube.ide.mcu.rcp.product_1.10.1_139059409_linux_gtk_x86_64/plugins/com.st.stm32cube.ide.mcu.externaltools.gnu-tools-for-stm32.10.3-2021.10.linux64_1.0.200.202301161003/tools/bin/../lib/gcc/arm-none-eabi/10.3.1/../../../../arm-none-eabi/lib/thumb/v7e-m+fp/hard/crt0.o
LOAD ./Common/Src/system_stm32h7xx_dualcore_boot_cm4_cm7.o
LOAD ./Core/Module/openAMP_RTOS_M4/src/openAMP_RTOS_M4.o
LOAD ./Core/Src/main.o
LOAD ./Core/Src/stm32h7xx_hal_msp.o
LOAD ./Core/Src/stm32h7xx_it.o
LOAD ./Core/Src/syscalls.o
LOAD ./Core/Src/sysmem.o
LOAD ./Core/Startup/startup_stm32h747xihx.o
LOAD ./Drivers/STM32H7xx_HAL_Driver/stm32h7xx_hal.o
LOAD ./Drivers/STM32H7xx_HAL_Driver/stm32h7xx_hal_cortex.o
LOAD ./Drivers/STM32H7xx_HAL_Driver/stm32h7xx_hal_dma.o
LOAD ./Drivers/STM32H7xx_HAL_Driver/stm32h7xx_hal_dma_ex.o
LOAD ./Drivers/STM32H7xx_HAL_Driver/stm32h7xx_hal_exti.o
LOAD ./Drivers/STM32H7xx_HAL_Driver/stm32h7xx_hal_flash.o
LOAD ./Drivers/STM32H7xx_HAL_Driver/stm32h7xx_hal_flash_ex.o
LOAD ./Drivers/STM32H7xx_HAL_Driver/stm32h7xx_hal_gpio.o
LOAD ./Drivers/STM32H7xx_HAL_Driver/stm32h7xx_hal_hsem.o
LOAD ./Drivers/STM32H7xx_HAL_Driver/stm32h7xx_hal_i2c.o
LOAD ./Drivers/STM32H7xx_HAL_Driver/stm32h7xx_hal_i2c_ex.o
LOAD ./Drivers/STM32H7xx_HAL_Driver/stm32h7xx_hal_mdma.o
LOAD ./Drivers/STM32H7xx_HAL_Driver/stm32h7xx_hal_pwr.o
LOAD ./Drivers/STM32H7xx_HAL_Driver/stm32h7xx_hal_pwr_ex.o
LOAD ./Drivers/STM32H7xx_HAL_Driver/stm32h7xx_hal_rcc.o
LOAD ./Drivers/STM32H7xx_HAL_Driver/stm32h7xx_hal_rcc_ex.o
LOAD ./Drivers/STM32H7xx_HAL_Driver/stm32h7xx_hal_rtc.o
LOAD ./Drivers/STM32H7xx_HAL_Driver/stm32h7xx_hal_rtc_ex.o
LOAD ./Drivers/STM32H7xx_HAL_Driver/stm32h7xx_hal_tim.o
LOAD ./Drivers/STM32H7xx_HAL_Driver/stm32h7xx_hal_tim_ex.o
LOAD ./Middlewares/Third_Party/OpenAMP/condition.o
LOAD ./Middlewares/Third_Party/OpenAMP/device.o
LOAD ./Middlewares/Third_Party/OpenAMP/generic_device.o
LOAD ./Middlewares/Third_Party/OpenAMP/generic_init.o
LOAD ./Middlewares/Third_Party/OpenAMP/generic_io.o
LOAD ./Middlewares/Third_Party/OpenAMP/generic_shmem.o
LOAD ./Middlewares/Third_Party/OpenAMP/init.o
LOAD ./Middlewares/Third_Party/OpenAMP/io.o
LOAD ./Middlewares/Third_Party/OpenAMP/log.o
LOAD ./Middlewares/Third_Party/OpenAMP/remoteproc_virtio.o
LOAD ./Middlewares/Third_Party/OpenAMP/rpmsg.o
LOAD ./Middlewares/Third_Party/OpenAMP/rpmsg_virtio.o
LOAD ./Middlewares/Third_Party/OpenAMP/shmem.o
LOAD ./Middlewares/Third_Party/OpenAMP/sys.o
LOAD ./Middlewares/Third_Party/OpenAMP/time.o
LOAD ./Middlewares/Third_Party/OpenAMP/virtio.o
LOAD ./Middlewares/Third_Party/OpenAMP/virtqueue.o
LOAD ./OPENAMP/mbox_hsem.o
LOAD ./OPENAMP/openamp.o
LOAD ./OPENAMP/rsc_table.o
START GROUP
LOAD /home/kssvm/.eclipse/com.st.stm32cube.ide.mcu.rcp.product_1.10.1_139059409_linux_gtk_x86_64/plugins/com.st.stm32cube.ide.mcu.externaltools.gnu-tools-for-stm32.10.3-2021.10.linux64_1.0.200.202301161003/tools/bin/../lib/gcc/arm-none-eabi/10.3.1/../../../../arm-none-eabi/lib/thumb/v7e-m+fp/hard/libstdc++_nano.a
LOAD /home/kssvm/.eclipse/com.st.stm32cube.ide.mcu.rcp.product_1.10.1_139059409_linux_gtk_x86_64/plugins/com.st.stm32cube.ide.mcu.externaltools.gnu-tools-for-stm32.10.3-2021.10.linux64_1.0.200.202301161003/tools/bin/../lib/gcc/arm-none-eabi/10.3.1/../../../../arm-none-eabi/lib/thumb/v7e-m+fp/hard/libsupc++_nano.a
END GROUP
LOAD /home/kssvm/.eclipse/com.st.stm32cube.ide.mcu.rcp.product_1.10.1_139059409_linux_gtk_x86_64/plugins/com.st.stm32cube.ide.mcu.externaltools.gnu-tools-for-stm32.10.3-2021.10.linux64_1.0.200.202301161003/tools/bin/../lib/gcc/arm-none-eabi/10.3.1/../../../../arm-none-eabi/lib/thumb/v7e-m+fp/hard/libstdc++_nano.a
LOAD /home/kssvm/.eclipse/com.st.stm32cube.ide.mcu.rcp.product_1.10.1_139059409_linux_gtk_x86_64/plugins/com.st.stm32cube.ide.mcu.externaltools.gnu-tools-for-stm32.10.3-2021.10.linux64_1.0.200.202301161003/tools/bin/../lib/gcc/arm-none-eabi/10.3.1/../../../../arm-none-eabi/lib/thumb/v7e-m+fp/hard/libm.a
LOAD /home/kssvm/.eclipse/com.st.stm32cube.ide.mcu.rcp.product_1.10.1_139059409_linux_gtk_x86_64/plugins/com.st.stm32cube.ide.mcu.externaltools.gnu-tools-for-stm32.10.3-2021.10.linux64_1.0.200.202301161003/tools/bin/../lib/gcc/arm-none-eabi/10.3.1/../../../../arm-none-eabi/lib/thumb/v7e-m+fp/hard/libc_nano.a
START GROUP
LOAD /home/kssvm/.eclipse/com.st.stm32cube.ide.mcu.rcp.product_1.10.1_139059409_linux_gtk_x86_64/plugins/com.st.stm32cube.ide.mcu.externaltools.gnu-tools-for-stm32.10.3-2021.10.linux64_1.0.200.202301161003/tools/bin/../lib/gcc/arm-none-eabi/10.3.1/thumb/v7e-m+fp/hard/libgcc.a
LOAD /home/kssvm/.eclipse/com.st.stm32cube.ide.mcu.rcp.product_1.10.1_139059409_linux_gtk_x86_64/plugins/com.st.stm32cube.ide.mcu.externaltools.gnu-tools-for-stm32.10.3-2021.10.linux64_1.0.200.202301161003/tools/bin/../lib/gcc/arm-none-eabi/10.3.1/../../../../arm-none-eabi/lib/thumb/v7e-m+fp/hard/libc_nano.a
END GROUP
START GROUP
LOAD /home/kssvm/.eclipse/com.st.stm32cube.ide.mcu.rcp.product_1.10.1_139059409_linux_gtk_x86_64/plugins/com.st.stm32cube.ide.mcu.externaltools.gnu-tools-for-stm32.10.3-2021.10.linux64_1.0.200.202301161003/tools/bin/../lib/gcc/arm-none-eabi/10.3.1/thumb/v7e-m+fp/hard/libgcc.a
LOAD /home/kssvm/.eclipse/com.st.stm32cube.ide.mcu.rcp.product_1.10.1_139059409_linux_gtk_x86_64/plugins/com.st.stm32cube.ide.mcu.externaltools.gnu-tools-for-stm32.10.3-2021.10.linux64_1.0.200.202301161003/tools/bin/../lib/gcc/arm-none-eabi/10.3.1/../../../../arm-none-eabi/lib/thumb/v7e-m+fp/hard/libc_nano.a
LOAD /home/kssvm/.eclipse/com.st.stm32cube.ide.mcu.rcp.product_1.10.1_139059409_linux_gtk_x86_64/plugins/com.st.stm32cube.ide.mcu.externaltools.gnu-tools-for-stm32.10.3-2021.10.linux64_1.0.200.202301161003/tools/bin/../lib/gcc/arm-none-eabi/10.3.1/../../../../arm-none-eabi/lib/thumb/v7e-m+fp/hard/libnosys.a
END GROUP
START GROUP
LOAD /home/kssvm/.eclipse/com.st.stm32cube.ide.mcu.rcp.product_1.10.1_139059409_linux_gtk_x86_64/plugins/com.st.stm32cube.ide.mcu.externaltools.gnu-tools-for-stm32.10.3-2021.10.linux64_1.0.200.202301161003/tools/bin/../lib/gcc/arm-none-eabi/10.3.1/thumb/v7e-m+fp/hard/libgcc.a
LOAD /home/kssvm/.eclipse/com.st.stm32cube.ide.mcu.rcp.product_1.10.1_139059409_linux_gtk_x86_64/plugins/com.st.stm32cube.ide.mcu.externaltools.gnu-tools-for-stm32.10.3-2021.10.linux64_1.0.200.202301161003/tools/bin/../lib/gcc/arm-none-eabi/10.3.1/../../../../arm-none-eabi/lib/thumb/v7e-m+fp/hard/libc_nano.a
LOAD /home/kssvm/.eclipse/com.st.stm32cube.ide.mcu.rcp.product_1.10.1_139059409_linux_gtk_x86_64/plugins/com.st.stm32cube.ide.mcu.externaltools.gnu-tools-for-stm32.10.3-2021.10.linux64_1.0.200.202301161003/tools/bin/../lib/gcc/arm-none-eabi/10.3.1/../../../../arm-none-eabi/lib/thumb/v7e-m+fp/hard/libnosys.a
END GROUP
LOAD /home/kssvm/.eclipse/com.st.stm32cube.ide.mcu.rcp.product_1.10.1_139059409_linux_gtk_x86_64/plugins/com.st.stm32cube.ide.mcu.externaltools.gnu-tools-for-stm32.10.3-2021.10.linux64_1.0.200.202301161003/tools/bin/../lib/gcc/arm-none-eabi/10.3.1/thumb/v7e-m+fp/hard/crtend.o
LOAD /home/kssvm/.eclipse/com.st.stm32cube.ide.mcu.rcp.product_1.10.1_139059409_linux_gtk_x86_64/plugins/com.st.stm32cube.ide.mcu.externaltools.gnu-tools-for-stm32.10.3-2021.10.linux64_1.0.200.202301161003/tools/bin/../lib/gcc/arm-none-eabi/10.3.1/thumb/v7e-m+fp/hard/crtn.o
                0x0000000010048000                _estack = 0x10048000
                0x0000000038000400                __OPENAMP_region_start__ = ORIGIN (OPEN_AMP_SHMEM)
                0x0000000038010000                __OPENAMP_region_end__ = (ORIGIN (OPEN_AMP_SHMEM) + LENGTH (OPEN_AMP_SHMEM))
                0x0000000000000200                _Min_Heap_Size = 0x200
                0x0000000000000400                _Min_Stack_Size = 0x400

.isr_vector     0x0000000008100000      0x298
                0x0000000008100000                . = ALIGN (0x4)
 *(.isr_vector)
 .isr_vector    0x0000000008100000      0x298 ./Core/Startup/startup_stm32h747xihx.o
                0x0000000008100000                g_pfnVectors
                0x0000000008100298                . = ALIGN (0x4)

.text           0x00000000081002a0     0x45fc
                0x00000000081002a0                . = ALIGN (0x4)
 *(.text)
 .text          0x00000000081002a0       0x40 /home/kssvm/.eclipse/com.st.stm32cube.ide.mcu.rcp.product_1.10.1_139059409_linux_gtk_x86_64/plugins/com.st.stm32cube.ide.mcu.externaltools.gnu-tools-for-stm32.10.3-2021.10.linux64_1.0.200.202301161003/tools/bin/../lib/gcc/arm-none-eabi/10.3.1/thumb/v7e-m+fp/hard/crtbegin.o
 .text          0x00000000081002e0       0x14 /home/kssvm/.eclipse/com.st.stm32cube.ide.mcu.rcp.product_1.10.1_139059409_linux_gtk_x86_64/plugins/com.st.stm32cube.ide.mcu.externaltools.gnu-tools-for-stm32.10.3-2021.10.linux64_1.0.200.202301161003/tools/bin/../lib/gcc/arm-none-eabi/10.3.1/../../../../arm-none-eabi/lib/thumb/v7e-m+fp/hard/libc_nano.a(lib_a-strcmp.o)
                0x00000000081002e0                strcmp
 *fill*         0x00000000081002f4        0xc 
 .text          0x0000000008100300       0xa0 /home/kssvm/.eclipse/com.st.stm32cube.ide.mcu.rcp.product_1.10.1_139059409_linux_gtk_x86_64/plugins/com.st.stm32cube.ide.mcu.externaltools.gnu-tools-for-stm32.10.3-2021.10.linux64_1.0.200.202301161003/tools/bin/../lib/gcc/arm-none-eabi/10.3.1/../../../../arm-none-eabi/lib/thumb/v7e-m+fp/hard/libc_nano.a(lib_a-memchr.o)
                0x0000000008100300                memchr
 *(.text*)
 .text.SystemInit
                0x00000000081003a0       0x30 ./Common/Src/system_stm32h7xx_dualcore_boot_cm4_cm7.o
                0x00000000081003a0                SystemInit
 .text.rpmsg_send
                0x00000000081003d0       0x44 ./Core/Module/openAMP_RTOS_M4/src/openAMP_RTOS_M4.o
 .text._ZL19rpmsg_recv_callbackP14rpmsg_endpointPvjmS1_
                0x0000000008100414       0x44 ./Core/Module/openAMP_RTOS_M4/src/openAMP_RTOS_M4.o
 .text._Z15receive_messagev
                0x0000000008100458       0x30 ./Core/Module/openAMP_RTOS_M4/src/openAMP_RTOS_M4.o
                0x0000000008100458                receive_message()
 .text._Z11OpenAMPInitv
                0x0000000008100488       0x4c ./Core/Module/openAMP_RTOS_M4/src/openAMP_RTOS_M4.o
                0x0000000008100488                OpenAMPInit()
 .text._Z12OpenAMPDrivev
                0x00000000081004d4       0x64 ./Core/Module/openAMP_RTOS_M4/src/openAMP_RTOS_M4.o
                0x00000000081004d4                OpenAMPDrive()
 .text.ITM_SendChar
                0x0000000008100538       0x62 ./Core/Src/main.o
 .text._write   0x000000000810059a       0x38 ./Core/Src/main.o
                0x000000000810059a                _write
 *fill*         0x00000000081005d2        0x2 
 .text.main     0x00000000081005d4       0x90 ./Core/Src/main.o
                0x00000000081005d4                main
 .text._ZL12MX_GPIO_Initv
                0x0000000008100664       0x70 ./Core/Src/main.o
 .text.HAL_MspInit
                0x00000000081006d4       0x40 ./Core/Src/stm32h7xx_hal_msp.o
                0x00000000081006d4                HAL_MspInit
 .text.NMI_Handler
                0x0000000008100714        0x6 ./Core/Src/stm32h7xx_it.o
                0x0000000008100714                NMI_Handler
 .text.HardFault_Handler
                0x000000000810071a        0x6 ./Core/Src/stm32h7xx_it.o
                0x000000000810071a                HardFault_Handler
 .text.MemManage_Handler
                0x0000000008100720        0x6 ./Core/Src/stm32h7xx_it.o
                0x0000000008100720                MemManage_Handler
 .text.BusFault_Handler
                0x0000000008100726        0x6 ./Core/Src/stm32h7xx_it.o
                0x0000000008100726                BusFault_Handler
 .text.UsageFault_Handler
                0x000000000810072c        0x6 ./Core/Src/stm32h7xx_it.o
                0x000000000810072c                UsageFault_Handler
 .text.SVC_Handler
                0x0000000008100732        0xe ./Core/Src/stm32h7xx_it.o
                0x0000000008100732                SVC_Handler
 .text.DebugMon_Handler
                0x0000000008100740        0xe ./Core/Src/stm32h7xx_it.o
                0x0000000008100740                DebugMon_Handler
 .text.PendSV_Handler
                0x000000000810074e        0xe ./Core/Src/stm32h7xx_it.o
                0x000000000810074e                PendSV_Handler
 .text.SysTick_Handler
                0x000000000810075c        0xc ./Core/Src/stm32h7xx_it.o
                0x000000000810075c                SysTick_Handler
 .text.HSEM2_IRQHandler
                0x0000000008100768        0xc ./Core/Src/stm32h7xx_it.o
                0x0000000008100768                HSEM2_IRQHandler
 .text._getpid  0x0000000008100774       0x10 ./Core/Src/syscalls.o
                0x0000000008100774                _getpid
 .text._kill    0x0000000008100784       0x20 ./Core/Src/syscalls.o
                0x0000000008100784                _kill
 .text._exit    0x00000000081007a4       0x14 ./Core/Src/syscalls.o
                0x00000000081007a4                _exit
 .text._read    0x00000000081007b8       0x3a ./Core/Src/syscalls.o
                0x00000000081007b8                _read
 .text._close   0x00000000081007f2       0x18 ./Core/Src/syscalls.o
                0x00000000081007f2                _close
 .text._fstat   0x000000000810080a       0x20 ./Core/Src/syscalls.o
                0x000000000810080a                _fstat
 .text._isatty  0x000000000810082a       0x16 ./Core/Src/syscalls.o
                0x000000000810082a                _isatty
 .text._lseek   0x0000000008100840       0x1a ./Core/Src/syscalls.o
                0x0000000008100840                _lseek
 *fill*         0x000000000810085a        0x2 
 .text._sbrk    0x000000000810085c       0x6c ./Core/Src/sysmem.o
                0x000000000810085c                _sbrk
 .text.Reset_Handler
                0x00000000081008c8       0x50 ./Core/Startup/startup_stm32h747xihx.o
                0x00000000081008c8                Reset_Handler
 .text.Default_Handler
                0x0000000008100918        0x2 ./Core/Startup/startup_stm32h747xihx.o
                0x0000000008100918                RTC_Alarm_IRQHandler
                0x0000000008100918                EXTI2_IRQHandler
                0x0000000008100918                TIM8_CC_IRQHandler
                0x0000000008100918                HRTIM1_Master_IRQHandler
                0x0000000008100918                UART8_IRQHandler
                0x0000000008100918                SPI4_IRQHandler
                0x0000000008100918                TIM1_CC_IRQHandler
                0x0000000008100918                BDMA_Channel6_IRQHandler
                0x0000000008100918                DMA2_Stream5_IRQHandler
                0x0000000008100918                HRTIM1_FLT_IRQHandler
                0x0000000008100918                JPEG_IRQHandler
                0x0000000008100918                DMA1_Stream5_IRQHandler
                0x0000000008100918                BDMA_Channel1_IRQHandler
                0x0000000008100918                HRTIM1_TIMD_IRQHandler
                0x0000000008100918                TAMP_STAMP_IRQHandler
                0x0000000008100918                EXTI3_IRQHandler
                0x0000000008100918                LPTIM4_IRQHandler
                0x0000000008100918                TIM8_TRG_COM_TIM14_IRQHandler
                0x0000000008100918                LPTIM2_IRQHandler
                0x0000000008100918                DFSDM1_FLT1_IRQHandler
                0x0000000008100918                DMAMUX2_OVR_IRQHandler
                0x0000000008100918                TIM8_UP_TIM13_IRQHandler
                0x0000000008100918                I2C3_ER_IRQHandler
                0x0000000008100918                DFSDM1_FLT2_IRQHandler
                0x0000000008100918                MDMA_IRQHandler
                0x0000000008100918                LPTIM3_IRQHandler
                0x0000000008100918                HSEM1_IRQHandler
                0x0000000008100918                EXTI0_IRQHandler
                0x0000000008100918                I2C2_EV_IRQHandler
                0x0000000008100918                DMA1_Stream2_IRQHandler
                0x0000000008100918                FPU_IRQHandler
                0x0000000008100918                OTG_HS_WKUP_IRQHandler
                0x0000000008100918                FDCAN1_IT1_IRQHandler
                0x0000000008100918                LTDC_ER_IRQHandler
                0x0000000008100918                DMA2_Stream2_IRQHandler
                0x0000000008100918                HRTIM1_TIME_IRQHandler
                0x0000000008100918                SPI1_IRQHandler
                0x0000000008100918                TIM6_DAC_IRQHandler
                0x0000000008100918                DCMI_IRQHandler
                0x0000000008100918                HRTIM1_TIMC_IRQHandler
                0x0000000008100918                DMA2_Stream3_IRQHandler
                0x0000000008100918                SAI2_IRQHandler
                0x0000000008100918                DFSDM1_FLT3_IRQHandler
                0x0000000008100918                USART6_IRQHandler
                0x0000000008100918                TIM17_IRQHandler
                0x0000000008100918                USART3_IRQHandler
                0x0000000008100918                BDMA_Channel7_IRQHandler
                0x0000000008100918                LPTIM5_IRQHandler
                0x0000000008100918                UART5_IRQHandler
                0x0000000008100918                ADC3_IRQHandler
                0x0000000008100918                DMA2_Stream0_IRQHandler
                0x0000000008100918                TIM4_IRQHandler
                0x0000000008100918                BDMA_Channel2_IRQHandler
                0x0000000008100918                QUADSPI_IRQHandler
                0x0000000008100918                I2C1_EV_IRQHandler
                0x0000000008100918                DMA1_Stream6_IRQHandler
                0x0000000008100918                DMAMUX1_OVR_IRQHandler
                0x0000000008100918                DMA1_Stream1_IRQHandler
                0x0000000008100918                TIM16_IRQHandler
                0x0000000008100918                UART4_IRQHandler
                0x0000000008100918                BDMA_Channel5_IRQHandler
                0x0000000008100918                TIM3_IRQHandler
                0x0000000008100918                RCC_IRQHandler
                0x0000000008100918                TIM8_BRK_TIM12_IRQHandler
                0x0000000008100918                TIM1_TRG_COM_IRQHandler
                0x0000000008100918                Default_Handler
                0x0000000008100918                ECC_IRQHandler
                0x0000000008100918                CEC_IRQHandler
                0x0000000008100918                EXTI15_10_IRQHandler
                0x0000000008100918                BDMA_Channel0_IRQHandler
                0x0000000008100918                ADC_IRQHandler
                0x0000000008100918                DMA1_Stream7_IRQHandler
                0x0000000008100918                HRTIM1_TIMA_IRQHandler
                0x0000000008100918                SPI5_IRQHandler
                0x0000000008100918                TIM7_IRQHandler
                0x0000000008100918                SDMMC1_IRQHandler
                0x0000000008100918                TIM5_IRQHandler
                0x0000000008100918                DMA2_Stream7_IRQHandler
                0x0000000008100918                TIM15_IRQHandler
                0x0000000008100918                PVD_AVD_IRQHandler
                0x0000000008100918                I2C3_EV_IRQHandler
                0x0000000008100918                EXTI9_5_IRQHandler
                0x0000000008100918                RTC_WKUP_IRQHandler
                0x0000000008100918                LTDC_IRQHandler
                0x0000000008100918                SAI3_IRQHandler
                0x0000000008100918                ETH_WKUP_IRQHandler
                0x0000000008100918                SPDIF_RX_IRQHandler
                0x0000000008100918                SPI2_IRQHandler
                0x0000000008100918                OTG_HS_EP1_IN_IRQHandler
                0x0000000008100918                DMA1_Stream0_IRQHandler
                0x0000000008100918                CRS_IRQHandler
                0x0000000008100918                CM7_SEV_IRQHandler
                0x0000000008100918                EXTI4_IRQHandler
                0x0000000008100918                RNG_IRQHandler
                0x0000000008100918                CM4_SEV_IRQHandler
                0x0000000008100918                HRTIM1_TIMB_IRQHandler
                0x0000000008100918                FDCAN2_IT1_IRQHandler
                0x0000000008100918                DSI_IRQHandler
                0x0000000008100918                ETH_IRQHandler
                0x0000000008100918                TIM1_UP_IRQHandler
                0x0000000008100918                WWDG_RST_IRQHandler
                0x0000000008100918                BDMA_Channel4_IRQHandler
                0x0000000008100918                OTG_HS_EP1_OUT_IRQHandler
                0x0000000008100918                WWDG_IRQHandler
                0x0000000008100918                SPI6_IRQHandler
                0x0000000008100918                MDIOS_IRQHandler
                0x0000000008100918                I2C4_EV_IRQHandler
                0x0000000008100918                FDCAN2_IT0_IRQHandler
                0x0000000008100918                LPUART1_IRQHandler
                0x0000000008100918                FDCAN1_IT0_IRQHandler
                0x0000000008100918                TIM2_IRQHandler
                0x0000000008100918                OTG_FS_WKUP_IRQHandler
                0x0000000008100918                OTG_HS_IRQHandler
                0x0000000008100918                DMA2D_IRQHandler
                0x0000000008100918                TIM1_BRK_IRQHandler
                0x0000000008100918                EXTI1_IRQHandler
                0x0000000008100918                SDMMC2_IRQHandler
                0x0000000008100918                OTG_FS_EP1_OUT_IRQHandler
                0x0000000008100918                BDMA_Channel3_IRQHandler
                0x0000000008100918                HOLD_CORE_IRQHandler
                0x0000000008100918                UART7_IRQHandler
                0x0000000008100918                MDIOS_WKUP_IRQHandler
                0x0000000008100918                USART2_IRQHandler
                0x0000000008100918                DFSDM1_FLT0_IRQHandler
                0x0000000008100918                SAI4_IRQHandler
                0x0000000008100918                I2C2_ER_IRQHandler
                0x0000000008100918                DMA2_Stream1_IRQHandler
                0x0000000008100918                FLASH_IRQHandler
                0x0000000008100918                DMA2_Stream4_IRQHandler
                0x0000000008100918                USART1_IRQHandler
                0x0000000008100918                OTG_FS_IRQHandler
                0x0000000008100918                SPI3_IRQHandler
                0x0000000008100918                WAKEUP_PIN_IRQHandler
                0x0000000008100918                DMA1_Stream4_IRQHandler
                0x0000000008100918                OTG_FS_EP1_IN_IRQHandler
                0x0000000008100918                I2C1_ER_IRQHandler
                0x0000000008100918                FMC_IRQHandler
                0x0000000008100918                FDCAN_CAL_IRQHandler
                0x0000000008100918                SWPMI1_IRQHandler
                0x0000000008100918                COMP1_IRQHandler
                0x0000000008100918                LPTIM1_IRQHandler
                0x0000000008100918                I2C4_ER_IRQHandler
                0x0000000008100918                DMA2_Stream6_IRQHandler
                0x0000000008100918                SAI1_IRQHandler
                0x0000000008100918                DMA1_Stream3_IRQHandler
 *fill*         0x000000000810091a        0x2 
 .text.HAL_Init
                0x000000000810091c       0xbc ./Drivers/STM32H7xx_HAL_Driver/stm32h7xx_hal.o
                0x000000000810091c                HAL_Init
 .text.HAL_InitTick
                0x00000000081009d8       0x6c ./Drivers/STM32H7xx_HAL_Driver/stm32h7xx_hal.o
                0x00000000081009d8                HAL_InitTick
 .text.HAL_IncTick
                0x0000000008100a44       0x28 ./Drivers/STM32H7xx_HAL_Driver/stm32h7xx_hal.o
                0x0000000008100a44                HAL_IncTick
 .text.HAL_GetTick
                0x0000000008100a6c       0x18 ./Drivers/STM32H7xx_HAL_Driver/stm32h7xx_hal.o
                0x0000000008100a6c                HAL_GetTick
 .text.HAL_Delay
                0x0000000008100a84       0x48 ./Drivers/STM32H7xx_HAL_Driver/stm32h7xx_hal.o
                0x0000000008100a84                HAL_Delay
 .text.__NVIC_SetPriorityGrouping
                0x0000000008100acc       0x48 ./Drivers/STM32H7xx_HAL_Driver/stm32h7xx_hal_cortex.o
 .text.__NVIC_GetPriorityGrouping
                0x0000000008100b14       0x1c ./Drivers/STM32H7xx_HAL_Driver/stm32h7xx_hal_cortex.o
 .text.__NVIC_EnableIRQ
                0x0000000008100b30       0x3c ./Drivers/STM32H7xx_HAL_Driver/stm32h7xx_hal_cortex.o
 .text.__NVIC_SetPriority
                0x0000000008100b6c       0x54 ./Drivers/STM32H7xx_HAL_Driver/stm32h7xx_hal_cortex.o
 .text.NVIC_EncodePriority
                0x0000000008100bc0       0x66 ./Drivers/STM32H7xx_HAL_Driver/stm32h7xx_hal_cortex.o
 *fill*         0x0000000008100c26        0x2 
 .text.SysTick_Config
                0x0000000008100c28       0x44 ./Drivers/STM32H7xx_HAL_Driver/stm32h7xx_hal_cortex.o
 .text.HAL_NVIC_SetPriorityGrouping
                0x0000000008100c6c       0x16 ./Drivers/STM32H7xx_HAL_Driver/stm32h7xx_hal_cortex.o
                0x0000000008100c6c                HAL_NVIC_SetPriorityGrouping
 .text.HAL_NVIC_SetPriority
                0x0000000008100c82       0x34 ./Drivers/STM32H7xx_HAL_Driver/stm32h7xx_hal_cortex.o
                0x0000000008100c82                HAL_NVIC_SetPriority
 .text.HAL_NVIC_EnableIRQ
                0x0000000008100cb6       0x1c ./Drivers/STM32H7xx_HAL_Driver/stm32h7xx_hal_cortex.o
                0x0000000008100cb6                HAL_NVIC_EnableIRQ
 .text.HAL_SYSTICK_Config
                0x0000000008100cd2       0x18 ./Drivers/STM32H7xx_HAL_Driver/stm32h7xx_hal_cortex.o
                0x0000000008100cd2                HAL_SYSTICK_Config
 *fill*         0x0000000008100cea        0x2 
 .text.HAL_GetCurrentCPUID
                0x0000000008100cec       0x28 ./Drivers/STM32H7xx_HAL_Driver/stm32h7xx_hal_cortex.o
                0x0000000008100cec                HAL_GetCurrentCPUID
 .text.HAL_HSEM_FastTake
                0x0000000008100d14       0x34 ./Drivers/STM32H7xx_HAL_Driver/stm32h7xx_hal_hsem.o
                0x0000000008100d14                HAL_HSEM_FastTake
 .text.HAL_HSEM_Release
                0x0000000008100d48       0x28 ./Drivers/STM32H7xx_HAL_Driver/stm32h7xx_hal_hsem.o
                0x0000000008100d48                HAL_HSEM_Release
 .text.HAL_HSEM_ActivateNotification
                0x0000000008100d70       0x24 ./Drivers/STM32H7xx_HAL_Driver/stm32h7xx_hal_hsem.o
                0x0000000008100d70                HAL_HSEM_ActivateNotification
 .text.HAL_HSEM_IRQHandler
                0x0000000008100d94       0x34 ./Drivers/STM32H7xx_HAL_Driver/stm32h7xx_hal_hsem.o
                0x0000000008100d94                HAL_HSEM_IRQHandler
 .text.HAL_PWREx_EnterSTOPMode
                0x0000000008100dc8       0xf4 ./Drivers/STM32H7xx_HAL_Driver/stm32h7xx_hal_pwr_ex.o
                0x0000000008100dc8                HAL_PWREx_EnterSTOPMode
 .text.HAL_PWREx_ClearPendingEvent
                0x0000000008100ebc       0x1a ./Drivers/STM32H7xx_HAL_Driver/stm32h7xx_hal_pwr_ex.o
                0x0000000008100ebc                HAL_PWREx_ClearPendingEvent
 *fill*         0x0000000008100ed6        0x2 
 .text.HAL_RCC_GetSysClockFreq
                0x0000000008100ed8      0x2f4 ./Drivers/STM32H7xx_HAL_Driver/stm32h7xx_hal_rcc.o
                0x0000000008100ed8                HAL_RCC_GetSysClockFreq
 .text.metal_list_init
                0x00000000081011cc       0x22 ./Middlewares/Third_Party/OpenAMP/device.o
 .text.metal_list_add_before
                0x00000000081011ee       0x34 ./Middlewares/Third_Party/OpenAMP/device.o
 .text.metal_list_add_tail
                0x0000000008101222       0x1a ./Middlewares/Third_Party/OpenAMP/device.o
 .text.__metal_cache_flush
                0x000000000810123c       0x1a ./Middlewares/Third_Party/OpenAMP/device.o
 .text.__metal_cache_invalidate
                0x0000000008101256       0x1a ./Middlewares/Third_Party/OpenAMP/device.o
 .text.metal_cache_flush
                0x0000000008101270       0x1a ./Middlewares/Third_Party/OpenAMP/device.o
 .text.metal_cache_invalidate
                0x000000000810128a       0x1a ./Middlewares/Third_Party/OpenAMP/device.o
 .text.metal_bus_register
                0x00000000081012a4       0x88 ./Middlewares/Third_Party/OpenAMP/device.o
                0x00000000081012a4                metal_bus_register
 .text.metal_bus_find
                0x000000000810132c       0x60 ./Middlewares/Third_Party/OpenAMP/device.o
                0x000000000810132c                metal_bus_find
 .text.metal_device_open
                0x000000000810138c       0x7c ./Middlewares/Third_Party/OpenAMP/device.o
                0x000000000810138c                metal_device_open
 .text.metal_register_generic_device
                0x0000000008101408       0x4c ./Middlewares/Third_Party/OpenAMP/device.o
                0x0000000008101408                metal_register_generic_device
 .text.metal_generic_dev_open
                0x0000000008101454       0x60 ./Middlewares/Third_Party/OpenAMP/device.o
                0x0000000008101454                metal_generic_dev_open
 .text.metal_generic_dev_dma_map
                0x00000000081014b4       0xa2 ./Middlewares/Third_Party/OpenAMP/device.o
                0x00000000081014b4                metal_generic_dev_dma_map
 .text.metal_generic_dev_dma_unmap
                0x0000000008101556       0x56 ./Middlewares/Third_Party/OpenAMP/device.o
                0x0000000008101556                metal_generic_dev_dma_unmap
 .text.metal_generic_dev_sys_open
                0x00000000081015ac       0x4e ./Middlewares/Third_Party/OpenAMP/generic_device.o
                0x00000000081015ac                metal_generic_dev_sys_open
 *fill*         0x00000000081015fa        0x2 
 .text.metal_sys_init
                0x00000000081015fc       0x1c ./Middlewares/Third_Party/OpenAMP/generic_init.o
                0x00000000081015fc                metal_sys_init
 .text.metal_sys_io_mem_map
                0x0000000008101618       0x7c ./Middlewares/Third_Party/OpenAMP/generic_io.o
                0x0000000008101618                metal_sys_io_mem_map
 .text.metal_list_init
                0x0000000008101694       0x22 ./Middlewares/Third_Party/OpenAMP/init.o
 *fill*         0x00000000081016b6        0x2 
 .text.metal_init
                0x00000000081016b8       0x64 ./Middlewares/Third_Party/OpenAMP/init.o
                0x00000000081016b8                metal_init
 .text.metal_io_virt
                0x000000000810171c       0x36 ./Middlewares/Third_Party/OpenAMP/io.o
 .text.metal_io_init
                0x0000000008101752       0x9e ./Middlewares/Third_Party/OpenAMP/io.o
                0x0000000008101752                metal_io_init
 .text.metal_io_block_read
                0x00000000081017f0       0xee ./Middlewares/Third_Party/OpenAMP/io.o
                0x00000000081017f0                metal_io_block_read
 .text.metal_io_block_write
                0x00000000081018de       0xec ./Middlewares/Third_Party/OpenAMP/io.o
                0x00000000081018de                metal_io_block_write
 .text.metal_default_log_handler
                0x00000000081019ca       0x1a ./Middlewares/Third_Party/OpenAMP/log.o
                0x00000000081019ca                metal_default_log_handler
 .text.metal_io_virt
                0x00000000081019e4       0x36 ./Middlewares/Third_Party/OpenAMP/remoteproc_virtio.o
 .text.metal_io_virt_to_offset
                0x0000000008101a1a       0x32 ./Middlewares/Third_Party/OpenAMP/remoteproc_virtio.o
 .text.metal_io_read
                0x0000000008101a4c      0x104 ./Middlewares/Third_Party/OpenAMP/remoteproc_virtio.o
 .text.metal_allocate_memory
                0x0000000008101b50       0x18 ./Middlewares/Third_Party/OpenAMP/remoteproc_virtio.o
 .text.metal_free_memory
                0x0000000008101b68       0x16 ./Middlewares/Third_Party/OpenAMP/remoteproc_virtio.o
 .text.virtqueue_allocate
                0x0000000008101b7e       0x32 ./Middlewares/Third_Party/OpenAMP/remoteproc_virtio.o
 .text.rproc_virtio_virtqueue_notify
                0x0000000008101bb0       0x68 ./Middlewares/Third_Party/OpenAMP/remoteproc_virtio.o
 .text.rproc_virtio_get_status
                0x0000000008101c18       0x44 ./Middlewares/Third_Party/OpenAMP/remoteproc_virtio.o
 .text.rproc_virtio_get_features
                0x0000000008101c5c       0x44 ./Middlewares/Third_Party/OpenAMP/remoteproc_virtio.o
 .text.rproc_virtio_negotiate_features
                0x0000000008101ca0       0x18 ./Middlewares/Third_Party/OpenAMP/remoteproc_virtio.o
 .text.rproc_virtio_read_config
                0x0000000008101cb8       0x1a ./Middlewares/Third_Party/OpenAMP/remoteproc_virtio.o
 *fill*         0x0000000008101cd2        0x2 
 .text.rproc_virtio_create_vdev
                0x0000000008101cd4      0x15c ./Middlewares/Third_Party/OpenAMP/remoteproc_virtio.o
                0x0000000008101cd4                rproc_virtio_create_vdev
 .text.rproc_virtio_init_vring
                0x0000000008101e30       0x62 ./Middlewares/Third_Party/OpenAMP/remoteproc_virtio.o
                0x0000000008101e30                rproc_virtio_init_vring
 .text.rproc_virtio_notified
                0x0000000008101e92       0x78 ./Middlewares/Third_Party/OpenAMP/remoteproc_virtio.o
                0x0000000008101e92                rproc_virtio_notified
 .text.rproc_virtio_wait_remote_ready
                0x0000000008101f0a       0x32 ./Middlewares/Third_Party/OpenAMP/remoteproc_virtio.o
                0x0000000008101f0a                rproc_virtio_wait_remote_ready
 .text.__metal_mutex_acquire
                0x0000000008101f3c       0x38 ./Middlewares/Third_Party/OpenAMP/rpmsg.o
 .text.__metal_mutex_release
                0x0000000008101f74       0x22 ./Middlewares/Third_Party/OpenAMP/rpmsg.o
 .text.metal_mutex_acquire
                0x0000000008101f96       0x16 ./Middlewares/Third_Party/OpenAMP/rpmsg.o
 .text.metal_mutex_release
                0x0000000008101fac       0x16 ./Middlewares/Third_Party/OpenAMP/rpmsg.o
 .text.metal_list_add_before
                0x0000000008101fc2       0x34 ./Middlewares/Third_Party/OpenAMP/rpmsg.o
 .text.metal_list_add_tail
                0x0000000008101ff6       0x1a ./Middlewares/Third_Party/OpenAMP/rpmsg.o
 .text.metal_list_del
                0x0000000008102010       0x36 ./Middlewares/Third_Party/OpenAMP/rpmsg.o
 .text.metal_bitmap_set_bit
                0x0000000008102046       0x38 ./Middlewares/Third_Party/OpenAMP/rpmsg.o
 .text.metal_bitmap_is_bit_set
                0x000000000810207e       0x30 ./Middlewares/Third_Party/OpenAMP/rpmsg.o
 .text.metal_bitmap_clear_bit
                0x00000000081020ae       0x3a ./Middlewares/Third_Party/OpenAMP/rpmsg.o
 .text.metal_bitmap_is_bit_clear
                0x00000000081020e8       0x26 ./Middlewares/Third_Party/OpenAMP/rpmsg.o
 .text.metal_bitmap_next_clear_bit
                0x000000000810210e       0x3a ./Middlewares/Third_Party/OpenAMP/rpmsg.o
 .text.rpmsg_init_ept
                0x0000000008102148       0x3a ./Middlewares/Third_Party/OpenAMP/rpmsg.o
 .text.rpmsg_get_address
                0x0000000008102182       0x3e ./Middlewares/Third_Party/OpenAMP/rpmsg.o
 .text.rpmsg_release_address
                0x00000000081021c0       0x24 ./Middlewares/Third_Party/OpenAMP/rpmsg.o
 .text.rpmsg_is_address_set
                0x00000000081021e4       0x30 ./Middlewares/Third_Party/OpenAMP/rpmsg.o
 .text.rpmsg_set_address
                0x0000000008102214       0x30 ./Middlewares/Third_Party/OpenAMP/rpmsg.o
 .text.rpmsg_send_offchannel_raw
                0x0000000008102244       0x64 ./Middlewares/Third_Party/OpenAMP/rpmsg.o
                0x0000000008102244                rpmsg_send_offchannel_raw
 .text.rpmsg_send_ns_message
                0x00000000081022a8       0x50 ./Middlewares/Third_Party/OpenAMP/rpmsg.o
                0x00000000081022a8                rpmsg_send_ns_message
 .text.rpmsg_get_endpoint
                0x00000000081022f8       0xc0 ./Middlewares/Third_Party/OpenAMP/rpmsg.o
                0x00000000081022f8                rpmsg_get_endpoint
 .text.rpmsg_unregister_endpoint
                0x00000000081023b8       0x44 ./Middlewares/Third_Party/OpenAMP/rpmsg.o
 .text.rpmsg_register_endpoint
                0x00000000081023fc       0x28 ./Middlewares/Third_Party/OpenAMP/rpmsg.o
                0x00000000081023fc                rpmsg_register_endpoint
 .text.rpmsg_create_ept
                0x0000000008102424       0xfc ./Middlewares/Third_Party/OpenAMP/rpmsg.o
                0x0000000008102424                rpmsg_create_ept
 .text.__metal_cache_invalidate
                0x0000000008102520       0x1a ./Middlewares/Third_Party/OpenAMP/rpmsg_virtio.o
 .text.metal_cache_invalidate
                0x000000000810253a       0x1a ./Middlewares/Third_Party/OpenAMP/rpmsg_virtio.o
 .text.__metal_sleep_usec
                0x0000000008102554       0x16 ./Middlewares/Third_Party/OpenAMP/rpmsg_virtio.o
 .text.metal_sleep_usec
                0x000000000810256a       0x18 ./Middlewares/Third_Party/OpenAMP/rpmsg_virtio.o
 .text.metal_list_init
                0x0000000008102582       0x22 ./Middlewares/Third_Party/OpenAMP/rpmsg_virtio.o
 .text.metal_io_virt_to_offset
                0x00000000081025a4       0x32 ./Middlewares/Third_Party/OpenAMP/rpmsg_virtio.o
 .text.__metal_mutex_init
                0x00000000081025d6       0x2c ./Middlewares/Third_Party/OpenAMP/rpmsg_virtio.o
 .text.__metal_mutex_acquire
                0x0000000008102602       0x38 ./Middlewares/Third_Party/OpenAMP/rpmsg_virtio.o
 .text.__metal_mutex_release
                0x000000000810263a       0x22 ./Middlewares/Third_Party/OpenAMP/rpmsg_virtio.o
 .text.metal_mutex_init
                0x000000000810265c       0x16 ./Middlewares/Third_Party/OpenAMP/rpmsg_virtio.o
 .text.metal_mutex_acquire
                0x0000000008102672       0x16 ./Middlewares/Third_Party/OpenAMP/rpmsg_virtio.o
 .text.metal_mutex_release
                0x0000000008102688       0x16 ./Middlewares/Third_Party/OpenAMP/rpmsg_virtio.o
 .text.rpmsg_init_ept
                0x000000000810269e       0x3a ./Middlewares/Third_Party/OpenAMP/rpmsg_virtio.o
 .text.rpmsg_virtio_get_role
                0x00000000081026d8       0x1a ./Middlewares/Third_Party/OpenAMP/rpmsg_virtio.o
 .text.rpmsg_virtio_set_status
                0x00000000081026f2       0x26 ./Middlewares/Third_Party/OpenAMP/rpmsg_virtio.o
 .text.rpmsg_virtio_get_status
                0x0000000008102718       0x22 ./Middlewares/Third_Party/OpenAMP/rpmsg_virtio.o
 .text.rpmsg_virtio_get_features
                0x000000000810273a       0x22 ./Middlewares/Third_Party/OpenAMP/rpmsg_virtio.o
 .text.rpmsg_virtio_create_virtqueues
                0x000000000810275c       0x2a ./Middlewares/Third_Party/OpenAMP/rpmsg_virtio.o
 .text.rpmsg_get_ept_from_addr
                0x0000000008102786       0x22 ./Middlewares/Third_Party/OpenAMP/rpmsg_virtio.o
 .text.rpmsg_virtio_init_shm_pool
                0x00000000081027a8       0x5a ./Middlewares/Third_Party/OpenAMP/rpmsg_virtio.o
                0x00000000081027a8                rpmsg_virtio_init_shm_pool
 .text.rpmsg_virtio_return_buffer
                0x0000000008102802       0x32 ./Middlewares/Third_Party/OpenAMP/rpmsg_virtio.o
 .text.rpmsg_virtio_enqueue_buffer
                0x0000000008102834       0x38 ./Middlewares/Third_Party/OpenAMP/rpmsg_virtio.o
 .text.rpmsg_virtio_get_tx_buffer
                0x000000000810286c       0x38 ./Middlewares/Third_Party/OpenAMP/rpmsg_virtio.o
 .text.rpmsg_virtio_get_rx_buffer
                0x00000000081028a4       0x4a ./Middlewares/Third_Party/OpenAMP/rpmsg_virtio.o
 .text.rpmsg_virtio_wait_remote_ready
                0x00000000081028ee       0x3a ./Middlewares/Third_Party/OpenAMP/rpmsg_virtio.o
 .text._rpmsg_virtio_get_buffer_size
                0x0000000008102928       0x34 ./Middlewares/Third_Party/OpenAMP/rpmsg_virtio.o
 .text.rpmsg_virtio_send_offchannel_raw
                0x000000000810295c      0x150 ./Middlewares/Third_Party/OpenAMP/rpmsg_virtio.o
 .text.rpmsg_virtio_tx_callback
                0x0000000008102aac       0x14 ./Middlewares/Third_Party/OpenAMP/rpmsg_virtio.o
 .text.rpmsg_virtio_rx_callback
                0x0000000008102ac0       0xea ./Middlewares/Third_Party/OpenAMP/rpmsg_virtio.o
 .text.rpmsg_virtio_ns_callback
                0x0000000008102baa       0xe4 ./Middlewares/Third_Party/OpenAMP/rpmsg_virtio.o
 *fill*         0x0000000008102c8e        0x2 
 .text.rpmsg_init_vdev
                0x0000000008102c90      0x138 ./Middlewares/Third_Party/OpenAMP/rpmsg_virtio.o
                0x0000000008102c90                rpmsg_init_vdev
 .text.metal_machine_cache_flush
                0x0000000008102dc8       0x16 ./Middlewares/Third_Party/OpenAMP/sys.o
                0x0000000008102dc8                metal_machine_cache_flush
 .text.metal_machine_cache_invalidate
                0x0000000008102dde       0x16 ./Middlewares/Third_Party/OpenAMP/sys.o
                0x0000000008102dde                metal_machine_cache_invalidate
 .text.metal_machine_io_mem_map
                0x0000000008102df4       0x1c ./Middlewares/Third_Party/OpenAMP/sys.o
                0x0000000008102df4                metal_machine_io_mem_map
 .text.virtio_create_virtqueues
                0x0000000008102e10       0x98 ./Middlewares/Third_Party/OpenAMP/virtio.o
                0x0000000008102e10                virtio_create_virtqueues
 .text.vring_init
                0x0000000008102ea8       0x52 ./Middlewares/Third_Party/OpenAMP/virtqueue.o
 .text.vring_need_event
                0x0000000008102efa       0x3c ./Middlewares/Third_Party/OpenAMP/virtqueue.o
 .text.metal_io_virt
                0x0000000008102f36       0x36 ./Middlewares/Third_Party/OpenAMP/virtqueue.o
 .text.metal_io_phys
                0x0000000008102f6c       0x5c ./Middlewares/Third_Party/OpenAMP/virtqueue.o
 .text.metal_io_phys_to_offset
                0x0000000008102fc8       0x60 ./Middlewares/Third_Party/OpenAMP/virtqueue.o
 .text.metal_io_phys_to_virt
                0x0000000008103028       0x26 ./Middlewares/Third_Party/OpenAMP/virtqueue.o
 .text.virtqueue_phys_to_virt
                0x000000000810304e       0x22 ./Middlewares/Third_Party/OpenAMP/virtqueue.o
 .text.virtqueue_create
                0x0000000008103070       0x68 ./Middlewares/Third_Party/OpenAMP/virtqueue.o
                0x0000000008103070                virtqueue_create
 .text.virtqueue_get_available_buffer
                0x00000000081030d8       0x8c ./Middlewares/Third_Party/OpenAMP/virtqueue.o
                0x00000000081030d8                virtqueue_get_available_buffer
 .text.virtqueue_add_consumed_buffer
                0x0000000008103164       0x74 ./Middlewares/Third_Party/OpenAMP/virtqueue.o
                0x0000000008103164                virtqueue_add_consumed_buffer
 .text.virtqueue_disable_cb
                0x00000000081031d8       0x54 ./Middlewares/Third_Party/OpenAMP/virtqueue.o
                0x00000000081031d8                virtqueue_disable_cb
 .text.virtqueue_kick
                0x000000000810322c       0x2c ./Middlewares/Third_Party/OpenAMP/virtqueue.o
                0x000000000810322c                virtqueue_kick
 .text.virtqueue_get_desc_size
                0x0000000008103258       0x66 ./Middlewares/Third_Party/OpenAMP/virtqueue.o
                0x0000000008103258                virtqueue_get_desc_size
 .text.vq_ring_init
                0x00000000081032be       0x66 ./Middlewares/Third_Party/OpenAMP/virtqueue.o
 .text.virtqueue_notification
                0x0000000008103324       0x24 ./Middlewares/Third_Party/OpenAMP/virtqueue.o
                0x0000000008103324                virtqueue_notification
 .text.vq_ring_must_notify_host
                0x0000000008103348       0x6c ./Middlewares/Third_Party/OpenAMP/virtqueue.o
 .text.vq_ring_notify_host
                0x00000000081033b4       0x20 ./Middlewares/Third_Party/OpenAMP/virtqueue.o
 .text.HAL_HSEM_FreeCallback
                0x00000000081033d4       0x20 ./OPENAMP/mbox_hsem.o
                0x00000000081033d4                HAL_HSEM_FreeCallback
 .text.MAILBOX_Init
                0x00000000081033f4       0x38 ./OPENAMP/mbox_hsem.o
                0x00000000081033f4                MAILBOX_Init
 .text.MAILBOX_Poll
                0x000000000810342c       0x34 ./OPENAMP/mbox_hsem.o
                0x000000000810342c                MAILBOX_Poll
 .text.MAILBOX_Notify
                0x0000000008103460       0x22 ./OPENAMP/mbox_hsem.o
                0x0000000008103460                MAILBOX_Notify
 .text.metal_device_io_region
                0x0000000008103482       0x36 ./OPENAMP/openamp.o
 .text.OPENAMP_shmem_init
                0x00000000081034b8      0x140 ./OPENAMP/openamp.o
 .text.MX_OPENAMP_Init
                0x00000000081035f8      0x12c ./OPENAMP/openamp.o
                0x00000000081035f8                MX_OPENAMP_Init
 .text.OPENAMP_create_endpoint
                0x0000000008103724       0x3c ./OPENAMP/openamp.o
                0x0000000008103724                OPENAMP_create_endpoint
 .text.OPENAMP_check_for_message
                0x0000000008103760       0x18 ./OPENAMP/openamp.o
                0x0000000008103760                OPENAMP_check_for_message
 .text.resource_table_init
                0x0000000008103778       0x38 ./OPENAMP/rsc_table.o
                0x0000000008103778                resource_table_init
 .text.__assert_func
                0x00000000081037b0       0x3c /home/kssvm/.eclipse/com.st.stm32cube.ide.mcu.rcp.product_1.10.1_139059409_linux_gtk_x86_64/plugins/com.st.stm32cube.ide.mcu.externaltools.gnu-tools-for-stm32.10.3-2021.10.linux64_1.0.200.202301161003/tools/bin/../lib/gcc/arm-none-eabi/10.3.1/../../../../arm-none-eabi/lib/thumb/v7e-m+fp/hard/libc_nano.a(lib_a-assert.o)
                0x00000000081037b0                __assert_func
 .text.__errno  0x00000000081037ec        0xc /home/kssvm/.eclipse/com.st.stm32cube.ide.mcu.rcp.product_1.10.1_139059409_linux_gtk_x86_64/plugins/com.st.stm32cube.ide.mcu.externaltools.gnu-tools-for-stm32.10.3-2021.10.linux64_1.0.200.202301161003/tools/bin/../lib/gcc/arm-none-eabi/10.3.1/../../../../arm-none-eabi/lib/thumb/v7e-m+fp/hard/libc_nano.a(lib_a-errno.o)
                0x00000000081037ec                __errno
 .text.fprintf  0x00000000081037f8       0x24 /home/kssvm/.eclipse/com.st.stm32cube.ide.mcu.rcp.product_1.10.1_139059409_linux_gtk_x86_64/plugins/com.st.stm32cube.ide.mcu.externaltools.gnu-tools-for-stm32.10.3-2021.10.linux64_1.0.200.202301161003/tools/bin/../lib/gcc/arm-none-eabi/10.3.1/../../../../arm-none-eabi/lib/thumb/v7e-m+fp/hard/libc_nano.a(lib_a-fprintf.o)
                0x00000000081037f8                fprintf
                0x00000000081037f8                fiprintf
 .text.__libc_init_array
                0x000000000810381c       0x48 /home/kssvm/.eclipse/com.st.stm32cube.ide.mcu.rcp.product_1.10.1_139059409_linux_gtk_x86_64/plugins/com.st.stm32cube.ide.mcu.externaltools.gnu-tools-for-stm32.10.3-2021.10.linux64_1.0.200.202301161003/tools/bin/../lib/gcc/arm-none-eabi/10.3.1/../../../../arm-none-eabi/lib/thumb/v7e-m+fp/hard/libc_nano.a(lib_a-init.o)
                0x000000000810381c                __libc_init_array
 .text.malloc   0x0000000008103864       0x10 /home/kssvm/.eclipse/com.st.stm32cube.ide.mcu.rcp.product_1.10.1_139059409_linux_gtk_x86_64/plugins/com.st.stm32cube.ide.mcu.externaltools.gnu-tools-for-stm32.10.3-2021.10.linux64_1.0.200.202301161003/tools/bin/../lib/gcc/arm-none-eabi/10.3.1/../../../../arm-none-eabi/lib/thumb/v7e-m+fp/hard/libc_nano.a(lib_a-malloc.o)
                0x0000000008103864                malloc
 .text.free     0x0000000008103874       0x10 /home/kssvm/.eclipse/com.st.stm32cube.ide.mcu.rcp.product_1.10.1_139059409_linux_gtk_x86_64/plugins/com.st.stm32cube.ide.mcu.externaltools.gnu-tools-for-stm32.10.3-2021.10.linux64_1.0.200.202301161003/tools/bin/../lib/gcc/arm-none-eabi/10.3.1/../../../../arm-none-eabi/lib/thumb/v7e-m+fp/hard/libc_nano.a(lib_a-malloc.o)
                0x0000000008103874                free
 .text.memcpy   0x0000000008103884       0x1c /home/kssvm/.eclipse/com.st.stm32cube.ide.mcu.rcp.product_1.10.1_139059409_linux_gtk_x86_64/plugins/com.st.stm32cube.ide.mcu.externaltools.gnu-tools-for-stm32.10.3-2021.10.linux64_1.0.200.202301161003/tools/bin/../lib/gcc/arm-none-eabi/10.3.1/../../../../arm-none-eabi/lib/thumb/v7e-m+fp/hard/libc_nano.a(lib_a-memcpy-stub.o)
                0x0000000008103884                memcpy
 .text.memset   0x00000000081038a0       0x10 /home/kssvm/.eclipse/com.st.stm32cube.ide.mcu.rcp.product_1.10.1_139059409_linux_gtk_x86_64/plugins/com.st.stm32cube.ide.mcu.externaltools.gnu-tools-for-stm32.10.3-2021.10.linux64_1.0.200.202301161003/tools/bin/../lib/gcc/arm-none-eabi/10.3.1/../../../../arm-none-eabi/lib/thumb/v7e-m+fp/hard/libc_nano.a(lib_a-memset.o)
                0x00000000081038a0                memset
 .text._free_r  0x00000000081038b0       0x98 /home/kssvm/.eclipse/com.st.stm32cube.ide.mcu.rcp.product_1.10.1_139059409_linux_gtk_x86_64/plugins/com.st.stm32cube.ide.mcu.externaltools.gnu-tools-for-stm32.10.3-2021.10.linux64_1.0.200.202301161003/tools/bin/../lib/gcc/arm-none-eabi/10.3.1/../../../../arm-none-eabi/lib/thumb/v7e-m+fp/hard/libc_nano.a(lib_a-nano-freer.o)
                0x00000000081038b0                _free_r
 .text.sbrk_aligned
                0x0000000008103948       0x40 /home/kssvm/.eclipse/com.st.stm32cube.ide.mcu.rcp.product_1.10.1_139059409_linux_gtk_x86_64/plugins/com.st.stm32cube.ide.mcu.externaltools.gnu-tools-for-stm32.10.3-2021.10.linux64_1.0.200.202301161003/tools/bin/../lib/gcc/arm-none-eabi/10.3.1/../../../../arm-none-eabi/lib/thumb/v7e-m+fp/hard/libc_nano.a(lib_a-nano-mallocr.o)
 .text._malloc_r
                0x0000000008103988       0xe8 /home/kssvm/.eclipse/com.st.stm32cube.ide.mcu.rcp.product_1.10.1_139059409_linux_gtk_x86_64/plugins/com.st.stm32cube.ide.mcu.externaltools.gnu-tools-for-stm32.10.3-2021.10.linux64_1.0.200.202301161003/tools/bin/../lib/gcc/arm-none-eabi/10.3.1/../../../../arm-none-eabi/lib/thumb/v7e-m+fp/hard/libc_nano.a(lib_a-nano-mallocr.o)
                0x0000000008103988                _malloc_r
 .text.__sfputc_r
                0x0000000008103a70       0x2e /home/kssvm/.eclipse/com.st.stm32cube.ide.mcu.rcp.product_1.10.1_139059409_linux_gtk_x86_64/plugins/com.st.stm32cube.ide.mcu.externaltools.gnu-tools-for-stm32.10.3-2021.10.linux64_1.0.200.202301161003/tools/bin/../lib/gcc/arm-none-eabi/10.3.1/../../../../arm-none-eabi/lib/thumb/v7e-m+fp/hard/libc_nano.a(lib_a-nano-vfprintf.o)
 .text.__sfputs_r
                0x0000000008103a9e       0x24 /home/kssvm/.eclipse/com.st.stm32cube.ide.mcu.rcp.product_1.10.1_139059409_linux_gtk_x86_64/plugins/com.st.stm32cube.ide.mcu.externaltools.gnu-tools-for-stm32.10.3-2021.10.linux64_1.0.200.202301161003/tools/bin/../lib/gcc/arm-none-eabi/10.3.1/../../../../arm-none-eabi/lib/thumb/v7e-m+fp/hard/libc_nano.a(lib_a-nano-vfprintf.o)
                0x0000000008103a9e                __sfputs_r
 *fill*         0x0000000008103ac2        0x2 
 .text._vfprintf_r
                0x0000000008103ac4      0x260 /home/kssvm/.eclipse/com.st.stm32cube.ide.mcu.rcp.product_1.10.1_139059409_linux_gtk_x86_64/plugins/com.st.stm32cube.ide.mcu.externaltools.gnu-tools-for-stm32.10.3-2021.10.linux64_1.0.200.202301161003/tools/bin/../lib/gcc/arm-none-eabi/10.3.1/../../../../arm-none-eabi/lib/thumb/v7e-m+fp/hard/libc_nano.a(lib_a-nano-vfprintf.o)
                0x0000000008103ac4                _vfiprintf_r
                0x0000000008103ac4                _vfprintf_r
 .text._printf_common
                0x0000000008103d24       0xda /home/kssvm/.eclipse/com.st.stm32cube.ide.mcu.rcp.product_1.10.1_139059409_linux_gtk_x86_64/plugins/com.st.stm32cube.ide.mcu.externaltools.gnu-tools-for-stm32.10.3-2021.10.linux64_1.0.200.202301161003/tools/bin/../lib/gcc/arm-none-eabi/10.3.1/../../../../arm-none-eabi/lib/thumb/v7e-m+fp/hard/libc_nano.a(lib_a-nano-vfprintf_i.o)
                0x0000000008103d24                _printf_common
 *fill*         0x0000000008103dfe        0x2 
 .text._printf_i
                0x0000000008103e00      0x24c /home/kssvm/.eclipse/com.st.stm32cube.ide.mcu.rcp.product_1.10.1_139059409_linux_gtk_x86_64/plugins/com.st.stm32cube.ide.mcu.externaltools.gnu-tools-for-stm32.10.3-2021.10.linux64_1.0.200.202301161003/tools/bin/../lib/gcc/arm-none-eabi/10.3.1/../../../../arm-none-eabi/lib/thumb/v7e-m+fp/hard/libc_nano.a(lib_a-nano-vfprintf_i.o)
                0x0000000008103e00                _printf_i
 .text._sbrk_r  0x000000000810404c       0x20 /home/kssvm/.eclipse/com.st.stm32cube.ide.mcu.rcp.product_1.10.1_139059409_linux_gtk_x86_64/plugins/com.st.stm32cube.ide.mcu.externaltools.gnu-tools-for-stm32.10.3-2021.10.linux64_1.0.200.202301161003/tools/bin/../lib/gcc/arm-none-eabi/10.3.1/../../../../arm-none-eabi/lib/thumb/v7e-m+fp/hard/libc_nano.a(lib_a-sbrkr.o)
                0x000000000810404c                _sbrk_r
 .text.strncmp  0x000000000810406c       0x28 /home/kssvm/.eclipse/com.st.stm32cube.ide.mcu.rcp.product_1.10.1_139059409_linux_gtk_x86_64/plugins/com.st.stm32cube.ide.mcu.externaltools.gnu-tools-for-stm32.10.3-2021.10.linux64_1.0.200.202301161003/tools/bin/../lib/gcc/arm-none-eabi/10.3.1/../../../../arm-none-eabi/lib/thumb/v7e-m+fp/hard/libc_nano.a(lib_a-strncmp.o)
                0x000000000810406c                strncmp
 .text.strncpy  0x0000000008104094       0x26 /home/kssvm/.eclipse/com.st.stm32cube.ide.mcu.rcp.product_1.10.1_139059409_linux_gtk_x86_64/plugins/com.st.stm32cube.ide.mcu.externaltools.gnu-tools-for-stm32.10.3-2021.10.linux64_1.0.200.202301161003/tools/bin/../lib/gcc/arm-none-eabi/10.3.1/../../../../arm-none-eabi/lib/thumb/v7e-m+fp/hard/libc_nano.a(lib_a-strncpy.o)
                0x0000000008104094                strncpy
 *fill*         0x00000000081040ba        0x2 
 .text.__swbuf_r
                0x00000000081040bc       0xa4 /home/kssvm/.eclipse/com.st.stm32cube.ide.mcu.rcp.product_1.10.1_139059409_linux_gtk_x86_64/plugins/com.st.stm32cube.ide.mcu.externaltools.gnu-tools-for-stm32.10.3-2021.10.linux64_1.0.200.202301161003/tools/bin/../lib/gcc/arm-none-eabi/10.3.1/../../../../arm-none-eabi/lib/thumb/v7e-m+fp/hard/libc_nano.a(lib_a-wbuf.o)
                0x00000000081040bc                __swbuf_r
 .text.__swsetup_r
                0x0000000008104160       0xdc /home/kssvm/.eclipse/com.st.stm32cube.ide.mcu.rcp.product_1.10.1_139059409_linux_gtk_x86_64/plugins/com.st.stm32cube.ide.mcu.externaltools.gnu-tools-for-stm32.10.3-2021.10.linux64_1.0.200.202301161003/tools/bin/../lib/gcc/arm-none-eabi/10.3.1/../../../../arm-none-eabi/lib/thumb/v7e-m+fp/hard/libc_nano.a(lib_a-wsetup.o)
                0x0000000008104160                __swsetup_r
 .text.abort    0x000000000810423c        0xe /home/kssvm/.eclipse/com.st.stm32cube.ide.mcu.rcp.product_1.10.1_139059409_linux_gtk_x86_64/plugins/com.st.stm32cube.ide.mcu.externaltools.gnu-tools-for-stm32.10.3-2021.10.linux64_1.0.200.202301161003/tools/bin/../lib/gcc/arm-none-eabi/10.3.1/../../../../arm-none-eabi/lib/thumb/v7e-m+fp/hard/libc_nano.a(lib_a-abort.o)
                0x000000000810423c                abort
 *fill*         0x000000000810424a        0x2 
 .text.__sflush_r
                0x000000000810424c      0x10c /home/kssvm/.eclipse/com.st.stm32cube.ide.mcu.rcp.product_1.10.1_139059409_linux_gtk_x86_64/plugins/com.st.stm32cube.ide.mcu.externaltools.gnu-tools-for-stm32.10.3-2021.10.linux64_1.0.200.202301161003/tools/bin/../lib/gcc/arm-none-eabi/10.3.1/../../../../arm-none-eabi/lib/thumb/v7e-m+fp/hard/libc_nano.a(lib_a-fflush.o)
                0x000000000810424c                __sflush_r
 .text._fflush_r
                0x0000000008104358       0x78 /home/kssvm/.eclipse/com.st.stm32cube.ide.mcu.rcp.product_1.10.1_139059409_linux_gtk_x86_64/plugins/com.st.stm32cube.ide.mcu.externaltools.gnu-tools-for-stm32.10.3-2021.10.linux64_1.0.200.202301161003/tools/bin/../lib/gcc/arm-none-eabi/10.3.1/../../../../arm-none-eabi/lib/thumb/v7e-m+fp/hard/libc_nano.a(lib_a-fflush.o)
                0x0000000008104358                _fflush_r
 .text.std      0x00000000081043d0       0x48 /home/kssvm/.eclipse/com.st.stm32cube.ide.mcu.rcp.product_1.10.1_139059409_linux_gtk_x86_64/plugins/com.st.stm32cube.ide.mcu.externaltools.gnu-tools-for-stm32.10.3-2021.10.linux64_1.0.200.202301161003/tools/bin/../lib/gcc/arm-none-eabi/10.3.1/../../../../arm-none-eabi/lib/thumb/v7e-m+fp/hard/libc_nano.a(lib_a-findfp.o)
 .text._cleanup_r
                0x0000000008104418        0xc /home/kssvm/.eclipse/com.st.stm32cube.ide.mcu.rcp.product_1.10.1_139059409_linux_gtk_x86_64/plugins/com.st.stm32cube.ide.mcu.externaltools.gnu-tools-for-stm32.10.3-2021.10.linux64_1.0.200.202301161003/tools/bin/../lib/gcc/arm-none-eabi/10.3.1/../../../../arm-none-eabi/lib/thumb/v7e-m+fp/hard/libc_nano.a(lib_a-findfp.o)
                0x0000000008104418                _cleanup_r
 .text.__sfmoreglue
                0x0000000008104424       0x2c /home/kssvm/.eclipse/com.st.stm32cube.ide.mcu.rcp.product_1.10.1_139059409_linux_gtk_x86_64/plugins/com.st.stm32cube.ide.mcu.externaltools.gnu-tools-for-stm32.10.3-2021.10.linux64_1.0.200.202301161003/tools/bin/../lib/gcc/arm-none-eabi/10.3.1/../../../../arm-none-eabi/lib/thumb/v7e-m+fp/hard/libc_nano.a(lib_a-findfp.o)
                0x0000000008104424                __sfmoreglue
 .text.__sfp_lock_acquire
                0x0000000008104450        0xc /home/kssvm/.eclipse/com.st.stm32cube.ide.mcu.rcp.product_1.10.1_139059409_linux_gtk_x86_64/plugins/com.st.stm32cube.ide.mcu.externaltools.gnu-tools-for-stm32.10.3-2021.10.linux64_1.0.200.202301161003/tools/bin/../lib/gcc/arm-none-eabi/10.3.1/../../../../arm-none-eabi/lib/thumb/v7e-m+fp/hard/libc_nano.a(lib_a-findfp.o)
                0x0000000008104450                __sfp_lock_acquire
 .text.__sfp_lock_release
                0x000000000810445c        0xc /home/kssvm/.eclipse/com.st.stm32cube.ide.mcu.rcp.product_1.10.1_139059409_linux_gtk_x86_64/plugins/com.st.stm32cube.ide.mcu.externaltools.gnu-tools-for-stm32.10.3-2021.10.linux64_1.0.200.202301161003/tools/bin/../lib/gcc/arm-none-eabi/10.3.1/../../../../arm-none-eabi/lib/thumb/v7e-m+fp/hard/libc_nano.a(lib_a-findfp.o)
                0x000000000810445c                __sfp_lock_release
 .text.__sinit_lock_acquire
                0x0000000008104468        0xc /home/kssvm/.eclipse/com.st.stm32cube.ide.mcu.rcp.product_1.10.1_139059409_linux_gtk_x86_64/plugins/com.st.stm32cube.ide.mcu.externaltools.gnu-tools-for-stm32.10.3-2021.10.linux64_1.0.200.202301161003/tools/bin/../lib/gcc/arm-none-eabi/10.3.1/../../../../arm-none-eabi/lib/thumb/v7e-m+fp/hard/libc_nano.a(lib_a-findfp.o)
                0x0000000008104468                __sinit_lock_acquire
 .text.__sinit_lock_release
                0x0000000008104474        0xc /home/kssvm/.eclipse/com.st.stm32cube.ide.mcu.rcp.product_1.10.1_139059409_linux_gtk_x86_64/plugins/com.st.stm32cube.ide.mcu.externaltools.gnu-tools-for-stm32.10.3-2021.10.linux64_1.0.200.202301161003/tools/bin/../lib/gcc/arm-none-eabi/10.3.1/../../../../arm-none-eabi/lib/thumb/v7e-m+fp/hard/libc_nano.a(lib_a-findfp.o)
                0x0000000008104474                __sinit_lock_release
 .text.__sinit  0x0000000008104480       0x70 /home/kssvm/.eclipse/com.st.stm32cube.ide.mcu.rcp.product_1.10.1_139059409_linux_gtk_x86_64/plugins/com.st.stm32cube.ide.mcu.externaltools.gnu-tools-for-stm32.10.3-2021.10.linux64_1.0.200.202301161003/tools/bin/../lib/gcc/arm-none-eabi/10.3.1/../../../../arm-none-eabi/lib/thumb/v7e-m+fp/hard/libc_nano.a(lib_a-findfp.o)
                0x0000000008104480                __sinit
 .text.__sfp    0x00000000081044f0       0x8c /home/kssvm/.eclipse/com.st.stm32cube.ide.mcu.rcp.product_1.10.1_139059409_linux_gtk_x86_64/plugins/com.st.stm32cube.ide.mcu.externaltools.gnu-tools-for-stm32.10.3-2021.10.linux64_1.0.200.202301161003/tools/bin/../lib/gcc/arm-none-eabi/10.3.1/../../../../arm-none-eabi/lib/thumb/v7e-m+fp/hard/libc_nano.a(lib_a-findfp.o)
                0x00000000081044f0                __sfp
 .text._fwalk_reent
                0x000000000810457c       0x3e /home/kssvm/.eclipse/com.st.stm32cube.ide.mcu.rcp.product_1.10.1_139059409_linux_gtk_x86_64/plugins/com.st.stm32cube.ide.mcu.externaltools.gnu-tools-for-stm32.10.3-2021.10.linux64_1.0.200.202301161003/tools/bin/../lib/gcc/arm-none-eabi/10.3.1/../../../../arm-none-eabi/lib/thumb/v7e-m+fp/hard/libc_nano.a(lib_a-fwalk.o)
                0x000000000810457c                _fwalk_reent
 .text.__retarget_lock_init_recursive
                0x00000000081045ba        0x2 /home/kssvm/.eclipse/com.st.stm32cube.ide.mcu.rcp.product_1.10.1_139059409_linux_gtk_x86_64/plugins/com.st.stm32cube.ide.mcu.externaltools.gnu-tools-for-stm32.10.3-2021.10.linux64_1.0.200.202301161003/tools/bin/../lib/gcc/arm-none-eabi/10.3.1/../../../../arm-none-eabi/lib/thumb/v7e-m+fp/hard/libc_nano.a(lib_a-lock.o)
                0x00000000081045ba                __retarget_lock_init_recursive
 .text.__retarget_lock_acquire_recursive
                0x00000000081045bc        0x2 /home/kssvm/.eclipse/com.st.stm32cube.ide.mcu.rcp.product_1.10.1_139059409_linux_gtk_x86_64/plugins/com.st.stm32cube.ide.mcu.externaltools.gnu-tools-for-stm32.10.3-2021.10.linux64_1.0.200.202301161003/tools/bin/../lib/gcc/arm-none-eabi/10.3.1/../../../../arm-none-eabi/lib/thumb/v7e-m+fp/hard/libc_nano.a(lib_a-lock.o)
                0x00000000081045bc                __retarget_lock_acquire_recursive
 .text.__retarget_lock_release_recursive
                0x00000000081045be        0x2 /home/kssvm/.eclipse/com.st.stm32cube.ide.mcu.rcp.product_1.10.1_139059409_linux_gtk_x86_64/plugins/com.st.stm32cube.ide.mcu.externaltools.gnu-tools-for-stm32.10.3-2021.10.linux64_1.0.200.202301161003/tools/bin/../lib/gcc/arm-none-eabi/10.3.1/../../../../arm-none-eabi/lib/thumb/v7e-m+fp/hard/libc_nano.a(lib_a-lock.o)
                0x00000000081045be                __retarget_lock_release_recursive
 .text.__swhatbuf_r
                0x00000000081045c0       0x4a /home/kssvm/.eclipse/com.st.stm32cube.ide.mcu.rcp.product_1.10.1_139059409_linux_gtk_x86_64/plugins/com.st.stm32cube.ide.mcu.externaltools.gnu-tools-for-stm32.10.3-2021.10.linux64_1.0.200.202301161003/tools/bin/../lib/gcc/arm-none-eabi/10.3.1/../../../../arm-none-eabi/lib/thumb/v7e-m+fp/hard/libc_nano.a(lib_a-makebuf.o)
                0x00000000081045c0                __swhatbuf_r
 *fill*         0x000000000810460a        0x2 
 .text.__smakebuf_r
                0x000000000810460c       0x80 /home/kssvm/.eclipse/com.st.stm32cube.ide.mcu.rcp.product_1.10.1_139059409_linux_gtk_x86_64/plugins/com.st.stm32cube.ide.mcu.externaltools.gnu-tools-for-stm32.10.3-2021.10.linux64_1.0.200.202301161003/tools/bin/../lib/gcc/arm-none-eabi/10.3.1/../../../../arm-none-eabi/lib/thumb/v7e-m+fp/hard/libc_nano.a(lib_a-makebuf.o)
                0x000000000810460c                __smakebuf_r
 .text.__malloc_lock
                0x000000000810468c        0xc /home/kssvm/.eclipse/com.st.stm32cube.ide.mcu.rcp.product_1.10.1_139059409_linux_gtk_x86_64/plugins/com.st.stm32cube.ide.mcu.externaltools.gnu-tools-for-stm32.10.3-2021.10.linux64_1.0.200.202301161003/tools/bin/../lib/gcc/arm-none-eabi/10.3.1/../../../../arm-none-eabi/lib/thumb/v7e-m+fp/hard/libc_nano.a(lib_a-mlock.o)
                0x000000000810468c                __malloc_lock
 .text.__malloc_unlock
                0x0000000008104698        0xc /home/kssvm/.eclipse/com.st.stm32cube.ide.mcu.rcp.product_1.10.1_139059409_linux_gtk_x86_64/plugins/com.st.stm32cube.ide.mcu.externaltools.gnu-tools-for-stm32.10.3-2021.10.linux64_1.0.200.202301161003/tools/bin/../lib/gcc/arm-none-eabi/10.3.1/../../../../arm-none-eabi/lib/thumb/v7e-m+fp/hard/libc_nano.a(lib_a-mlock.o)
                0x0000000008104698                __malloc_unlock
 .text._raise_r
                0x00000000081046a4       0x50 /home/kssvm/.eclipse/com.st.stm32cube.ide.mcu.rcp.product_1.10.1_139059409_linux_gtk_x86_64/plugins/com.st.stm32cube.ide.mcu.externaltools.gnu-tools-for-stm32.10.3-2021.10.linux64_1.0.200.202301161003/tools/bin/../lib/gcc/arm-none-eabi/10.3.1/../../../../arm-none-eabi/lib/thumb/v7e-m+fp/hard/libc_nano.a(lib_a-signal.o)
                0x00000000081046a4                _raise_r
 .text.raise    0x00000000081046f4       0x10 /home/kssvm/.eclipse/com.st.stm32cube.ide.mcu.rcp.product_1.10.1_139059409_linux_gtk_x86_64/plugins/com.st.stm32cube.ide.mcu.externaltools.gnu-tools-for-stm32.10.3-2021.10.linux64_1.0.200.202301161003/tools/bin/../lib/gcc/arm-none-eabi/10.3.1/../../../../arm-none-eabi/lib/thumb/v7e-m+fp/hard/libc_nano.a(lib_a-signal.o)
                0x00000000081046f4                raise
 .text._kill_r  0x0000000008104704       0x24 /home/kssvm/.eclipse/com.st.stm32cube.ide.mcu.rcp.product_1.10.1_139059409_linux_gtk_x86_64/plugins/com.st.stm32cube.ide.mcu.externaltools.gnu-tools-for-stm32.10.3-2021.10.linux64_1.0.200.202301161003/tools/bin/../lib/gcc/arm-none-eabi/10.3.1/../../../../arm-none-eabi/lib/thumb/v7e-m+fp/hard/libc_nano.a(lib_a-signalr.o)
                0x0000000008104704                _kill_r
 .text._getpid_r
                0x0000000008104728        0x4 /home/kssvm/.eclipse/com.st.stm32cube.ide.mcu.rcp.product_1.10.1_139059409_linux_gtk_x86_64/plugins/com.st.stm32cube.ide.mcu.externaltools.gnu-tools-for-stm32.10.3-2021.10.linux64_1.0.200.202301161003/tools/bin/../lib/gcc/arm-none-eabi/10.3.1/../../../../arm-none-eabi/lib/thumb/v7e-m+fp/hard/libc_nano.a(lib_a-signalr.o)
                0x0000000008104728                _getpid_r
 .text.__sread  0x000000000810472c       0x22 /home/kssvm/.eclipse/com.st.stm32cube.ide.mcu.rcp.product_1.10.1_139059409_linux_gtk_x86_64/plugins/com.st.stm32cube.ide.mcu.externaltools.gnu-tools-for-stm32.10.3-2021.10.linux64_1.0.200.202301161003/tools/bin/../lib/gcc/arm-none-eabi/10.3.1/../../../../arm-none-eabi/lib/thumb/v7e-m+fp/hard/libc_nano.a(lib_a-stdio.o)
                0x000000000810472c                __sread
 .text.__swrite
                0x000000000810474e       0x38 /home/kssvm/.eclipse/com.st.stm32cube.ide.mcu.rcp.product_1.10.1_139059409_linux_gtk_x86_64/plugins/com.st.stm32cube.ide.mcu.externaltools.gnu-tools-for-stm32.10.3-2021.10.linux64_1.0.200.202301161003/tools/bin/../lib/gcc/arm-none-eabi/10.3.1/../../../../arm-none-eabi/lib/thumb/v7e-m+fp/hard/libc_nano.a(lib_a-stdio.o)
                0x000000000810474e                __swrite
 .text.__sseek  0x0000000008104786       0x24 /home/kssvm/.eclipse/com.st.stm32cube.ide.mcu.rcp.product_1.10.1_139059409_linux_gtk_x86_64/plugins/com.st.stm32cube.ide.mcu.externaltools.gnu-tools-for-stm32.10.3-2021.10.linux64_1.0.200.202301161003/tools/bin/../lib/gcc/arm-none-eabi/10.3.1/../../../../arm-none-eabi/lib/thumb/v7e-m+fp/hard/libc_nano.a(lib_a-stdio.o)
                0x0000000008104786                __sseek
 .text.__sclose
                0x00000000081047aa        0x8 /home/kssvm/.eclipse/com.st.stm32cube.ide.mcu.rcp.product_1.10.1_139059409_linux_gtk_x86_64/plugins/com.st.stm32cube.ide.mcu.externaltools.gnu-tools-for-stm32.10.3-2021.10.linux64_1.0.200.202301161003/tools/bin/../lib/gcc/arm-none-eabi/10.3.1/../../../../arm-none-eabi/lib/thumb/v7e-m+fp/hard/libc_nano.a(lib_a-stdio.o)
                0x00000000081047aa                __sclose
 *fill*         0x00000000081047b2        0x2 
 .text._write_r
                0x00000000081047b4       0x24 /home/kssvm/.eclipse/com.st.stm32cube.ide.mcu.rcp.product_1.10.1_139059409_linux_gtk_x86_64/plugins/com.st.stm32cube.ide.mcu.externaltools.gnu-tools-for-stm32.10.3-2021.10.linux64_1.0.200.202301161003/tools/bin/../lib/gcc/arm-none-eabi/10.3.1/../../../../arm-none-eabi/lib/thumb/v7e-m+fp/hard/libc_nano.a(lib_a-writer.o)
                0x00000000081047b4                _write_r
 .text._close_r
                0x00000000081047d8       0x20 /home/kssvm/.eclipse/com.st.stm32cube.ide.mcu.rcp.product_1.10.1_139059409_linux_gtk_x86_64/plugins/com.st.stm32cube.ide.mcu.externaltools.gnu-tools-for-stm32.10.3-2021.10.linux64_1.0.200.202301161003/tools/bin/../lib/gcc/arm-none-eabi/10.3.1/../../../../arm-none-eabi/lib/thumb/v7e-m+fp/hard/libc_nano.a(lib_a-closer.o)
                0x00000000081047d8                _close_r
 .text._fstat_r
                0x00000000081047f8       0x24 /home/kssvm/.eclipse/com.st.stm32cube.ide.mcu.rcp.product_1.10.1_139059409_linux_gtk_x86_64/plugins/com.st.stm32cube.ide.mcu.externaltools.gnu-tools-for-stm32.10.3-2021.10.linux64_1.0.200.202301161003/tools/bin/../lib/gcc/arm-none-eabi/10.3.1/../../../../arm-none-eabi/lib/thumb/v7e-m+fp/hard/libc_nano.a(lib_a-fstatr.o)
                0x00000000081047f8                _fstat_r
 .text._isatty_r
                0x000000000810481c       0x20 /home/kssvm/.eclipse/com.st.stm32cube.ide.mcu.rcp.product_1.10.1_139059409_linux_gtk_x86_64/plugins/com.st.stm32cube.ide.mcu.externaltools.gnu-tools-for-stm32.10.3-2021.10.linux64_1.0.200.202301161003/tools/bin/../lib/gcc/arm-none-eabi/10.3.1/../../../../arm-none-eabi/lib/thumb/v7e-m+fp/hard/libc_nano.a(lib_a-isattyr.o)
                0x000000000810481c                _isatty_r
 .text._lseek_r
                0x000000000810483c       0x24 /home/kssvm/.eclipse/com.st.stm32cube.ide.mcu.rcp.product_1.10.1_139059409_linux_gtk_x86_64/plugins/com.st.stm32cube.ide.mcu.externaltools.gnu-tools-for-stm32.10.3-2021.10.linux64_1.0.200.202301161003/tools/bin/../lib/gcc/arm-none-eabi/10.3.1/../../../../arm-none-eabi/lib/thumb/v7e-m+fp/hard/libc_nano.a(lib_a-lseekr.o)
                0x000000000810483c                _lseek_r
 .text._read_r  0x0000000008104860       0x24 /home/kssvm/.eclipse/com.st.stm32cube.ide.mcu.rcp.product_1.10.1_139059409_linux_gtk_x86_64/plugins/com.st.stm32cube.ide.mcu.externaltools.gnu-tools-for-stm32.10.3-2021.10.linux64_1.0.200.202301161003/tools/bin/../lib/gcc/arm-none-eabi/10.3.1/../../../../arm-none-eabi/lib/thumb/v7e-m+fp/hard/libc_nano.a(lib_a-readr.o)
                0x0000000008104860                _read_r
 *(.glue_7)
 .glue_7        0x0000000008104884        0x0 linker stubs
 *(.glue_7t)
 .glue_7t       0x0000000008104884        0x0 linker stubs
 *(.eh_frame)
 .eh_frame      0x0000000008104884        0x0 /home/kssvm/.eclipse/com.st.stm32cube.ide.mcu.rcp.product_1.10.1_139059409_linux_gtk_x86_64/plugins/com.st.stm32cube.ide.mcu.externaltools.gnu-tools-for-stm32.10.3-2021.10.linux64_1.0.200.202301161003/tools/bin/../lib/gcc/arm-none-eabi/10.3.1/thumb/v7e-m+fp/hard/crtbegin.o
 *(.init)
 .init          0x0000000008104884        0x4 /home/kssvm/.eclipse/com.st.stm32cube.ide.mcu.rcp.product_1.10.1_139059409_linux_gtk_x86_64/plugins/com.st.stm32cube.ide.mcu.externaltools.gnu-tools-for-stm32.10.3-2021.10.linux64_1.0.200.202301161003/tools/bin/../lib/gcc/arm-none-eabi/10.3.1/thumb/v7e-m+fp/hard/crti.o
                0x0000000008104884                _init
 .init          0x0000000008104888        0x8 /home/kssvm/.eclipse/com.st.stm32cube.ide.mcu.rcp.product_1.10.1_139059409_linux_gtk_x86_64/plugins/com.st.stm32cube.ide.mcu.externaltools.gnu-tools-for-stm32.10.3-2021.10.linux64_1.0.200.202301161003/tools/bin/../lib/gcc/arm-none-eabi/10.3.1/thumb/v7e-m+fp/hard/crtn.o
 *(.fini)
 .fini          0x0000000008104890        0x4 /home/kssvm/.eclipse/com.st.stm32cube.ide.mcu.rcp.product_1.10.1_139059409_linux_gtk_x86_64/plugins/com.st.stm32cube.ide.mcu.externaltools.gnu-tools-for-stm32.10.3-2021.10.linux64_1.0.200.202301161003/tools/bin/../lib/gcc/arm-none-eabi/10.3.1/thumb/v7e-m+fp/hard/crti.o
                0x0000000008104890                _fini
 .fini          0x0000000008104894        0x8 /home/kssvm/.eclipse/com.st.stm32cube.ide.mcu.rcp.product_1.10.1_139059409_linux_gtk_x86_64/plugins/com.st.stm32cube.ide.mcu.externaltools.gnu-tools-for-stm32.10.3-2021.10.linux64_1.0.200.202301161003/tools/bin/../lib/gcc/arm-none-eabi/10.3.1/thumb/v7e-m+fp/hard/crtn.o
                0x000000000810489c                . = ALIGN (0x4)
                0x000000000810489c                _etext = .

.vfp11_veneer   0x000000000810489c        0x0
 .vfp11_veneer  0x000000000810489c        0x0 linker stubs

.v4_bx          0x000000000810489c        0x0
 .v4_bx         0x000000000810489c        0x0 linker stubs

.iplt           0x000000000810489c        0x0
 .iplt          0x000000000810489c        0x0 /home/kssvm/.eclipse/com.st.stm32cube.ide.mcu.rcp.product_1.10.1_139059409_linux_gtk_x86_64/plugins/com.st.stm32cube.ide.mcu.externaltools.gnu-tools-for-stm32.10.3-2021.10.linux64_1.0.200.202301161003/tools/bin/../lib/gcc/arm-none-eabi/10.3.1/thumb/v7e-m+fp/hard/crtbegin.o

.rodata         0x000000000810489c      0x334
                0x000000000810489c                . = ALIGN (0x4)
 *(.rodata)
 .rodata        0x000000000810489c        0x8 ./Core/Module/openAMP_RTOS_M4/src/openAMP_RTOS_M4.o
 .rodata        0x00000000081048a4       0xc8 ./Middlewares/Third_Party/OpenAMP/device.o
 .rodata        0x000000000810496c       0xf7 ./Middlewares/Third_Party/OpenAMP/remoteproc_virtio.o
 *fill*         0x0000000008104a63        0x1 
 .rodata        0x0000000008104a64       0x13 ./Middlewares/Third_Party/OpenAMP/rpmsg_virtio.o
 *fill*         0x0000000008104a77        0x1 
 .rodata        0x0000000008104a78       0x1d ./OPENAMP/openamp.o
 *(.rodata*)
 *fill*         0x0000000008104a95        0x3 
 .rodata.D1CorePrescTable
                0x0000000008104a98       0x10 ./Common/Src/system_stm32h7xx_dualcore_boot_cm4_cm7.o
                0x0000000008104a98                D1CorePrescTable
 .rodata.remoteproc_virtio_dispatch_funcs
                0x0000000008104aa8       0x24 ./Middlewares/Third_Party/OpenAMP/remoteproc_virtio.o
                0x0000000008104aa8                remoteproc_virtio_dispatch_funcs
 .rodata.__func__.1
                0x0000000008104acc       0x1e ./Middlewares/Third_Party/OpenAMP/remoteproc_virtio.o
 *fill*         0x0000000008104aea        0x2 
 .rodata.__func__.0
                0x0000000008104aec        0xe ./Middlewares/Third_Party/OpenAMP/remoteproc_virtio.o
 .rodata.__assert_func.str1.1
                0x0000000008104afa       0x3c /home/kssvm/.eclipse/com.st.stm32cube.ide.mcu.rcp.product_1.10.1_139059409_linux_gtk_x86_64/plugins/com.st.stm32cube.ide.mcu.externaltools.gnu-tools-for-stm32.10.3-2021.10.linux64_1.0.200.202301161003/tools/bin/../lib/gcc/arm-none-eabi/10.3.1/../../../../arm-none-eabi/lib/thumb/v7e-m+fp/hard/libc_nano.a(lib_a-assert.o)
                                         0x3d (size before relaxing)
 *fill*         0x0000000008104b36        0x2 
 .rodata._global_impure_ptr
                0x0000000008104b38        0x4 /home/kssvm/.eclipse/com.st.stm32cube.ide.mcu.rcp.product_1.10.1_139059409_linux_gtk_x86_64/plugins/com.st.stm32cube.ide.mcu.externaltools.gnu-tools-for-stm32.10.3-2021.10.linux64_1.0.200.202301161003/tools/bin/../lib/gcc/arm-none-eabi/10.3.1/../../../../arm-none-eabi/lib/thumb/v7e-m+fp/hard/libc_nano.a(lib_a-impure.o)
                0x0000000008104b38                _global_impure_ptr
 .rodata._vfprintf_r.str1.1
                0x0000000008104b3c       0x11 /home/kssvm/.eclipse/com.st.stm32cube.ide.mcu.rcp.product_1.10.1_139059409_linux_gtk_x86_64/plugins/com.st.stm32cube.ide.mcu.externaltools.gnu-tools-for-stm32.10.3-2021.10.linux64_1.0.200.202301161003/tools/bin/../lib/gcc/arm-none-eabi/10.3.1/../../../../arm-none-eabi/lib/thumb/v7e-m+fp/hard/libc_nano.a(lib_a-nano-vfprintf.o)
 .rodata._printf_i.str1.1
                0x0000000008104b4d       0x22 /home/kssvm/.eclipse/com.st.stm32cube.ide.mcu.rcp.product_1.10.1_139059409_linux_gtk_x86_64/plugins/com.st.stm32cube.ide.mcu.externaltools.gnu-tools-for-stm32.10.3-2021.10.linux64_1.0.200.202301161003/tools/bin/../lib/gcc/arm-none-eabi/10.3.1/../../../../arm-none-eabi/lib/thumb/v7e-m+fp/hard/libc_nano.a(lib_a-nano-vfprintf_i.o)
 *fill*         0x0000000008104b6f        0x1 
 .rodata.__sf_fake_stderr
                0x0000000008104b70       0x20 /home/kssvm/.eclipse/com.st.stm32cube.ide.mcu.rcp.product_1.10.1_139059409_linux_gtk_x86_64/plugins/com.st.stm32cube.ide.mcu.externaltools.gnu-tools-for-stm32.10.3-2021.10.linux64_1.0.200.202301161003/tools/bin/../lib/gcc/arm-none-eabi/10.3.1/../../../../arm-none-eabi/lib/thumb/v7e-m+fp/hard/libc_nano.a(lib_a-findfp.o)
                0x0000000008104b70                __sf_fake_stderr
 .rodata.__sf_fake_stdin
                0x0000000008104b90       0x20 /home/kssvm/.eclipse/com.st.stm32cube.ide.mcu.rcp.product_1.10.1_139059409_linux_gtk_x86_64/plugins/com.st.stm32cube.ide.mcu.externaltools.gnu-tools-for-stm32.10.3-2021.10.linux64_1.0.200.202301161003/tools/bin/../lib/gcc/arm-none-eabi/10.3.1/../../../../arm-none-eabi/lib/thumb/v7e-m+fp/hard/libc_nano.a(lib_a-findfp.o)
                0x0000000008104b90                __sf_fake_stdin
 .rodata.__sf_fake_stdout
                0x0000000008104bb0       0x20 /home/kssvm/.eclipse/com.st.stm32cube.ide.mcu.rcp.product_1.10.1_139059409_linux_gtk_x86_64/plugins/com.st.stm32cube.ide.mcu.externaltools.gnu-tools-for-stm32.10.3-2021.10.linux64_1.0.200.202301161003/tools/bin/../lib/gcc/arm-none-eabi/10.3.1/../../../../arm-none-eabi/lib/thumb/v7e-m+fp/hard/libc_nano.a(lib_a-findfp.o)
                0x0000000008104bb0                __sf_fake_stdout
                0x0000000008104bd0                . = ALIGN (0x4)

.rel.dyn        0x0000000008104bd0        0x0
 .rel.iplt      0x0000000008104bd0        0x0 /home/kssvm/.eclipse/com.st.stm32cube.ide.mcu.rcp.product_1.10.1_139059409_linux_gtk_x86_64/plugins/com.st.stm32cube.ide.mcu.externaltools.gnu-tools-for-stm32.10.3-2021.10.linux64_1.0.200.202301161003/tools/bin/../lib/gcc/arm-none-eabi/10.3.1/thumb/v7e-m+fp/hard/crtbegin.o

.ARM.extab
 *(.ARM.extab* .gnu.linkonce.armextab.*)

.ARM            0x0000000008104bd0        0x0
                0x0000000008104bd0                __exidx_start = .
 *(.ARM.exidx*)
                0x0000000008104bd0                __exidx_end = .

.preinit_array  0x0000000008104bd0        0x0
                0x0000000008104bd0                PROVIDE (__preinit_array_start = .)
 *(.preinit_array*)
                0x0000000008104bd0                PROVIDE (__preinit_array_end = .)

.init_array     0x0000000008104bd0        0x4
                0x0000000008104bd0                PROVIDE (__init_array_start = .)
 *(SORT_BY_NAME(.init_array.*))
 *(.init_array*)
 .init_array    0x0000000008104bd0        0x4 /home/kssvm/.eclipse/com.st.stm32cube.ide.mcu.rcp.product_1.10.1_139059409_linux_gtk_x86_64/plugins/com.st.stm32cube.ide.mcu.externaltools.gnu-tools-for-stm32.10.3-2021.10.linux64_1.0.200.202301161003/tools/bin/../lib/gcc/arm-none-eabi/10.3.1/thumb/v7e-m+fp/hard/crtbegin.o
                0x0000000008104bd4                PROVIDE (__init_array_end = .)

.fini_array     0x0000000008104bd4        0x4
                [!provide]                        PROVIDE (__fini_array_start = .)
 *(SORT_BY_NAME(.fini_array.*))
 *(.fini_array*)
 .fini_array    0x0000000008104bd4        0x4 /home/kssvm/.eclipse/com.st.stm32cube.ide.mcu.rcp.product_1.10.1_139059409_linux_gtk_x86_64/plugins/com.st.stm32cube.ide.mcu.externaltools.gnu-tools-for-stm32.10.3-2021.10.linux64_1.0.200.202301161003/tools/bin/../lib/gcc/arm-none-eabi/10.3.1/thumb/v7e-m+fp/hard/crtbegin.o
                [!provide]                        PROVIDE (__fini_array_end = .)
                0x0000000008104bd8                _sidata = LOADADDR (.data)

.data           0x0000000010000000      0x11c load address 0x0000000008104bd8
                0x0000000010000000                . = ALIGN (0x4)
                0x0000000010000000                _sdata = .
 *(.data)
 *(.data*)
 .data.SystemCoreClock
                0x0000000010000000        0x4 ./Common/Src/system_stm32h7xx_dualcore_boot_cm4_cm7.o
                0x0000000010000000                SystemCoreClock
 .data.SystemD2Clock
                0x0000000010000004        0x4 ./Common/Src/system_stm32h7xx_dualcore_boot_cm4_cm7.o
                0x0000000010000004                SystemD2Clock
 .data.uwTickPrio
                0x0000000010000008        0x4 ./Drivers/STM32H7xx_HAL_Driver/stm32h7xx_hal.o
                0x0000000010000008                uwTickPrio
 .data.uwTickFreq
                0x000000001000000c        0x1 ./Drivers/STM32H7xx_HAL_Driver/stm32h7xx_hal.o
                0x000000001000000c                uwTickFreq
 *fill*         0x000000001000000d        0x3 
 .data.metal_generic_bus
                0x0000000010000010       0x2c ./Middlewares/Third_Party/OpenAMP/device.o
                0x0000000010000010                metal_generic_bus
 .data.shm_device
                0x000000001000003c       0x7c ./OPENAMP/openamp.o
                0x000000001000003c                shm_device
 .data._impure_ptr
                0x00000000100000b8        0x4 /home/kssvm/.eclipse/com.st.stm32cube.ide.mcu.rcp.product_1.10.1_139059409_linux_gtk_x86_64/plugins/com.st.stm32cube.ide.mcu.externaltools.gnu-tools-for-stm32.10.3-2021.10.linux64_1.0.200.202301161003/tools/bin/../lib/gcc/arm-none-eabi/10.3.1/../../../../arm-none-eabi/lib/thumb/v7e-m+fp/hard/libc_nano.a(lib_a-impure.o)
                0x00000000100000b8                _impure_ptr
 .data.impure_data
                0x00000000100000bc       0x60 /home/kssvm/.eclipse/com.st.stm32cube.ide.mcu.rcp.product_1.10.1_139059409_linux_gtk_x86_64/plugins/com.st.stm32cube.ide.mcu.externaltools.gnu-tools-for-stm32.10.3-2021.10.linux64_1.0.200.202301161003/tools/bin/../lib/gcc/arm-none-eabi/10.3.1/../../../../arm-none-eabi/lib/thumb/v7e-m+fp/hard/libc_nano.a(lib_a-impure.o)
 *(.RamFunc)
 *(.RamFunc*)
                0x000000001000011c                . = ALIGN (0x4)
                0x000000001000011c                _edata = .

.igot.plt       0x000000001000011c        0x0 load address 0x0000000008104cf4
 .igot.plt      0x000000001000011c        0x0 /home/kssvm/.eclipse/com.st.stm32cube.ide.mcu.rcp.product_1.10.1_139059409_linux_gtk_x86_64/plugins/com.st.stm32cube.ide.mcu.externaltools.gnu-tools-for-stm32.10.3-2021.10.linux64_1.0.200.202301161003/tools/bin/../lib/gcc/arm-none-eabi/10.3.1/thumb/v7e-m+fp/hard/crtbegin.o
                0x000000001000011c                . = ALIGN (0x4)

.bss            0x000000001000011c      0x188 load address 0x0000000008104cf4
                0x000000001000011c                _sbss = .
                0x000000001000011c                __bss_start__ = _sbss
 *(.bss)
 .bss           0x000000001000011c       0x1c /home/kssvm/.eclipse/com.st.stm32cube.ide.mcu.rcp.product_1.10.1_139059409_linux_gtk_x86_64/plugins/com.st.stm32cube.ide.mcu.externaltools.gnu-tools-for-stm32.10.3-2021.10.linux64_1.0.200.202301161003/tools/bin/../lib/gcc/arm-none-eabi/10.3.1/thumb/v7e-m+fp/hard/crtbegin.o
 *(.bss*)
 .bss._ZL12message_recv
                0x0000000010000138       0x2c ./Core/Module/openAMP_RTOS_M4/src/openAMP_RTOS_M4.o
 .bss._ZL16message_received
                0x0000000010000164        0x4 ./Core/Module/openAMP_RTOS_M4/src/openAMP_RTOS_M4.o
 .bss._ZL13received_data
                0x0000000010000168       0x2c ./Core/Module/openAMP_RTOS_M4/src/openAMP_RTOS_M4.o
 .bss._ZL11rp_endpoint
                0x0000000010000194       0x40 ./Core/Module/openAMP_RTOS_M4/src/openAMP_RTOS_M4.o
 .bss.__sbrk_heap_end
                0x00000000100001d4        0x4 ./Core/Src/sysmem.o
 .bss.uwTick    0x00000000100001d8        0x4 ./Drivers/STM32H7xx_HAL_Driver/stm32h7xx_hal.o
                0x00000000100001d8                uwTick
 .bss._metal    0x00000000100001dc       0x20 ./Middlewares/Third_Party/OpenAMP/generic_init.o
                0x00000000100001dc                _metal
 .bss.msg_received
                0x00000000100001fc        0x4 ./OPENAMP/mbox_hsem.o
 .bss.shm_io    0x0000000010000200        0x4 ./OPENAMP/openamp.o
 .bss.rsc_io    0x0000000010000204        0x4 ./OPENAMP/openamp.o
 .bss.rsc_table
                0x0000000010000208        0x4 ./OPENAMP/openamp.o
 .bss.shpool    0x000000001000020c        0xc ./OPENAMP/openamp.o
 .bss.rvdev     0x0000000010000218       0x78 ./OPENAMP/openamp.o
 .bss.shm_physmap
                0x0000000010000290        0x4 ./OPENAMP/openamp.o
 .bss.__malloc_free_list
                0x0000000010000294        0x4 /home/kssvm/.eclipse/com.st.stm32cube.ide.mcu.rcp.product_1.10.1_139059409_linux_gtk_x86_64/plugins/com.st.stm32cube.ide.mcu.externaltools.gnu-tools-for-stm32.10.3-2021.10.linux64_1.0.200.202301161003/tools/bin/../lib/gcc/arm-none-eabi/10.3.1/../../../../arm-none-eabi/lib/thumb/v7e-m+fp/hard/libc_nano.a(lib_a-nano-mallocr.o)
                0x0000000010000294                __malloc_free_list
 .bss.__malloc_sbrk_start
                0x0000000010000298        0x4 /home/kssvm/.eclipse/com.st.stm32cube.ide.mcu.rcp.product_1.10.1_139059409_linux_gtk_x86_64/plugins/com.st.stm32cube.ide.mcu.externaltools.gnu-tools-for-stm32.10.3-2021.10.linux64_1.0.200.202301161003/tools/bin/../lib/gcc/arm-none-eabi/10.3.1/../../../../arm-none-eabi/lib/thumb/v7e-m+fp/hard/libc_nano.a(lib_a-nano-mallocr.o)
                0x0000000010000298                __malloc_sbrk_start
 .bss.__lock___malloc_recursive_mutex
                0x000000001000029c        0x1 /home/kssvm/.eclipse/com.st.stm32cube.ide.mcu.rcp.product_1.10.1_139059409_linux_gtk_x86_64/plugins/com.st.stm32cube.ide.mcu.externaltools.gnu-tools-for-stm32.10.3-2021.10.linux64_1.0.200.202301161003/tools/bin/../lib/gcc/arm-none-eabi/10.3.1/../../../../arm-none-eabi/lib/thumb/v7e-m+fp/hard/libc_nano.a(lib_a-lock.o)
                0x000000001000029c                __lock___malloc_recursive_mutex
 .bss.__lock___sfp_recursive_mutex
                0x000000001000029d        0x1 /home/kssvm/.eclipse/com.st.stm32cube.ide.mcu.rcp.product_1.10.1_139059409_linux_gtk_x86_64/plugins/com.st.stm32cube.ide.mcu.externaltools.gnu-tools-for-stm32.10.3-2021.10.linux64_1.0.200.202301161003/tools/bin/../lib/gcc/arm-none-eabi/10.3.1/../../../../arm-none-eabi/lib/thumb/v7e-m+fp/hard/libc_nano.a(lib_a-lock.o)
                0x000000001000029d                __lock___sfp_recursive_mutex
 .bss.__lock___sinit_recursive_mutex
                0x000000001000029e        0x1 /home/kssvm/.eclipse/com.st.stm32cube.ide.mcu.rcp.product_1.10.1_139059409_linux_gtk_x86_64/plugins/com.st.stm32cube.ide.mcu.externaltools.gnu-tools-for-stm32.10.3-2021.10.linux64_1.0.200.202301161003/tools/bin/../lib/gcc/arm-none-eabi/10.3.1/../../../../arm-none-eabi/lib/thumb/v7e-m+fp/hard/libc_nano.a(lib_a-lock.o)
                0x000000001000029e                __lock___sinit_recursive_mutex
 *fill*         0x000000001000029f        0x1 
 .bss.errno     0x00000000100002a0        0x4 /home/kssvm/.eclipse/com.st.stm32cube.ide.mcu.rcp.product_1.10.1_139059409_linux_gtk_x86_64/plugins/com.st.stm32cube.ide.mcu.externaltools.gnu-tools-for-stm32.10.3-2021.10.linux64_1.0.200.202301161003/tools/bin/../lib/gcc/arm-none-eabi/10.3.1/../../../../arm-none-eabi/lib/thumb/v7e-m+fp/hard/libc_nano.a(lib_a-reent.o)
                0x00000000100002a0                errno
 *(COMMON)
                0x00000000100002a4                . = ALIGN (0x4)
                0x00000000100002a4                _ebss = .
                0x00000000100002a4                __bss_end__ = _ebss

._user_heap_stack
                0x00000000100002a4      0x604 load address 0x0000000008104cf4
                0x00000000100002a8                . = ALIGN (0x8)
 *fill*         0x00000000100002a4        0x4 
                [!provide]                        PROVIDE (end = .)
                0x00000000100002a8                PROVIDE (_end = .)
                0x00000000100004a8                . = (. + _Min_Heap_Size)
 *fill*         0x00000000100002a8      0x200 
                0x00000000100008a8                . = (. + _Min_Stack_Size)
 *fill*         0x00000000100004a8      0x400 
                0x00000000100008a8                . = ALIGN (0x8)

.openamp_section
                0x0000000038000000       0x8c load address 0x0000000008104cf4
                0x0000000038000000                . = ABSOLUTE (0x38000000)
 *(.resource_table)
 .resource_table
                0x0000000038000000       0x8c ./OPENAMP/rsc_table.o
                0x0000000038000000                resource_table

/DISCARD/
 libc.a(*)
 libm.a(*)
 libgcc.a(*)

.ARM.attributes
                0x0000000000000000       0x30
 *(.ARM.attributes)
 .ARM.attributes
                0x0000000000000000       0x1e /home/kssvm/.eclipse/com.st.stm32cube.ide.mcu.rcp.product_1.10.1_139059409_linux_gtk_x86_64/plugins/com.st.stm32cube.ide.mcu.externaltools.gnu-tools-for-stm32.10.3-2021.10.linux64_1.0.200.202301161003/tools/bin/../lib/gcc/arm-none-eabi/10.3.1/thumb/v7e-m+fp/hard/crti.o
 .ARM.attributes
                0x000000000000001e       0x34 /home/kssvm/.eclipse/com.st.stm32cube.ide.mcu.rcp.product_1.10.1_139059409_linux_gtk_x86_64/plugins/com.st.stm32cube.ide.mcu.externaltools.gnu-tools-for-stm32.10.3-2021.10.linux64_1.0.200.202301161003/tools/bin/../lib/gcc/arm-none-eabi/10.3.1/thumb/v7e-m+fp/hard/crtbegin.o
 .ARM.attributes
                0x0000000000000052       0x34 ./Common/Src/system_stm32h7xx_dualcore_boot_cm4_cm7.o
 .ARM.attributes
                0x0000000000000086       0x34 ./Core/Module/openAMP_RTOS_M4/src/openAMP_RTOS_M4.o
 .ARM.attributes
                0x00000000000000ba       0x34 ./Core/Src/main.o
 .ARM.attributes
                0x00000000000000ee       0x34 ./Core/Src/stm32h7xx_hal_msp.o
 .ARM.attributes
                0x0000000000000122       0x34 ./Core/Src/stm32h7xx_it.o
 .ARM.attributes
                0x0000000000000156       0x34 ./Core/Src/syscalls.o
 .ARM.attributes
                0x000000000000018a       0x34 ./Core/Src/sysmem.o
 .ARM.attributes
                0x00000000000001be       0x21 ./Core/Startup/startup_stm32h747xihx.o
 .ARM.attributes
                0x00000000000001df       0x34 ./Drivers/STM32H7xx_HAL_Driver/stm32h7xx_hal.o
 .ARM.attributes
                0x0000000000000213       0x34 ./Drivers/STM32H7xx_HAL_Driver/stm32h7xx_hal_cortex.o
 .ARM.attributes
                0x0000000000000247       0x34 ./Drivers/STM32H7xx_HAL_Driver/stm32h7xx_hal_hsem.o
 .ARM.attributes
                0x000000000000027b       0x34 ./Drivers/STM32H7xx_HAL_Driver/stm32h7xx_hal_pwr_ex.o
 .ARM.attributes
                0x00000000000002af       0x34 ./Drivers/STM32H7xx_HAL_Driver/stm32h7xx_hal_rcc.o
 .ARM.attributes
                0x00000000000002e3       0x34 ./Middlewares/Third_Party/OpenAMP/device.o
 .ARM.attributes
                0x0000000000000317       0x34 ./Middlewares/Third_Party/OpenAMP/generic_device.o
 .ARM.attributes
                0x000000000000034b       0x34 ./Middlewares/Third_Party/OpenAMP/generic_init.o
 .ARM.attributes
                0x000000000000037f       0x34 ./Middlewares/Third_Party/OpenAMP/generic_io.o
 .ARM.attributes
                0x00000000000003b3       0x34 ./Middlewares/Third_Party/OpenAMP/init.o
 .ARM.attributes
                0x00000000000003e7       0x34 ./Middlewares/Third_Party/OpenAMP/io.o
 .ARM.attributes
                0x000000000000041b       0x34 ./Middlewares/Third_Party/OpenAMP/log.o
 .ARM.attributes
                0x000000000000044f       0x34 ./Middlewares/Third_Party/OpenAMP/remoteproc_virtio.o
 .ARM.attributes
                0x0000000000000483       0x34 ./Middlewares/Third_Party/OpenAMP/rpmsg.o
 .ARM.attributes
                0x00000000000004b7       0x34 ./Middlewares/Third_Party/OpenAMP/rpmsg_virtio.o
 .ARM.attributes
                0x00000000000004eb       0x34 ./Middlewares/Third_Party/OpenAMP/sys.o
 .ARM.attributes
                0x000000000000051f       0x34 ./Middlewares/Third_Party/OpenAMP/virtio.o
 .ARM.attributes
                0x0000000000000553       0x34 ./Middlewares/Third_Party/OpenAMP/virtqueue.o
 .ARM.attributes
                0x0000000000000587       0x34 ./OPENAMP/mbox_hsem.o
 .ARM.attributes
                0x00000000000005bb       0x34 ./OPENAMP/openamp.o
 .ARM.attributes
                0x00000000000005ef       0x34 ./OPENAMP/rsc_table.o
 .ARM.attributes
                0x0000000000000623       0x34 /home/kssvm/.eclipse/com.st.stm32cube.ide.mcu.rcp.product_1.10.1_139059409_linux_gtk_x86_64/plugins/com.st.stm32cube.ide.mcu.externaltools.gnu-tools-for-stm32.10.3-2021.10.linux64_1.0.200.202301161003/tools/bin/../lib/gcc/arm-none-eabi/10.3.1/../../../../arm-none-eabi/lib/thumb/v7e-m+fp/hard/libc_nano.a(lib_a-assert.o)
 .ARM.attributes
                0x0000000000000657       0x34 /home/kssvm/.eclipse/com.st.stm32cube.ide.mcu.rcp.product_1.10.1_139059409_linux_gtk_x86_64/plugins/com.st.stm32cube.ide.mcu.externaltools.gnu-tools-for-stm32.10.3-2021.10.linux64_1.0.200.202301161003/tools/bin/../lib/gcc/arm-none-eabi/10.3.1/../../../../arm-none-eabi/lib/thumb/v7e-m+fp/hard/libc_nano.a(lib_a-errno.o)
 .ARM.attributes