Archive member included to satisfy reference by file (symbol)

/opt/st/stm32cubeide_1.11.0/plugins/com.st.stm32cube.ide.mcu.externaltools.gnu-tools-for-stm32.10.3-2021.10.linux64_1.0.100.202210260954/tools/bin/../lib/gcc/arm-none-eabi/10.3.1/../../../../arm-none-eabi/lib/thumb/v7e-m+fp/hard/libc_nano.a(lib_a-assert.o)
                              ./Middlewares/Third_Party/OpenAMP/device.o (__assert_func)
/opt/st/stm32cubeide_1.11.0/plugins/com.st.stm32cube.ide.mcu.externaltools.gnu-tools-for-stm32.10.3-2021.10.linux64_1.0.100.202210260954/tools/bin/../lib/gcc/arm-none-eabi/10.3.1/../../../../arm-none-eabi/lib/thumb/v7e-m+fp/hard/libc_nano.a(lib_a-errno.o)
                              ./Core/Src/syscalls.o (__errno)
/opt/st/stm32cubeide_1.11.0/plugins/com.st.stm32cube.ide.mcu.externaltools.gnu-tools-for-stm32.10.3-2021.10.linux64_1.0.100.202210260954/tools/bin/../lib/gcc/arm-none-eabi/10.3.1/../../../../arm-none-eabi/lib/thumb/v7e-m+fp/hard/libc_nano.a(lib_a-exit.o)
                              /opt/st/stm32cubeide_1.11.0/plugins/com.st.stm32cube.ide.mcu.externaltools.gnu-tools-for-stm32.10.3-2021.10.linux64_1.0.100.202210260954/tools/bin/../lib/gcc/arm-none-eabi/10.3.1/../../../../arm-none-eabi/lib/thumb/v7e-m+fp/hard/crt0.o (exit)
/opt/st/stm32cubeide_1.11.0/plugins/com.st.stm32cube.ide.mcu.externaltools.gnu-tools-for-stm32.10.3-2021.10.linux64_1.0.100.202210260954/tools/bin/../lib/gcc/arm-none-eabi/10.3.1/../../../../arm-none-eabi/lib/thumb/v7e-m+fp/hard/libc_nano.a(lib_a-fprintf.o)
                              /opt/st/stm32cubeide_1.11.0/plugins/com.st.stm32cube.ide.mcu.externaltools.gnu-tools-for-stm32.10.3-2021.10.linux64_1.0.100.202210260954/tools/bin/../lib/gcc/arm-none-eabi/10.3.1/../../../../arm-none-eabi/lib/thumb/v7e-m+fp/hard/libc_nano.a(lib_a-assert.o) (fiprintf)
/opt/st/stm32cubeide_1.11.0/plugins/com.st.stm32cube.ide.mcu.externaltools.gnu-tools-for-stm32.10.3-2021.10.linux64_1.0.100.202210260954/tools/bin/../lib/gcc/arm-none-eabi/10.3.1/../../../../arm-none-eabi/lib/thumb/v7e-m+fp/hard/libc_nano.a(lib_a-impure.o)
                              /opt/st/stm32cubeide_1.11.0/plugins/com.st.stm32cube.ide.mcu.externaltools.gnu-tools-for-stm32.10.3-2021.10.linux64_1.0.100.202210260954/tools/bin/../lib/gcc/arm-none-eabi/10.3.1/../../../../arm-none-eabi/lib/thumb/v7e-m+fp/hard/libc_nano.a(lib_a-exit.o) (_global_impure_ptr)
/opt/st/stm32cubeide_1.11.0/plugins/com.st.stm32cube.ide.mcu.externaltools.gnu-tools-for-stm32.10.3-2021.10.linux64_1.0.100.202210260954/tools/bin/../lib/gcc/arm-none-eabi/10.3.1/../../../../arm-none-eabi/lib/thumb/v7e-m+fp/hard/libc_nano.a(lib_a-init.o)
                              /opt/st/stm32cubeide_1.11.0/plugins/com.st.stm32cube.ide.mcu.externaltools.gnu-tools-for-stm32.10.3-2021.10.linux64_1.0.100.202210260954/tools/bin/../lib/gcc/arm-none-eabi/10.3.1/../../../../arm-none-eabi/lib/thumb/v7e-m+fp/hard/crt0.o (__libc_init_array)
/opt/st/stm32cubeide_1.11.0/plugins/com.st.stm32cube.ide.mcu.externaltools.gnu-tools-for-stm32.10.3-2021.10.linux64_1.0.100.202210260954/tools/bin/../lib/gcc/arm-none-eabi/10.3.1/../../../../arm-none-eabi/lib/thumb/v7e-m+fp/hard/libc_nano.a(lib_a-malloc.o)
                              ./Middlewares/Third_Party/OpenAMP/remoteproc_virtio.o (malloc)
/opt/st/stm32cubeide_1.11.0/plugins/com.st.stm32cube.ide.mcu.externaltools.gnu-tools-for-stm32.10.3-2021.10.linux64_1.0.100.202210260954/tools/bin/../lib/gcc/arm-none-eabi/10.3.1/../../../../arm-none-eabi/lib/thumb/v7e-m+fp/hard/libc_nano.a(lib_a-memcpy-stub.o)
                              ./Middlewares/Third_Party/OpenAMP/device.o (memcpy)
/opt/st/stm32cubeide_1.11.0/plugins/com.st.stm32cube.ide.mcu.externaltools.gnu-tools-for-stm32.10.3-2021.10.linux64_1.0.100.202210260954/tools/bin/../lib/gcc/arm-none-eabi/10.3.1/../../../../arm-none-eabi/lib/thumb/v7e-m+fp/hard/libc_nano.a(lib_a-memset.o)
                              /opt/st/stm32cubeide_1.11.0/plugins/com.st.stm32cube.ide.mcu.externaltools.gnu-tools-for-stm32.10.3-2021.10.linux64_1.0.100.202210260954/tools/bin/../lib/gcc/arm-none-eabi/10.3.1/../../../../arm-none-eabi/lib/thumb/v7e-m+fp/hard/crt0.o (memset)
/opt/st/stm32cubeide_1.11.0/plugins/com.st.stm32cube.ide.mcu.externaltools.gnu-tools-for-stm32.10.3-2021.10.linux64_1.0.100.202210260954/tools/bin/../lib/gcc/arm-none-eabi/10.3.1/../../../../arm-none-eabi/lib/thumb/v7e-m+fp/hard/libc_nano.a(lib_a-nano-freer.o)
                              /opt/st/stm32cubeide_1.11.0/plugins/com.st.stm32cube.ide.mcu.externaltools.gnu-tools-for-stm32.10.3-2021.10.linux64_1.0.100.202210260954/tools/bin/../lib/gcc/arm-none-eabi/10.3.1/../../../../arm-none-eabi/lib/thumb/v7e-m+fp/hard/libc_nano.a(lib_a-malloc.o) (_free_r)
/opt/st/stm32cubeide_1.11.0/plugins/com.st.stm32cube.ide.mcu.externaltools.gnu-tools-for-stm32.10.3-2021.10.linux64_1.0.100.202210260954/tools/bin/../lib/gcc/arm-none-eabi/10.3.1/../../../../arm-none-eabi/lib/thumb/v7e-m+fp/hard/libc_nano.a(lib_a-nano-mallocr.o)
[...]
Memory Configuration

Name             Origin             Length             Attributes
FLASH            0x0000000008100000 0x0000000000100000 xr
RAM              0x0000000010000000 0x0000000000020000 xrw
OPEN_AMP_RSC_TAB 0x0000000038000000 0x0000000000000400 xrw
OPEN_AMP_SHMEM   0x0000000038000400 0x000000000000fc00 xrw
*default*        0x0000000000000000 0xffffffffffffffff

Linker script and memory map

LOAD /opt/st/stm32cubeide_1.11.0/plugins/com.st.stm32cube.ide.mcu.externaltools.gnu-tools-for-stm32.10.3-2021.10.linux64_1.0.100.202210260954/tools/bin/../lib/gcc/arm-none-eabi/10.3.1/thumb/v7e-m+fp/hard/crti.o
LOAD /opt/st/stm32cubeide_1.11.0/plugins/com.st.stm32cube.ide.mcu.externaltools.gnu-tools-for-stm32.10.3-2021.10.linux64_1.0.100.202210260954/tools/bin/../lib/gcc/arm-none-eabi/10.3.1/thumb/v7e-m+fp/hard/crtbegin.o
LOAD /opt/st/stm32cubeide_1.11.0/plugins/com.st.stm32cube.ide.mcu.externaltools.gnu-tools-for-stm32.10.3-2021.10.linux64_1.0.100.202210260954/tools/bin/../lib/gcc/arm-none-eabi/10.3.1/../../../../arm-none-eabi/lib/thumb/v7e-m+fp/hard/crt0.o
LOAD ./Common/Src/system_stm32h7xx_dualcore_boot_cm4_cm7.o
LOAD ./Core/Module/openAMP_RTOS_M4/src/openAMP_RTOS_M4.o
LOAD ./Core/Src/main.o
LOAD ./Core/Src/stm32h7xx_hal_msp.o
LOAD ./Core/Src/stm32h7xx_it.o
LOAD ./Core/Src/syscalls.o
LOAD ./Core/Src/sysmem.o
LOAD ./Core/Startup/startup_stm32h747xihx.o
LOAD ./Drivers/STM32H7xx_HAL_Driver/stm32h7xx_hal.o
LOAD ./Drivers/STM32H7xx_HAL_Driver/stm32h7xx_hal_cortex.o
LOAD ./Drivers/STM32H7xx_HAL_Driver/stm32h7xx_hal_dma.o
LOAD ./Drivers/STM32H7xx_HAL_Driver/stm32h7xx_hal_dma_ex.o
LOAD ./Drivers/STM32H7xx_HAL_Driver/stm32h7xx_hal_exti.o
LOAD ./Drivers/STM32H7xx_HAL_Driver/stm32h7xx_hal_flash.o
LOAD ./Drivers/STM32H7xx_HAL_Driver/stm32h7xx_hal_flash_ex.o
LOAD ./Drivers/STM32H7xx_HAL_Driver/stm32h7xx_hal_gpio.o
LOAD ./Drivers/STM32H7xx_HAL_Driver/stm32h7xx_hal_hsem.o
LOAD ./Drivers/STM32H7xx_HAL_Driver/stm32h7xx_hal_i2c.o
LOAD ./Drivers/STM32H7xx_HAL_Driver/stm32h7xx_hal_i2c_ex.o
LOAD ./Drivers/STM32H7xx_HAL_Driver/stm32h7xx_hal_mdma.o
LOAD ./Drivers/STM32H7xx_HAL_Driver/stm32h7xx_hal_pwr.o
LOAD ./Drivers/STM32H7xx_HAL_Driver/stm32h7xx_hal_pwr_ex.o
LOAD ./Drivers/STM32H7xx_HAL_Driver/stm32h7xx_hal_rcc.o
LOAD ./Drivers/STM32H7xx_HAL_Driver/stm32h7xx_hal_rcc_ex.o
LOAD ./Drivers/STM32H7xx_HAL_Driver/stm32h7xx_hal_rtc.o
LOAD ./Drivers/STM32H7xx_HAL_Driver/stm32h7xx_hal_rtc_ex.o
LOAD ./Drivers/STM32H7xx_HAL_Driver/stm32h7xx_hal_tim.o
LOAD ./Drivers/STM32H7xx_HAL_Driver/stm32h7xx_hal_tim_ex.o
LOAD ./Middlewares/Third_Party/OpenAMP/condition.o
LOAD ./Middlewares/Third_Party/OpenAMP/device.o
LOAD ./Middlewares/Third_Party/OpenAMP/generic_device.o
LOAD ./Middlewares/Third_Party/OpenAMP/generic_init.o
LOAD ./Middlewares/Third_Party/OpenAMP/generic_io.o
LOAD ./Middlewares/Third_Party/OpenAMP/generic_shmem.o
LOAD ./Middlewares/Third_Party/OpenAMP/init.o
LOAD ./Middlewares/Third_Party/OpenAMP/io.o
LOAD ./Middlewares/Third_Party/OpenAMP/log.o
LOAD ./Middlewares/Third_Party/OpenAMP/remoteproc_virtio.o
LOAD ./Middlewares/Third_Party/OpenAMP/rpmsg.o
LOAD ./Middlewares/Third_Party/OpenAMP/rpmsg_virtio.o
LOAD ./Middlewares/Third_Party/OpenAMP/shmem.o
LOAD ./Middlewares/Third_Party/OpenAMP/sys.o
LOAD ./Middlewares/Third_Party/OpenAMP/time.o
LOAD ./Middlewares/Third_Party/OpenAMP/virtio.o
LOAD ./Middlewares/Third_Party/OpenAMP/virtqueue.o
LOAD ./OPENAMP/mbox_hsem.o
LOAD ./OPENAMP/openamp.o
LOAD ./OPENAMP/rsc_table.o
START GROUP
LOAD /opt/st/stm32cubeide_1.11.0/plugins/com.st.stm32cube.ide.mcu.externaltools.gnu-tools-for-stm32.10.3-2021.10.linux64_1.0.100.202210260954/tools/bin/../lib/gcc/arm-none-eabi/10.3.1/../../../../arm-none-eabi/lib/thumb/v7e-m+fp/hard/libstdc++_nano.a
LOAD /opt/st/stm32cubeide_1.11.0/plugins/com.st.stm32cube.ide.mcu.externaltools.gnu-tools-for-stm32.10.3-2021.10.linux64_1.0.100.202210260954/tools/bin/../lib/gcc/arm-none-eabi/10.3.1/../../../../arm-none-eabi/lib/thumb/v7e-m+fp/hard/libsupc++_nano.a
END GROUP
LOAD /opt/st/stm32cubeide_1.11.0/plugins/com.st.stm32cube.ide.mcu.externaltools.gnu-tools-for-stm32.10.3-2021.10.linux64_1.0.100.202210260954/tools/bin/../lib/gcc/arm-none-eabi/10.3.1/../../../../arm-none-eabi/lib/thumb/v7e-m+fp/hard/libstdc++_nano.a
LOAD /opt/st/stm32cubeide_1.11.0/plugins/com.st.stm32cube.ide.mcu.externaltools.gnu-tools-for-stm32.10.3-2021.10.linux64_1.0.100.202210260954/tools/bin/../lib/gcc/arm-none-eabi/10.3.1/../../../../arm-none-eabi/lib/thumb/v7e-m+fp/hard/libm.a
LOAD /opt/st/stm32cubeide_1.11.0/plugins/com.st.stm32cube.ide.mcu.externaltools.gnu-tools-for-stm32.10.3-2021.10.linux64_1.0.100.202210260954/tools/bin/../lib/gcc/arm-none-eabi/10.3.1/../../../../arm-none-eabi/lib/thumb/v7e-m+fp/hard/libc_nano.a
START GROUP
LOAD /opt/st/stm32cubeide_1.11.0/plugins/com.st.stm32cube.ide.mcu.externaltools.gnu-tools-for-stm32.10.3-2021.10.linux64_1.0.100.202210260954/tools/bin/../lib/gcc/arm-none-eabi/10.3.1/thumb/v7e-m+fp/hard/libgcc.a
LOAD /opt/st/stm32cubeide_1.11.0/plugins/com.st.stm32cube.ide.mcu.externaltools.gnu-tools-for-stm32.10.3-2021.10.linux64_1.0.100.202210260954/tools/bin/../lib/gcc/arm-none-eabi/10.3.1/../../../../arm-none-eabi/lib/thumb/v7e-m+fp/hard/libc_nano.a
END GROUP
START GROUP
LOAD /opt/st/stm32cubeide_1.11.0/plugins/com.st.stm32cube.ide.mcu.externaltools.gnu-tools-for-stm32.10.3-2021.10.linux64_1.0.100.202210260954/tools/bin/../lib/gcc/arm-none-eabi/10.3.1/thumb/v7e-m+fp/hard/libgcc.a
LOAD /opt/st/stm32cubeide_1.11.0/plugins/com.st.stm32cube.ide.mcu.externaltools.gnu-tools-for-stm32.10.3-2021.10.linux64_1.0.100.202210260954/tools/bin/../lib/gcc/arm-none-eabi/10.3.1/../../../../arm-none-eabi/lib/thumb/v7e-m+fp/hard/libc_nano.a
LOAD /opt/st/stm32cubeide_1.11.0/plugins/com.st.stm32cube.ide.mcu.externaltools.gnu-tools-for-stm32.10.3-2021.10.linux64_1.0.100.202210260954/tools/bin/../lib/gcc/arm-none-eabi/10.3.1/../../../../arm-none-eabi/lib/thumb/v7e-m+fp/hard/libnosys.a
END GROUP
START GROUP
LOAD /opt/st/stm32cubeide_1.11.0/plugins/com.st.stm32cube.ide.mcu.externaltools.gnu-tools-for-stm32.10.3-2021.10.linux64_1.0.100.202210260954/tools/bin/../lib/gcc/arm-none-eabi/10.3.1/thumb/v7e-m+fp/hard/libgcc.a
LOAD /opt/st/stm32cubeide_1.11.0/plugins/com.st.stm32cube.ide.mcu.externaltools.gnu-tools-for-stm32.10.3-2021.10.linux64_1.0.100.202210260954/tools/bin/../lib/gcc/arm-none-eabi/10.3.1/../../../../arm-none-eabi/lib/thumb/v7e-m+fp/hard/libc_nano.a
LOAD /opt/st/stm32cubeide_1.11.0/plugins/com.st.stm32cube.ide.mcu.externaltools.gnu-tools-for-stm32.10.3-2021.10.linux64_1.0.100.202210260954/tools/bin/../lib/gcc/arm-none-eabi/10.3.1/../../../../arm-none-eabi/lib/thumb/v7e-m+fp/hard/libnosys.a
END GROUP
LOAD /opt/st/stm32cubeide_1.11.0/plugins/com.st.stm32cube.ide.mcu.externaltools.gnu-tools-for-stm32.10.3-2021.10.linux64_1.0.100.202210260954/tools/bin/../lib/gcc/arm-none-eabi/10.3.1/thumb/v7e-m+fp/hard/crtend.o
LOAD /opt/st/stm32cubeide_1.11.0/plugins/com.st.stm32cube.ide.mcu.externaltools.gnu-tools-for-stm32.10.3-2021.10.linux64_1.0.100.202210260954/tools/bin/../lib/gcc/arm-none-eabi/10.3.1/thumb/v7e-m+fp/hard/crtn.o
                0x0000000010048000                _estack = 0x10048000
                0x0000000038000400                __OPENAMP_region_start__ = ORIGIN (OPEN_AMP_SHMEM)
                0x0000000038010000                __OPENAMP_region_end__ = (ORIGIN (OPEN_AMP_SHMEM) + LENGTH (OPEN_AMP_SHMEM))
                0x0000000000000200                _Min_Heap_Size = 0x200
                0x0000000000000400                _Min_Stack_Size = 0x400

.isr_vector     0x0000000008100000      0x298
                0x0000000008100000                . = ALIGN (0x4)
 *(.isr_vector)
 .isr_vector    0x0000000008100000      0x298 ./Core/Startup/startup_stm32h747xihx.o
                0x0000000008100000                g_pfnVectors
                0x0000000008100298                . = ALIGN (0x4)

.text           0x00000000081002a0     0x468c
                0x00000000081002a0                . = ALIGN (0x4)
 *(.text)
 .text          0x00000000081002a0       0x40 /opt/st/stm32cubeide_1.11.0/plugins/com.st.stm32cube.ide.mcu.externaltools.gnu-tools-for-stm32.10.3-2021.10.linux64_1.0.100.202210260954/tools/bin/../lib/gcc/arm-none-eabi/10.3.1/thumb/v7e-m+fp/hard/crtbegin.o
 .text          0x00000000081002e0       0x14 /opt/st/stm32cubeide_1.11.0/plugins/com.st.stm32cube.ide.mcu.externaltools.gnu-tools-for-stm32.10.3-2021.10.linux64_1.0.100.202210260954/tools/bin/../lib/gcc/arm-none-eabi/10.3.1/../../../../arm-none-eabi/lib/thumb/v7e-m+fp/hard/libc_nano.a(lib_a-strcmp.o)
                0x00000000081002e0                strcmp
 .text          0x00000000081002f4       0x10 /opt/st/stm32cubeide_1.11.0/plugins/com.st.stm32cube.ide.mcu.externaltools.gnu-tools-for-stm32.10.3-2021.10.linux64_1.0.100.202210260954/tools/bin/../lib/gcc/arm-none-eabi/10.3.1/../../../../arm-none-eabi/lib/thumb/v7e-m+fp/hard/libc_nano.a(lib_a-strlen.o)
                0x00000000081002f4                strlen
 *fill*         0x0000000008100304        0xc 
 .text          0x0000000008100310       0xa0 /opt/st/stm32cubeide_1.11.0/plugins/com.st.stm32cube.ide.mcu.externaltools.gnu-tools-for-stm32.10.3-2021.10.linux64_1.0.100.202210260954/tools/bin/../lib/gcc/arm-none-eabi/10.3.1/../../../../arm-none-eabi/lib/thumb/v7e-m+fp/hard/libc_nano.a(lib_a-memchr.o)
                0x0000000008100310                memchr
 *(.text*)
 .text.SystemInit
                0x00000000081003b0       0x30 ./Common/Src/system_stm32h7xx_dualcore_boot_cm4_cm7.o
                0x00000000081003b0                SystemInit
 .text.rpmsg_send
                0x00000000081003e0       0x44 ./Core/Module/openAMP_RTOS_M4/src/openAMP_RTOS_M4.o
 .text._ZL19rpmsg_recv_callbackP14rpmsg_endpointPvjmS1_
                0x0000000008100424       0x30 ./Core/Module/openAMP_RTOS_M4/src/openAMP_RTOS_M4.o
 .text._Z15receive_messagev
                0x0000000008100454       0x18 ./Core/Module/openAMP_RTOS_M4/src/openAMP_RTOS_M4.o
                0x0000000008100454                receive_message()
 .text._Z11OpenAMPInitv
                0x000000000810046c       0x4c ./Core/Module/openAMP_RTOS_M4/src/openAMP_RTOS_M4.o
                0x000000000810046c                OpenAMPInit()
 .text._Z12OpenAMPDrivev
                0x00000000081004b8       0xe0 ./Core/Module/openAMP_RTOS_M4/src/openAMP_RTOS_M4.o
                0x00000000081004b8                OpenAMPDrive()
 .text.ITM_SendChar
                0x0000000008100598       0x62 ./Core/Src/main.o
 .text._write   0x00000000081005fa       0x38 ./Core/Src/main.o
                0x00000000081005fa                _write
 *fill*         0x0000000008100632        0x2 
 .text.main     0x0000000008100634       0x90 ./Core/Src/main.o
                0x0000000008100634                main
 .text._ZL12MX_GPIO_Initv
                0x00000000081006c4       0x70 ./Core/Src/main.o
 .text.HAL_MspInit
                0x0000000008100734       0x40 ./Core/Src/stm32h7xx_hal_msp.o
                0x0000000008100734                HAL_MspInit
 .text.NMI_Handler
                0x0000000008100774        0x6 ./Core/Src/stm32h7xx_it.o
                0x0000000008100774                NMI_Handler
 .text.HardFault_Handler
                0x000000000810077a        0x6 ./Core/Src/stm32h7xx_it.o
                0x000000000810077a                HardFault_Handler
 .text.MemManage_Handler
                0x0000000008100780        0x6 ./Core/Src/stm32h7xx_it.o
                0x0000000008100780                MemManage_Handler
 .text.BusFault_Handler
                0x0000000008100786        0x6 ./Core/Src/stm32h7xx_it.o
                0x0000000008100786                BusFault_Handler
 .text.UsageFault_Handler
                0x000000000810078c        0x6 ./Core/Src/stm32h7xx_it.o
                0x000000000810078c                UsageFault_Handler
 .text.SVC_Handler
                0x0000000008100792        0xe ./Core/Src/stm32h7xx_it.o
                0x0000000008100792                SVC_Handler
 .text.DebugMon_Handler
                0x00000000081007a0        0xe ./Core/Src/stm32h7xx_it.o
                0x00000000081007a0                DebugMon_Handler
 .text.PendSV_Handler
                0x00000000081007ae        0xe ./Core/Src/stm32h7xx_it.o
                0x00000000081007ae                PendSV_Handler
 .text.SysTick_Handler
                0x00000000081007bc        0xc ./Core/Src/stm32h7xx_it.o
                0x00000000081007bc                SysTick_Handler
 .text.HSEM2_IRQHandler
                0x00000000081007c8        0xc ./Core/Src/stm32h7xx_it.o
                0x00000000081007c8                HSEM2_IRQHandler
 .text._getpid  0x00000000081007d4       0x10 ./Core/Src/syscalls.o
                0x00000000081007d4                _getpid
 .text._kill    0x00000000081007e4       0x20 ./Core/Src/syscalls.o
                0x00000000081007e4                _kill
 .text._exit    0x0000000008100804       0x14 ./Core/Src/syscalls.o
                0x0000000008100804                _exit
 .text._read    0x0000000008100818       0x3a ./Core/Src/syscalls.o
                0x0000000008100818                _read
 .text._close   0x0000000008100852       0x18 ./Core/Src/syscalls.o
                0x0000000008100852                _close
 .text._fstat   0x000000000810086a       0x20 ./Core/Src/syscalls.o
                0x000000000810086a                _fstat
 .text._isatty  0x000000000810088a       0x16 ./Core/Src/syscalls.o
                0x000000000810088a                _isatty
 .text._lseek   0x00000000081008a0       0x1a ./Core/Src/syscalls.o
                0x00000000081008a0                _lseek
 *fill*         0x00000000081008ba        0x2 
 .text._sbrk    0x00000000081008bc       0x6c ./Core/Src/sysmem.o
                0x00000000081008bc                _sbrk
 .text.Reset_Handler
                0x0000000008100928       0x50 ./Core/Startup/startup_stm32h747xihx.o
                0x0000000008100928                Reset_Handler
 .text.Default_Handler
                0x0000000008100978        0x2 ./Core/Startup/startup_stm32h747xihx.o
                0x0000000008100978                RTC_Alarm_IRQHandler
                0x0000000008100978                EXTI2_IRQHandler
                0x0000000008100978                TIM8_CC_IRQHandler
                0x0000000008100978                HRTIM1_Master_IRQHandler
                0x0000000008100978                UART8_IRQHandler
                0x0000000008100978                SPI4_IRQHandler
                0x0000000008100978                TIM1_CC_IRQHandler
                0x0000000008100978                BDMA_Channel6_IRQHandler
                0x0000000008100978                DMA2_Stream5_IRQHandler
                0x0000000008100978                HRTIM1_FLT_IRQHandler
                0x0000000008100978                JPEG_IRQHandler
                0x0000000008100978                DMA1_Stream5_IRQHandler
                0x0000000008100978                BDMA_Channel1_IRQHandler
                0x0000000008100978                HRTIM1_TIMD_IRQHandler
                0x0000000008100978                TAMP_STAMP_IRQHandler
                0x0000000008100978                EXTI3_IRQHandler
                0x0000000008100978                LPTIM4_IRQHandler
                0x0000000008100978                TIM8_TRG_COM_TIM14_IRQHandler
                0x0000000008100978                LPTIM2_IRQHandler
                0x0000000008100978                DFSDM1_FLT1_IRQHandler
                0x0000000008100978                DMAMUX2_OVR_IRQHandler
                0x0000000008100978                TIM8_UP_TIM13_IRQHandler
                0x0000000008100978                I2C3_ER_IRQHandler
                0x0000000008100978                DFSDM1_FLT2_IRQHandler
                0x0000000008100978                MDMA_IRQHandler
                0x0000000008100978                LPTIM3_IRQHandler
                0x0000000008100978                HSEM1_IRQHandler
                0x0000000008100978                EXTI0_IRQHandler
                0x0000000008100978                I2C2_EV_IRQHandler
                0x0000000008100978                DMA1_Stream2_IRQHandler
                0x0000000008100978                FPU_IRQHandler
                0x0000000008100978                OTG_HS_WKUP_IRQHandler
                0x0000000008100978                FDCAN1_IT1_IRQHandler
                0x0000000008100978                LTDC_ER_IRQHandler
                0x0000000008100978                DMA2_Stream2_IRQHandler
                0x0000000008100978                HRTIM1_TIME_IRQHandler
                0x0000000008100978                SPI1_IRQHandler
                0x0000000008100978                TIM6_DAC_IRQHandler
                0x0000000008100978                DCMI_IRQHandler
                0x0000000008100978                HRTIM1_TIMC_IRQHandler
                0x0000000008100978                DMA2_Stream3_IRQHandler
                0x0000000008100978                SAI2_IRQHandler
                0x0000000008100978                DFSDM1_FLT3_IRQHandler
                0x0000000008100978                USART6_IRQHandler
                0x0000000008100978                TIM17_IRQHandler
                0x0000000008100978                USART3_IRQHandler
                0x0000000008100978                BDMA_Channel7_IRQHandler
                0x0000000008100978                LPTIM5_IRQHandler
                0x0000000008100978                UART5_IRQHandler
                0x0000000008100978                ADC3_IRQHandler
                0x0000000008100978                DMA2_Stream0_IRQHandler
                0x0000000008100978                TIM4_IRQHandler
                0x0000000008100978                BDMA_Channel2_IRQHandler
                0x0000000008100978                QUADSPI_IRQHandler
                0x0000000008100978                I2C1_EV_IRQHandler
                0x0000000008100978                DMA1_Stream6_IRQHandler
                0x0000000008100978                DMAMUX1_OVR_IRQHandler
                0x0000000008100978                DMA1_Stream1_IRQHandler
                0x0000000008100978                TIM16_IRQHandler
                0x0000000008100978                UART4_IRQHandler
                0x0000000008100978                BDMA_Channel5_IRQHandler
                0x0000000008100978                TIM3_IRQHandler
                0x0000000008100978                RCC_IRQHandler
                0x0000000008100978                TIM8_BRK_TIM12_IRQHandler
                0x0000000008100978                TIM1_TRG_COM_IRQHandler
                0x0000000008100978                Default_Handler
                0x0000000008100978                ECC_IRQHandler
                0x0000000008100978                CEC_IRQHandler
                0x0000000008100978                EXTI15_10_IRQHandler
                0x0000000008100978                BDMA_Channel0_IRQHandler
                0x0000000008100978                ADC_IRQHandler
                0x0000000008100978                DMA1_Stream7_IRQHandler
                0x0000000008100978                HRTIM1_TIMA_IRQHandler
                0x0000000008100978                SPI5_IRQHandler
                0x0000000008100978                TIM7_IRQHandler
                0x0000000008100978                SDMMC1_IRQHandler
                0x0000000008100978                TIM5_IRQHandler
                0x0000000008100978                DMA2_Stream7_IRQHandler
                0x0000000008100978                TIM15_IRQHandler
                0x0000000008100978                PVD_AVD_IRQHandler
                0x0000000008100978                I2C3_EV_IRQHandler
                0x0000000008100978                EXTI9_5_IRQHandler
                0x0000000008100978                RTC_WKUP_IRQHandler
                0x0000000008100978                LTDC_IRQHandler
                0x0000000008100978                SAI3_IRQHandler
                0x0000000008100978                ETH_WKUP_IRQHandler
                0x0000000008100978                SPDIF_RX_IRQHandler
                0x0000000008100978                SPI2_IRQHandler
                0x0000000008100978                OTG_HS_EP1_IN_IRQHandler
                0x0000000008100978                DMA1_Stream0_IRQHandler
                0x0000000008100978                CRS_IRQHandler
                0x0000000008100978                CM7_SEV_IRQHandler
                0x0000000008100978                EXTI4_IRQHandler
                0x0000000008100978                RNG_IRQHandler
                0x0000000008100978                CM4_SEV_IRQHandler
                0x0000000008100978                HRTIM1_TIMB_IRQHandler
                0x0000000008100978                FDCAN2_IT1_IRQHandler
                0x0000000008100978                DSI_IRQHandler
                0x0000000008100978                ETH_IRQHandler
                0x0000000008100978                TIM1_UP_IRQHandler
                0x0000000008100978                WWDG_RST_IRQHandler
                0x0000000008100978                BDMA_Channel4_IRQHandler
                0x0000000008100978                OTG_HS_EP1_OUT_IRQHandler
                0x0000000008100978                WWDG_IRQHandler
                0x0000000008100978                SPI6_IRQHandler
                0x0000000008100978                MDIOS_IRQHandler
                0x0000000008100978                I2C4_EV_IRQHandler
                0x0000000008100978                FDCAN2_IT0_IRQHandler
                0x0000000008100978                LPUART1_IRQHandler
                0x0000000008100978                FDCAN1_IT0_IRQHandler
                0x0000000008100978                TIM2_IRQHandler
                0x0000000008100978                OTG_FS_WKUP_IRQHandler
                0x0000000008100978                OTG_HS_IRQHandler
                0x0000000008100978                DMA2D_IRQHandler
                0x0000000008100978                TIM1_BRK_IRQHandler
                0x0000000008100978                EXTI1_IRQHandler
                0x0000000008100978                SDMMC2_IRQHandler
                0x0000000008100978                OTG_FS_EP1_OUT_IRQHandler
                0x0000000008100978                BDMA_Channel3_IRQHandler
                0x0000000008100978                HOLD_CORE_IRQHandler
                0x0000000008100978                UART7_IRQHandler
                0x0000000008100978                MDIOS_WKUP_IRQHandler
                0x0000000008100978                USART2_IRQHandler
                0x0000000008100978                DFSDM1_FLT0_IRQHandler
                0x0000000008100978                SAI4_IRQHandler
                0x0000000008100978                I2C2_ER_IRQHandler
                0x0000000008100978                DMA2_Stream1_IRQHandler
                0x0000000008100978                FLASH_IRQHandler
                0x0000000008100978                DMA2_Stream4_IRQHandler
                0x0000000008100978                USART1_IRQHandler
                0x0000000008100978                OTG_FS_IRQHandler
                0x0000000008100978                SPI3_IRQHandler
                0x0000000008100978                WAKEUP_PIN_IRQHandler
                0x0000000008100978                DMA1_Stream4_IRQHandler
                0x0000000008100978                OTG_FS_EP1_IN_IRQHandler
                0x0000000008100978                I2C1_ER_IRQHandler
                0x0000000008100978                FMC_IRQHandler
                0x0000000008100978                FDCAN_CAL_IRQHandler
                0x0000000008100978                SWPMI1_IRQHandler
                0x0000000008100978                COMP1_IRQHandler
                0x0000000008100978                LPTIM1_IRQHandler
                0x0000000008100978                I2C4_ER_IRQHandler
                0x0000000008100978                DMA2_Stream6_IRQHandler
                0x0000000008100978                SAI1_IRQHandler
                0x0000000008100978                DMA1_Stream3_IRQHandler
 *fill*         0x000000000810097a        0x2 
 .text.HAL_Init
                0x000000000810097c       0xbc ./Drivers/STM32H7xx_HAL_Driver/stm32h7xx_hal.o
                0x000000000810097c                HAL_Init
 .text.HAL_InitTick
                0x0000000008100a38       0x6c ./Drivers/STM32H7xx_HAL_Driver/stm32h7xx_hal.o
                0x0000000008100a38                HAL_InitTick
 .text.HAL_IncTick
                0x0000000008100aa4       0x28 ./Drivers/STM32H7xx_HAL_Driver/stm32h7xx_hal.o
                0x0000000008100aa4                HAL_IncTick
 .text.HAL_GetTick
                0x0000000008100acc       0x18 ./Drivers/STM32H7xx_HAL_Driver/stm32h7xx_hal.o
                0x0000000008100acc                HAL_GetTick
 .text.HAL_Delay
                0x0000000008100ae4       0x48 ./Drivers/STM32H7xx_HAL_Driver/stm32h7xx_hal.o
                0x0000000008100ae4                HAL_Delay
 .text.__NVIC_SetPriorityGrouping
                0x0000000008100b2c       0x48 ./Drivers/STM32H7xx_HAL_Driver/stm32h7xx_hal_cortex.o
 .text.__NVIC_GetPriorityGrouping
                0x0000000008100b74       0x1c ./Drivers/STM32H7xx_HAL_Driver/stm32h7xx_hal_cortex.o
 .text.__NVIC_EnableIRQ
                0x0000000008100b90       0x3c ./Drivers/STM32H7xx_HAL_Driver/stm32h7xx_hal_cortex.o
 .text.__NVIC_SetPriority
                0x0000000008100bcc       0x54 ./Drivers/STM32H7xx_HAL_Driver/stm32h7xx_hal_cortex.o
 .text.NVIC_EncodePriority
                0x0000000008100c20       0x66 ./Drivers/STM32H7xx_HAL_Driver/stm32h7xx_hal_cortex.o
 *fill*         0x0000000008100c86        0x2 
 .text.SysTick_Config
                0x0000000008100c88       0x44 ./Drivers/STM32H7xx_HAL_Driver/stm32h7xx_hal_cortex.o
 .text.HAL_NVIC_SetPriorityGrouping
                0x0000000008100ccc       0x16 ./Drivers/STM32H7xx_HAL_Driver/stm32h7xx_hal_cortex.o
                0x0000000008100ccc                HAL_NVIC_SetPriorityGrouping
 .text.HAL_NVIC_SetPriority
                0x0000000008100ce2       0x34 ./Drivers/STM32H7xx_HAL_Driver/stm32h7xx_hal_cortex.o
                0x0000000008100ce2                HAL_NVIC_SetPriority
 .text.HAL_NVIC_EnableIRQ
                0x0000000008100d16       0x1c ./Drivers/STM32H7xx_HAL_Driver/stm32h7xx_hal_cortex.o
                0x0000000008100d16                HAL_NVIC_EnableIRQ
 .text.HAL_SYSTICK_Config
                0x0000000008100d32       0x18 ./Drivers/STM32H7xx_HAL_Driver/stm32h7xx_hal_cortex.o
                0x0000000008100d32                HAL_SYSTICK_Config
 *fill*         0x0000000008100d4a        0x2 
 .text.HAL_GetCurrentCPUID
                0x0000000008100d4c       0x28 ./Drivers/STM32H7xx_HAL_Driver/stm32h7xx_hal_cortex.o
                0x0000000008100d4c                HAL_GetCurrentCPUID
 .text.HAL_HSEM_FastTake
                0x0000000008100d74       0x34 ./Drivers/STM32H7xx_HAL_Driver/stm32h7xx_hal_hsem.o
                0x0000000008100d74                HAL_HSEM_FastTake
 .text.HAL_HSEM_Release
                0x0000000008100da8       0x28 ./Drivers/STM32H7xx_HAL_Driver/stm32h7xx_hal_hsem.o
                0x0000000008100da8                HAL_HSEM_Release
 .text.HAL_HSEM_ActivateNotification
                0x0000000008100dd0       0x24 ./Drivers/STM32H7xx_HAL_Driver/stm32h7xx_hal_hsem.o
                0x0000000008100dd0                HAL_HSEM_ActivateNotification
 .text.HAL_HSEM_IRQHandler
                0x0000000008100df4       0x34 ./Drivers/STM32H7xx_HAL_Driver/stm32h7xx_hal_hsem.o
                0x0000000008100df4                HAL_HSEM_IRQHandler
 .text.HAL_PWREx_EnterSTOPMode
                0x0000000008100e28       0xf4 ./Drivers/STM32H7xx_HAL_Driver/stm32h7xx_hal_pwr_ex.o
                0x0000000008100e28                HAL_PWREx_EnterSTOPMode
 .text.HAL_PWREx_ClearPendingEvent
                0x0000000008100f1c       0x1a ./Drivers/STM32H7xx_HAL_Driver/stm32h7xx_hal_pwr_ex.o
                0x0000000008100f1c                HAL_PWREx_ClearPendingEvent
 *fill*         0x0000000008100f36        0x2 
 .text.HAL_RCC_GetSysClockFreq
                0x0000000008100f38      0x2f4 ./Drivers/STM32H7xx_HAL_Driver/stm32h7xx_hal_rcc.o
                0x0000000008100f38                HAL_RCC_GetSysClockFreq
 .text.metal_list_init
                0x000000000810122c       0x22 ./Middlewares/Third_Party/OpenAMP/device.o
 .text.metal_list_add_before
                0x000000000810124e       0x34 ./Middlewares/Third_Party/OpenAMP/device.o
 .text.metal_list_add_tail
                0x0000000008101282       0x1a ./Middlewares/Third_Party/OpenAMP/device.o
 .text.__metal_cache_flush
                0x000000000810129c       0x1a ./Middlewares/Third_Party/OpenAMP/device.o
 .text.__metal_cache_invalidate
                0x00000000081012b6       0x1a ./Middlewares/Third_Party/OpenAMP/device.o
 .text.metal_cache_flush
                0x00000000081012d0       0x1a ./Middlewares/Third_Party/OpenAMP/device.o
 .text.metal_cache_invalidate
                0x00000000081012ea       0x1a ./Middlewares/Third_Party/OpenAMP/device.o
 .text.metal_bus_register
                0x0000000008101304       0x88 ./Middlewares/Third_Party/OpenAMP/device.o
                0x0000000008101304                metal_bus_register
 .text.metal_bus_find
                0x000000000810138c       0x60 ./Middlewares/Third_Party/OpenAMP/device.o
                0x000000000810138c                metal_bus_find
 .text.metal_device_open
                0x00000000081013ec       0x7c ./Middlewares/Third_Party/OpenAMP/device.o
                0x00000000081013ec                metal_device_open
 .text.metal_register_generic_device
                0x0000000008101468       0x4c ./Middlewares/Third_Party/OpenAMP/device.o
                0x0000000008101468                metal_register_generic_device
 .text.metal_generic_dev_open
                0x00000000081014b4       0x60 ./Middlewares/Third_Party/OpenAMP/device.o
                0x00000000081014b4                metal_generic_dev_open
 .text.metal_generic_dev_dma_map
                0x0000000008101514       0xa2 ./Middlewares/Third_Party/OpenAMP/device.o
                0x0000000008101514                metal_generic_dev_dma_map
 .text.metal_generic_dev_dma_unmap
                0x00000000081015b6       0x56 ./Middlewares/Third_Party/OpenAMP/device.o
                0x00000000081015b6                metal_generic_dev_dma_unmap
 .text.metal_generic_dev_sys_open
                0x000000000810160c       0x4e ./Middlewares/Third_Party/OpenAMP/generic_device.o
                0x000000000810160c                metal_generic_dev_sys_open
 *fill*         0x000000000810165a        0x2 
 .text.metal_sys_init
                0x000000000810165c       0x1c ./Middlewares/Third_Party/OpenAMP/generic_init.o
                0x000000000810165c                metal_sys_init
 .text.metal_sys_io_mem_map
                0x0000000008101678       0x7c ./Middlewares/Third_Party/OpenAMP/generic_io.o
                0x0000000008101678                metal_sys_io_mem_map
 .text.metal_list_init
                0x00000000081016f4       0x22 ./Middlewares/Third_Party/OpenAMP/init.o
 *fill*         0x0000000008101716        0x2 
 .text.metal_init
                0x0000000008101718       0x64 ./Middlewares/Third_Party/OpenAMP/init.o
                0x0000000008101718                metal_init
 .text.metal_io_virt
                0x000000000810177c       0x36 ./Middlewares/Third_Party/OpenAMP/io.o
 .text.metal_io_init
                0x00000000081017b2       0x9e ./Middlewares/Third_Party/OpenAMP/io.o
                0x00000000081017b2                metal_io_init
 .text.metal_io_block_read
                0x0000000008101850       0xee ./Middlewares/Third_Party/OpenAMP/io.o
                0x0000000008101850                metal_io_block_read
 .text.metal_io_block_write
                0x000000000810193e       0xec ./Middlewares/Third_Party/OpenAMP/io.o
                0x000000000810193e                metal_io_block_write
 .text.metal_default_log_handler
                0x0000000008101a2a       0x1a ./Middlewares/Third_Party/OpenAMP/log.o
                0x0000000008101a2a                metal_default_log_handler
 .text.metal_io_virt
                0x0000000008101a44       0x36 ./Middlewares/Third_Party/OpenAMP/remoteproc_virtio.o
 .text.metal_io_virt_to_offset
                0x0000000008101a7a       0x32 ./Middlewares/Third_Party/OpenAMP/remoteproc_virtio.o
 .text.metal_io_read
                0x0000000008101aac      0x104 ./Middlewares/Third_Party/OpenAMP/remoteproc_virtio.o
 .text.metal_allocate_memory
                0x0000000008101bb0       0x18 ./Middlewares/Third_Party/OpenAMP/remoteproc_virtio.o
 .text.metal_free_memory
                0x0000000008101bc8       0x16 ./Middlewares/Third_Party/OpenAMP/remoteproc_virtio.o
 .text.virtqueue_allocate
                0x0000000008101bde       0x32 ./Middlewares/Third_Party/OpenAMP/remoteproc_virtio.o
 .text.rproc_virtio_virtqueue_notify
                0x0000000008101c10       0x68 ./Middlewares/Third_Party/OpenAMP/remoteproc_virtio.o
 .text.rproc_virtio_get_status
                0x0000000008101c78       0x44 ./Middlewares/Third_Party/OpenAMP/remoteproc_virtio.o
 .text.rproc_virtio_get_features
                0x0000000008101cbc       0x44 ./Middlewares/Third_Party/OpenAMP/remoteproc_virtio.o
 .text.rproc_virtio_negotiate_features
                0x0000000008101d00       0x18 ./Middlewares/Third_Party/OpenAMP/remoteproc_virtio.o
 .text.rproc_virtio_read_config
                0x0000000008101d18       0x1a ./Middlewares/Third_Party/OpenAMP/remoteproc_virtio.o
 *fill*         0x0000000008101d32        0x2 
 .text.rproc_virtio_create_vdev
                0x0000000008101d34      0x15c ./Middlewares/Third_Party/OpenAMP/remoteproc_virtio.o
                0x0000000008101d34                rproc_virtio_create_vdev
 .text.rproc_virtio_init_vring
                0x0000000008101e90       0x62 ./Middlewares/Third_Party/OpenAMP/remoteproc_virtio.o
                0x0000000008101e90                rproc_virtio_init_vring
 .text.rproc_virtio_notified
                0x0000000008101ef2       0x78 ./Middlewares/Third_Party/OpenAMP/remoteproc_virtio.o
                0x0000000008101ef2                rproc_virtio_notified
 .text.rproc_virtio_wait_remote_ready
                0x0000000008101f6a       0x32 ./Middlewares/Third_Party/OpenAMP/remoteproc_virtio.o
                0x0000000008101f6a                rproc_virtio_wait_remote_ready
 .text.__metal_mutex_acquire
                0x0000000008101f9c       0x38 ./Middlewares/Third_Party/OpenAMP/rpmsg.o
 .text.__metal_mutex_release
                0x0000000008101fd4       0x22 ./Middlewares/Third_Party/OpenAMP/rpmsg.o
 .text.metal_mutex_acquire
                0x0000000008101ff6       0x16 ./Middlewares/Third_Party/OpenAMP/rpmsg.o
 .text.metal_mutex_release
                0x000000000810200c       0x16 ./Middlewares/Third_Party/OpenAMP/rpmsg.o
 .text.metal_list_add_before
                0x0000000008102022       0x34 ./Middlewares/Third_Party/OpenAMP/rpmsg.o
 .text.metal_list_add_tail
                0x0000000008102056       0x1a ./Middlewares/Third_Party/OpenAMP/rpmsg.o
 .text.metal_list_del
                0x0000000008102070       0x36 ./Middlewares/Third_Party/OpenAMP/rpmsg.o
 .text.metal_bitmap_set_bit
                0x00000000081020a6       0x38 ./Middlewares/Third_Party/OpenAMP/rpmsg.o
 .text.metal_bitmap_is_bit_set
                0x00000000081020de       0x30 ./Middlewares/Third_Party/OpenAMP/rpmsg.o
 .text.metal_bitmap_clear_bit
                0x000000000810210e       0x3a ./Middlewares/Third_Party/OpenAMP/rpmsg.o
 .text.metal_bitmap_is_bit_clear
                0x0000000008102148       0x26 ./Middlewares/Third_Party/OpenAMP/rpmsg.o
 .text.metal_bitmap_next_clear_bit
                0x000000000810216e       0x3a ./Middlewares/Third_Party/OpenAMP/rpmsg.o
 .text.rpmsg_init_ept
                0x00000000081021a8       0x3a ./Middlewares/Third_Party/OpenAMP/rpmsg.o
 .text.rpmsg_get_address
                0x00000000081021e2       0x3e ./Middlewares/Third_Party/OpenAMP/rpmsg.o
 .text.rpmsg_release_address
                0x0000000008102220       0x24 ./Middlewares/Third_Party/OpenAMP/rpmsg.o
 .text.rpmsg_is_address_set
                0x0000000008102244       0x30 ./Middlewares/Third_Party/OpenAMP/rpmsg.o
 .text.rpmsg_set_address
                0x0000000008102274       0x30 ./Middlewares/Third_Party/OpenAMP/rpmsg.o
 .text.rpmsg_send_offchannel_raw
                0x00000000081022a4       0x64 ./Middlewares/Third_Party/OpenAMP/rpmsg.o
                0x00000000081022a4                rpmsg_send_offchannel_raw
 .text.rpmsg_send_ns_message
                0x0000000008102308       0x50 ./Middlewares/Third_Party/OpenAMP/rpmsg.o
                0x0000000008102308                rpmsg_send_ns_message
 .text.rpmsg_get_endpoint
                0x0000000008102358       0xc0 ./Middlewares/Third_Party/OpenAMP/rpmsg.o
                0x0000000008102358                rpmsg_get_endpoint
 .text.rpmsg_unregister_endpoint
                0x0000000008102418       0x44 ./Middlewares/Third_Party/OpenAMP/rpmsg.o
 .text.rpmsg_register_endpoint
                0x000000000810245c       0x28 ./Middlewares/Third_Party/OpenAMP/rpmsg.o
                0x000000000810245c                rpmsg_register_endpoint
 .text.rpmsg_create_ept
                0x0000000008102484       0xfc ./Middlewares/Third_Party/OpenAMP/rpmsg.o
                0x0000000008102484                rpmsg_create_ept
 .text.__metal_cache_invalidate
                0x0000000008102580       0x1a ./Middlewares/Third_Party/OpenAMP/rpmsg_virtio.o
 .text.metal_cache_invalidate
                0x000000000810259a       0x1a ./Middlewares/Third_Party/OpenAMP/rpmsg_virtio.o
 .text.__metal_sleep_usec
                0x00000000081025b4       0x16 ./Middlewares/Third_Party/OpenAMP/rpmsg_virtio.o
 .text.metal_sleep_usec
                0x00000000081025ca       0x18 ./Middlewares/Third_Party/OpenAMP/rpmsg_virtio.o
 .text.metal_list_init
                0x00000000081025e2       0x22 ./Middlewares/Third_Party/OpenAMP/rpmsg_virtio.o
 .text.metal_io_virt_to_offset
                0x0000000008102604       0x32 ./Middlewares/Third_Party/OpenAMP/rpmsg_virtio.o
 .text.__metal_mutex_init
                0x0000000008102636       0x2c ./Middlewares/Third_Party/OpenAMP/rpmsg_virtio.o
 .text.__metal_mutex_acquire
                0x0000000008102662       0x38 ./Middlewares/Third_Party/OpenAMP/rpmsg_virtio.o
 .text.__metal_mutex_release
                0x000000000810269a       0x22 ./Middlewares/Third_Party/OpenAMP/rpmsg_virtio.o
 .text.metal_mutex_init
                0x00000000081026bc       0x16 ./Middlewares/Third_Party/OpenAMP/rpmsg_virtio.o
 .text.metal_mutex_acquire
                0x00000000081026d2       0x16 ./Middlewares/Third_Party/OpenAMP/rpmsg_virtio.o
 .text.metal_mutex_release
                0x00000000081026e8       0x16 ./Middlewares/Third_Party/OpenAMP/rpmsg_virtio.o
 .text.rpmsg_init_ept
                0x00000000081026fe       0x3a ./Middlewares/Third_Party/OpenAMP/rpmsg_virtio.o
 .text.rpmsg_virtio_get_role
                0x0000000008102738       0x1a ./Middlewares/Third_Party/OpenAMP/rpmsg_virtio.o
 .text.rpmsg_virtio_set_status
                0x0000000008102752       0x26 ./Middlewares/Third_Party/OpenAMP/rpmsg_virtio.o
 .text.rpmsg_virtio_get_status
                0x0000000008102778       0x22 ./Middlewares/Third_Party/OpenAMP/rpmsg_virtio.o
 .text.rpmsg_virtio_get_features
                0x000000000810279a       0x22 ./Middlewares/Third_Party/OpenAMP/rpmsg_virtio.o
 .text.rpmsg_virtio_create_virtqueues
                0x00000000081027bc       0x2a ./Middlewares/Third_Party/OpenAMP/rpmsg_virtio.o
 .text.rpmsg_get_ept_from_addr
                0x00000000081027e6       0x22 ./Middlewares/Third_Party/OpenAMP/rpmsg_virtio.o
 .text.rpmsg_virtio_init_shm_pool
                0x0000000008102808       0x5a ./Middlewares/Third_Party/OpenAMP/rpmsg_virtio.o
                0x0000000008102808                rpmsg_virtio_init_shm_pool
 .text.rpmsg_virtio_return_buffer
                0x0000000008102862       0x32 ./Middlewares/Third_Party/OpenAMP/rpmsg_virtio.o
 .text.rpmsg_virtio_enqueue_buffer
                0x0000000008102894       0x38 ./Middlewares/Third_Party/OpenAMP/rpmsg_virtio.o
 .text.rpmsg_virtio_get_tx_buffer
                0x00000000081028cc       0x38 ./Middlewares/Third_Party/OpenAMP/rpmsg_virtio.o
 .text.rpmsg_virtio_get_rx_buffer
                0x0000000008102904       0x4a ./Middlewares/Third_Party/OpenAMP/rpmsg_virtio.o
 .text.rpmsg_virtio_wait_remote_ready
                0x000000000810294e       0x3a ./Middlewares/Third_Party/OpenAMP/rpmsg_virtio.o
 .text._rpmsg_virtio_get_buffer_size
                0x0000000008102988       0x34 ./Middlewares/Third_Party/OpenAMP/rpmsg_virtio.o
 .text.rpmsg_virtio_send_offchannel_raw
                0x00000000081029bc      0x150 ./Middlewares/Third_Party/OpenAMP/rpmsg_virtio.o
 .text.rpmsg_virtio_tx_callback
                0x0000000008102b0c       0x14 ./Middlewares/Third_Party/OpenAMP/rpmsg_virtio.o
 .text.rpmsg_virtio_rx_callback
                0x0000000008102b20       0xea ./Middlewares/Third_Party/OpenAMP/rpmsg_virtio.o
 .text.rpmsg_virtio_ns_callback
                0x0000000008102c0a       0xe4 ./Middlewares/Third_Party/OpenAMP/rpmsg_virtio.o
 *fill*         0x0000000008102cee        0x2 
 .text.rpmsg_init_vdev
                0x0000000008102cf0      0x138 ./Middlewares/Third_Party/OpenAMP/rpmsg_virtio.o
                0x0000000008102cf0                rpmsg_init_vdev
 .text.metal_machine_cache_flush
                0x0000000008102e28       0x16 ./Middlewares/Third_Party/OpenAMP/sys.o
                0x0000000008102e28                metal_machine_cache_flush
 .text.metal_machine_cache_invalidate
                0x0000000008102e3e       0x16 ./Middlewares/Third_Party/OpenAMP/sys.o
                0x0000000008102e3e                metal_machine_cache_invalidate
 .text.metal_machine_io_mem_map
                0x0000000008102e54       0x1c ./Middlewares/Third_Party/OpenAMP/sys.o
                0x0000000008102e54                metal_machine_io_mem_map
 .text.virtio_create_virtqueues
                0x0000000008102e70       0x98 ./Middlewares/Third_Party/OpenAMP/virtio.o
                0x0000000008102e70                virtio_create_virtqueues
 .text.vring_init
                0x0000000008102f08       0x52 ./Middlewares/Third_Party/OpenAMP/virtqueue.o
 .text.vring_need_event
                0x0000000008102f5a       0x3c ./Middlewares/Third_Party/OpenAMP/virtqueue.o
 .text.metal_io_virt
                0x0000000008102f96       0x36 ./Middlewares/Third_Party/OpenAMP/virtqueue.o
 .text.metal_io_phys
                0x0000000008102fcc       0x5c ./Middlewares/Third_Party/OpenAMP/virtqueue.o
 .text.metal_io_phys_to_offset
                0x0000000008103028       0x60 ./Middlewares/Third_Party/OpenAMP/virtqueue.o
 .text.metal_io_phys_to_virt
                0x0000000008103088       0x26 ./Middlewares/Third_Party/OpenAMP/virtqueue.o
 .text.virtqueue_phys_to_virt
                0x00000000081030ae       0x22 ./Middlewares/Third_Party/OpenAMP/virtqueue.o
 .text.virtqueue_create
                0x00000000081030d0       0x68 ./Middlewares/Third_Party/OpenAMP/virtqueue.o
                0x00000000081030d0                virtqueue_create
 .text.virtqueue_get_available_buffer
                0x0000000008103138       0x8c ./Middlewares/Third_Party/OpenAMP/virtqueue.o
                0x0000000008103138                virtqueue_get_available_buffer
 .text.virtqueue_add_consumed_buffer
                0x00000000081031c4       0x74 ./Middlewares/Third_Party/OpenAMP/virtqueue.o
                0x00000000081031c4                virtqueue_add_consumed_buffer
 .text.virtqueue_disable_cb
                0x0000000008103238       0x54 ./Middlewares/Third_Party/OpenAMP/virtqueue.o
                0x0000000008103238                virtqueue_disable_cb
 .text.virtqueue_kick
                0x000000000810328c       0x2c ./Middlewares/Third_Party/OpenAMP/virtqueue.o
                0x000000000810328c                virtqueue_kick
 .text.virtqueue_get_desc_size
                0x00000000081032b8       0x66 ./Middlewares/Third_Party/OpenAMP/virtqueue.o
                0x00000000081032b8                virtqueue_get_desc_size
 .text.vq_ring_init
                0x000000000810331e       0x66 ./Middlewares/Third_Party/OpenAMP/virtqueue.o
 .text.virtqueue_notification
                0x0000000008103384       0x24 ./Middlewares/Third_Party/OpenAMP/virtqueue.o
                0x0000000008103384                virtqueue_notification
 .text.vq_ring_must_notify_host
                0x00000000081033a8       0x6c ./Middlewares/Third_Party/OpenAMP/virtqueue.o
 .text.vq_ring_notify_host
                0x0000000008103414       0x20 ./Middlewares/Third_Party/OpenAMP/virtqueue.o
 .text.HAL_HSEM_FreeCallback
                0x0000000008103434       0x20 ./OPENAMP/mbox_hsem.o
                0x0000000008103434                HAL_HSEM_FreeCallback
 .text.MAILBOX_Init
                0x0000000008103454       0x38 ./OPENAMP/mbox_hsem.o
                0x0000000008103454                MAILBOX_Init
 .text.MAILBOX_Poll
                0x000000000810348c       0x34 ./OPENAMP/mbox_hsem.o
                0x000000000810348c                MAILBOX_Poll
 .text.MAILBOX_Notify
                0x00000000081034c0       0x22 ./OPENAMP/mbox_hsem.o
                0x00000000081034c0                MAILBOX_Notify
 .text.metal_device_io_region
                0x00000000081034e2       0x36 ./OPENAMP/openamp.o
 .text.OPENAMP_shmem_init
                0x0000000008103518      0x140 ./OPENAMP/openamp.o
 .text.MX_OPENAMP_Init
                0x0000000008103658      0x12c ./OPENAMP/openamp.o
                0x0000000008103658                MX_OPENAMP_Init
 .text.OPENAMP_create_endpoint
                0x0000000008103784       0x3c ./OPENAMP/openamp.o
                0x0000000008103784                OPENAMP_create_endpoint
 .text.OPENAMP_check_for_message
                0x00000000081037c0       0x18 ./OPENAMP/openamp.o
                0x00000000081037c0                OPENAMP_check_for_message
 .text.resource_table_init
                0x00000000081037d8       0x38 ./OPENAMP/rsc_table.o
                0x00000000081037d8                resource_table_init
 .text.__assert_func
                0x0000000008103810       0x3c /opt/st/stm32cubeide_1.11.0/plugins/com.st.stm32cube.ide.mcu.externaltools.gnu-tools-for-stm32.10.3-2021.10.linux64_1.0.100.202210260954/tools/bin/../lib/gcc/arm-none-eabi/10.3.1/../../../../arm-none-eabi/lib/thumb/v7e-m+fp/hard/libc_nano.a(lib_a-assert.o)
                0x0000000008103810                __assert_func
 .text.__errno  0x000000000810384c        0xc /opt/st/stm32cubeide_1.11.0/plugins/com.st.stm32cube.ide.mcu.externaltools.gnu-tools-for-stm32.10.3-2021.10.linux64_1.0.100.202210260954/tools/bin/../lib/gcc/arm-none-eabi/10.3.1/../../../../arm-none-eabi/lib/thumb/v7e-m+fp/hard/libc_nano.a(lib_a-errno.o)
                0x000000000810384c                __errno
 .text.fprintf  0x0000000008103858       0x24 /opt/st/stm32cubeide_1.11.0/plugins/com.st.stm32cube.ide.mcu.externaltools.gnu-tools-for-stm32.10.3-2021.10.linux64_1.0.100.202210260954/tools/bin/../lib/gcc/arm-none-eabi/10.3.1/../../../../arm-none-eabi/lib/thumb/v7e-m+fp/hard/libc_nano.a(lib_a-fprintf.o)
                0x0000000008103858                fprintf
                0x0000000008103858                fiprintf
 .text.__libc_init_array
                0x000000000810387c       0x48 /opt/st/stm32cubeide_1.11.0/plugins/com.st.stm32cube.ide.mcu.externaltools.gnu-tools-for-stm32.10.3-2021.10.linux64_1.0.100.202210260954/tools/bin/../lib/gcc/arm-none-eabi/10.3.1/../../../../arm-none-eabi/lib/thumb/v7e-m+fp/hard/libc_nano.a(lib_a-init.o)
                0x000000000810387c                __libc_init_array
 .text.malloc   0x00000000081038c4       0x10 /opt/st/stm32cubeide_1.11.0/plugins/com.st.stm32cube.ide.mcu.externaltools.gnu-tools-for-stm32.10.3-2021.10.linux64_1.0.100.202210260954/tools/bin/../lib/gcc/arm-none-eabi/10.3.1/../../../../arm-none-eabi/lib/thumb/v7e-m+fp/hard/libc_nano.a(lib_a-malloc.o)
                0x00000000081038c4                malloc
 .text.free     0x00000000081038d4       0x10 /opt/st/stm32cubeide_1.11.0/plugins/com.st.stm32cube.ide.mcu.externaltools.gnu-tools-for-stm32.10.3-2021.10.linux64_1.0.100.202210260954/tools/bin/../lib/gcc/arm-none-eabi/10.3.1/../../../../arm-none-eabi/lib/thumb/v7e-m+fp/hard/libc_nano.a(lib_a-malloc.o)
                0x00000000081038d4                free
 .text.memcpy   0x00000000081038e4       0x1c /opt/st/stm32cubeide_1.11.0/plugins/com.st.stm32cube.ide.mcu.externaltools.gnu-tools-for-stm32.10.3-2021.10.linux64_1.0.100.202210260954/tools/bin/../lib/gcc/arm-none-eabi/10.3.1/../../../../arm-none-eabi/lib/thumb/v7e-m+fp/hard/libc_nano.a(lib_a-memcpy-stub.o)
                0x00000000081038e4                memcpy
 .text.memset   0x0000000008103900       0x10 /opt/st/stm32cubeide_1.11.0/plugins/com.st.stm32cube.ide.mcu.externaltools.gnu-tools-for-stm32.10.3-2021.10.linux64_1.0.100.202210260954/tools/bin/../lib/gcc/arm-none-eabi/10.3.1/../../../../arm-none-eabi/lib/thumb/v7e-m+fp/hard/libc_nano.a(lib_a-memset.o)
                0x0000000008103900                memset
 .text._free_r  0x0000000008103910       0x98 /opt/st/stm32cubeide_1.11.0/plugins/com.st.stm32cube.ide.mcu.externaltools.gnu-tools-for-stm32.10.3-2021.10.linux64_1.0.100.202210260954/tools/bin/../lib/gcc/arm-none-eabi/10.3.1/../../../../arm-none-eabi/lib/thumb/v7e-m+fp/hard/libc_nano.a(lib_a-nano-freer.o)
                0x0000000008103910                _free_r
 .text.sbrk_aligned
                0x00000000081039a8       0x40 /opt/st/stm32cubeide_1.11.0/plugins/com.st.stm32cube.ide.mcu.externaltools.gnu-tools-for-stm32.10.3-2021.10.linux64_1.0.100.202210260954/tools/bin/../lib/gcc/arm-none-eabi/10.3.1/../../../../arm-none-eabi/lib/thumb/v7e-m+fp/hard/libc_nano.a(lib_a-nano-mallocr.o)
 .text._malloc_r
                0x00000000081039e8       0xe8 /opt/st/stm32cubeide_1.11.0/plugins/com.st.stm32cube.ide.mcu.externaltools.gnu-tools-for-stm32.10.3-2021.10.linux64_1.0.100.202210260954/tools/bin/../lib/gcc/arm-none-eabi/10.3.1/../../../../arm-none-eabi/lib/thumb/v7e-m+fp/hard/libc_nano.a(lib_a-nano-mallocr.o)
                0x00000000081039e8                _malloc_r
 .text.__sfputc_r
                0x0000000008103ad0       0x2e /opt/st/stm32cubeide_1.11.0/plugins/com.st.stm32cube.ide.mcu.externaltools.gnu-tools-for-stm32.10.3-2021.10.linux64_1.0.100.202210260954/tools/bin/../lib/gcc/arm-none-eabi/10.3.1/../../../../arm-none-eabi/lib/thumb/v7e-m+fp/hard/libc_nano.a(lib_a-nano-vfprintf.o)
 .text.__sfputs_r
                0x0000000008103afe       0x24 /opt/st/stm32cubeide_1.11.0/plugins/com.st.stm32cube.ide.mcu.externaltools.gnu-tools-for-stm32.10.3-2021.10.linux64_1.0.100.202210260954/tools/bin/../lib/gcc/arm-none-eabi/10.3.1/../../../../arm-none-eabi/lib/thumb/v7e-m+fp/hard/libc_nano.a(lib_a-nano-vfprintf.o)
                0x0000000008103afe                __sfputs_r
 *fill*         0x0000000008103b22        0x2 
 .text._vfprintf_r
                0x0000000008103b24      0x260 /opt/st/stm32cubeide_1.11.0/plugins/com.st.stm32cube.ide.mcu.externaltools.gnu-tools-for-stm32.10.3-2021.10.linux64_1.0.100.202210260954/tools/bin/../lib/gcc/arm-none-eabi/10.3.1/../../../../arm-none-eabi/lib/thumb/v7e-m+fp/hard/libc_nano.a(lib_a-nano-vfprintf.o)
                0x0000000008103b24                _vfiprintf_r
                0x0000000008103b24                _vfprintf_r
 .text._printf_common
                0x0000000008103d84       0xda /opt/st/stm32cubeide_1.11.0/plugins/com.st.stm32cube.ide.mcu.externaltools.gnu-tools-for-stm32.10.3-2021.10.linux64_1.0.100.202210260954/tools/bin/../lib/gcc/arm-none-eabi/10.3.1/../../../../arm-none-eabi/lib/thumb/v7e-m+fp/hard/libc_nano.a(lib_a-nano-vfprintf_i.o)
                0x0000000008103d84                _printf_common
 *fill*         0x0000000008103e5e        0x2 
 .text._printf_i
                0x0000000008103e60      0x24c /opt/st/stm32cubeide_1.11.0/plugins/com.st.stm32cube.ide.mcu.externaltools.gnu-tools-for-stm32.10.3-2021.10.linux64_1.0.100.202210260954/tools/bin/../lib/gcc/arm-none-eabi/10.3.1/../../../../arm-none-eabi/lib/thumb/v7e-m+fp/hard/libc_nano.a(lib_a-nano-vfprintf_i.o)
                0x0000000008103e60                _printf_i
 .text.printf   0x00000000081040ac       0x30 /opt/st/stm32cubeide_1.11.0/plugins/com.st.stm32cube.ide.mcu.externaltools.gnu-tools-for-stm32.10.3-2021.10.linux64_1.0.100.202210260954/tools/bin/../lib/gcc/arm-none-eabi/10.3.1/../../../../arm-none-eabi/lib/thumb/v7e-m+fp/hard/libc_nano.a(lib_a-printf.o)
                0x00000000081040ac                printf
                0x00000000081040ac                iprintf
 .text._sbrk_r  0x00000000081040dc       0x20 /opt/st/stm32cubeide_1.11.0/plugins/com.st.stm32cube.ide.mcu.externaltools.gnu-tools-for-stm32.10.3-2021.10.linux64_1.0.100.202210260954/tools/bin/../lib/gcc/arm-none-eabi/10.3.1/../../../../arm-none-eabi/lib/thumb/v7e-m+fp/hard/libc_nano.a(lib_a-sbrkr.o)
                0x00000000081040dc                _sbrk_r
 .text.strncmp  0x00000000081040fc       0x28 /opt/st/stm32cubeide_1.11.0/plugins/com.st.stm32cube.ide.mcu.externaltools.gnu-tools-for-stm32.10.3-2021.10.linux64_1.0.100.202210260954/tools/bin/../lib/gcc/arm-none-eabi/10.3.1/../../../../arm-none-eabi/lib/thumb/v7e-m+fp/hard/libc_nano.a(lib_a-strncmp.o)
                0x00000000081040fc                strncmp
 .text.strncpy  0x0000000008104124       0x26 /opt/st/stm32cubeide_1.11.0/plugins/com.st.stm32cube.ide.mcu.externaltools.gnu-tools-for-stm32.10.3-2021.10.linux64_1.0.100.202210260954/tools/bin/../lib/gcc/arm-none-eabi/10.3.1/../../../../arm-none-eabi/lib/thumb/v7e-m+fp/hard/libc_nano.a(lib_a-strncpy.o)
                0x0000000008104124                strncpy
 *fill*         0x000000000810414a        0x2 
 .text.__swbuf_r
                0x000000000810414c       0xa4 /opt/st/stm32cubeide_1.11.0/plugins/com.st.stm32cube.ide.mcu.externaltools.gnu-tools-for-stm32.10.3-2021.10.linux64_1.0.100.202210260954/tools/bin/../lib/gcc/arm-none-eabi/10.3.1/../../../../arm-none-eabi/lib/thumb/v7e-m+fp/hard/libc_nano.a(lib_a-wbuf.o)
                0x000000000810414c                __swbuf_r
 .text.__swsetup_r
                0x00000000081041f0       0xdc /opt/st/stm32cubeide_1.11.0/plugins/com.st.stm32cube.ide.mcu.externaltools.gnu-tools-for-stm32.10.3-2021.10.linux64_1.0.100.202210260954/tools/bin/../lib/gcc/arm-none-eabi/10.3.1/../../../../arm-none-eabi/lib/thumb/v7e-m+fp/hard/libc_nano.a(lib_a-wsetup.o)
                0x00000000081041f0                __swsetup_r
 .text.abort    0x00000000081042cc        0xe /opt/st/stm32cubeide_1.11.0/plugins/com.st.stm32cube.ide.mcu.externaltools.gnu-tools-for-stm32.10.3-2021.10.linux64_1.0.100.202210260954/tools/bin/../lib/gcc/arm-none-eabi/10.3.1/../../../../arm-none-eabi/lib/thumb/v7e-m+fp/hard/libc_nano.a(lib_a-abort.o)
                0x00000000081042cc                abort
 *fill*         0x00000000081042da        0x2 
 .text.__sflush_r
                0x00000000081042dc      0x10c /opt/st/stm32cubeide_1.11.0/plugins/com.st.stm32cube.ide.mcu.externaltools.gnu-tools-for-stm32.10.3-2021.10.linux64_1.0.100.202210260954/tools/bin/../lib/gcc/arm-none-eabi/10.3.1/../../../../arm-none-eabi/lib/thumb/v7e-m+fp/hard/libc_nano.a(lib_a-fflush.o)
                0x00000000081042dc                __sflush_r
 .text._fflush_r
                0x00000000081043e8       0x78 /opt/st/stm32cubeide_1.11.0/plugins/com.st.stm32cube.ide.mcu.externaltools.gnu-tools-for-stm32.10.3-2021.10.linux64_1.0.100.202210260954/tools/bin/../lib/gcc/arm-none-eabi/10.3.1/../../../../arm-none-eabi/lib/thumb/v7e-m+fp/hard/libc_nano.a(lib_a-fflush.o)
                0x00000000081043e8                _fflush_r
 .text.std      0x0000000008104460       0x48 /opt/st/stm32cubeide_1.11.0/plugins/com.st.stm32cube.ide.mcu.externaltools.gnu-tools-for-stm32.10.3-2021.10.linux64_1.0.100.202210260954/tools/bin/../lib/gcc/arm-none-eabi/10.3.1/../../../../arm-none-eabi/lib/thumb/v7e-m+fp/hard/libc_nano.a(lib_a-findfp.o)
 .text._cleanup_r
                0x00000000081044a8        0xc /opt/st/stm32cubeide_1.11.0/plugins/com.st.stm32cube.ide.mcu.externaltools.gnu-tools-for-stm32.10.3-2021.10.linux64_1.0.100.202210260954/tools/bin/../lib/gcc/arm-none-eabi/10.3.1/../../../../arm-none-eabi/lib/thumb/v7e-m+fp/hard/libc_nano.a(lib_a-findfp.o)
                0x00000000081044a8                _cleanup_r
 .text.__sfmoreglue
                0x00000000081044b4       0x2c /opt/st/stm32cubeide_1.11.0/plugins/com.st.stm32cube.ide.mcu.externaltools.gnu-tools-for-stm32.10.3-2021.10.linux64_1.0.100.202210260954/tools/bin/../lib/gcc/arm-none-eabi/10.3.1/../../../../arm-none-eabi/lib/thumb/v7e-m+fp/hard/libc_nano.a(lib_a-findfp.o)
                0x00000000081044b4                __sfmoreglue
 .text.__sfp_lock_acquire
                0x00000000081044e0        0xc /opt/st/stm32cubeide_1.11.0/plugins/com.st.stm32cube.ide.mcu.externaltools.gnu-tools-for-stm32.10.3-2021.10.linux64_1.0.100.202210260954/tools/bin/../lib/gcc/arm-none-eabi/10.3.1/../../../../arm-none-eabi/lib/thumb/v7e-m+fp/hard/libc_nano.a(lib_a-findfp.o)
                0x00000000081044e0                __sfp_lock_acquire
 .text.__sfp_lock_release
                0x00000000081044ec        0xc /opt/st/stm32cubeide_1.11.0/plugins/com.st.stm32cube.ide.mcu.externaltools.gnu-tools-for-stm32.10.3-2021.10.linux64_1.0.100.202210260954/tools/bin/../lib/gcc/arm-none-eabi/10.3.1/../../../../arm-none-eabi/lib/thumb/v7e-m+fp/hard/libc_nano.a(lib_a-findfp.o)
                0x00000000081044ec                __sfp_lock_release
 .text.__sinit_lock_acquire
                0x00000000081044f8        0xc /opt/st/stm32cubeide_1.11.0/plugins/com.st.stm32cube.ide.mcu.externaltools.gnu-tools-for-stm32.10.3-2021.10.linux64_1.0.100.202210260954/tools/bin/../lib/gcc/arm-none-eabi/10.3.1/../../../../arm-none-eabi/lib/thumb/v7e-m+fp/hard/libc_nano.a(lib_a-findfp.o)
                0x00000000081044f8                __sinit_lock_acquire
 .text.__sinit_lock_release
                0x0000000008104504        0xc /opt/st/stm32cubeide_1.11.0/plugins/com.st.stm32cube.ide.mcu.externaltools.gnu-tools-for-stm32.10.3-2021.10.linux64_1.0.100.202210260954/tools/bin/../lib/gcc/arm-none-eabi/10.3.1/../../../../arm-none-eabi/lib/thumb/v7e-m+fp/hard/libc_nano.a(lib_a-findfp.o)
                0x0000000008104504                __sinit_lock_release
 .text.__sinit  0x0000000008104510       0x70 /opt/st/stm32cubeide_1.11.0/plugins/com.st.stm32cube.ide.mcu.externaltools.gnu-tools-for-stm32.10.3-2021.10.linux64_1.0.100.202210260954/tools/bin/../lib/gcc/arm-none-eabi/10.3.1/../../../../arm-none-eabi/lib/thumb/v7e-m+fp/hard/libc_nano.a(lib_a-findfp.o)
                0x0000000008104510                __sinit
 .text.__sfp    0x0000000008104580       0x8c /opt/st/stm32cubeide_1.11.0/plugins/com.st.stm32cube.ide.mcu.externaltools.gnu-tools-for-stm32.10.3-2021.10.linux64_1.0.100.202210260954/tools/bin/../lib/gcc/arm-none-eabi/10.3.1/../../../../arm-none-eabi/lib/thumb/v7e-m+fp/hard/libc_nano.a(lib_a-findfp.o)
                0x0000000008104580                __sfp
 .text._fwalk_reent
                0x000000000810460c       0x3e /opt/st/stm32cubeide_1.11.0/plugins/com.st.stm32cube.ide.mcu.externaltools.gnu-tools-for-stm32.10.3-2021.10.linux64_1.0.100.202210260954/tools/bin/../lib/gcc/arm-none-eabi/10.3.1/../../../../arm-none-eabi/lib/thumb/v7e-m+fp/hard/libc_nano.a(lib_a-fwalk.o)
                0x000000000810460c                _fwalk_reent
 .text.__retarget_lock_init_recursive
                0x000000000810464a        0x2 /opt/st/stm32cubeide_1.11.0/plugins/com.st.stm32cube.ide.mcu.externaltools.gnu-tools-for-stm32.10.3-2021.10.linux64_1.0.100.202210260954/tools/bin/../lib/gcc/arm-none-eabi/10.3.1/../../../../arm-none-eabi/lib/thumb/v7e-m+fp/hard/libc_nano.a(lib_a-lock.o)
                0x000000000810464a                __retarget_lock_init_recursive
 .text.__retarget_lock_acquire_recursive
                0x000000000810464c        0x2 /opt/st/stm32cubeide_1.11.0/plugins/com.st.stm32cube.ide.mcu.externaltools.gnu-tools-for-stm32.10.3-2021.10.linux64_1.0.100.202210260954/tools/bin/../lib/gcc/arm-none-eabi/10.3.1/../../../../arm-none-eabi/lib/thumb/v7e-m+fp/hard/libc_nano.a(lib_a-lock.o)
                0x000000000810464c                __retarget_lock_acquire_recursive
 .text.__retarget_lock_release_recursive
                0x000000000810464e        0x2 /opt/st/stm32cubeide_1.11.0/plugins/com.st.stm32cube.ide.mcu.externaltools.gnu-tools-for-stm32.10.3-2021.10.linux64_1.0.100.202210260954/tools/bin/../lib/gcc/arm-none-eabi/10.3.1/../../../../arm-none-eabi/lib/thumb/v7e-m+fp/hard/libc_nano.a(lib_a-lock.o)
                0x000000000810464e                __retarget_lock_release_recursive
 .text.__swhatbuf_r
                0x0000000008104650       0x4a /opt/st/stm32cubeide_1.11.0/plugins/com.st.stm32cube.ide.mcu.externaltools.gnu-tools-for-stm32.10.3-2021.10.linux64_1.0.100.202210260954/tools/bin/../lib/gcc/arm-none-eabi/10.3.1/../../../../arm-none-eabi/lib/thumb/v7e-m+fp/hard/libc_nano.a(lib_a-makebuf.o)
                0x0000000008104650                __swhatbuf_r
 *fill*         0x000000000810469a        0x2 
 .text.__smakebuf_r
                0x000000000810469c       0x80 /opt/st/stm32cubeide_1.11.0/plugins/com.st.stm32cube.ide.mcu.externaltools.gnu-tools-for-stm32.10.3-2021.10.linux64_1.0.100.202210260954/tools/bin/../lib/gcc/arm-none-eabi/10.3.1/../../../../arm-none-eabi/lib/thumb/v7e-m+fp/hard/libc_nano.a(lib_a-makebuf.o)
                0x000000000810469c                __smakebuf_r
 .text.__malloc_lock
                0x000000000810471c        0xc /opt/st/stm32cubeide_1.11.0/plugins/com.st.stm32cube.ide.mcu.externaltools.gnu-tools-for-stm32.10.3-2021.10.linux64_1.0.100.202210260954/tools/bin/../lib/gcc/arm-none-eabi/10.3.1/../../../../arm-none-eabi/lib/thumb/v7e-m+fp/hard/libc_nano.a(lib_a-mlock.o)
                0x000000000810471c                __malloc_lock
 .text.__malloc_unlock
                0x0000000008104728        0xc /opt/st/stm32cubeide_1.11.0/plugins/com.st.stm32cube.ide.mcu.externaltools.gnu-tools-for-stm32.10.3-2021.10.linux64_1.0.100.202210260954/tools/bin/../lib/gcc/arm-none-eabi/10.3.1/../../../../arm-none-eabi/lib/thumb/v7e-m+fp/hard/libc_nano.a(lib_a-mlock.o)
                0x0000000008104728                __malloc_unlock
 .text._raise_r
                0x0000000008104734       0x50 /opt/st/stm32cubeide_1.11.0/plugins/com.st.stm32cube.ide.mcu.externaltools.gnu-tools-for-stm32.10.3-2021.10.linux64_1.0.100.202210260954/tools/bin/../lib/gcc/arm-none-eabi/10.3.1/../../../../arm-none-eabi/lib/thumb/v7e-m+fp/hard/libc_nano.a(lib_a-signal.o)
                0x0000000008104734                _raise_r
 .text.raise    0x0000000008104784       0x10 /opt/st/stm32cubeide_1.11.0/plugins/com.st.stm32cube.ide.mcu.externaltools.gnu-tools-for-stm32.10.3-2021.10.linux64_1.0.100.202210260954/tools/bin/../lib/gcc/arm-none-eabi/10.3.1/../../../../arm-none-eabi/lib/thumb/v7e-m+fp/hard/libc_nano.a(lib_a-signal.o)
                0x0000000008104784                raise
 .text._kill_r  0x0000000008104794       0x24 /opt/st/stm32cubeide_1.11.0/plugins/com.st.stm32cube.ide.mcu.externaltools.gnu-tools-for-stm32.10.3-2021.10.linux64_1.0.100.202210260954/tools/bin/../lib/gcc/arm-none-eabi/10.3.1/../../../../arm-none-eabi/lib/thumb/v7e-m+fp/hard/libc_nano.a(lib_a-signalr.o)
                0x0000000008104794                _kill_r
 .text._getpid_r
                0x00000000081047b8        0x4 /opt/st/stm32cubeide_1.11.0/plugins/com.st.stm32cube.ide.mcu.externaltools.gnu-tools-for-stm32.10.3-2021.10.linux64_1.0.100.202210260954/tools/bin/../lib/gcc/arm-none-eabi/10.3.1/../../../../arm-none-eabi/lib/thumb/v7e-m+fp/hard/libc_nano.a(lib_a-signalr.o)
                0x00000000081047b8                _getpid_r
 .text.__sread  0x00000000081047bc       0x22 /opt/st/stm32cubeide_1.11.0/plugins/com.st.stm32cube.ide.mcu.externaltools.gnu-tools-for-stm32.10.3-2021.10.linux64_1.0.100.202210260954/tools/bin/../lib/gcc/arm-none-eabi/10.3.1/../../../../arm-none-eabi/lib/thumb/v7e-m+fp/hard/libc_nano.a(lib_a-stdio.o)
                0x00000000081047bc                __sread
 .text.__swrite
                0x00000000081047de       0x38 /opt/st/stm32cubeide_1.11.0/plugins/com.st.stm32cube.ide.mcu.externaltools.gnu-tools-for-stm32.10.3-2021.10.linux64_1.0.100.202210260954/tools/bin/../lib/gcc/arm-none-eabi/10.3.1/../../../../arm-none-eabi/lib/thumb/v7e-m+fp/hard/libc_nano.a(lib_a-stdio.o)
                0x00000000081047de                __swrite
 .text.__sseek  0x0000000008104816       0x24 /opt/st/stm32cubeide_1.11.0/plugins/com.st.stm32cube.ide.mcu.externaltools.gnu-tools-for-stm32.10.3-2021.10.linux64_1.0.100.202210260954/tools/bin/../lib/gcc/arm-none-eabi/10.3.1/../../../../arm-none-eabi/lib/thumb/v7e-m+fp/hard/libc_nano.a(lib_a-stdio.o)
                0x0000000008104816                __sseek
 .text.__sclose
                0x000000000810483a        0x8 /opt/st/stm32cubeide_1.11.0/plugins/com.st.stm32cube.ide.mcu.externaltools.gnu-tools-for-stm32.10.3-2021.10.linux64_1.0.100.202210260954/tools/bin/../lib/gcc/arm-none-eabi/10.3.1/../../../../arm-none-eabi/lib/thumb/v7e-m+fp/hard/libc_nano.a(lib_a-stdio.o)
                0x000000000810483a                __sclose
 *fill*         0x0000000008104842        0x2 
 .text._write_r
                0x0000000008104844       0x24 /opt/st/stm32cubeide_1.11.0/plugins/com.st.stm32cube.ide.mcu.externaltools.gnu-tools-for-stm32.10.3-2021.10.linux64_1.0.100.202210260954/tools/bin/../lib/gcc/arm-none-eabi/10.3.1/../../../../arm-none-eabi/lib/thumb/v7e-m+fp/hard/libc_nano.a(lib_a-writer.o)
                0x0000000008104844                _write_r
 .text._close_r
                0x0000000008104868       0x20 /opt/st/stm32cubeide_1.11.0/plugins/com.st.stm32cube.ide.mcu.externaltools.gnu-tools-for-stm32.10.3-2021.10.linux64_1.0.100.202210260954/tools/bin/../lib/gcc/arm-none-eabi/10.3.1/../../../../arm-none-eabi/lib/thumb/v7e-m+fp/hard/libc_nano.a(lib_a-closer.o)
                0x0000000008104868                _close_r
 .text._fstat_r
                0x0000000008104888       0x24 /opt/st/stm32cubeide_1.11.0/plugins/com.st.stm32cube.ide.mcu.externaltools.gnu-tools-for-stm32.10.3-2021.10.linux64_1.0.100.202210260954/tools/bin/../lib/gcc/arm-none-eabi/10.3.1/../../../../arm-none-eabi/lib/thumb/v7e-m+fp/hard/libc_nano.a(lib_a-fstatr.o)
                0x0000000008104888                _fstat_r
 .text._isatty_r
                0x00000000081048ac       0x20 /opt/st/stm32cubeide_1.11.0/plugins/com.st.stm32cube.ide.mcu.externaltools.gnu-tools-for-stm32.10.3-2021.10.linux64_1.0.100.202210260954/tools/bin/../lib/gcc/arm-none-eabi/10.3.1/../../../../arm-none-eabi/lib/thumb/v7e-m+fp/hard/libc_nano.a(lib_a-isattyr.o)
                0x00000000081048ac                _isatty_r
 .text._lseek_r
                0x00000000081048cc       0x24 /opt/st/stm32cubeide_1.11.0/plugins/com.st.stm32cube.ide.mcu.externaltools.gnu-tools-for-stm32.10.3-2021.10.linux64_1.0.100.202210260954/tools/bin/../lib/gcc/arm-none-eabi/10.3.1/../../../../arm-none-eabi/lib/thumb/v7e-m+fp/hard/libc_nano.a(lib_a-lseekr.o)
                0x00000000081048cc                _lseek_r
 .text._read_r  0x00000000081048f0       0x24 /opt/st/stm32cubeide_1.11.0/plugins/com.st.stm32cube.ide.mcu.externaltools.gnu-tools-for-stm32.10.3-2021.10.linux64_1.0.100.202210260954/tools/bin/../lib/gcc/arm-none-eabi/10.3.1/../../../../arm-none-eabi/lib/thumb/v7e-m+fp/hard/libc_nano.a(lib_a-readr.o)
                0x00000000081048f0                _read_r
 *(.glue_7)
 .glue_7        0x0000000008104914        0x0 linker stubs
 *(.glue_7t)
 .glue_7t       0x0000000008104914        0x0 linker stubs
 *(.eh_frame)
 .eh_frame      0x0000000008104914        0x0 /opt/st/stm32cubeide_1.11.0/plugins/com.st.stm32cube.ide.mcu.externaltools.gnu-tools-for-stm32.10.3-2021.10.linux64_1.0.100.202210260954/tools/bin/../lib/gcc/arm-none-eabi/10.3.1/thumb/v7e-m+fp/hard/crtbegin.o
 *(.init)
 .init          0x0000000008104914        0x4 /opt/st/stm32cubeide_1.11.0/plugins/com.st.stm32cube.ide.mcu.externaltools.gnu-tools-for-stm32.10.3-2021.10.linux64_1.0.100.202210260954/tools/bin/../lib/gcc/arm-none-eabi/10.3.1/thumb/v7e-m+fp/hard/crti.o
                0x0000000008104914                _init
 .init          0x0000000008104918        0x8 /opt/st/stm32cubeide_1.11.0/plugins/com.st.stm32cube.ide.mcu.externaltools.gnu-tools-for-stm32.10.3-2021.10.linux64_1.0.100.202210260954/tools/bin/../lib/gcc/arm-none-eabi/10.3.1/thumb/v7e-m+fp/hard/crtn.o
 *(.fini)
 .fini          0x0000000008104920        0x4 /opt/st/stm32cubeide_1.11.0/plugins/com.st.stm32cube.ide.mcu.externaltools.gnu-tools-for-stm32.10.3-2021.10.linux64_1.0.100.202210260954/tools/bin/../lib/gcc/arm-none-eabi/10.3.1/thumb/v7e-m+fp/hard/crti.o
                0x0000000008104920                _fini
 .fini          0x0000000008104924        0x8 /opt/st/stm32cubeide_1.11.0/plugins/com.st.stm32cube.ide.mcu.externaltools.gnu-tools-for-stm32.10.3-2021.10.linux64_1.0.100.202210260954/tools/bin/../lib/gcc/arm-none-eabi/10.3.1/thumb/v7e-m+fp/hard/crtn.o
                0x000000000810492c                . = ALIGN (0x4)
                0x000000000810492c                _etext = .

.vfp11_veneer   0x000000000810492c        0x0
 .vfp11_veneer  0x000000000810492c        0x0 linker stubs

.v4_bx          0x000000000810492c        0x0
 .v4_bx         0x000000000810492c        0x0 linker stubs

.iplt           0x000000000810492c        0x0
 .iplt          0x000000000810492c        0x0 /opt/st/stm32cubeide_1.11.0/plugins/com.st.stm32cube.ide.mcu.externaltools.gnu-tools-for-stm32.10.3-2021.10.linux64_1.0.100.202210260954/tools/bin/../lib/gcc/arm-none-eabi/10.3.1/thumb/v7e-m+fp/hard/crtbegin.o

.rodata         0x000000000810492c      0x354
                0x000000000810492c                . = ALIGN (0x4)
 *(.rodata)
 .rodata        0x000000000810492c       0x22 ./Core/Module/openAMP_RTOS_M4/src/openAMP_RTOS_M4.o
 *fill*         0x000000000810494e        0x2 
 .rodata        0x0000000008104950       0xc8 ./Middlewares/Third_Party/OpenAMP/device.o
 .rodata        0x0000000008104a18       0xfa ./Middlewares/Third_Party/OpenAMP/remoteproc_virtio.o
 *fill*         0x0000000008104b12        0x2 
 .rodata        0x0000000008104b14       0x13 ./Middlewares/Third_Party/OpenAMP/rpmsg_virtio.o
 *fill*         0x0000000008104b27        0x1 
 .rodata        0x0000000008104b28       0x1d ./OPENAMP/openamp.o
 *(.rodata*)
 *fill*         0x0000000008104b45        0x3 
 .rodata.D1CorePrescTable
                0x0000000008104b48       0x10 ./Common/Src/system_stm32h7xx_dualcore_boot_cm4_cm7.o
                0x0000000008104b48                D1CorePrescTable
 .rodata.remoteproc_virtio_dispatch_funcs
                0x0000000008104b58       0x24 ./Middlewares/Third_Party/OpenAMP/remoteproc_virtio.o
                0x0000000008104b58                remoteproc_virtio_dispatch_funcs
 .rodata.__func__.1
                0x0000000008104b7c       0x1e ./Middlewares/Third_Party/OpenAMP/remoteproc_virtio.o
 *fill*         0x0000000008104b9a        0x2 
 .rodata.__func__.0
                0x0000000008104b9c        0xe ./Middlewares/Third_Party/OpenAMP/remoteproc_virtio.o
 .rodata.__assert_func.str1.1
                0x0000000008104baa       0x3c /opt/st/stm32cubeide_1.11.0/plugins/com.st.stm32cube.ide.mcu.externaltools.gnu-tools-for-stm32.10.3-2021.10.linux64_1.0.100.202210260954/tools/bin/../lib/gcc/arm-none-eabi/10.3.1/../../../../arm-none-eabi/lib/thumb/v7e-m+fp/hard/libc_nano.a(lib_a-assert.o)
                                         0x3d (size before relaxing)
 *fill*         0x0000000008104be6        0x2 
 .rodata._global_impure_ptr
                0x0000000008104be8        0x4 /opt/st/stm32cubeide_1.11.0/plugins/com.st.stm32cube.ide.mcu.externaltools.gnu-tools-for-stm32.10.3-2021.10.linux64_1.0.100.202210260954/tools/bin/../lib/gcc/arm-none-eabi/10.3.1/../../../../arm-none-eabi/lib/thumb/v7e-m+fp/hard/libc_nano.a(lib_a-impure.o)
                0x0000000008104be8                _global_impure_ptr
 .rodata._vfprintf_r.str1.1
                0x0000000008104bec       0x11 /opt/st/stm32cubeide_1.11.0/plugins/com.st.stm32cube.ide.mcu.externaltools.gnu-tools-for-stm32.10.3-2021.10.linux64_1.0.100.202210260954/tools/bin/../lib/gcc/arm-none-eabi/10.3.1/../../../../arm-none-eabi/lib/thumb/v7e-m+fp/hard/libc_nano.a(lib_a-nano-vfprintf.o)
 .rodata._printf_i.str1.1
                0x0000000008104bfd       0x22 /opt/st/stm32cubeide_1.11.0/plugins/com.st.stm32cube.ide.mcu.externaltools.gnu-tools-for-stm32.10.3-2021.10.linux64_1.0.100.202210260954/tools/bin/../lib/gcc/arm-none-eabi/10.3.1/../../../../arm-none-eabi/lib/thumb/v7e-m+fp/hard/libc_nano.a(lib_a-nano-vfprintf_i.o)
 *fill*         0x0000000008104c1f        0x1 
 .rodata.__sf_fake_stderr
                0x0000000008104c20       0x20 /opt/st/stm32cubeide_1.11.0/plugins/com.st.stm32cube.ide.mcu.externaltools.gnu-tools-for-stm32.10.3-2021.10.linux64_1.0.100.202210260954/tools/bin/../lib/gcc/arm-none-eabi/10.3.1/../../../../arm-none-eabi/lib/thumb/v7e-m+fp/hard/libc_nano.a(lib_a-findfp.o)
                0x0000000008104c20                __sf_fake_stderr
 .rodata.__sf_fake_stdin
                0x0000000008104c40       0x20 /opt/st/stm32cubeide_1.11.0/plugins/com.st.stm32cube.ide.mcu.externaltools.gnu-tools-for-stm32.10.3-2021.10.linux64_1.0.100.202210260954/tools/bin/../lib/gcc/arm-none-eabi/10.3.1/../../../../arm-none-eabi/lib/thumb/v7e-m+fp/hard/libc_nano.a(lib_a-findfp.o)
                0x0000000008104c40                __sf_fake_stdin
 .rodata.__sf_fake_stdout
                0x0000000008104c60       0x20 /opt/st/stm32cubeide_1.11.0/plugins/com.st.stm32cube.ide.mcu.externaltools.gnu-tools-for-stm32.10.3-2021.10.linux64_1.0.100.202210260954/tools/bin/../lib/gcc/arm-none-eabi/10.3.1/../../../../arm-none-eabi/lib/thumb/v7e-m+fp/hard/libc_nano.a(lib_a-findfp.o)
                0x0000000008104c60                __sf_fake_stdout
                0x0000000008104c80                . = ALIGN (0x4)

.rel.dyn        0x0000000008104c80        0x0
 .rel.iplt      0x0000000008104c80        0x0 /opt/st/stm32cubeide_1.11.0/plugins/com.st.stm32cube.ide.mcu.externaltools.gnu-tools-for-stm32.10.3-2021.10.linux64_1.0.100.202210260954/tools/bin/../lib/gcc/arm-none-eabi/10.3.1/thumb/v7e-m+fp/hard/crtbegin.o

.ARM.extab
 *(.ARM.extab* .gnu.linkonce.armextab.*)

.ARM            0x0000000008104c80        0x0
                0x0000000008104c80                __exidx_start = .
 *(.ARM.exidx*)
                0x0000000008104c80                __exidx_end = .

.preinit_array  0x0000000008104c80        0x0
                0x0000000008104c80                PROVIDE (__preinit_array_start = .)
 *(.preinit_array*)
                0x0000000008104c80                PROVIDE (__preinit_array_end = .)

.init_array     0x0000000008104c80        0x4
                0x0000000008104c80                PROVIDE (__init_array_start = .)
 *(SORT_BY_NAME(.init_array.*))
 *(.init_array*)
 .init_array    0x0000000008104c80        0x4 /opt/st/stm32cubeide_1.11.0/plugins/com.st.stm32cube.ide.mcu.externaltools.gnu-tools-for-stm32.10.3-2021.10.linux64_1.0.100.202210260954/tools/bin/../lib/gcc/arm-none-eabi/10.3.1/thumb/v7e-m+fp/hard/crtbegin.o
                0x0000000008104c84                PROVIDE (__init_array_end = .)

.fini_array     0x0000000008104c84        0x4
                [!provide]                        PROVIDE (__fini_array_start = .)
 *(SORT_BY_NAME(.fini_array.*))
 *(.fini_array*)
 .fini_array    0x0000000008104c84        0x4 /opt/st/stm32cubeide_1.11.0/plugins/com.st.stm32cube.ide.mcu.externaltools.gnu-tools-for-stm32.10.3-2021.10.linux64_1.0.100.202210260954/tools/bin/../lib/gcc/arm-none-eabi/10.3.1/thumb/v7e-m+fp/hard/crtbegin.o
                [!provide]                        PROVIDE (__fini_array_end = .)
                0x0000000008104c88                _sidata = LOADADDR (.data)

.data           0x0000000010000000      0x11c load address 0x0000000008104c88
                0x0000000010000000                . = ALIGN (0x4)
                0x0000000010000000                _sdata = .
 *(.data)
 *(.data*)
 .data.SystemCoreClock
                0x0000000010000000        0x4 ./Common/Src/system_stm32h7xx_dualcore_boot_cm4_cm7.o
                0x0000000010000000                SystemCoreClock
 .data.SystemD2Clock
                0x0000000010000004        0x4 ./Common/Src/system_stm32h7xx_dualcore_boot_cm4_cm7.o
                0x0000000010000004                SystemD2Clock
 .data.uwTickPrio
                0x0000000010000008        0x4 ./Drivers/STM32H7xx_HAL_Driver/stm32h7xx_hal.o
                0x0000000010000008                uwTickPrio
 .data.uwTickFreq
                0x000000001000000c        0x1 ./Drivers/STM32H7xx_HAL_Driver/stm32h7xx_hal.o
                0x000000001000000c                uwTickFreq
 *fill*         0x000000001000000d        0x3 
 .data.metal_generic_bus
                0x0000000010000010       0x2c ./Middlewares/Third_Party/OpenAMP/device.o
                0x0000000010000010                metal_generic_bus
 .data.shm_device
                0x000000001000003c       0x7c ./OPENAMP/openamp.o
                0x000000001000003c                shm_device
 .data._impure_ptr
                0x00000000100000b8        0x4 /opt/st/stm32cubeide_1.11.0/plugins/com.st.stm32cube.ide.mcu.externaltools.gnu-tools-for-stm32.10.3-2021.10.linux64_1.0.100.202210260954/tools/bin/../lib/gcc/arm-none-eabi/10.3.1/../../../../arm-none-eabi/lib/thumb/v7e-m+fp/hard/libc_nano.a(lib_a-impure.o)
                0x00000000100000b8                _impure_ptr
 .data.impure_data
                0x00000000100000bc       0x60 /opt/st/stm32cubeide_1.11.0/plugins/com.st.stm32cube.ide.mcu.externaltools.gnu-tools-for-stm32.10.3-2021.10.linux64_1.0.100.202210260954/tools/bin/../lib/gcc/arm-none-eabi/10.3.1/../../../../arm-none-eabi/lib/thumb/v7e-m+fp/hard/libc_nano.a(lib_a-impure.o)
 *(.RamFunc)
 *(.RamFunc*)
                0x000000001000011c                . = ALIGN (0x4)
                0x000000001000011c                _edata = .

.igot.plt       0x000000001000011c        0x0 load address 0x0000000008104da4
 .igot.plt      0x000000001000011c        0x0 /opt/st/stm32cubeide_1.11.0/plugins/com.st.stm32cube.ide.mcu.externaltools.gnu-tools-for-stm32.10.3-2021.10.linux64_1.0.100.202210260954/tools/bin/../lib/gcc/arm-none-eabi/10.3.1/thumb/v7e-m+fp/hard/crtbegin.o
                0x000000001000011c                . = ALIGN (0x4)

.bss            0x000000001000011c      0x138 load address 0x0000000008104da4
                0x000000001000011c                _sbss = .
                0x000000001000011c                __bss_start__ = _sbss
 *(.bss)
 .bss           0x000000001000011c       0x1c /opt/st/stm32cubeide_1.11.0/plugins/com.st.stm32cube.ide.mcu.externaltools.gnu-tools-for-stm32.10.3-2021.10.linux64_1.0.100.202210260954/tools/bin/../lib/gcc/arm-none-eabi/10.3.1/thumb/v7e-m+fp/hard/crtbegin.o
 *(.bss*)
 .bss._ZL12message_recv
                0x0000000010000138        0x4 ./Core/Module/openAMP_RTOS_M4/src/openAMP_RTOS_M4.o
 .bss._ZL16message_received
                0x000000001000013c        0x4 ./Core/Module/openAMP_RTOS_M4/src/openAMP_RTOS_M4.o
 .bss._ZL13received_data
                0x0000000010000140        0x4 ./Core/Module/openAMP_RTOS_M4/src/openAMP_RTOS_M4.o
 .bss._ZL11rp_endpoint
                0x0000000010000144       0x40 ./Core/Module/openAMP_RTOS_M4/src/openAMP_RTOS_M4.o
 .bss.__sbrk_heap_end
                0x0000000010000184        0x4 ./Core/Src/sysmem.o
 .bss.uwTick    0x0000000010000188        0x4 ./Drivers/STM32H7xx_HAL_Driver/stm32h7xx_hal.o
                0x0000000010000188                uwTick
 .bss._metal    0x000000001000018c       0x20 ./Middlewares/Third_Party/OpenAMP/generic_init.o
                0x000000001000018c                _metal
 .bss.msg_received
                0x00000000100001ac        0x4 ./OPENAMP/mbox_hsem.o
 .bss.shm_io    0x00000000100001b0        0x4 ./OPENAMP/openamp.o
 .bss.rsc_io    0x00000000100001b4        0x4 ./OPENAMP/openamp.o
 .bss.rsc_table
                0x00000000100001b8        0x4 ./OPENAMP/openamp.o
 .bss.shpool    0x00000000100001bc        0xc ./OPENAMP/openamp.o
 .bss.rvdev     0x00000000100001c8       0x78 ./OPENAMP/openamp.o
 .bss.shm_physmap
                0x0000000010000240        0x4 ./OPENAMP/openamp.o
 .bss.__malloc_free_list
                0x0000000010000244        0x4 /opt/st/stm32cubeide_1.11.0/plugins/com.st.stm32cube.ide.mcu.externaltools.gnu-tools-for-stm32.10.3-2021.10.linux64_1.0.100.202210260954/tools/bin/../lib/gcc/arm-none-eabi/10.3.1/../../../../arm-none-eabi/lib/thumb/v7e-m+fp/hard/libc_nano.a(lib_a-nano-mallocr.o)
                0x0000000010000244                __malloc_free_list
 .bss.__malloc_sbrk_start
                0x0000000010000248        0x4 /opt/st/stm32cubeide_1.11.0/plugins/com.st.stm32cube.ide.mcu.externaltools.gnu-tools-for-stm32.10.3-2021.10.linux64_1.0.100.202210260954/tools/bin/../lib/gcc/arm-none-eabi/10.3.1/../../../../arm-none-eabi/lib/thumb/v7e-m+fp/hard/libc_nano.a(lib_a-nano-mallocr.o)
                0x0000000010000248                __malloc_sbrk_start
 .bss.__lock___malloc_recursive_mutex
                0x000000001000024c        0x1 /opt/st/stm32cubeide_1.11.0/plugins/com.st.stm32cube.ide.mcu.externaltools.gnu-tools-for-stm32.10.3-2021.10.linux64_1.0.100.202210260954/tools/bin/../lib/gcc/arm-none-eabi/10.3.1/../../../../arm-none-eabi/lib/thumb/v7e-m+fp/hard/libc_nano.a(lib_a-lock.o)
                0x000000001000024c                __lock___malloc_recursive_mutex
 .bss.__lock___sfp_recursive_mutex
                0x000000001000024d        0x1 /opt/st/stm32cubeide_1.11.0/plugins/com.st.stm32cube.ide.mcu.externaltools.gnu-tools-for-stm32.10.3-2021.10.linux64_1.0.100.202210260954/tools/bin/../lib/gcc/arm-none-eabi/10.3.1/../../../../arm-none-eabi/lib/thumb/v7e-m+fp/hard/libc_nano.a(lib_a-lock.o)
                0x000000001000024d                __lock___sfp_recursive_mutex
 .bss.__lock___sinit_recursive_mutex
                0x000000001000024e        0x1 /opt/st/stm32cubeide_1.11.0/plugins/com.st.stm32cube.ide.mcu.externaltools.gnu-tools-for-stm32.10.3-2021.10.linux64_1.0.100.202210260954/tools/bin/../lib/gcc/arm-none-eabi/10.3.1/../../../../arm-none-eabi/lib/thumb/v7e-m+fp/hard/libc_nano.a(lib_a-lock.o)
                0x000000001000024e                __lock___sinit_recursive_mutex
 *fill*         0x000000001000024f        0x1 
 .bss.errno     0x0000000010000250        0x4 /opt/st/stm32cubeide_1.11.0/plugins/com.st.stm32cube.ide.mcu.externaltools.gnu-tools-for-stm32.10.3-2021.10.linux64_1.0.100.202210260954/tools/bin/../lib/gcc/arm-none-eabi/10.3.1/../../../../arm-none-eabi/lib/thumb/v7e-m+fp/hard/libc_nano.a(lib_a-reent.o)
                0x0000000010000250                errno
 *(COMMON)
                0x0000000010000254                . = ALIGN (0x4)
                0x0000000010000254                _ebss = .
                0x0000000010000254                __bss_end__ = _ebss

._user_heap_stack
                0x0000000010000254      0x604 load address 0x0000000008104da4
                0x0000000010000258                . = ALIGN (0x8)
 *fill*         0x0000000010000254        0x4 
                [!provide]                        PROVIDE (end = .)
                0x0000000010000258                PROVIDE (_end = .)
                0x0000000010000458                . = (. + _Min_Heap_Size)
 *fill*         0x0000000010000258      0x200 
                0x0000000010000858                . = (. + _Min_Stack_Size)
 *fill*         0x0000000010000458      0x400 
                0x0000000010000858                . = ALIGN (0x8)

.openamp_section
                0x0000000038000000       0x8c load address 0x0000000008104da4
                0x0000000038000000                . = ABSOLUTE (0x38000000)
 *(.resource_table)
 .resource_table
                0x0000000038000000       0x8c ./OPENAMP/rsc_table.o
                0x0000000038000000                resource_table

/DISCARD/
 libc.a(*)
 libm.a(*)
 libgcc.a(*)

.ARM.attributes
                0x0000000000000000       0x30
 *(.ARM.attributes)
 .ARM.attributes
                0x0000000000000000       0x1e /opt/st/stm32cubeide_1.11.0/plugins/com.st.stm32cube.ide.mcu.externaltools.gnu-tools-for-stm32.10.3-2021.10.linux64_1.0.100.202210260954/tools/bin/../lib/gcc/arm-none-eabi/10.3.1/thumb/v7e-m+fp/hard/crti.o
 .ARM.attributes
                0x000000000000001e       0x34 /opt/st/stm32cubeide_1.11.0/plugins/com.st.stm32cube.ide.mcu.externaltools.gnu-tools-for-stm32.10.3-2021.10.linux64_1.0.100.202210260954/tools/bin/../lib/gcc/arm-none-eabi/10.3.1/thumb/v7e-m+fp/hard/crtbegin.o
 .ARM.attributes
                0x0000000000000052       0x34 ./Common/Src/system_stm32h7xx_dualcore_boot_cm4_cm7.o
 .ARM.attributes
                0x0000000000000086       0x34 ./Core/Module/openAMP_RTOS_M4/src/openAMP_RTOS_M4.o
 .ARM.attributes
                0x00000000000000ba       0x34 ./Core/Src/main.o
 .ARM.attributes
                0x00000000000000ee       0x34 ./Core/Src/stm32h7xx_hal_msp.o
 .ARM.attributes
                0x0000000000000122       0x34 ./Core/Src/stm32h7xx_it.o
 .ARM.attributes
                0x0000000000000156       0x34 ./Core/Src/syscalls.o
 .ARM.attributes
                0x000000000000018a       0x34 ./Core/Src/sysmem.o
 .ARM.attributes
                0x00000000000001be       0x21 ./Core/Startup/startup_stm32h747xihx.o
 .ARM.attributes
                0x00000000000001df       0x34 ./Drivers/STM32H7xx_HAL_Driver/stm32h7xx_hal.o
 .ARM.attributes
                0x0000000000000213       0x34 ./Drivers/STM32H7xx_HAL_Driver/stm32h7xx_hal_cortex.o
 .ARM.attributes
                0x0000000000000247       0x34 ./Drivers/STM32H7xx_HAL_Driver/stm32h7xx_hal_hsem.o
 .ARM.attributes
                0x000000000000027b       0x34 ./Drivers/STM32H7xx_HAL_Driver/stm32h7xx_hal_pwr_ex.o
 .ARM.attributes
                0x00000000000002af       0x34 ./Drivers/STM32H7xx_HAL_Driver/stm32h7xx_hal_rcc.o
 .ARM.attributes
                0x00000000000002e3       0x34 ./Middlewares/Third_Party/OpenAMP/device.o
 .ARM.attributes
                0x0000000000000317       0x34 ./Middlewares/Third_Party/OpenAMP/generic_device.o
 .ARM.attributes
                0x000000000000034b       0x34 ./Middlewares/Third_Party/OpenAMP/generic_init.o
 .ARM.attributes
                0x000000000000037f       0x34 ./Middlewares/Third_Party/OpenAMP/generic_io.o
 .ARM.attributes
                0x00000000000003b3       0x34 ./Middlewares/Third_Party/OpenAMP/init.o
 .ARM.attributes
                0x00000000000003e7       0x34 ./Middlewares/Third_Party/OpenAMP/io.o
 .ARM.attributes
                0x000000000000041b       0x34 ./Middlewares/Third_Party/OpenAMP/log.o
 .ARM.attributes
                0x000000000000044f       0x34 ./Middlewares/Third_Party/OpenAMP/remoteproc_virtio.o
 .ARM.attributes
                0x0000000000000483       0x34 ./Middlewares/Third_Party/OpenAMP/rpmsg.o
 .ARM.attributes
                0x00000000000004b7       0x34 ./Middlewares/Third_Party/OpenAMP/rpmsg_virtio.o
 .ARM.attributes
                0x00000000000004eb       0x34 ./Middlewares/Third_Party/OpenAMP/sys.o
 .ARM.attributes
                0x000000000000051f       0x34 ./Middlewares/Third_Party/OpenAMP/virtio.o
 .ARM.attributes
                0x0000000000000553       0x34 ./Middlewares/Third_Party/OpenAMP/virtqueue.o
 .ARM.attributes
                0x0000000000000587       0x34 ./OPENAMP/mbox_hsem.o
 .ARM.attributes
                0x00000000000005bb       0x34 ./OPENAMP/openamp.o
 .ARM.attributes
                0x00000000000005ef       0x34 ./OPENAMP/rsc_table.o
 .ARM.attributes
                0x0000000000000623       0x34 /opt/st/stm32cubeide_1.11.0/plugins/com.st.stm32cube.ide.mcu.externaltools.gnu-tools-for-stm32.10.3-2021.10.linux64_1.0.100.202210260954/tools/bin/../lib/gcc/arm-none-eabi/10.3.1/../../../../arm-none-eabi/lib/thumb/v7e-m+fp/hard/libc_nano.a(lib_a-assert.o)
 .ARM.attributes
                0x0000000000000657       0x34 /opt/st/stm32cubeide_1.11.0/plugins/com.st.stm32cube.ide.mcu.externaltools.gnu-tools-for-stm32.10.3-2021.10.linux64_1.0.100.202210260954/tools/bin/../lib/gcc/arm-none-eabi/10.3.1/../../../../arm-none-eabi/lib/thumb/v7e-m+fp/hard/libc_nano.a(lib_a-errno.o)
 .ARM.attributes
                0x000000000000068b       0x34 /opt/st/stm32cubeide_1.11.0/plugins/com.st.stm32cube.ide.mcu.externaltools.gnu-tools-for-stm32.10.3-2021.10.linux64_1.0.100.202210260954/tools/bin/../lib/gcc/arm-none-eabi/10.3.1/../../../../arm-none-eabi/lib/thumb/v7e-m+fp/hard/libc_nano.a(lib_a-fprintf.o)
 .ARM.attributes
                0x00000000000006bf       0x34 /opt/st/stm32cubeide_1.11.0/plugins/com.st.stm32cube.ide.mcu.externaltools.gnu-tools-for-stm32.10.3-2021.10.linux64_1.0.100.202210260954/tools/bin/../lib/gcc/arm-none-eabi/10.3.1/../../../../arm-none-eabi/lib/thumb/v7e-m+fp/hard/libc_nano.a(lib_a-impure.o)
 .ARM.attributes
                0x00000000000006f3       0x34 /opt/st/stm32cubeide_1.11.0/plugins/com.st.stm32cube.ide.mcu.externaltools.gnu-tools-for-stm32.10.3-2021.10.linux64_1.0.100.202210260954/tools/bin/../lib/gcc/arm-none-eabi/10.3.1/../../../../arm-none-eabi/lib/thumb/v7e-m+fp/hard/libc_nano.a(lib_a-init.o)
 .ARM.attributes
                0x0000000000000727       0x34 /opt/st/stm32cubeide_1.11.0/plugins/com.st.stm32cube.ide.mcu.externaltools.gnu-tools-for-stm32.10.3-2021.10.linux64_1.0.100.202210260954/tools/bin/../lib/gcc/arm-none-eabi/10.3.1/../../../../arm-none-eabi/lib/thumb/v7e-m+fp/hard/libc_nano.a(lib_a-malloc.o)
 .ARM.attributes
                0x000000000000075b       0x34 /opt/st/stm32cubeide_1.11.0/plugins/com.st.stm32cube.ide.mcu.externaltools.gnu-tools-for-stm32.10.3-2021.10.linux64_1.0.100.202210260954/tools/bin/../lib/gcc/arm-none-eabi/10.3.1/../../../../arm-none-eabi/lib/thumb/v7e-m+fp/hard/libc_nano.a(lib_a-memcpy-stub.o)
 .ARM.attributes
                0x000000000000078f       0x34 /opt/st/stm32cubeide_1.11.0/plugins/com.st.stm32cube.ide.mcu.externaltools.gnu-tools-for-stm32.10.3-2021.10.linux64_1.0.100.202210260954/tools/bin/../lib/gcc/arm-none-eabi/10.3.1/../../../../arm-none-eabi/lib/thumb/v7e-m+fp/hard/libc_nano.a(lib_a-memset.o)
 .ARM.attributes
                0x00000000000007c3       0x34 /opt/st/stm32cubeide_1.11.0/plugins/com.st.stm32cube.ide.mcu.externaltools.gnu-tools-for-stm32.10.3-2021.10.linux64_1.0.100.202210260954/tools/bin/../lib/gcc/arm-none-eabi/10.3.1/../../../../arm-none-eabi/lib/thumb/v7e-m+fp/hard/libc_nano.a(lib_a-nano-freer.o)
 .ARM.attributes
                0x00000000000007f7       0x34 /opt/st/stm32cubeide_1.11.0/plugins/com.st.stm32cube.ide.mcu.externaltools.gnu-tools-for-stm32.10.3-2021.10.linux64_1.0.100.202210260954/tools/bin/../lib/gcc/arm-none-eabi/10.3.1/../../../../arm-none-eabi/lib/thumb/v7e-m+fp/hard/libc_nano.a(lib_a-nano-mallocr.o)
 .ARM.attributes
                0x000000000000082b       0x34 /opt/st/stm32cubeide_1.11.0/plugins/com.st.stm32cube.ide.mcu.externaltools.gnu-tools-for-stm32.10.3-2021.10.linux64_1.0.100.202210260954/tools/bin/../lib/gcc/arm-none-eabi/10.3.1/../../../../arm-none-eabi/lib/thumb/v7e-m+fp/hard/libc_nano.a(lib_a-nano-vfprintf.o)
 .ARM.attributes
                0x000000000000085f       0x34 /opt/st/stm32cubeide_1.11.0/plugins/com.st.stm32cube.ide.mcu.externaltools.gnu-tools-for-stm32.10.3-2021.10.linux64_1.0.100.202210260954/tools/bin/../lib/gcc/arm-none-eabi/10.3.1/../../../../arm-none-eabi/lib/thumb/v7e-m+fp/hard/libc_nano.a(lib_a-nano-vfprintf_i.o)
 .ARM.attributes
                0x0000000000000893       0x34 /opt/st/stm32cubeide_1.11.0/plugins/com.st.stm32cube.ide.mcu.externaltools.gnu-tools-for-stm32.10.3-2021.10.linux64_1.0.100.202210260954/tools/bin/../lib/gcc/arm-none-eabi/10.3.1/../../../../arm-none-eabi/lib/thumb/v7e-m+fp/hard/libc_nano.a(lib_a-printf.o)
 .ARM.attributes
                0x00000000000008c7       0x34 /opt/st/stm32cubeide_1.11.0/plugins/com.st.stm32cube.ide.mcu.externaltools.gnu-tools-for-stm32.10.3-2021.10.linux64_1.0.100.202210260954/tools/bin/../lib/gcc/arm-none-eabi/10.3.1/../../../../arm-none-eabi/lib/thumb/v7e-m+fp/hard/libc_nano.a(lib_a-sbrkr.o)
 .ARM.attributes
                0x00000000000008fb       0x1c /opt/st/stm32cubeide_1.11.0/plugins/com.st.stm32cube.ide.mcu.externaltools.gnu-tools-for-stm32.10.3-2021.10.linux64_1.0.100.202210260954/tools/bin/../lib/gcc/arm-none-eabi/10.3.1/../../../../arm-none-eabi/lib/thumb/v7e-m+fp/hard/libc_nano.a(lib_a-strcmp.o)
 .ARM.attributes
                0x0000000000000917       0x17 /opt/st/stm32cubeide_1.11.0/plugins/com.st.stm32cube.ide.mcu.externaltools.gnu-tools-for-stm32.10.3-2021.10.linux64_1.0.100.202210260954/tools/bin/../lib/gcc/arm-none-eabi/10.3.1/../../../../arm-none-eabi/lib/thumb/v7e-m+fp/hard/libc_nano.a(lib_a-strlen.o)
 .ARM.attributes
                0x000000000000092e       0x34 /opt/st/stm32cubeide_1.11.0/plugins/com.st.stm32cube.ide.mcu.externaltools.gnu-tools-for-stm32.10.3-2021.10.linux64_1.0.100.202210260954/tools/bin/../lib/gcc/arm-none-eabi/10.3.1/../../../../arm-none-eabi/lib/thumb/v7e-m+fp/hard/libc_nano.a(lib_a-strncmp.o)
 .ARM.attributes
                0x0000000000000962       0x34 /opt/st/stm32cubeide_1.11.0/plugins/com.st.stm32cube.ide.mcu.externaltools.gnu-tools-for-stm32.10.3-2021.10.linux64_1.0.100.202210260954/tools/bin/../lib/gcc/arm-none-eabi/10.3.1/../../../../arm-none-eabi/lib/thumb/v7e-m+fp/hard/libc_nano.a(lib_a-strncpy.o)
 .ARM.attributes
                0x0000000000000996       0x34 /opt/st/stm32cubeide_1.11.0/plugins/com.st.stm32cube.ide.mcu.externaltools.gnu-tools-for-stm32.10.3-2021.10.linux64_1.0.100.202210260954/tools/bin/../lib/gcc/arm-none-eabi/10.3.1/../../../../arm-none-eabi/lib/thumb/v7e-m+fp/hard/libc_nano.a(lib_a-wbuf.o)
 .ARM.attributes
                0x00000000000009ca       0x34 /opt/st/stm32cubeide_1.11.0/plugins/com.st.stm32cube.ide.mcu.externaltools.gnu-tools-for-stm32.10.3-2021.10.linux64_1.0.100.202210260954/tools/bin/../lib/gcc/arm-none-eabi/10.3.1/../../../../arm-none-eabi/lib/thumb/v7e-m+fp/hard/libc_nano.a(lib_a-wsetup.o)
 .ARM.attributes