/opt/st/stm32cubeide_1.11.0/plugins/com.st.stm32cube.ide.mcu.externaltools.gnu-tools-for-stm32.10.3-2021.10.linux64_1.0.100.202210260954/tools/arm-none-eabi/include/c++/10.3.1/arm-none-eabi/thumb/v7e-m+dp/hard/bits/gthr-default.h:229:1:int __gthread_key_delete(__gthread_key_t)	16	static
/opt/st/stm32cubeide_1.11.0/plugins/com.st.stm32cube.ide.mcu.externaltools.gnu-tools-for-stm32.10.3-2021.10.linux64_1.0.100.202210260954/tools/arm-none-eabi/include/c++/10.3.1/bits/basic_string.h:6568:3:int std::__cxx11::stoi(const string&, std::size_t*, int)	32	static
../Core/Module/ethernet/tcp_rtos/server/tcp_rtos_server.cpp:44:13:void TCPServerRecvTask(const void*)	1568	static
../Core/Module/ethernet/tcp_rtos/server/tcp_rtos_server.cpp:181:6:void TcpServerDelete()	8	static
../Core/Module/ethernet/tcp_rtos/server/tcp_rtos_server.cpp:198:6:void TcpServerSend(const char*)	32	static
../Core/Module/ethernet/tcp_rtos/server/tcp_rtos_server.cpp:253:6:void TcpServerInit()	48	static
/opt/st/stm32cubeide_1.11.0/plugins/com.st.stm32cube.ide.mcu.externaltools.gnu-tools-for-stm32.10.3-2021.10.linux64_1.0.100.202210260954/tools/arm-none-eabi/include/c++/10.3.1/ext/string_conversions.h:63:2:)::_Save_errno::_Save_errno() [with _TRet = long int; _Ret = int; _CharT = char; _Base = {int}]	16	static
/opt/st/stm32cubeide_1.11.0/plugins/com.st.stm32cube.ide.mcu.externaltools.gnu-tools-for-stm32.10.3-2021.10.linux64_1.0.100.202210260954/tools/arm-none-eabi/include/c++/10.3.1/ext/string_conversions.h:64:2:)::_Save_errno::~_Save_errno() [with _TRet = long int; _Ret = int; _CharT = char; _Base = {int}]	16	static
/opt/st/stm32cubeide_1.11.0/plugins/com.st.stm32cube.ide.mcu.externaltools.gnu-tools-for-stm32.10.3-2021.10.linux64_1.0.100.202210260954/tools/arm-none-eabi/include/c++/10.3.1/ext/string_conversions.h:73:4:)::_Range_chk::_S_chk(_TRet, std::true_type) [with _TRet = long int; _Ret = int; _CharT = char; _Base = {int}]	16	static
/opt/st/stm32cubeide_1.11.0/plugins/com.st.stm32cube.ide.mcu.externaltools.gnu-tools-for-stm32.10.3-2021.10.linux64_1.0.100.202210260954/tools/arm-none-eabi/include/c++/10.3.1/ext/string_conversions.h:54:5:) [with _TRet = long int; _Ret = int; _CharT = char; _Base = {int}]	56	static
../Core/Module/ethernet/tcp_rtos/server/tcp_rtos_server.cpp:261:1:void __static_initialization_and_destruction_0(int, int)	16	static
../Core/Module/ethernet/tcp_rtos/server/tcp_rtos_server.cpp:261:1:cpp)	8	static
../Core/Module/ethernet/tcp_rtos/server/tcp_rtos_server.cpp:261:1:cpp)	8	static
