/opt/st/stm32cubeide_1.11.0/plugins/com.st.stm32cube.ide.mcu.externaltools.gnu-tools-for-stm32.10.3-2021.10.linux64_1.0.100.202210260954/tools/arm-none-eabi/include/c++/10.3.1/arm-none-eabi/thumb/v7e-m+dp/hard/bits/gthr-default.h:229:1:int __gthread_key_delete(__gthread_key_t)	16	static
../Core/Module/ethernet/tcp_rtos/server/tcp_rtos_server.cpp:42:13:void StartTCPServerTask(const void*)	32	static
../Core/Module/ethernet/tcp_rtos/server/tcp_rtos_server.cpp:157:6:void TcpServerDelete()	8	static
../Core/Module/ethernet/tcp_rtos/server/tcp_rtos_server.cpp:174:6:void TcpServerRecvBuffer(const char*)	48	static
../Core/Module/ethernet/tcp_rtos/server/tcp_rtos_server.cpp:185:6:void TcpServerSend(const char*)	32	static
../Core/Module/ethernet/tcp_rtos/server/tcp_rtos_server.cpp:200:6:void TcpServerInit()	48	static
../Core/Module/ethernet/tcp_rtos/server/tcp_rtos_server.cpp:208:1:void __static_initialization_and_destruction_0(int, int)	16	static
../Core/Module/ethernet/tcp_rtos/server/tcp_rtos_server.cpp:208:1:cpp)	8	static
../Core/Module/ethernet/tcp_rtos/server/tcp_rtos_server.cpp:208:1:cpp)	8	static
