../../Middlewares/Third_Party/OpenAMP/open-amp/lib/include/openamp/rpmsg.h:147:19:int rpmsg_send(rpmsg_endpoint*, const void*, int)	32	static
../../Middlewares/Third_Party/OpenAMP/open-amp/lib/include/openamp/rpmsg.h:286:20:void rpmsg_init_ept(rpmsg_endpoint*, const char*, uint32_t, uint32_t, rpmsg_ept_cb, rpmsg_ns_unbind_cb)	24	static
/opt/st/stm32cubeide_1.11.0/plugins/com.st.stm32cube.ide.mcu.externaltools.gnu-tools-for-stm32.10.3-2021.10.linux64_1.0.100.202210260954/tools/arm-none-eabi/include/c++/10.3.1/arm-none-eabi/thumb/v7e-m+dp/hard/bits/gthr-default.h:229:1:int __gthread_key_delete(__gthread_key_t)	16	static
../Core/Module/openAMP_RTOS_M7/src/openAMP_RTOS_M7.cpp:31:12:int rpmsg_recv_callback(rpmsg_endpoint*, void*, size_t, uint32_t, void*)	24	static
../Core/Module/openAMP_RTOS_M7/src/openAMP_RTOS_M7.cpp:43:16:volatile char* receive_message()	16	static
../Core/Module/openAMP_RTOS_M7/src/openAMP_RTOS_M7.cpp:59:8:void service_destroy_cb(rpmsg_endpoint*)	16	static
../Core/Module/openAMP_RTOS_M7/src/openAMP_RTOS_M7.cpp:67:6:void new_service_cb(rpmsg_device*, const char*, uint32_t)	32	static
../Core/Module/openAMP_RTOS_M7/src/openAMP_RTOS_M7.cpp:79:6:void OpenAMPInit()	40	static
../Core/Module/openAMP_RTOS_M7/src/openAMP_RTOS_M7.cpp:127:6:void OpenAMPReadTask(const void*)	56	dynamic
../Core/Module/openAMP_RTOS_M7/src/openAMP_RTOS_M7.cpp:164:6:void OpenAMPSend(const char*, int)	56	dynamic
../Core/Module/openAMP_RTOS_M7/src/openAMP_RTOS_M7.cpp:181:6:void OpenAMPChkMsgtask(const void*)	16	static
../Core/Module/openAMP_RTOS_M7/src/openAMP_RTOS_M7.cpp:196:6:void OpenAMPInit_M7()	72	static
../Core/Module/openAMP_RTOS_M7/src/openAMP_RTOS_M7.cpp:209:1:void __static_initialization_and_destruction_0(int, int)	16	static
../Core/Module/openAMP_RTOS_M7/src/openAMP_RTOS_M7.cpp:209:1:cpp)	8	static
../Core/Module/openAMP_RTOS_M7/src/openAMP_RTOS_M7.cpp:209:1:cpp)	8	static
