14:14:16 **** Incremental Build of configuration Debug for project HSS_Test_CM7 ****
make -j4 all 
arm-none-eabi-g++ "../Core/Module/ethernet/tcp_rtos/server/tcp_rtos_server.cpp" -mcpu=cortex-m7 -std=gnu++14 -g3 -DDEBUG -DDATA_IN_D2_SRAM -DCORE_CM7 -DUSE_HAL_DRIVER -DSTM32H747xx -DMETAL_INTERNAL -DMETAL_MAX_DEVICE_REGIONS=2 -DRPMSG_BUFFER_SIZE=1024 -DVIRTIO_MASTER_ONLY -DNO_ATOMIC_64_SUPPORT -c -I../Core/Inc -I"/home/studio3s/STM32CubeIDE/workspace_1.11.0/STM32H7_Modules/HSS_Test/CM7/Core/Module" -I../LWIP/App -I../LWIP/Target -I../../Middlewares/Third_Party/LwIP/src/include -I../../Middlewares/Third_Party/LwIP/system -I../../Drivers/STM32H7xx_HAL_Driver/Inc -I../../Drivers/STM32H7xx_HAL_Driver/Inc/Legacy -I../../Middlewares/Third_Party/FreeRTOS/Source/include -I../../Middlewares/Third_Party/FreeRTOS/Source/CMSIS_RTOS -I../../Middlewares/Third_Party/FreeRTOS/Source/portable/GCC/ARM_CM4F -I../../Drivers/BSP/Components/lan8742 -I../../Middlewares/Third_Party/LwIP/src/include/netif/ppp -I../../Drivers/CMSIS/Device/ST/STM32H7xx/Include -I../../Middlewares/Third_Party/LwIP/src/include/lwip -I../../Middlewares/Third_Party/LwIP/src/include/lwip/apps -I../../Middlewares/Third_Party/LwIP/src/include/lwip/priv -I../../Middlewares/Third_Party/LwIP/src/include/lwip/prot -I../../Middlewares/Third_Party/LwIP/src/include/netif -I../../Middlewares/Third_Party/LwIP/src/include/compat/posix -I../../Middlewares/Third_Party/LwIP/src/include/compat/posix/arpa -I../../Middlewares/Third_Party/LwIP/src/include/compat/posix/net -I../../Middlewares/Third_Party/LwIP/src/include/compat/posix/sys -I../../Middlewares/Third_Party/LwIP/src/include/compat/stdc -I../../Middlewares/Third_Party/LwIP/system/arch -I../../Drivers/CMSIS/Include -I../FATFS/Target -I../FATFS/App -I../OPENAMP -I../../Middlewares/Third_Party/OpenAMP/open-amp/lib/include -I../../Middlewares/Third_Party/OpenAMP/libmetal/lib/include -I../../Middlewares/Third_Party/OpenAMP/libmetal/lib/include/metal/compiler/gcc -I../../Middlewares/Third_Party/OpenAMP/open-amp/lib/rpmsg -I../../Middlewares/Third_Party/FatFs/src -O0 -ffunction-sections -fdata-sections -fno-exceptions -fno-rtti -fno-use-cxa-atexit -Wall -fstack-usage -MMD -MP -MF"Core/Module/ethernet/tcp_rtos/server/tcp_rtos_server.d" -MT"Core/Module/ethernet/tcp_rtos/server/tcp_rtos_server.o" --specs=nano.specs -mfpu=fpv5-d16 -mfloat-abi=hard -mthumb -o "Core/Module/ethernet/tcp_rtos/server/tcp_rtos_server.o"
arm-none-eabi-g++ "../Core/Module/cjson/src/api_cjson.cpp" -mcpu=cortex-m7 -std=gnu++14 -g3 -DDEBUG -DDATA_IN_D2_SRAM -DCORE_CM7 -DUSE_HAL_DRIVER -DSTM32H747xx -DMETAL_INTERNAL -DMETAL_MAX_DEVICE_REGIONS=2 -DRPMSG_BUFFER_SIZE=1024 -DVIRTIO_MASTER_ONLY -DNO_ATOMIC_64_SUPPORT -c -I../Core/Inc -I"/home/studio3s/STM32CubeIDE/workspace_1.11.0/STM32H7_Modules/HSS_Test/CM7/Core/Module" -I../LWIP/App -I../LWIP/Target -I../../Middlewares/Third_Party/LwIP/src/include -I../../Middlewares/Third_Party/LwIP/system -I../../Drivers/STM32H7xx_HAL_Driver/Inc -I../../Drivers/STM32H7xx_HAL_Driver/Inc/Legacy -I../../Middlewares/Third_Party/FreeRTOS/Source/include -I../../Middlewares/Third_Party/FreeRTOS/Source/CMSIS_RTOS -I../../Middlewares/Third_Party/FreeRTOS/Source/portable/GCC/ARM_CM4F -I../../Drivers/BSP/Components/lan8742 -I../../Middlewares/Third_Party/LwIP/src/include/netif/ppp -I../../Drivers/CMSIS/Device/ST/STM32H7xx/Include -I../../Middlewares/Third_Party/LwIP/src/include/lwip -I../../Middlewares/Third_Party/LwIP/src/include/lwip/apps -I../../Middlewares/Third_Party/LwIP/src/include/lwip/priv -I../../Middlewares/Third_Party/LwIP/src/include/lwip/prot -I../../Middlewares/Third_Party/LwIP/src/include/netif -I../../Middlewares/Third_Party/LwIP/src/include/compat/posix -I../../Middlewares/Third_Party/LwIP/src/include/compat/posix/arpa -I../../Middlewares/Third_Party/LwIP/src/include/compat/posix/net -I../../Middlewares/Third_Party/LwIP/src/include/compat/posix/sys -I../../Middlewares/Third_Party/LwIP/src/include/compat/stdc -I../../Middlewares/Third_Party/LwIP/system/arch -I../../Drivers/CMSIS/Include -I../FATFS/Target -I../FATFS/App -I../OPENAMP -I../../Middlewares/Third_Party/OpenAMP/open-amp/lib/include -I../../Middlewares/Third_Party/OpenAMP/libmetal/lib/include -I../../Middlewares/Third_Party/OpenAMP/libmetal/lib/include/metal/compiler/gcc -I../../Middlewares/Third_Party/OpenAMP/open-amp/lib/rpmsg -I../../Middlewares/Third_Party/FatFs/src -O0 -ffunction-sections -fdata-sections -fno-exceptions -fno-rtti -fno-use-cxa-atexit -Wall -fstack-usage -MMD -MP -MF"Core/Module/cjson/src/api_cjson.d" -MT"Core/Module/cjson/src/api_cjson.o" --specs=nano.specs -mfpu=fpv5-d16 -mfloat-abi=hard -mthumb -o "Core/Module/cjson/src/api_cjson.o"
arm-none-eabi-gcc "../Core/Module/cjson/src/cJSON.c" -mcpu=cortex-m7 -std=gnu11 -g3 -DDEBUG -DDATA_IN_D2_SRAM -DCORE_CM7 -DUSE_HAL_DRIVER -DSTM32H747xx -DMETAL_INTERNAL -DMETAL_MAX_DEVICE_REGIONS=2 -DRPMSG_BUFFER_SIZE=1024 -DVIRTIO_MASTER_ONLY -DNO_ATOMIC_64_SUPPORT -c -I../Core/Inc -I"/home/studio3s/STM32CubeIDE/workspace_1.11.0/STM32H7_Modules/HSS_Test/CM7/Core/Module" -I../LWIP/App -I../LWIP/Target -I../../Middlewares/Third_Party/LwIP/src/include -I../../Middlewares/Third_Party/LwIP/system -I../../Drivers/STM32H7xx_HAL_Driver/Inc -I../../Drivers/STM32H7xx_HAL_Driver/Inc/Legacy -I../../Middlewares/Third_Party/FreeRTOS/Source/include -I../../Middlewares/Third_Party/FreeRTOS/Source/CMSIS_RTOS -I../../Middlewares/Third_Party/FreeRTOS/Source/portable/GCC/ARM_CM4F -I../../Drivers/BSP/Components/lan8742 -I../../Middlewares/Third_Party/LwIP/src/include/netif/ppp -I../../Drivers/CMSIS/Device/ST/STM32H7xx/Include -I../../Middlewares/Third_Party/LwIP/src/include/lwip -I../../Middlewares/Third_Party/LwIP/src/include/lwip/apps -I../../Middlewares/Third_Party/LwIP/src/include/lwip/priv -I../../Middlewares/Third_Party/LwIP/src/include/lwip/prot -I../../Middlewares/Third_Party/LwIP/src/include/netif -I../../Middlewares/Third_Party/LwIP/src/include/compat/posix -I../../Middlewares/Third_Party/LwIP/src/include/compat/posix/arpa -I../../Middlewares/Third_Party/LwIP/src/include/compat/posix/net -I../../Middlewares/Third_Party/LwIP/src/include/compat/posix/sys -I../../Middlewares/Third_Party/LwIP/src/include/compat/stdc -I../../Middlewares/Third_Party/LwIP/system/arch -I../../Drivers/CMSIS/Include -I../FATFS/Target -I../FATFS/App -I../OPENAMP -I../../Middlewares/Third_Party/OpenAMP/open-amp/lib/include -I../../Middlewares/Third_Party/OpenAMP/libmetal/lib/include -I../../Middlewares/Third_Party/OpenAMP/libmetal/lib/include/metal/compiler/gcc -I../../Middlewares/Third_Party/OpenAMP/open-amp/lib/rpmsg -I../../Middlewares/Third_Party/FatFs/src -O0 -ffunction-sections -fdata-sections -Wall -fstack-usage -MMD -MP -MF"Core/Module/cjson/src/cJSON.d" -MT"Core/Module/cjson/src/cJSON.o" --specs=nano.specs -mfpu=fpv5-d16 -mfloat-abi=hard -mthumb -o "Core/Module/cjson/src/cJSON.o"
arm-none-eabi-gcc "../Core/Module/cjson/src/cJSON_Utils.c" -mcpu=cortex-m7 -std=gnu11 -g3 -DDEBUG -DDATA_IN_D2_SRAM -DCORE_CM7 -DUSE_HAL_DRIVER -DSTM32H747xx -DMETAL_INTERNAL -DMETAL_MAX_DEVICE_REGIONS=2 -DRPMSG_BUFFER_SIZE=1024 -DVIRTIO_MASTER_ONLY -DNO_ATOMIC_64_SUPPORT -c -I../Core/Inc -I"/home/studio3s/STM32CubeIDE/workspace_1.11.0/STM32H7_Modules/HSS_Test/CM7/Core/Module" -I../LWIP/App -I../LWIP/Target -I../../Middlewares/Third_Party/LwIP/src/include -I../../Middlewares/Third_Party/LwIP/system -I../../Drivers/STM32H7xx_HAL_Driver/Inc -I../../Drivers/STM32H7xx_HAL_Driver/Inc/Legacy -I../../Middlewares/Third_Party/FreeRTOS/Source/include -I../../Middlewares/Third_Party/FreeRTOS/Source/CMSIS_RTOS -I../../Middlewares/Third_Party/FreeRTOS/Source/portable/GCC/ARM_CM4F -I../../Drivers/BSP/Components/lan8742 -I../../Middlewares/Third_Party/LwIP/src/include/netif/ppp -I../../Drivers/CMSIS/Device/ST/STM32H7xx/Include -I../../Middlewares/Third_Party/LwIP/src/include/lwip -I../../Middlewares/Third_Party/LwIP/src/include/lwip/apps -I../../Middlewares/Third_Party/LwIP/src/include/lwip/priv -I../../Middlewares/Third_Party/LwIP/src/include/lwip/prot -I../../Middlewares/Third_Party/LwIP/src/include/netif -I../../Middlewares/Third_Party/LwIP/src/include/compat/posix -I../../Middlewares/Third_Party/LwIP/src/include/compat/posix/arpa -I../../Middlewares/Third_Party/LwIP/src/include/compat/posix/net -I../../Middlewares/Third_Party/LwIP/src/include/compat/posix/sys -I../../Middlewares/Third_Party/LwIP/src/include/compat/stdc -I../../Middlewares/Third_Party/LwIP/system/arch -I../../Drivers/CMSIS/Include -I../FATFS/Target -I../FATFS/App -I../OPENAMP -I../../Middlewares/Third_Party/OpenAMP/open-amp/lib/include -I../../Middlewares/Third_Party/OpenAMP/libmetal/lib/include -I../../Middlewares/Third_Party/OpenAMP/libmetal/lib/include/metal/compiler/gcc -I../../Middlewares/Third_Party/OpenAMP/open-amp/lib/rpmsg -I../../Middlewares/Third_Party/FatFs/src -O0 -ffunction-sections -fdata-sections -Wall -fstack-usage -MMD -MP -MF"Core/Module/cjson/src/cJSON_Utils.d" -MT"Core/Module/cjson/src/cJSON_Utils.o" --specs=nano.specs -mfpu=fpv5-d16 -mfloat-abi=hard -mthumb -o "Core/Module/cjson/src/cJSON_Utils.o"
arm-none-eabi-g++ "../Core/Module/api_debug/api_debug.cpp" -mcpu=cortex-m7 -std=gnu++14 -g3 -DDEBUG -DDATA_IN_D2_SRAM -DCORE_CM7 -DUSE_HAL_DRIVER -DSTM32H747xx -DMETAL_INTERNAL -DMETAL_MAX_DEVICE_REGIONS=2 -DRPMSG_BUFFER_SIZE=1024 -DVIRTIO_MASTER_ONLY -DNO_ATOMIC_64_SUPPORT -c -I../Core/Inc -I"/home/studio3s/STM32CubeIDE/workspace_1.11.0/STM32H7_Modules/HSS_Test/CM7/Core/Module" -I../LWIP/App -I../LWIP/Target -I../../Middlewares/Third_Party/LwIP/src/include -I../../Middlewares/Third_Party/LwIP/system -I../../Drivers/STM32H7xx_HAL_Driver/Inc -I../../Drivers/STM32H7xx_HAL_Driver/Inc/Legacy -I../../Middlewares/Third_Party/FreeRTOS/Source/include -I../../Middlewares/Third_Party/FreeRTOS/Source/CMSIS_RTOS -I../../Middlewares/Third_Party/FreeRTOS/Source/portable/GCC/ARM_CM4F -I../../Drivers/BSP/Components/lan8742 -I../../Middlewares/Third_Party/LwIP/src/include/netif/ppp -I../../Drivers/CMSIS/Device/ST/STM32H7xx/Include -I../../Middlewares/Third_Party/LwIP/src/include/lwip -I../../Middlewares/Third_Party/LwIP/src/include/lwip/apps -I../../Middlewares/Third_Party/LwIP/src/include/lwip/priv -I../../Middlewares/Third_Party/LwIP/src/include/lwip/prot -I../../Middlewares/Third_Party/LwIP/src/include/netif -I../../Middlewares/Third_Party/LwIP/src/include/compat/posix -I../../Middlewares/Third_Party/LwIP/src/include/compat/posix/arpa -I../../Middlewares/Third_Party/LwIP/src/include/compat/posix/net -I../../Middlewares/Third_Party/LwIP/src/include/compat/posix/sys -I../../Middlewares/Third_Party/LwIP/src/include/compat/stdc -I../../Middlewares/Third_Party/LwIP/system/arch -I../../Drivers/CMSIS/Include -I../FATFS/Target -I../FATFS/App -I../OPENAMP -I../../Middlewares/Third_Party/OpenAMP/open-amp/lib/include -I../../Middlewares/Third_Party/OpenAMP/libmetal/lib/include -I../../Middlewares/Third_Party/OpenAMP/libmetal/lib/include/metal/compiler/gcc -I../../Middlewares/Third_Party/OpenAMP/open-amp/lib/rpmsg -I../../Middlewares/Third_Party/FatFs/src -O0 -ffunction-sections -fdata-sections -fno-exceptions -fno-rtti -fno-use-cxa-atexit -Wall -fstack-usage -MMD -MP -MF"Core/Module/api_debug/api_debug.d" -MT"Core/Module/api_debug/api_debug.o" --specs=nano.specs -mfpu=fpv5-d16 -mfloat-abi=hard -mthumb -o "Core/Module/api_debug/api_debug.o"
arm-none-eabi-gcc "/home/studio3s/STM32CubeIDE/workspace_1.11.0/STM32H7_Modules/HSS_Test/Common/Src/system_stm32h7xx_dualcore_boot_cm4_cm7.c" -mcpu=cortex-m7 -std=gnu11 -g3 -DDEBUG -DDATA_IN_D2_SRAM -DCORE_CM7 -DUSE_HAL_DRIVER -DSTM32H747xx -DMETAL_INTERNAL -DMETAL_MAX_DEVICE_REGIONS=2 -DRPMSG_BUFFER_SIZE=1024 -DVIRTIO_MASTER_ONLY -DNO_ATOMIC_64_SUPPORT -c -I../Core/Inc -I"/home/studio3s/STM32CubeIDE/workspace_1.11.0/STM32H7_Modules/HSS_Test/CM7/Core/Module" -I../LWIP/App -I../LWIP/Target -I../../Middlewares/Third_Party/LwIP/src/include -I../../Middlewares/Third_Party/LwIP/system -I../../Drivers/STM32H7xx_HAL_Driver/Inc -I../../Drivers/STM32H7xx_HAL_Driver/Inc/Legacy -I../../Middlewares/Third_Party/FreeRTOS/Source/include -I../../Middlewares/Third_Party/FreeRTOS/Source/CMSIS_RTOS -I../../Middlewares/Third_Party/FreeRTOS/Source/portable/GCC/ARM_CM4F -I../../Drivers/BSP/Components/lan8742 -I../../Middlewares/Third_Party/LwIP/src/include/netif/ppp -I../../Drivers/CMSIS/Device/ST/STM32H7xx/Include -I../../Middlewares/Third_Party/LwIP/src/include/lwip -I../../Middlewares/Third_Party/LwIP/src/include/lwip/apps -I../../Middlewares/Third_Party/LwIP/src/include/lwip/priv -I../../Middlewares/Third_Party/LwIP/src/include/lwip/prot -I../../Middlewares/Third_Party/LwIP/src/include/netif -I../../Middlewares/Third_Party/LwIP/src/include/compat/posix -I../../Middlewares/Third_Party/LwIP/src/include/compat/posix/arpa -I../../Middlewares/Third_Party/LwIP/src/include/compat/posix/net -I../../Middlewares/Third_Party/LwIP/src/include/compat/posix/sys -I../../Middlewares/Third_Party/LwIP/src/include/compat/stdc -I../../Middlewares/Third_Party/LwIP/system/arch -I../../Drivers/CMSIS/Include -I../FATFS/Target -I../FATFS/App -I../OPENAMP -I../../Middlewares/Third_Party/OpenAMP/open-amp/lib/include -I../../Middlewares/Third_Party/OpenAMP/libmetal/lib/include -I../../Middlewares/Third_Party/OpenAMP/libmetal/lib/include/metal/compiler/gcc -I../../Middlewares/Third_Party/OpenAMP/open-amp/lib/rpmsg -I../../Middlewares/Third_Party/FatFs/src -O0 -ffunction-sections -fdata-sections -Wall -fstack-usage -MMD -MP -MF"Common/Src/system_stm32h7xx_dualcore_boot_cm4_cm7.d" -MT"Common/Src/system_stm32h7xx_dualcore_boot_cm4_cm7.o" --specs=nano.specs -mfpu=fpv5-d16 -mfloat-abi=hard -mthumb -o "Common/Src/system_stm32h7xx_dualcore_boot_cm4_cm7.o"
../Core/Module/ethernet/tcp_rtos/server/tcp_rtos_server.cpp: In function 'void StartTCPServerTask(const void*)':
../Core/Module/ethernet/tcp_rtos/server/tcp_rtos_server.cpp:49:11: warning: unused variable 'stx_data' [-Wunused-variable]
   49 |  uint16_t stx_data = 0;
      |           ^~~~~~~~
In file included from /home/studio3s/STM32CubeIDE/workspace_1.11.0/STM32H7_Modules/HSS_Test/CM7/Core/Module/api_debug/api_debug.h:25,
                 from ../Core/Module/api_debug/api_debug.cpp:11:
/home/studio3s/STM32CubeIDE/workspace_1.11.0/STM32H7_Modules/HSS_Test/CM7/Core/Module/fatfs_h7/include/fatfs_h7/fatfs_h7.h:23:13: warning: 'void BSPInit()' declared 'static' but never defined [-Wunused-function]
   23 | static void BSPInit();
      |             ^~~~~~~
arm-none-eabi-g++ -o "HSS_Test_CM7.elf" @"objects.list"   -mcpu=cortex-m7 -T"/home/studio3s/STM32CubeIDE/workspace_1.11.0/STM32H7_Modules/HSS_Test/CM7/STM32H747XIHX_FLASH.ld" --specs=nosys.specs -Wl,-Map="HSS_Test_CM7.map" -Wl,--gc-sections -static --specs=nano.specs -mfpu=fpv5-d16 -mfloat-abi=hard -mthumb -u _printf_float -Wl,--start-group -lc -lm -lstdc++ -lsupc++ -Wl,--end-group
Finished building target: HSS_Test_CM7.elf
 
arm-none-eabi-size   HSS_Test_CM7.elf 
arm-none-eabi-objdump -h -S  HSS_Test_CM7.elf  > "HSS_Test_CM7.list"
   text	   data	    bss	    dec	    hex	filename
 322056	   1016	 332735	 655807	  a01bf	HSS_Test_CM7.elf
Finished building: default.size.stdout
 
Finished building: HSS_Test_CM7.list
 
14:14:33 **** Clean-only build of configuration Debug for project HSS_Test_CM4 ****
make -j4 clean 
rm -rf ./OPENAMP/mbox_hsem.d ./OPENAMP/mbox_hsem.o ./OPENAMP/mbox_hsem.su ./OPENAMP/openamp.d ./OPENAMP/openamp.o ./OPENAMP/openamp.su ./OPENAMP/rsc_table.d ./OPENAMP/rsc_table.o ./OPENAMP/rsc_table.su
rm -rf ./Middlewares/Third_Party/OpenAMP/condition.d ./Middlewares/Third_Party/OpenAMP/condition.o ./Middlewares/Third_Party/OpenAMP/condition.su ./Middlewares/Third_Party/OpenAMP/device.d ./Middlewares/Third_Party/OpenAMP/device.o ./Middlewares/Third_Party/OpenAMP/device.su ./Middlewares/Third_Party/OpenAMP/generic_device.d ./Middlewares/Third_Party/OpenAMP/generic_device.o ./Middlewares/Third_Party/OpenAMP/generic_device.su ./Middlewares/Third_Party/OpenAMP/generic_init.d ./Middlewares/Third_Party/OpenAMP/generic_init.o ./Middlewares/Third_Party/OpenAMP/generic_init.su ./Middlewares/Third_Party/OpenAMP/generic_io.d ./Middlewares/Third_Party/OpenAMP/generic_io.o ./Middlewares/Third_Party/OpenAMP/generic_io.su ./Middlewares/Third_Party/OpenAMP/generic_shmem.d ./Middlewares/Third_Party/OpenAMP/generic_shmem.o ./Middlewares/Third_Party/OpenAMP/generic_shmem.su ./Middlewares/Third_Party/OpenAMP/init.d ./Middlewares/Third_Party/OpenAMP/init.o ./Middlewares/Third_Party/OpenAMP/init.su ./Middlewares/Third_Party/OpenAMP/io.d ./Middlewares/Third_Party/OpenAMP/io.o ./Middlewares/Third_Party/OpenAMP/io.su ./Middlewares/Third_Party/OpenAMP/log.d ./Middlewares/Third_Party/OpenAMP/log.o ./Middlewares/Third_Party/OpenAMP/log.su ./Middlewares/Third_Party/OpenAMP/remoteproc_virtio.d ./Middlewares/Third_Party/OpenAMP/remoteproc_virtio.o ./Middlewares/Third_Party/OpenAMP/remoteproc_virtio.su ./Middlewares/Third_Party/OpenAMP/rpmsg.d ./Middlewares/Third_Party/OpenAMP/rpmsg.o ./Middlewares/Third_Party/OpenAMP/rpmsg.su ./Middlewares/Third_Party/OpenAMP/rpmsg_virtio.d ./Middlewares/Third_Party/OpenAMP/rpmsg_virtio.o ./Middlewares/Third_Party/OpenAMP/rpmsg_virtio.su ./Middlewares/Third_Party/OpenAMP/shmem.d ./Middlewares/Third_Party/OpenAMP/shmem.o ./Middlewares/Third_Party/OpenAMP/shmem.su ./Middlewares/Third_Party/OpenAMP/sys.d ./Middlewares/Third_Party/OpenAMP/sys.o ./Middlewares/Third_Party/OpenAMP/sys.su ./Middlewares/Third_Party/OpenAMP/time.d ./Middlewares/Third_Party/OpenAMP/time.o ./Middlewares/Third_Party/OpenAMP/time.su ./Middlewares/Third_Party/OpenAMP/virtio.d ./Middlewares/Third_Party/OpenAMP/virtio.o ./Middlewares/Third_Party/OpenAMP/virtio.su ./Middlewares/Third_Party/OpenAMP/virtqueue.d ./Middlewares/Third_Party/OpenAMP/virtqueue.o ./Middlewares/Third_Party/OpenAMP/virtqueue.su
rm -rf ./Drivers/STM32H7xx_HAL_Driver/stm32h7xx_hal.d ./Drivers/STM32H7xx_HAL_Driver/stm32h7xx_hal.o ./Drivers/STM32H7xx_HAL_Driver/stm32h7xx_hal.su ./Drivers/STM32H7xx_HAL_Driver/stm32h7xx_hal_cortex.d ./Drivers/STM32H7xx_HAL_Driver/stm32h7xx_hal_cortex.o ./Drivers/STM32H7xx_HAL_Driver/stm32h7xx_hal_cortex.su ./Drivers/STM32H7xx_HAL_Driver/stm32h7xx_hal_dma.d ./Drivers/STM32H7xx_HAL_Driver/stm32h7xx_hal_dma.o ./Drivers/STM32H7xx_HAL_Driver/stm32h7xx_hal_dma.su ./Drivers/STM32H7xx_HAL_Driver/stm32h7xx_hal_dma_ex.d ./Drivers/STM32H7xx_HAL_Driver/stm32h7xx_hal_dma_ex.o ./Drivers/STM32H7xx_HAL_Driver/stm32h7xx_hal_dma_ex.su ./Drivers/STM32H7xx_HAL_Driver/stm32h7xx_hal_exti.d ./Drivers/STM32H7xx_HAL_Driver/stm32h7xx_hal_exti.o ./Drivers/STM32H7xx_HAL_Driver/stm32h7xx_hal_exti.su ./Drivers/STM32H7xx_HAL_Driver/stm32h7xx_hal_flash.d ./Drivers/STM32H7xx_HAL_Driver/stm32h7xx_hal_flash.o ./Drivers/STM32H7xx_HAL_Driver/stm32h7xx_hal_flash.su ./Drivers/STM32H7xx_HAL_Driver/stm32h7xx_hal_flash_ex.d ./Drivers/STM32H7xx_HAL_Driver/stm32h7xx_hal_flash_ex.o ./Drivers/STM32H7xx_HAL_Driver/stm32h7xx_hal_flash_ex.su ./Drivers/STM32H7xx_HAL_Driver/stm32h7xx_hal_gpio.d ./Drivers/STM32H7xx_HAL_Driver/stm32h7xx_hal_gpio.o ./Drivers/STM32H7xx_HAL_Driver/stm32h7xx_hal_gpio.su ./Drivers/STM32H7xx_HAL_Driver/stm32h7xx_hal_hsem.d ./Drivers/STM32H7xx_HAL_Driver/stm32h7xx_hal_hsem.o ./Drivers/STM32H7xx_HAL_Driver/stm32h7xx_hal_hsem.su ./Drivers/STM32H7xx_HAL_Driver/stm32h7xx_hal_i2c.d ./Drivers/STM32H7xx_HAL_Driver/stm32h7xx_hal_i2c.o ./Drivers/STM32H7xx_HAL_Driver/stm32h7xx_hal_i2c.su ./Drivers/STM32H7xx_HAL_Driver/stm32h7xx_hal_i2c_ex.d ./Drivers/STM32H7xx_HAL_Driver/stm32h7xx_hal_i2c_ex.o ./Drivers/STM32H7xx_HAL_Driver/stm32h7xx_hal_i2c_ex.su ./Drivers/STM32H7xx_HAL_Driver/stm32h7xx_hal_mdma.d ./Drivers/STM32H7xx_HAL_Driver/stm32h7xx_hal_mdma.o ./Drivers/STM32H7xx_HAL_Driver/stm32h7xx_hal_mdma.su ./Drivers/STM32H7xx_HAL_Driver/stm32h7xx_hal_pwr.d ./Drivers/STM32H7xx_HAL_Driver/stm32h7xx_hal_pwr.o ./Drivers/STM32H7xx_HAL_Driver/stm32h7xx_hal_pwr.su ./Drivers/STM32H7xx_HAL_Driver/stm32h7xx_hal_pwr_ex.d ./Drivers/STM32H7xx_HAL_Driver/stm32h7xx_hal_pwr_ex.o ./Drivers/STM32H7xx_HAL_Driver/stm32h7xx_hal_pwr_ex.su ./Drivers/STM32H7xx_HAL_Driver/stm32h7xx_hal_rcc.d ./Drivers/STM32H7xx_HAL_Driver/stm32h7xx_hal_rcc.o ./Drivers/STM32H7xx_HAL_Driver/stm32h7xx_hal_rcc.su ./Drivers/STM32H7xx_HAL_Driver/stm32h7xx_hal_rcc_ex.d ./Drivers/STM32H7xx_HAL_Driver/stm32h7xx_hal_rcc_ex.o ./Drivers/STM32H7xx_HAL_Driver/stm32h7xx_hal_rcc_ex.su ./Drivers/STM32H7xx_HAL_Driver/stm32h7xx_hal_rtc.d ./Drivers/STM32H7xx_HAL_Driver/stm32h7xx_hal_rtc.o ./Drivers/STM32H7xx_HAL_Driver/stm32h7xx_hal_rtc.su ./Drivers/STM32H7xx_HAL_Driver/stm32h7xx_hal_rtc_ex.d ./Drivers/STM32H7xx_HAL_Driver/stm32h7xx_hal_rtc_ex.o ./Drivers/STM32H7xx_HAL_Driver/stm32h7xx_hal_rtc_ex.su ./Drivers/STM32H7xx_HAL_Driver/stm32h7xx_hal_tim.d ./Drivers/STM32H7xx_HAL_Driver/stm32h7xx_hal_tim.o ./Drivers/STM32H7xx_HAL_Driver/stm32h7xx_hal_tim.su ./Drivers/STM32H7xx_HAL_Driver/stm32h7xx_hal_tim_ex.d ./Drivers/STM32H7xx_HAL_Driver/stm32h7xx_hal_tim_ex.o ./Drivers/STM32H7xx_HAL_Driver/stm32h7xx_hal_tim_ex.su
rm -rf ./Core/Startup/startup_stm32h747xihx.d ./Core/Startup/startup_stm32h747xihx.o
rm -rf ./Core/Src/main.d ./Core/Src/main.o ./Core/Src/main.su ./Core/Src/stm32h7xx_hal_msp.d ./Core/Src/stm32h7xx_hal_msp.o ./Core/Src/stm32h7xx_hal_msp.su ./Core/Src/stm32h7xx_it.d ./Core/Src/stm32h7xx_it.o ./Core/Src/stm32h7xx_it.su ./Core/Src/syscalls.d ./Core/Src/syscalls.o ./Core/Src/syscalls.su ./Core/Src/sysmem.d ./Core/Src/sysmem.o ./Core/Src/sysmem.su
rm -rf ./Core/Module/openAMP_RTOS_M4/src/openAMP_RTOS_M4.d ./Core/Module/openAMP_RTOS_M4/src/openAMP_RTOS_M4.o ./Core/Module/openAMP_RTOS_M4/src/openAMP_RTOS_M4.su
rm -rf ./Common/Src/system_stm32h7xx_dualcore_boot_cm4_cm7.d ./Common/Src/system_stm32h7xx_dualcore_boot_cm4_cm7.o ./Common/Src/system_stm32h7xx_dualcore_boot_cm4_cm7.su
rm -rf HSS_Test_CM4.elf HSS_Test_CM4.list HSS_Test_CM4.map default.size.stdout
 
14:14:34 **** Build of configuration Debug for project HSS_Test_CM4 ****
make -j4 all 
arm-none-eabi-gcc "../OPENAMP/mbox_hsem.c" -mcpu=cortex-m4 -std=gnu11 -g3 -DDEBUG -DCORE_CM4 -DUSE_HAL_DRIVER -DSTM32H747xx -DMETAL_INTERNAL -DMETAL_MAX_DEVICE_REGIONS=2 -DRPMSG_BUFFER_SIZE=1024 -DVIRTIO_SLAVE_ONLY -DNO_ATOMIC_64_SUPPORT -c -I../Core/Inc -I"/home/studio3s/STM32CubeIDE/workspace_1.11.0/STM32H7_Modules/HSS_Test/CM4/Core/Module" -I../../Drivers/STM32H7xx_HAL_Driver/Inc -I../../Drivers/STM32H7xx_HAL_Driver/Inc/Legacy -I../../Drivers/CMSIS/Device/ST/STM32H7xx/Include -I../../Drivers/CMSIS/Include -I../OPENAMP -I../../Middlewares/Third_Party/OpenAMP/open-amp/lib/include -I../../Middlewares/Third_Party/OpenAMP/libmetal/lib/include -I../../Middlewares/Third_Party/OpenAMP/libmetal/lib/include/metal/compiler/gcc -I../../Middlewares/Third_Party/OpenAMP/open-amp/lib/rpmsg -O0 -ffunction-sections -fdata-sections -Wall -fstack-usage -MMD -MP -MF"OPENAMP/mbox_hsem.d" -MT"OPENAMP/mbox_hsem.o" --specs=nano.specs -mfpu=fpv4-sp-d16 -mfloat-abi=hard -mthumb -o "OPENAMP/mbox_hsem.o"
arm-none-eabi-gcc "../OPENAMP/openamp.c" -mcpu=cortex-m4 -std=gnu11 -g3 -DDEBUG -DCORE_CM4 -DUSE_HAL_DRIVER -DSTM32H747xx -DMETAL_INTERNAL -DMETAL_MAX_DEVICE_REGIONS=2 -DRPMSG_BUFFER_SIZE=1024 -DVIRTIO_SLAVE_ONLY -DNO_ATOMIC_64_SUPPORT -c -I../Core/Inc -I"/home/studio3s/STM32CubeIDE/workspace_1.11.0/STM32H7_Modules/HSS_Test/CM4/Core/Module" -I../../Drivers/STM32H7xx_HAL_Driver/Inc -I../../Drivers/STM32H7xx_HAL_Driver/Inc/Legacy -I../../Drivers/CMSIS/Device/ST/STM32H7xx/Include -I../../Drivers/CMSIS/Include -I../OPENAMP -I../../Middlewares/Third_Party/OpenAMP/open-amp/lib/include -I../../Middlewares/Third_Party/OpenAMP/libmetal/lib/include -I../../Middlewares/Third_Party/OpenAMP/libmetal/lib/include/metal/compiler/gcc -I../../Middlewares/Third_Party/OpenAMP/open-amp/lib/rpmsg -O0 -ffunction-sections -fdata-sections -Wall -fstack-usage -MMD -MP -MF"OPENAMP/openamp.d" -MT"OPENAMP/openamp.o" --specs=nano.specs -mfpu=fpv4-sp-d16 -mfloat-abi=hard -mthumb -o "OPENAMP/openamp.o"
arm-none-eabi-gcc "../OPENAMP/rsc_table.c" -mcpu=cortex-m4 -std=gnu11 -g3 -DDEBUG -DCORE_CM4 -DUSE_HAL_DRIVER -DSTM32H747xx -DMETAL_INTERNAL -DMETAL_MAX_DEVICE_REGIONS=2 -DRPMSG_BUFFER_SIZE=1024 -DVIRTIO_SLAVE_ONLY -DNO_ATOMIC_64_SUPPORT -c -I../Core/Inc -I"/home/studio3s/STM32CubeIDE/workspace_1.11.0/STM32H7_Modules/HSS_Test/CM4/Core/Module" -I../../Drivers/STM32H7xx_HAL_Driver/Inc -I../../Drivers/STM32H7xx_HAL_Driver/Inc/Legacy -I../../Drivers/CMSIS/Device/ST/STM32H7xx/Include -I../../Drivers/CMSIS/Include -I../OPENAMP -I../../Middlewares/Third_Party/OpenAMP/open-amp/lib/include -I../../Middlewares/Third_Party/OpenAMP/libmetal/lib/include -I../../Middlewares/Third_Party/OpenAMP/libmetal/lib/include/metal/compiler/gcc -I../../Middlewares/Third_Party/OpenAMP/open-amp/lib/rpmsg -O0 -ffunction-sections -fdata-sections -Wall -fstack-usage -MMD -MP -MF"OPENAMP/rsc_table.d" -MT"OPENAMP/rsc_table.o" --specs=nano.specs -mfpu=fpv4-sp-d16 -mfloat-abi=hard -mthumb -o "OPENAMP/rsc_table.o"
arm-none-eabi-gcc "/home/studio3s/STM32CubeIDE/workspace_1.11.0/STM32H7_Modules/HSS_Test/Middlewares/Third_Party/OpenAMP/libmetal/lib/system/generic/condition.c" -mcpu=cortex-m4 -std=gnu11 -g3 -DDEBUG -DCORE_CM4 -DUSE_HAL_DRIVER -DSTM32H747xx -DMETAL_INTERNAL -DMETAL_MAX_DEVICE_REGIONS=2 -DRPMSG_BUFFER_SIZE=1024 -DVIRTIO_SLAVE_ONLY -DNO_ATOMIC_64_SUPPORT -c -I../Core/Inc -I"/home/studio3s/STM32CubeIDE/workspace_1.11.0/STM32H7_Modules/HSS_Test/CM4/Core/Module" -I../../Drivers/STM32H7xx_HAL_Driver/Inc -I../../Drivers/STM32H7xx_HAL_Driver/Inc/Legacy -I../../Drivers/CMSIS/Device/ST/STM32H7xx/Include -I../../Drivers/CMSIS/Include -I../OPENAMP -I../../Middlewares/Third_Party/OpenAMP/open-amp/lib/include -I../../Middlewares/Third_Party/OpenAMP/libmetal/lib/include -I../../Middlewares/Third_Party/OpenAMP/libmetal/lib/include/metal/compiler/gcc -I../../Middlewares/Third_Party/OpenAMP/open-amp/lib/rpmsg -O0 -ffunction-sections -fdata-sections -Wall -fstack-usage -MMD -MP -MF"Middlewares/Third_Party/OpenAMP/condition.d" -MT"Middlewares/Third_Party/OpenAMP/condition.o" --specs=nano.specs -mfpu=fpv4-sp-d16 -mfloat-abi=hard -mthumb -o "Middlewares/Third_Party/OpenAMP/condition.o"
arm-none-eabi-gcc "/home/studio3s/STM32CubeIDE/workspace_1.11.0/STM32H7_Modules/HSS_Test/Middlewares/Third_Party/OpenAMP/libmetal/lib/device.c" -mcpu=cortex-m4 -std=gnu11 -g3 -DDEBUG -DCORE_CM4 -DUSE_HAL_DRIVER -DSTM32H747xx -DMETAL_INTERNAL -DMETAL_MAX_DEVICE_REGIONS=2 -DRPMSG_BUFFER_SIZE=1024 -DVIRTIO_SLAVE_ONLY -DNO_ATOMIC_64_SUPPORT -c -I../Core/Inc -I"/home/studio3s/STM32CubeIDE/workspace_1.11.0/STM32H7_Modules/HSS_Test/CM4/Core/Module" -I../../Drivers/STM32H7xx_HAL_Driver/Inc -I../../Drivers/STM32H7xx_HAL_Driver/Inc/Legacy -I../../Drivers/CMSIS/Device/ST/STM32H7xx/Include -I../../Drivers/CMSIS/Include -I../OPENAMP -I../../Middlewares/Third_Party/OpenAMP/open-amp/lib/include -I../../Middlewares/Third_Party/OpenAMP/libmetal/lib/include -I../../Middlewares/Third_Party/OpenAMP/libmetal/lib/include/metal/compiler/gcc -I../../Middlewares/Third_Party/OpenAMP/open-amp/lib/rpmsg -O0 -ffunction-sections -fdata-sections -Wall -fstack-usage -MMD -MP -MF"Middlewares/Third_Party/OpenAMP/device.d" -MT"Middlewares/Third_Party/OpenAMP/device.o" --specs=nano.specs -mfpu=fpv4-sp-d16 -mfloat-abi=hard -mthumb -o "Middlewares/Third_Party/OpenAMP/device.o"
arm-none-eabi-gcc "/home/studio3s/STM32CubeIDE/workspace_1.11.0/STM32H7_Modules/HSS_Test/Middlewares/Third_Party/OpenAMP/libmetal/lib/system/generic/generic_device.c" -mcpu=cortex-m4 -std=gnu11 -g3 -DDEBUG -DCORE_CM4 -DUSE_HAL_DRIVER -DSTM32H747xx -DMETAL_INTERNAL -DMETAL_MAX_DEVICE_REGIONS=2 -DRPMSG_BUFFER_SIZE=1024 -DVIRTIO_SLAVE_ONLY -DNO_ATOMIC_64_SUPPORT -c -I../Core/Inc -I"/home/studio3s/STM32CubeIDE/workspace_1.11.0/STM32H7_Modules/HSS_Test/CM4/Core/Module" -I../../Drivers/STM32H7xx_HAL_Driver/Inc -I../../Drivers/STM32H7xx_HAL_Driver/Inc/Legacy -I../../Drivers/CMSIS/Device/ST/STM32H7xx/Include -I../../Drivers/CMSIS/Include -I../OPENAMP -I../../Middlewares/Third_Party/OpenAMP/open-amp/lib/include -I../../Middlewares/Third_Party/OpenAMP/libmetal/lib/include -I../../Middlewares/Third_Party/OpenAMP/libmetal/lib/include/metal/compiler/gcc -I../../Middlewares/Third_Party/OpenAMP/open-amp/lib/rpmsg -O0 -ffunction-sections -fdata-sections -Wall -fstack-usage -MMD -MP -MF"Middlewares/Third_Party/OpenAMP/generic_device.d" -MT"Middlewares/Third_Party/OpenAMP/generic_device.o" --specs=nano.specs -mfpu=fpv4-sp-d16 -mfloat-abi=hard -mthumb -o "Middlewares/Third_Party/OpenAMP/generic_device.o"
arm-none-eabi-gcc "/home/studio3s/STM32CubeIDE/workspace_1.11.0/STM32H7_Modules/HSS_Test/Middlewares/Third_Party/OpenAMP/libmetal/lib/system/generic/generic_init.c" -mcpu=cortex-m4 -std=gnu11 -g3 -DDEBUG -DCORE_CM4 -DUSE_HAL_DRIVER -DSTM32H747xx -DMETAL_INTERNAL -DMETAL_MAX_DEVICE_REGIONS=2 -DRPMSG_BUFFER_SIZE=1024 -DVIRTIO_SLAVE_ONLY -DNO_ATOMIC_64_SUPPORT -c -I../Core/Inc -I"/home/studio3s/STM32CubeIDE/workspace_1.11.0/STM32H7_Modules/HSS_Test/CM4/Core/Module" -I../../Drivers/STM32H7xx_HAL_Driver/Inc -I../../Drivers/STM32H7xx_HAL_Driver/Inc/Legacy -I../../Drivers/CMSIS/Device/ST/STM32H7xx/Include -I../../Drivers/CMSIS/Include -I../OPENAMP -I../../Middlewares/Third_Party/OpenAMP/open-amp/lib/include -I../../Middlewares/Third_Party/OpenAMP/libmetal/lib/include -I../../Middlewares/Third_Party/OpenAMP/libmetal/lib/include/metal/compiler/gcc -I../../Middlewares/Third_Party/OpenAMP/open-amp/lib/rpmsg -O0 -ffunction-sections -fdata-sections -Wall -fstack-usage -MMD -MP -MF"Middlewares/Third_Party/OpenAMP/generic_init.d" -MT"Middlewares/Third_Party/OpenAMP/generic_init.o" --specs=nano.specs -mfpu=fpv4-sp-d16 -mfloat-abi=hard -mthumb -o "Middlewares/Third_Party/OpenAMP/generic_init.o"
arm-none-eabi-gcc "/home/studio3s/STM32CubeIDE/workspace_1.11.0/STM32H7_Modules/HSS_Test/Middlewares/Third_Party/OpenAMP/libmetal/lib/system/generic/generic_io.c" -mcpu=cortex-m4 -std=gnu11 -g3 -DDEBUG -DCORE_CM4 -DUSE_HAL_DRIVER -DSTM32H747xx -DMETAL_INTERNAL -DMETAL_MAX_DEVICE_REGIONS=2 -DRPMSG_BUFFER_SIZE=1024 -DVIRTIO_SLAVE_ONLY -DNO_ATOMIC_64_SUPPORT -c -I../Core/Inc -I"/home/studio3s/STM32CubeIDE/workspace_1.11.0/STM32H7_Modules/HSS_Test/CM4/Core/Module" -I../../Drivers/STM32H7xx_HAL_Driver/Inc -I../../Drivers/STM32H7xx_HAL_Driver/Inc/Legacy -I../../Drivers/CMSIS/Device/ST/STM32H7xx/Include -I../../Drivers/CMSIS/Include -I../OPENAMP -I../../Middlewares/Third_Party/OpenAMP/open-amp/lib/include -I../../Middlewares/Third_Party/OpenAMP/libmetal/lib/include -I../../Middlewares/Third_Party/OpenAMP/libmetal/lib/include/metal/compiler/gcc -I../../Middlewares/Third_Party/OpenAMP/open-amp/lib/rpmsg -O0 -ffunction-sections -fdata-sections -Wall -fstack-usage -MMD -MP -MF"Middlewares/Third_Party/OpenAMP/generic_io.d" -MT"Middlewares/Third_Party/OpenAMP/generic_io.o" --specs=nano.specs -mfpu=fpv4-sp-d16 -mfloat-abi=hard -mthumb -o "Middlewares/Third_Party/OpenAMP/generic_io.o"
arm-none-eabi-gcc "/home/studio3s/STM32CubeIDE/workspace_1.11.0/STM32H7_Modules/HSS_Test/Middlewares/Third_Party/OpenAMP/libmetal/lib/system/generic/generic_shmem.c" -mcpu=cortex-m4 -std=gnu11 -g3 -DDEBUG -DCORE_CM4 -DUSE_HAL_DRIVER -DSTM32H747xx -DMETAL_INTERNAL -DMETAL_MAX_DEVICE_REGIONS=2 -DRPMSG_BUFFER_SIZE=1024 -DVIRTIO_SLAVE_ONLY -DNO_ATOMIC_64_SUPPORT -c -I../Core/Inc -I"/home/studio3s/STM32CubeIDE/workspace_1.11.0/STM32H7_Modules/HSS_Test/CM4/Core/Module" -I../../Drivers/STM32H7xx_HAL_Driver/Inc -I../../Drivers/STM32H7xx_HAL_Driver/Inc/Legacy -I../../Drivers/CMSIS/Device/ST/STM32H7xx/Include -I../../Drivers/CMSIS/Include -I../OPENAMP -I../../Middlewares/Third_Party/OpenAMP/open-amp/lib/include -I../../Middlewares/Third_Party/OpenAMP/libmetal/lib/include -I../../Middlewares/Third_Party/OpenAMP/libmetal/lib/include/metal/compiler/gcc -I../../Middlewares/Third_Party/OpenAMP/open-amp/lib/rpmsg -O0 -ffunction-sections -fdata-sections -Wall -fstack-usage -MMD -MP -MF"Middlewares/Third_Party/OpenAMP/generic_shmem.d" -MT"Middlewares/Third_Party/OpenAMP/generic_shmem.o" --specs=nano.specs -mfpu=fpv4-sp-d16 -mfloat-abi=hard -mthumb -o "Middlewares/Third_Party/OpenAMP/generic_shmem.o"
arm-none-eabi-gcc "/home/studio3s/STM32CubeIDE/workspace_1.11.0/STM32H7_Modules/HSS_Test/Middlewares/Third_Party/OpenAMP/libmetal/lib/init.c" -mcpu=cortex-m4 -std=gnu11 -g3 -DDEBUG -DCORE_CM4 -DUSE_HAL_DRIVER -DSTM32H747xx -DMETAL_INTERNAL -DMETAL_MAX_DEVICE_REGIONS=2 -DRPMSG_BUFFER_SIZE=1024 -DVIRTIO_SLAVE_ONLY -DNO_ATOMIC_64_SUPPORT -c -I../Core/Inc -I"/home/studio3s/STM32CubeIDE/workspace_1.11.0/STM32H7_Modules/HSS_Test/CM4/Core/Module" -I../../Drivers/STM32H7xx_HAL_Driver/Inc -I../../Drivers/STM32H7xx_HAL_Driver/Inc/Legacy -I../../Drivers/CMSIS/Device/ST/STM32H7xx/Include -I../../Drivers/CMSIS/Include -I../OPENAMP -I../../Middlewares/Third_Party/OpenAMP/open-amp/lib/include -I../../Middlewares/Third_Party/OpenAMP/libmetal/lib/include -I../../Middlewares/Third_Party/OpenAMP/libmetal/lib/include/metal/compiler/gcc -I../../Middlewares/Third_Party/OpenAMP/open-amp/lib/rpmsg -O0 -ffunction-sections -fdata-sections -Wall -fstack-usage -MMD -MP -MF"Middlewares/Third_Party/OpenAMP/init.d" -MT"Middlewares/Third_Party/OpenAMP/init.o" --specs=nano.specs -mfpu=fpv4-sp-d16 -mfloat-abi=hard -mthumb -o "Middlewares/Third_Party/OpenAMP/init.o"
arm-none-eabi-gcc "/home/studio3s/STM32CubeIDE/workspace_1.11.0/STM32H7_Modules/HSS_Test/Middlewares/Third_Party/OpenAMP/libmetal/lib/io.c" -mcpu=cortex-m4 -std=gnu11 -g3 -DDEBUG -DCORE_CM4 -DUSE_HAL_DRIVER -DSTM32H747xx -DMETAL_INTERNAL -DMETAL_MAX_DEVICE_REGIONS=2 -DRPMSG_BUFFER_SIZE=1024 -DVIRTIO_SLAVE_ONLY -DNO_ATOMIC_64_SUPPORT -c -I../Core/Inc -I"/home/studio3s/STM32CubeIDE/workspace_1.11.0/STM32H7_Modules/HSS_Test/CM4/Core/Module" -I../../Drivers/STM32H7xx_HAL_Driver/Inc -I../../Drivers/STM32H7xx_HAL_Driver/Inc/Legacy -I../../Drivers/CMSIS/Device/ST/STM32H7xx/Include -I../../Drivers/CMSIS/Include -I../OPENAMP -I../../Middlewares/Third_Party/OpenAMP/open-amp/lib/include -I../../Middlewares/Third_Party/OpenAMP/libmetal/lib/include -I../../Middlewares/Third_Party/OpenAMP/libmetal/lib/include/metal/compiler/gcc -I../../Middlewares/Third_Party/OpenAMP/open-amp/lib/rpmsg -O0 -ffunction-sections -fdata-sections -Wall -fstack-usage -MMD -MP -MF"Middlewares/Third_Party/OpenAMP/io.d" -MT"Middlewares/Third_Party/OpenAMP/io.o" --specs=nano.specs -mfpu=fpv4-sp-d16 -mfloat-abi=hard -mthumb -o "Middlewares/Third_Party/OpenAMP/io.o"
arm-none-eabi-gcc "/home/studio3s/STM32CubeIDE/workspace_1.11.0/STM32H7_Modules/HSS_Test/Middlewares/Third_Party/OpenAMP/libmetal/lib/log.c" -mcpu=cortex-m4 -std=gnu11 -g3 -DDEBUG -DCORE_CM4 -DUSE_HAL_DRIVER -DSTM32H747xx -DMETAL_INTERNAL -DMETAL_MAX_DEVICE_REGIONS=2 -DRPMSG_BUFFER_SIZE=1024 -DVIRTIO_SLAVE_ONLY -DNO_ATOMIC_64_SUPPORT -c -I../Core/Inc -I"/home/studio3s/STM32CubeIDE/workspace_1.11.0/STM32H7_Modules/HSS_Test/CM4/Core/Module" -I../../Drivers/STM32H7xx_HAL_Driver/Inc -I../../Drivers/STM32H7xx_HAL_Driver/Inc/Legacy -I../../Drivers/CMSIS/Device/ST/STM32H7xx/Include -I../../Drivers/CMSIS/Include -I../OPENAMP -I../../Middlewares/Third_Party/OpenAMP/open-amp/lib/include -I../../Middlewares/Third_Party/OpenAMP/libmetal/lib/include -I../../Middlewares/Third_Party/OpenAMP/libmetal/lib/include/metal/compiler/gcc -I../../Middlewares/Third_Party/OpenAMP/open-amp/lib/rpmsg -O0 -ffunction-sections -fdata-sections -Wall -fstack-usage -MMD -MP -MF"Middlewares/Third_Party/OpenAMP/log.d" -MT"Middlewares/Third_Party/OpenAMP/log.o" --specs=nano.specs -mfpu=fpv4-sp-d16 -mfloat-abi=hard -mthumb -o "Middlewares/Third_Party/OpenAMP/log.o"
arm-none-eabi-gcc "/home/studio3s/STM32CubeIDE/workspace_1.11.0/STM32H7_Modules/HSS_Test/Middlewares/Third_Party/OpenAMP/open-amp/lib/remoteproc/remoteproc_virtio.c" -mcpu=cortex-m4 -std=gnu11 -g3 -DDEBUG -DCORE_CM4 -DUSE_HAL_DRIVER -DSTM32H747xx -DMETAL_INTERNAL -DMETAL_MAX_DEVICE_REGIONS=2 -DRPMSG_BUFFER_SIZE=1024 -DVIRTIO_SLAVE_ONLY -DNO_ATOMIC_64_SUPPORT -c -I../Core/Inc -I"/home/studio3s/STM32CubeIDE/workspace_1.11.0/STM32H7_Modules/HSS_Test/CM4/Core/Module" -I../../Drivers/STM32H7xx_HAL_Driver/Inc -I../../Drivers/STM32H7xx_HAL_Driver/Inc/Legacy -I../../Drivers/CMSIS/Device/ST/STM32H7xx/Include -I../../Drivers/CMSIS/Include -I../OPENAMP -I../../Middlewares/Third_Party/OpenAMP/open-amp/lib/include -I../../Middlewares/Third_Party/OpenAMP/libmetal/lib/include -I../../Middlewares/Third_Party/OpenAMP/libmetal/lib/include/metal/compiler/gcc -I../../Middlewares/Third_Party/OpenAMP/open-amp/lib/rpmsg -O0 -ffunction-sections -fdata-sections -Wall -fstack-usage -MMD -MP -MF"Middlewares/Third_Party/OpenAMP/remoteproc_virtio.d" -MT"Middlewares/Third_Party/OpenAMP/remoteproc_virtio.o" --specs=nano.specs -mfpu=fpv4-sp-d16 -mfloat-abi=hard -mthumb -o "Middlewares/Third_Party/OpenAMP/remoteproc_virtio.o"
arm-none-eabi-gcc "/home/studio3s/STM32CubeIDE/workspace_1.11.0/STM32H7_Modules/HSS_Test/Middlewares/Third_Party/OpenAMP/open-amp/lib/rpmsg/rpmsg.c" -mcpu=cortex-m4 -std=gnu11 -g3 -DDEBUG -DCORE_CM4 -DUSE_HAL_DRIVER -DSTM32H747xx -DMETAL_INTERNAL -DMETAL_MAX_DEVICE_REGIONS=2 -DRPMSG_BUFFER_SIZE=1024 -DVIRTIO_SLAVE_ONLY -DNO_ATOMIC_64_SUPPORT -c -I../Core/Inc -I"/home/studio3s/STM32CubeIDE/workspace_1.11.0/STM32H7_Modules/HSS_Test/CM4/Core/Module" -I../../Drivers/STM32H7xx_HAL_Driver/Inc -I../../Drivers/STM32H7xx_HAL_Driver/Inc/Legacy -I../../Drivers/CMSIS/Device/ST/STM32H7xx/Include -I../../Drivers/CMSIS/Include -I../OPENAMP -I../../Middlewares/Third_Party/OpenAMP/open-amp/lib/include -I../../Middlewares/Third_Party/OpenAMP/libmetal/lib/include -I../../Middlewares/Third_Party/OpenAMP/libmetal/lib/include/metal/compiler/gcc -I../../Middlewares/Third_Party/OpenAMP/open-amp/lib/rpmsg -O0 -ffunction-sections -fdata-sections -Wall -fstack-usage -MMD -MP -MF"Middlewares/Third_Party/OpenAMP/rpmsg.d" -MT"Middlewares/Third_Party/OpenAMP/rpmsg.o" --specs=nano.specs -mfpu=fpv4-sp-d16 -mfloat-abi=hard -mthumb -o "Middlewares/Third_Party/OpenAMP/rpmsg.o"
arm-none-eabi-gcc "/home/studio3s/STM32CubeIDE/workspace_1.11.0/STM32H7_Modules/HSS_Test/Middlewares/Third_Party/OpenAMP/open-amp/lib/rpmsg/rpmsg_virtio.c" -mcpu=cortex-m4 -std=gnu11 -g3 -DDEBUG -DCORE_CM4 -DUSE_HAL_DRIVER -DSTM32H747xx -DMETAL_INTERNAL -DMETAL_MAX_DEVICE_REGIONS=2 -DRPMSG_BUFFER_SIZE=1024 -DVIRTIO_SLAVE_ONLY -DNO_ATOMIC_64_SUPPORT -c -I../Core/Inc -I"/home/studio3s/STM32CubeIDE/workspace_1.11.0/STM32H7_Modules/HSS_Test/CM4/Core/Module" -I../../Drivers/STM32H7xx_HAL_Driver/Inc -I../../Drivers/STM32H7xx_HAL_Driver/Inc/Legacy -I../../Drivers/CMSIS/Device/ST/STM32H7xx/Include -I../../Drivers/CMSIS/Include -I../OPENAMP -I../../Middlewares/Third_Party/OpenAMP/open-amp/lib/include -I../../Middlewares/Third_Party/OpenAMP/libmetal/lib/include -I../../Middlewares/Third_Party/OpenAMP/libmetal/lib/include/metal/compiler/gcc -I../../Middlewares/Third_Party/OpenAMP/open-amp/lib/rpmsg -O0 -ffunction-sections -fdata-sections -Wall -fstack-usage -MMD -MP -MF"Middlewares/Third_Party/OpenAMP/rpmsg_virtio.d" -MT"Middlewares/Third_Party/OpenAMP/rpmsg_virtio.o" --specs=nano.specs -mfpu=fpv4-sp-d16 -mfloat-abi=hard -mthumb -o "Middlewares/Third_Party/OpenAMP/rpmsg_virtio.o"
arm-none-eabi-gcc "/home/studio3s/STM32CubeIDE/workspace_1.11.0/STM32H7_Modules/HSS_Test/Middlewares/Third_Party/OpenAMP/libmetal/lib/shmem.c" -mcpu=cortex-m4 -std=gnu11 -g3 -DDEBUG -DCORE_CM4 -DUSE_HAL_DRIVER -DSTM32H747xx -DMETAL_INTERNAL -DMETAL_MAX_DEVICE_REGIONS=2 -DRPMSG_BUFFER_SIZE=1024 -DVIRTIO_SLAVE_ONLY -DNO_ATOMIC_64_SUPPORT -c -I../Core/Inc -I"/home/studio3s/STM32CubeIDE/workspace_1.11.0/STM32H7_Modules/HSS_Test/CM4/Core/Module" -I../../Drivers/STM32H7xx_HAL_Driver/Inc -I../../Drivers/STM32H7xx_HAL_Driver/Inc/Legacy -I../../Drivers/CMSIS/Device/ST/STM32H7xx/Include -I../../Drivers/CMSIS/Include -I../OPENAMP -I../../Middlewares/Third_Party/OpenAMP/open-amp/lib/include -I../../Middlewares/Third_Party/OpenAMP/libmetal/lib/include -I../../Middlewares/Third_Party/OpenAMP/libmetal/lib/include/metal/compiler/gcc -I../../Middlewares/Third_Party/OpenAMP/open-amp/lib/rpmsg -O0 -ffunction-sections -fdata-sections -Wall -fstack-usage -MMD -MP -MF"Middlewares/Third_Party/OpenAMP/shmem.d" -MT"Middlewares/Third_Party/OpenAMP/shmem.o" --specs=nano.specs -mfpu=fpv4-sp-d16 -mfloat-abi=hard -mthumb -o "Middlewares/Third_Party/OpenAMP/shmem.o"
arm-none-eabi-gcc "/home/studio3s/STM32CubeIDE/workspace_1.11.0/STM32H7_Modules/HSS_Test/Middlewares/Third_Party/OpenAMP/libmetal/lib/system/generic/cortexm/sys.c" -mcpu=cortex-m4 -std=gnu11 -g3 -DDEBUG -DCORE_CM4 -DUSE_HAL_DRIVER -DSTM32H747xx -DMETAL_INTERNAL -DMETAL_MAX_DEVICE_REGIONS=2 -DRPMSG_BUFFER_SIZE=1024 -DVIRTIO_SLAVE_ONLY -DNO_ATOMIC_64_SUPPORT -c -I../Core/Inc -I"/home/studio3s/STM32CubeIDE/workspace_1.11.0/STM32H7_Modules/HSS_Test/CM4/Core/Module" -I../../Drivers/STM32H7xx_HAL_Driver/Inc -I../../Drivers/STM32H7xx_HAL_Driver/Inc/Legacy -I../../Drivers/CMSIS/Device/ST/STM32H7xx/Include -I../../Drivers/CMSIS/Include -I../OPENAMP -I../../Middlewares/Third_Party/OpenAMP/open-amp/lib/include -I../../Middlewares/Third_Party/OpenAMP/libmetal/lib/include -I../../Middlewares/Third_Party/OpenAMP/libmetal/lib/include/metal/compiler/gcc -I../../Middlewares/Third_Party/OpenAMP/open-amp/lib/rpmsg -O0 -ffunction-sections -fdata-sections -Wall -fstack-usage -MMD -MP -MF"Middlewares/Third_Party/OpenAMP/sys.d" -MT"Middlewares/Third_Party/OpenAMP/sys.o" --specs=nano.specs -mfpu=fpv4-sp-d16 -mfloat-abi=hard -mthumb -o "Middlewares/Third_Party/OpenAMP/sys.o"
arm-none-eabi-gcc "/home/studio3s/STM32CubeIDE/workspace_1.11.0/STM32H7_Modules/HSS_Test/Middlewares/Third_Party/OpenAMP/libmetal/lib/system/generic/time.c" -mcpu=cortex-m4 -std=gnu11 -g3 -DDEBUG -DCORE_CM4 -DUSE_HAL_DRIVER -DSTM32H747xx -DMETAL_INTERNAL -DMETAL_MAX_DEVICE_REGIONS=2 -DRPMSG_BUFFER_SIZE=1024 -DVIRTIO_SLAVE_ONLY -DNO_ATOMIC_64_SUPPORT -c -I../Core/Inc -I"/home/studio3s/STM32CubeIDE/workspace_1.11.0/STM32H7_Modules/HSS_Test/CM4/Core/Module" -I../../Drivers/STM32H7xx_HAL_Driver/Inc -I../../Drivers/STM32H7xx_HAL_Driver/Inc/Legacy -I../../Drivers/CMSIS/Device/ST/STM32H7xx/Include -I../../Drivers/CMSIS/Include -I../OPENAMP -I../../Middlewares/Third_Party/OpenAMP/open-amp/lib/include -I../../Middlewares/Third_Party/OpenAMP/libmetal/lib/include -I../../Middlewares/Third_Party/OpenAMP/libmetal/lib/include/metal/compiler/gcc -I../../Middlewares/Third_Party/OpenAMP/open-amp/lib/rpmsg -O0 -ffunction-sections -fdata-sections -Wall -fstack-usage -MMD -MP -MF"Middlewares/Third_Party/OpenAMP/time.d" -MT"Middlewares/Third_Party/OpenAMP/time.o" --specs=nano.specs -mfpu=fpv4-sp-d16 -mfloat-abi=hard -mthumb -o "Middlewares/Third_Party/OpenAMP/time.o"
arm-none-eabi-gcc "/home/studio3s/STM32CubeIDE/workspace_1.11.0/STM32H7_Modules/HSS_Test/Middlewares/Third_Party/OpenAMP/open-amp/lib/virtio/virtio.c" -mcpu=cortex-m4 -std=gnu11 -g3 -DDEBUG -DCORE_CM4 -DUSE_HAL_DRIVER -DSTM32H747xx -DMETAL_INTERNAL -DMETAL_MAX_DEVICE_REGIONS=2 -DRPMSG_BUFFER_SIZE=1024 -DVIRTIO_SLAVE_ONLY -DNO_ATOMIC_64_SUPPORT -c -I../Core/Inc -I"/home/studio3s/STM32CubeIDE/workspace_1.11.0/STM32H7_Modules/HSS_Test/CM4/Core/Module" -I../../Drivers/STM32H7xx_HAL_Driver/Inc -I../../Drivers/STM32H7xx_HAL_Driver/Inc/Legacy -I../../Drivers/CMSIS/Device/ST/STM32H7xx/Include -I../../Drivers/CMSIS/Include -I../OPENAMP -I../../Middlewares/Third_Party/OpenAMP/open-amp/lib/include -I../../Middlewares/Third_Party/OpenAMP/libmetal/lib/include -I../../Middlewares/Third_Party/OpenAMP/libmetal/lib/include/metal/compiler/gcc -I../../Middlewares/Third_Party/OpenAMP/open-amp/lib/rpmsg -O0 -ffunction-sections -fdata-sections -Wall -fstack-usage -MMD -MP -MF"Middlewares/Third_Party/OpenAMP/virtio.d" -MT"Middlewares/Third_Party/OpenAMP/virtio.o" --specs=nano.specs -mfpu=fpv4-sp-d16 -mfloat-abi=hard -mthumb -o "Middlewares/Third_Party/OpenAMP/virtio.o"
arm-none-eabi-gcc "/home/studio3s/STM32CubeIDE/workspace_1.11.0/STM32H7_Modules/HSS_Test/Middlewares/Third_Party/OpenAMP/open-amp/lib/virtio/virtqueue.c" -mcpu=cortex-m4 -std=gnu11 -g3 -DDEBUG -DCORE_CM4 -DUSE_HAL_DRIVER -DSTM32H747xx -DMETAL_INTERNAL -DMETAL_MAX_DEVICE_REGIONS=2 -DRPMSG_BUFFER_SIZE=1024 -DVIRTIO_SLAVE_ONLY -DNO_ATOMIC_64_SUPPORT -c -I../Core/Inc -I"/home/studio3s/STM32CubeIDE/workspace_1.11.0/STM32H7_Modules/HSS_Test/CM4/Core/Module" -I../../Drivers/STM32H7xx_HAL_Driver/Inc -I../../Drivers/STM32H7xx_HAL_Driver/Inc/Legacy -I../../Drivers/CMSIS/Device/ST/STM32H7xx/Include -I../../Drivers/CMSIS/Include -I../OPENAMP -I../../Middlewares/Third_Party/OpenAMP/open-amp/lib/include -I../../Middlewares/Third_Party/OpenAMP/libmetal/lib/include -I../../Middlewares/Third_Party/OpenAMP/libmetal/lib/include/metal/compiler/gcc -I../../Middlewares/Third_Party/OpenAMP/open-amp/lib/rpmsg -O0 -ffunction-sections -fdata-sections -Wall -fstack-usage -MMD -MP -MF"Middlewares/Third_Party/OpenAMP/virtqueue.d" -MT"Middlewares/Third_Party/OpenAMP/virtqueue.o" --specs=nano.specs -mfpu=fpv4-sp-d16 -mfloat-abi=hard -mthumb -o "Middlewares/Third_Party/OpenAMP/virtqueue.o"
arm-none-eabi-gcc "/home/studio3s/STM32CubeIDE/workspace_1.11.0/STM32H7_Modules/HSS_Test/Drivers/STM32H7xx_HAL_Driver/Src/stm32h7xx_hal.c" -mcpu=cortex-m4 -std=gnu11 -g3 -DDEBUG -DCORE_CM4 -DUSE_HAL_DRIVER -DSTM32H747xx -DMETAL_INTERNAL -DMETAL_MAX_DEVICE_REGIONS=2 -DRPMSG_BUFFER_SIZE=1024 -DVIRTIO_SLAVE_ONLY -DNO_ATOMIC_64_SUPPORT -c -I../Core/Inc -I"/home/studio3s/STM32CubeIDE/workspace_1.11.0/STM32H7_Modules/HSS_Test/CM4/Core/Module" -I../../Drivers/STM32H7xx_HAL_Driver/Inc -I../../Drivers/STM32H7xx_HAL_Driver/Inc/Legacy -I../../Drivers/CMSIS/Device/ST/STM32H7xx/Include -I../../Drivers/CMSIS/Include -I../OPENAMP -I../../Middlewares/Third_Party/OpenAMP/open-amp/lib/include -I../../Middlewares/Third_Party/OpenAMP/libmetal/lib/include -I../../Middlewares/Third_Party/OpenAMP/libmetal/lib/include/metal/compiler/gcc -I../../Middlewares/Third_Party/OpenAMP/open-amp/lib/rpmsg -O0 -ffunction-sections -fdata-sections -Wall -fstack-usage -MMD -MP -MF"Drivers/STM32H7xx_HAL_Driver/stm32h7xx_hal.d" -MT"Drivers/STM32H7xx_HAL_Driver/stm32h7xx_hal.o" --specs=nano.specs -mfpu=fpv4-sp-d16 -mfloat-abi=hard -mthumb -o "Drivers/STM32H7xx_HAL_Driver/stm32h7xx_hal.o"
arm-none-eabi-gcc "/home/studio3s/STM32CubeIDE/workspace_1.11.0/STM32H7_Modules/HSS_Test/Drivers/STM32H7xx_HAL_Driver/Src/stm32h7xx_hal_cortex.c" -mcpu=cortex-m4 -std=gnu11 -g3 -DDEBUG -DCORE_CM4 -DUSE_HAL_DRIVER -DSTM32H747xx -DMETAL_INTERNAL -DMETAL_MAX_DEVICE_REGIONS=2 -DRPMSG_BUFFER_SIZE=1024 -DVIRTIO_SLAVE_ONLY -DNO_ATOMIC_64_SUPPORT -c -I../Core/Inc -I"/home/studio3s/STM32CubeIDE/workspace_1.11.0/STM32H7_Modules/HSS_Test/CM4/Core/Module" -I../../Drivers/STM32H7xx_HAL_Driver/Inc -I../../Drivers/STM32H7xx_HAL_Driver/Inc/Legacy -I../../Drivers/CMSIS/Device/ST/STM32H7xx/Include -I../../Drivers/CMSIS/Include -I../OPENAMP -I../../Middlewares/Third_Party/OpenAMP/open-amp/lib/include -I../../Middlewares/Third_Party/OpenAMP/libmetal/lib/include -I../../Middlewares/Third_Party/OpenAMP/libmetal/lib/include/metal/compiler/gcc -I../../Middlewares/Third_Party/OpenAMP/open-amp/lib/rpmsg -O0 -ffunction-sections -fdata-sections -Wall -fstack-usage -MMD -MP -MF"Drivers/STM32H7xx_HAL_Driver/stm32h7xx_hal_cortex.d" -MT"Drivers/STM32H7xx_HAL_Driver/stm32h7xx_hal_cortex.o" --specs=nano.specs -mfpu=fpv4-sp-d16 -mfloat-abi=hard -mthumb -o "Drivers/STM32H7xx_HAL_Driver/stm32h7xx_hal_cortex.o"
arm-none-eabi-gcc "/home/studio3s/STM32CubeIDE/workspace_1.11.0/STM32H7_Modules/HSS_Test/Drivers/STM32H7xx_HAL_Driver/Src/stm32h7xx_hal_dma.c" -mcpu=cortex-m4 -std=gnu11 -g3 -DDEBUG -DCORE_CM4 -DUSE_HAL_DRIVER -DSTM32H747xx -DMETAL_INTERNAL -DMETAL_MAX_DEVICE_REGIONS=2 -DRPMSG_BUFFER_SIZE=1024 -DVIRTIO_SLAVE_ONLY -DNO_ATOMIC_64_SUPPORT -c -I../Core/Inc -I"/home/studio3s/STM32CubeIDE/workspace_1.11.0/STM32H7_Modules/HSS_Test/CM4/Core/Module" -I../../Drivers/STM32H7xx_HAL_Driver/Inc -I../../Drivers/STM32H7xx_HAL_Driver/Inc/Legacy -I../../Drivers/CMSIS/Device/ST/STM32H7xx/Include -I../../Drivers/CMSIS/Include -I../OPENAMP -I../../Middlewares/Third_Party/OpenAMP/open-amp/lib/include -I../../Middlewares/Third_Party/OpenAMP/libmetal/lib/include -I../../Middlewares/Third_Party/OpenAMP/libmetal/lib/include/metal/compiler/gcc -I../../Middlewares/Third_Party/OpenAMP/open-amp/lib/rpmsg -O0 -ffunction-sections -fdata-sections -Wall -fstack-usage -MMD -MP -MF"Drivers/STM32H7xx_HAL_Driver/stm32h7xx_hal_dma.d" -MT"Drivers/STM32H7xx_HAL_Driver/stm32h7xx_hal_dma.o" --specs=nano.specs -mfpu=fpv4-sp-d16 -mfloat-abi=hard -mthumb -o "Drivers/STM32H7xx_HAL_Driver/stm32h7xx_hal_dma.o"
arm-none-eabi-gcc "/home/studio3s/STM32CubeIDE/workspace_1.11.0/STM32H7_Modules/HSS_Test/Drivers/STM32H7xx_HAL_Driver/Src/stm32h7xx_hal_dma_ex.c" -mcpu=cortex-m4 -std=gnu11 -g3 -DDEBUG -DCORE_CM4 -DUSE_HAL_DRIVER -DSTM32H747xx -DMETAL_INTERNAL -DMETAL_MAX_DEVICE_REGIONS=2 -DRPMSG_BUFFER_SIZE=1024 -DVIRTIO_SLAVE_ONLY -DNO_ATOMIC_64_SUPPORT -c -I../Core/Inc -I"/home/studio3s/STM32CubeIDE/workspace_1.11.0/STM32H7_Modules/HSS_Test/CM4/Core/Module" -I../../Drivers/STM32H7xx_HAL_Driver/Inc -I../../Drivers/STM32H7xx_HAL_Driver/Inc/Legacy -I../../Drivers/CMSIS/Device/ST/STM32H7xx/Include -I../../Drivers/CMSIS/Include -I../OPENAMP -I../../Middlewares/Third_Party/OpenAMP/open-amp/lib/include -I../../Middlewares/Third_Party/OpenAMP/libmetal/lib/include -I../../Middlewares/Third_Party/OpenAMP/libmetal/lib/include/metal/compiler/gcc -I../../Middlewares/Third_Party/OpenAMP/open-amp/lib/rpmsg -O0 -ffunction-sections -fdata-sections -Wall -fstack-usage -MMD -MP -MF"Drivers/STM32H7xx_HAL_Driver/stm32h7xx_hal_dma_ex.d" -MT"Drivers/STM32H7xx_HAL_Driver/stm32h7xx_hal_dma_ex.o" --specs=nano.specs -mfpu=fpv4-sp-d16 -mfloat-abi=hard -mthumb -o "Drivers/STM32H7xx_HAL_Driver/stm32h7xx_hal_dma_ex.o"
arm-none-eabi-gcc "/home/studio3s/STM32CubeIDE/workspace_1.11.0/STM32H7_Modules/HSS_Test/Drivers/STM32H7xx_HAL_Driver/Src/stm32h7xx_hal_exti.c" -mcpu=cortex-m4 -std=gnu11 -g3 -DDEBUG -DCORE_CM4 -DUSE_HAL_DRIVER -DSTM32H747xx -DMETAL_INTERNAL -DMETAL_MAX_DEVICE_REGIONS=2 -DRPMSG_BUFFER_SIZE=1024 -DVIRTIO_SLAVE_ONLY -DNO_ATOMIC_64_SUPPORT -c -I../Core/Inc -I"/home/studio3s/STM32CubeIDE/workspace_1.11.0/STM32H7_Modules/HSS_Test/CM4/Core/Module" -I../../Drivers/STM32H7xx_HAL_Driver/Inc -I../../Drivers/STM32H7xx_HAL_Driver/Inc/Legacy -I../../Drivers/CMSIS/Device/ST/STM32H7xx/Include -I../../Drivers/CMSIS/Include -I../OPENAMP -I../../Middlewares/Third_Party/OpenAMP/open-amp/lib/include -I../../Middlewares/Third_Party/OpenAMP/libmetal/lib/include -I../../Middlewares/Third_Party/OpenAMP/libmetal/lib/include/metal/compiler/gcc -I../../Middlewares/Third_Party/OpenAMP/open-amp/lib/rpmsg -O0 -ffunction-sections -fdata-sections -Wall -fstack-usage -MMD -MP -MF"Drivers/STM32H7xx_HAL_Driver/stm32h7xx_hal_exti.d" -MT"Drivers/STM32H7xx_HAL_Driver/stm32h7xx_hal_exti.o" --specs=nano.specs -mfpu=fpv4-sp-d16 -mfloat-abi=hard -mthumb -o "Drivers/STM32H7xx_HAL_Driver/stm32h7xx_hal_exti.o"
arm-none-eabi-gcc "/home/studio3s/STM32CubeIDE/workspace_1.11.0/STM32H7_Modules/HSS_Test/Drivers/STM32H7xx_HAL_Driver/Src/stm32h7xx_hal_flash.c" -mcpu=cortex-m4 -std=gnu11 -g3 -DDEBUG -DCORE_CM4 -DUSE_HAL_DRIVER -DSTM32H747xx -DMETAL_INTERNAL -DMETAL_MAX_DEVICE_REGIONS=2 -DRPMSG_BUFFER_SIZE=1024 -DVIRTIO_SLAVE_ONLY -DNO_ATOMIC_64_SUPPORT -c -I../Core/Inc -I"/home/studio3s/STM32CubeIDE/workspace_1.11.0/STM32H7_Modules/HSS_Test/CM4/Core/Module" -I../../Drivers/STM32H7xx_HAL_Driver/Inc -I../../Drivers/STM32H7xx_HAL_Driver/Inc/Legacy -I../../Drivers/CMSIS/Device/ST/STM32H7xx/Include -I../../Drivers/CMSIS/Include -I../OPENAMP -I../../Middlewares/Third_Party/OpenAMP/open-amp/lib/include -I../../Middlewares/Third_Party/OpenAMP/libmetal/lib/include -I../../Middlewares/Third_Party/OpenAMP/libmetal/lib/include/metal/compiler/gcc -I../../Middlewares/Third_Party/OpenAMP/open-amp/lib/rpmsg -O0 -ffunction-sections -fdata-sections -Wall -fstack-usage -MMD -MP -MF"Drivers/STM32H7xx_HAL_Driver/stm32h7xx_hal_flash.d" -MT"Drivers/STM32H7xx_HAL_Driver/stm32h7xx_hal_flash.o" --specs=nano.specs -mfpu=fpv4-sp-d16 -mfloat-abi=hard -mthumb -o "Drivers/STM32H7xx_HAL_Driver/stm32h7xx_hal_flash.o"
arm-none-eabi-gcc "/home/studio3s/STM32CubeIDE/workspace_1.11.0/STM32H7_Modules/HSS_Test/Drivers/STM32H7xx_HAL_Driver/Src/stm32h7xx_hal_flash_ex.c" -mcpu=cortex-m4 -std=gnu11 -g3 -DDEBUG -DCORE_CM4 -DUSE_HAL_DRIVER -DSTM32H747xx -DMETAL_INTERNAL -DMETAL_MAX_DEVICE_REGIONS=2 -DRPMSG_BUFFER_SIZE=1024 -DVIRTIO_SLAVE_ONLY -DNO_ATOMIC_64_SUPPORT -c -I../Core/Inc -I"/home/studio3s/STM32CubeIDE/workspace_1.11.0/STM32H7_Modules/HSS_Test/CM4/Core/Module" -I../../Drivers/STM32H7xx_HAL_Driver/Inc -I../../Drivers/STM32H7xx_HAL_Driver/Inc/Legacy -I../../Drivers/CMSIS/Device/ST/STM32H7xx/Include -I../../Drivers/CMSIS/Include -I../OPENAMP -I../../Middlewares/Third_Party/OpenAMP/open-amp/lib/include -I../../Middlewares/Third_Party/OpenAMP/libmetal/lib/include -I../../Middlewares/Third_Party/OpenAMP/libmetal/lib/include/metal/compiler/gcc -I../../Middlewares/Third_Party/OpenAMP/open-amp/lib/rpmsg -O0 -ffunction-sections -fdata-sections -Wall -fstack-usage -MMD -MP -MF"Drivers/STM32H7xx_HAL_Driver/stm32h7xx_hal_flash_ex.d" -MT"Drivers/STM32H7xx_HAL_Driver/stm32h7xx_hal_flash_ex.o" --specs=nano.specs -mfpu=fpv4-sp-d16 -mfloat-abi=hard -mthumb -o "Drivers/STM32H7xx_HAL_Driver/stm32h7xx_hal_flash_ex.o"
arm-none-eabi-gcc "/home/studio3s/STM32CubeIDE/workspace_1.11.0/STM32H7_Modules/HSS_Test/Drivers/STM32H7xx_HAL_Driver/Src/stm32h7xx_hal_gpio.c" -mcpu=cortex-m4 -std=gnu11 -g3 -DDEBUG -DCORE_CM4 -DUSE_HAL_DRIVER -DSTM32H747xx -DMETAL_INTERNAL -DMETAL_MAX_DEVICE_REGIONS=2 -DRPMSG_BUFFER_SIZE=1024 -DVIRTIO_SLAVE_ONLY -DNO_ATOMIC_64_SUPPORT -c -I../Core/Inc -I"/home/studio3s/STM32CubeIDE/workspace_1.11.0/STM32H7_Modules/HSS_Test/CM4/Core/Module" -I../../Drivers/STM32H7xx_HAL_Driver/Inc -I../../Drivers/STM32H7xx_HAL_Driver/Inc/Legacy -I../../Drivers/CMSIS/Device/ST/STM32H7xx/Include -I../../Drivers/CMSIS/Include -I../OPENAMP -I../../Middlewares/Third_Party/OpenAMP/open-amp/lib/include -I../../Middlewares/Third_Party/OpenAMP/libmetal/lib/include -I../../Middlewares/Third_Party/OpenAMP/libmetal/lib/include/metal/compiler/gcc -I../../Middlewares/Third_Party/OpenAMP/open-amp/lib/rpmsg -O0 -ffunction-sections -fdata-sections -Wall -fstack-usage -MMD -MP -MF"Drivers/STM32H7xx_HAL_Driver/stm32h7xx_hal_gpio.d" -MT"Drivers/STM32H7xx_HAL_Driver/stm32h7xx_hal_gpio.o" --specs=nano.specs -mfpu=fpv4-sp-d16 -mfloat-abi=hard -mthumb -o "Drivers/STM32H7xx_HAL_Driver/stm32h7xx_hal_gpio.o"
arm-none-eabi-gcc "/home/studio3s/STM32CubeIDE/workspace_1.11.0/STM32H7_Modules/HSS_Test/Drivers/STM32H7xx_HAL_Driver/Src/stm32h7xx_hal_hsem.c" -mcpu=cortex-m4 -std=gnu11 -g3 -DDEBUG -DCORE_CM4 -DUSE_HAL_DRIVER -DSTM32H747xx -DMETAL_INTERNAL -DMETAL_MAX_DEVICE_REGIONS=2 -DRPMSG_BUFFER_SIZE=1024 -DVIRTIO_SLAVE_ONLY -DNO_ATOMIC_64_SUPPORT -c -I../Core/Inc -I"/home/studio3s/STM32CubeIDE/workspace_1.11.0/STM32H7_Modules/HSS_Test/CM4/Core/Module" -I../../Drivers/STM32H7xx_HAL_Driver/Inc -I../../Drivers/STM32H7xx_HAL_Driver/Inc/Legacy -I../../Drivers/CMSIS/Device/ST/STM32H7xx/Include -I../../Drivers/CMSIS/Include -I../OPENAMP -I../../Middlewares/Third_Party/OpenAMP/open-amp/lib/include -I../../Middlewares/Third_Party/OpenAMP/libmetal/lib/include -I../../Middlewares/Third_Party/OpenAMP/libmetal/lib/include/metal/compiler/gcc -I../../Middlewares/Third_Party/OpenAMP/open-amp/lib/rpmsg -O0 -ffunction-sections -fdata-sections -Wall -fstack-usage -MMD -MP -MF"Drivers/STM32H7xx_HAL_Driver/stm32h7xx_hal_hsem.d" -MT"Drivers/STM32H7xx_HAL_Driver/stm32h7xx_hal_hsem.o" --specs=nano.specs -mfpu=fpv4-sp-d16 -mfloat-abi=hard -mthumb -o "Drivers/STM32H7xx_HAL_Driver/stm32h7xx_hal_hsem.o"
arm-none-eabi-gcc "/home/studio3s/STM32CubeIDE/workspace_1.11.0/STM32H7_Modules/HSS_Test/Drivers/STM32H7xx_HAL_Driver/Src/stm32h7xx_hal_i2c.c" -mcpu=cortex-m4 -std=gnu11 -g3 -DDEBUG -DCORE_CM4 -DUSE_HAL_DRIVER -DSTM32H747xx -DMETAL_INTERNAL -DMETAL_MAX_DEVICE_REGIONS=2 -DRPMSG_BUFFER_SIZE=1024 -DVIRTIO_SLAVE_ONLY -DNO_ATOMIC_64_SUPPORT -c -I../Core/Inc -I"/home/studio3s/STM32CubeIDE/workspace_1.11.0/STM32H7_Modules/HSS_Test/CM4/Core/Module" -I../../Drivers/STM32H7xx_HAL_Driver/Inc -I../../Drivers/STM32H7xx_HAL_Driver/Inc/Legacy -I../../Drivers/CMSIS/Device/ST/STM32H7xx/Include -I../../Drivers/CMSIS/Include -I../OPENAMP -I../../Middlewares/Third_Party/OpenAMP/open-amp/lib/include -I../../Middlewares/Third_Party/OpenAMP/libmetal/lib/include -I../../Middlewares/Third_Party/OpenAMP/libmetal/lib/include/metal/compiler/gcc -I../../Middlewares/Third_Party/OpenAMP/open-amp/lib/rpmsg -O0 -ffunction-sections -fdata-sections -Wall -fstack-usage -MMD -MP -MF"Drivers/STM32H7xx_HAL_Driver/stm32h7xx_hal_i2c.d" -MT"Drivers/STM32H7xx_HAL_Driver/stm32h7xx_hal_i2c.o" --specs=nano.specs -mfpu=fpv4-sp-d16 -mfloat-abi=hard -mthumb -o "Drivers/STM32H7xx_HAL_Driver/stm32h7xx_hal_i2c.o"
arm-none-eabi-gcc "/home/studio3s/STM32CubeIDE/workspace_1.11.0/STM32H7_Modules/HSS_Test/Drivers/STM32H7xx_HAL_Driver/Src/stm32h7xx_hal_i2c_ex.c" -mcpu=cortex-m4 -std=gnu11 -g3 -DDEBUG -DCORE_CM4 -DUSE_HAL_DRIVER -DSTM32H747xx -DMETAL_INTERNAL -DMETAL_MAX_DEVICE_REGIONS=2 -DRPMSG_BUFFER_SIZE=1024 -DVIRTIO_SLAVE_ONLY -DNO_ATOMIC_64_SUPPORT -c -I../Core/Inc -I"/home/studio3s/STM32CubeIDE/workspace_1.11.0/STM32H7_Modules/HSS_Test/CM4/Core/Module" -I../../Drivers/STM32H7xx_HAL_Driver/Inc -I../../Drivers/STM32H7xx_HAL_Driver/Inc/Legacy -I../../Drivers/CMSIS/Device/ST/STM32H7xx/Include -I../../Drivers/CMSIS/Include -I../OPENAMP -I../../Middlewares/Third_Party/OpenAMP/open-amp/lib/include -I../../Middlewares/Third_Party/OpenAMP/libmetal/lib/include -I../../Middlewares/Third_Party/OpenAMP/libmetal/lib/include/metal/compiler/gcc -I../../Middlewares/Third_Party/OpenAMP/open-amp/lib/rpmsg -O0 -ffunction-sections -fdata-sections -Wall -fstack-usage -MMD -MP -MF"Drivers/STM32H7xx_HAL_Driver/stm32h7xx_hal_i2c_ex.d" -MT"Drivers/STM32H7xx_HAL_Driver/stm32h7xx_hal_i2c_ex.o" --specs=nano.specs -mfpu=fpv4-sp-d16 -mfloat-abi=hard -mthumb -o "Drivers/STM32H7xx_HAL_Driver/stm32h7xx_hal_i2c_ex.o"
arm-none-eabi-gcc "/home/studio3s/STM32CubeIDE/workspace_1.11.0/STM32H7_Modules/HSS_Test/Drivers/STM32H7xx_HAL_Driver/Src/stm32h7xx_hal_mdma.c" -mcpu=cortex-m4 -std=gnu11 -g3 -DDEBUG -DCORE_CM4 -DUSE_HAL_DRIVER -DSTM32H747xx -DMETAL_INTERNAL -DMETAL_MAX_DEVICE_REGIONS=2 -DRPMSG_BUFFER_SIZE=1024 -DVIRTIO_SLAVE_ONLY -DNO_ATOMIC_64_SUPPORT -c -I../Core/Inc -I"/home/studio3s/STM32CubeIDE/workspace_1.11.0/STM32H7_Modules/HSS_Test/CM4/Core/Module" -I../../Drivers/STM32H7xx_HAL_Driver/Inc -I../../Drivers/STM32H7xx_HAL_Driver/Inc/Legacy -I../../Drivers/CMSIS/Device/ST/STM32H7xx/Include -I../../Drivers/CMSIS/Include -I../OPENAMP -I../../Middlewares/Third_Party/OpenAMP/open-amp/lib/include -I../../Middlewares/Third_Party/OpenAMP/libmetal/lib/include -I../../Middlewares/Third_Party/OpenAMP/libmetal/lib/include/metal/compiler/gcc -I../../Middlewares/Third_Party/OpenAMP/open-amp/lib/rpmsg -O0 -ffunction-sections -fdata-sections -Wall -fstack-usage -MMD -MP -MF"Drivers/STM32H7xx_HAL_Driver/stm32h7xx_hal_mdma.d" -MT"Drivers/STM32H7xx_HAL_Driver/stm32h7xx_hal_mdma.o" --specs=nano.specs -mfpu=fpv4-sp-d16 -mfloat-abi=hard -mthumb -o "Drivers/STM32H7xx_HAL_Driver/stm32h7xx_hal_mdma.o"
arm-none-eabi-gcc "/home/studio3s/STM32CubeIDE/workspace_1.11.0/STM32H7_Modules/HSS_Test/Drivers/STM32H7xx_HAL_Driver/Src/stm32h7xx_hal_pwr.c" -mcpu=cortex-m4 -std=gnu11 -g3 -DDEBUG -DCORE_CM4 -DUSE_HAL_DRIVER -DSTM32H747xx -DMETAL_INTERNAL -DMETAL_MAX_DEVICE_REGIONS=2 -DRPMSG_BUFFER_SIZE=1024 -DVIRTIO_SLAVE_ONLY -DNO_ATOMIC_64_SUPPORT -c -I../Core/Inc -I"/home/studio3s/STM32CubeIDE/workspace_1.11.0/STM32H7_Modules/HSS_Test/CM4/Core/Module" -I../../Drivers/STM32H7xx_HAL_Driver/Inc -I../../Drivers/STM32H7xx_HAL_Driver/Inc/Legacy -I../../Drivers/CMSIS/Device/ST/STM32H7xx/Include -I../../Drivers/CMSIS/Include -I../OPENAMP -I../../Middlewares/Third_Party/OpenAMP/open-amp/lib/include -I../../Middlewares/Third_Party/OpenAMP/libmetal/lib/include -I../../Middlewares/Third_Party/OpenAMP/libmetal/lib/include/metal/compiler/gcc -I../../Middlewares/Third_Party/OpenAMP/open-amp/lib/rpmsg -O0 -ffunction-sections -fdata-sections -Wall -fstack-usage -MMD -MP -MF"Drivers/STM32H7xx_HAL_Driver/stm32h7xx_hal_pwr.d" -MT"Drivers/STM32H7xx_HAL_Driver/stm32h7xx_hal_pwr.o" --specs=nano.specs -mfpu=fpv4-sp-d16 -mfloat-abi=hard -mthumb -o "Drivers/STM32H7xx_HAL_Driver/stm32h7xx_hal_pwr.o"
arm-none-eabi-gcc "/home/studio3s/STM32CubeIDE/workspace_1.11.0/STM32H7_Modules/HSS_Test/Drivers/STM32H7xx_HAL_Driver/Src/stm32h7xx_hal_pwr_ex.c" -mcpu=cortex-m4 -std=gnu11 -g3 -DDEBUG -DCORE_CM4 -DUSE_HAL_DRIVER -DSTM32H747xx -DMETAL_INTERNAL -DMETAL_MAX_DEVICE_REGIONS=2 -DRPMSG_BUFFER_SIZE=1024 -DVIRTIO_SLAVE_ONLY -DNO_ATOMIC_64_SUPPORT -c -I../Core/Inc -I"/home/studio3s/STM32CubeIDE/workspace_1.11.0/STM32H7_Modules/HSS_Test/CM4/Core/Module" -I../../Drivers/STM32H7xx_HAL_Driver/Inc -I../../Drivers/STM32H7xx_HAL_Driver/Inc/Legacy -I../../Drivers/CMSIS/Device/ST/STM32H7xx/Include -I../../Drivers/CMSIS/Include -I../OPENAMP -I../../Middlewares/Third_Party/OpenAMP/open-amp/lib/include -I../../Middlewares/Third_Party/OpenAMP/libmetal/lib/include -I../../Middlewares/Third_Party/OpenAMP/libmetal/lib/include/metal/compiler/gcc -I../../Middlewares/Third_Party/OpenAMP/open-amp/lib/rpmsg -O0 -ffunction-sections -fdata-sections -Wall -fstack-usage -MMD -MP -MF"Drivers/STM32H7xx_HAL_Driver/stm32h7xx_hal_pwr_ex.d" -MT"Drivers/STM32H7xx_HAL_Driver/stm32h7xx_hal_pwr_ex.o" --specs=nano.specs -mfpu=fpv4-sp-d16 -mfloat-abi=hard -mthumb -o "Drivers/STM32H7xx_HAL_Driver/stm32h7xx_hal_pwr_ex.o"
arm-none-eabi-gcc "/home/studio3s/STM32CubeIDE/workspace_1.11.0/STM32H7_Modules/HSS_Test/Drivers/STM32H7xx_HAL_Driver/Src/stm32h7xx_hal_rcc.c" -mcpu=cortex-m4 -std=gnu11 -g3 -DDEBUG -DCORE_CM4 -DUSE_HAL_DRIVER -DSTM32H747xx -DMETAL_INTERNAL -DMETAL_MAX_DEVICE_REGIONS=2 -DRPMSG_BUFFER_SIZE=1024 -DVIRTIO_SLAVE_ONLY -DNO_ATOMIC_64_SUPPORT -c -I../Core/Inc -I"/home/studio3s/STM32CubeIDE/workspace_1.11.0/STM32H7_Modules/HSS_Test/CM4/Core/Module" -I../../Drivers/STM32H7xx_HAL_Driver/Inc -I../../Drivers/STM32H7xx_HAL_Driver/Inc/Legacy -I../../Drivers/CMSIS/Device/ST/STM32H7xx/Include -I../../Drivers/CMSIS/Include -I../OPENAMP -I../../Middlewares/Third_Party/OpenAMP/open-amp/lib/include -I../../Middlewares/Third_Party/OpenAMP/libmetal/lib/include -I../../Middlewares/Third_Party/OpenAMP/libmetal/lib/include/metal/compiler/gcc -I../../Middlewares/Third_Party/OpenAMP/open-amp/lib/rpmsg -O0 -ffunction-sections -fdata-sections -Wall -fstack-usage -MMD -MP -MF"Drivers/STM32H7xx_HAL_Driver/stm32h7xx_hal_rcc.d" -MT"Drivers/STM32H7xx_HAL_Driver/stm32h7xx_hal_rcc.o" --specs=nano.specs -mfpu=fpv4-sp-d16 -mfloat-abi=hard -mthumb -o "Drivers/STM32H7xx_HAL_Driver/stm32h7xx_hal_rcc.o"
arm-none-eabi-gcc "/home/studio3s/STM32CubeIDE/workspace_1.11.0/STM32H7_Modules/HSS_Test/Drivers/STM32H7xx_HAL_Driver/Src/stm32h7xx_hal_rcc_ex.c" -mcpu=cortex-m4 -std=gnu11 -g3 -DDEBUG -DCORE_CM4 -DUSE_HAL_DRIVER -DSTM32H747xx -DMETAL_INTERNAL -DMETAL_MAX_DEVICE_REGIONS=2 -DRPMSG_BUFFER_SIZE=1024 -DVIRTIO_SLAVE_ONLY -DNO_ATOMIC_64_SUPPORT -c -I../Core/Inc -I"/home/studio3s/STM32CubeIDE/workspace_1.11.0/STM32H7_Modules/HSS_Test/CM4/Core/Module" -I../../Drivers/STM32H7xx_HAL_Driver/Inc -I../../Drivers/STM32H7xx_HAL_Driver/Inc/Legacy -I../../Drivers/CMSIS/Device/ST/STM32H7xx/Include -I../../Drivers/CMSIS/Include -I../OPENAMP -I../../Middlewares/Third_Party/OpenAMP/open-amp/lib/include -I../../Middlewares/Third_Party/OpenAMP/libmetal/lib/include -I../../Middlewares/Third_Party/OpenAMP/libmetal/lib/include/metal/compiler/gcc -I../../Middlewares/Third_Party/OpenAMP/open-amp/lib/rpmsg -O0 -ffunction-sections -fdata-sections -Wall -fstack-usage -MMD -MP -MF"Drivers/STM32H7xx_HAL_Driver/stm32h7xx_hal_rcc_ex.d" -MT"Drivers/STM32H7xx_HAL_Driver/stm32h7xx_hal_rcc_ex.o" --specs=nano.specs -mfpu=fpv4-sp-d16 -mfloat-abi=hard -mthumb -o "Drivers/STM32H7xx_HAL_Driver/stm32h7xx_hal_rcc_ex.o"
arm-none-eabi-gcc "/home/studio3s/STM32CubeIDE/workspace_1.11.0/STM32H7_Modules/HSS_Test/Drivers/STM32H7xx_HAL_Driver/Src/stm32h7xx_hal_rtc.c" -mcpu=cortex-m4 -std=gnu11 -g3 -DDEBUG -DCORE_CM4 -DUSE_HAL_DRIVER -DSTM32H747xx -DMETAL_INTERNAL -DMETAL_MAX_DEVICE_REGIONS=2 -DRPMSG_BUFFER_SIZE=1024 -DVIRTIO_SLAVE_ONLY -DNO_ATOMIC_64_SUPPORT -c -I../Core/Inc -I"/home/studio3s/STM32CubeIDE/workspace_1.11.0/STM32H7_Modules/HSS_Test/CM4/Core/Module" -I../../Drivers/STM32H7xx_HAL_Driver/Inc -I../../Drivers/STM32H7xx_HAL_Driver/Inc/Legacy -I../../Drivers/CMSIS/Device/ST/STM32H7xx/Include -I../../Drivers/CMSIS/Include -I../OPENAMP -I../../Middlewares/Third_Party/OpenAMP/open-amp/lib/include -I../../Middlewares/Third_Party/OpenAMP/libmetal/lib/include -I../../Middlewares/Third_Party/OpenAMP/libmetal/lib/include/metal/compiler/gcc -I../../Middlewares/Third_Party/OpenAMP/open-amp/lib/rpmsg -O0 -ffunction-sections -fdata-sections -Wall -fstack-usage -MMD -MP -MF"Drivers/STM32H7xx_HAL_Driver/stm32h7xx_hal_rtc.d" -MT"Drivers/STM32H7xx_HAL_Driver/stm32h7xx_hal_rtc.o" --specs=nano.specs -mfpu=fpv4-sp-d16 -mfloat-abi=hard -mthumb -o "Drivers/STM32H7xx_HAL_Driver/stm32h7xx_hal_rtc.o"
arm-none-eabi-gcc "/home/studio3s/STM32CubeIDE/workspace_1.11.0/STM32H7_Modules/HSS_Test/Drivers/STM32H7xx_HAL_Driver/Src/stm32h7xx_hal_rtc_ex.c" -mcpu=cortex-m4 -std=gnu11 -g3 -DDEBUG -DCORE_CM4 -DUSE_HAL_DRIVER -DSTM32H747xx -DMETAL_INTERNAL -DMETAL_MAX_DEVICE_REGIONS=2 -DRPMSG_BUFFER_SIZE=1024 -DVIRTIO_SLAVE_ONLY -DNO_ATOMIC_64_SUPPORT -c -I../Core/Inc -I"/home/studio3s/STM32CubeIDE/workspace_1.11.0/STM32H7_Modules/HSS_Test/CM4/Core/Module" -I../../Drivers/STM32H7xx_HAL_Driver/Inc -I../../Drivers/STM32H7xx_HAL_Driver/Inc/Legacy -I../../Drivers/CMSIS/Device/ST/STM32H7xx/Include -I../../Drivers/CMSIS/Include -I../OPENAMP -I../../Middlewares/Third_Party/OpenAMP/open-amp/lib/include -I../../Middlewares/Third_Party/OpenAMP/libmetal/lib/include -I../../Middlewares/Third_Party/OpenAMP/libmetal/lib/include/metal/compiler/gcc -I../../Middlewares/Third_Party/OpenAMP/open-amp/lib/rpmsg -O0 -ffunction-sections -fdata-sections -Wall -fstack-usage -MMD -MP -MF"Drivers/STM32H7xx_HAL_Driver/stm32h7xx_hal_rtc_ex.d" -MT"Drivers/STM32H7xx_HAL_Driver/stm32h7xx_hal_rtc_ex.o" --specs=nano.specs -mfpu=fpv4-sp-d16 -mfloat-abi=hard -mthumb -o "Drivers/STM32H7xx_HAL_Driver/stm32h7xx_hal_rtc_ex.o"
arm-none-eabi-gcc "/home/studio3s/STM32CubeIDE/workspace_1.11.0/STM32H7_Modules/HSS_Test/Drivers/STM32H7xx_HAL_Driver/Src/stm32h7xx_hal_tim.c" -mcpu=cortex-m4 -std=gnu11 -g3 -DDEBUG -DCORE_CM4 -DUSE_HAL_DRIVER -DSTM32H747xx -DMETAL_INTERNAL -DMETAL_MAX_DEVICE_REGIONS=2 -DRPMSG_BUFFER_SIZE=1024 -DVIRTIO_SLAVE_ONLY -DNO_ATOMIC_64_SUPPORT -c -I../Core/Inc -I"/home/studio3s/STM32CubeIDE/workspace_1.11.0/STM32H7_Modules/HSS_Test/CM4/Core/Module" -I../../Drivers/STM32H7xx_HAL_Driver/Inc -I../../Drivers/STM32H7xx_HAL_Driver/Inc/Legacy -I../../Drivers/CMSIS/Device/ST/STM32H7xx/Include -I../../Drivers/CMSIS/Include -I../OPENAMP -I../../Middlewares/Third_Party/OpenAMP/open-amp/lib/include -I../../Middlewares/Third_Party/OpenAMP/libmetal/lib/include -I../../Middlewares/Third_Party/OpenAMP/libmetal/lib/include/metal/compiler/gcc -I../../Middlewares/Third_Party/OpenAMP/open-amp/lib/rpmsg -O0 -ffunction-sections -fdata-sections -Wall -fstack-usage -MMD -MP -MF"Drivers/STM32H7xx_HAL_Driver/stm32h7xx_hal_tim.d" -MT"Drivers/STM32H7xx_HAL_Driver/stm32h7xx_hal_tim.o" --specs=nano.specs -mfpu=fpv4-sp-d16 -mfloat-abi=hard -mthumb -o "Drivers/STM32H7xx_HAL_Driver/stm32h7xx_hal_tim.o"
arm-none-eabi-gcc "/home/studio3s/STM32CubeIDE/workspace_1.11.0/STM32H7_Modules/HSS_Test/Drivers/STM32H7xx_HAL_Driver/Src/stm32h7xx_hal_tim_ex.c" -mcpu=cortex-m4 -std=gnu11 -g3 -DDEBUG -DCORE_CM4 -DUSE_HAL_DRIVER -DSTM32H747xx -DMETAL_INTERNAL -DMETAL_MAX_DEVICE_REGIONS=2 -DRPMSG_BUFFER_SIZE=1024 -DVIRTIO_SLAVE_ONLY -DNO_ATOMIC_64_SUPPORT -c -I../Core/Inc -I"/home/studio3s/STM32CubeIDE/workspace_1.11.0/STM32H7_Modules/HSS_Test/CM4/Core/Module" -I../../Drivers/STM32H7xx_HAL_Driver/Inc -I../../Drivers/STM32H7xx_HAL_Driver/Inc/Legacy -I../../Drivers/CMSIS/Device/ST/STM32H7xx/Include -I../../Drivers/CMSIS/Include -I../OPENAMP -I../../Middlewares/Third_Party/OpenAMP/open-amp/lib/include -I../../Middlewares/Third_Party/OpenAMP/libmetal/lib/include -I../../Middlewares/Third_Party/OpenAMP/libmetal/lib/include/metal/compiler/gcc -I../../Middlewares/Third_Party/OpenAMP/open-amp/lib/rpmsg -O0 -ffunction-sections -fdata-sections -Wall -fstack-usage -MMD -MP -MF"Drivers/STM32H7xx_HAL_Driver/stm32h7xx_hal_tim_ex.d" -MT"Drivers/STM32H7xx_HAL_Driver/stm32h7xx_hal_tim_ex.o" --specs=nano.specs -mfpu=fpv4-sp-d16 -mfloat-abi=hard -mthumb -o "Drivers/STM32H7xx_HAL_Driver/stm32h7xx_hal_tim_ex.o"
arm-none-eabi-gcc -mcpu=cortex-m4 -g3 -DDEBUG -c -x assembler-with-cpp -MMD -MP -MF"Core/Startup/startup_stm32h747xihx.d" -MT"Core/Startup/startup_stm32h747xihx.o" --specs=nano.specs -mfpu=fpv4-sp-d16 -mfloat-abi=hard -mthumb -o "Core/Startup/startup_stm32h747xihx.o" "../Core/Startup/startup_stm32h747xihx.s"
arm-none-eabi-g++ "../Core/Src/main.cpp" -mcpu=cortex-m4 -std=gnu++14 -g3 -DDEBUG -DCORE_CM4 -DUSE_HAL_DRIVER -DSTM32H747xx -DMETAL_INTERNAL -DMETAL_MAX_DEVICE_REGIONS=2 -DRPMSG_BUFFER_SIZE=1024 -DVIRTIO_SLAVE_ONLY -DNO_ATOMIC_64_SUPPORT -c -I../Core/Inc -I"/home/studio3s/STM32CubeIDE/workspace_1.11.0/STM32H7_Modules/HSS_Test/CM4/Core/Module" -I../../Drivers/STM32H7xx_HAL_Driver/Inc -I../../Drivers/STM32H7xx_HAL_Driver/Inc/Legacy -I../../Drivers/CMSIS/Device/ST/STM32H7xx/Include -I../../Drivers/CMSIS/Include -I../OPENAMP -I../../Middlewares/Third_Party/OpenAMP/open-amp/lib/include -I../../Middlewares/Third_Party/OpenAMP/libmetal/lib/include -I../../Middlewares/Third_Party/OpenAMP/libmetal/lib/include/metal/compiler/gcc -I../../Middlewares/Third_Party/OpenAMP/open-amp/lib/rpmsg -O0 -ffunction-sections -fdata-sections -fno-exceptions -fno-rtti -fno-use-cxa-atexit -Wall -fstack-usage -MMD -MP -MF"Core/Src/main.d" -MT"Core/Src/main.o" --specs=nano.specs -mfpu=fpv4-sp-d16 -mfloat-abi=hard -mthumb -o "Core/Src/main.o"
arm-none-eabi-gcc "../Core/Src/stm32h7xx_hal_msp.c" -mcpu=cortex-m4 -std=gnu11 -g3 -DDEBUG -DCORE_CM4 -DUSE_HAL_DRIVER -DSTM32H747xx -DMETAL_INTERNAL -DMETAL_MAX_DEVICE_REGIONS=2 -DRPMSG_BUFFER_SIZE=1024 -DVIRTIO_SLAVE_ONLY -DNO_ATOMIC_64_SUPPORT -c -I../Core/Inc -I"/home/studio3s/STM32CubeIDE/workspace_1.11.0/STM32H7_Modules/HSS_Test/CM4/Core/Module" -I../../Drivers/STM32H7xx_HAL_Driver/Inc -I../../Drivers/STM32H7xx_HAL_Driver/Inc/Legacy -I../../Drivers/CMSIS/Device/ST/STM32H7xx/Include -I../../Drivers/CMSIS/Include -I../OPENAMP -I../../Middlewares/Third_Party/OpenAMP/open-amp/lib/include -I../../Middlewares/Third_Party/OpenAMP/libmetal/lib/include -I../../Middlewares/Third_Party/OpenAMP/libmetal/lib/include/metal/compiler/gcc -I../../Middlewares/Third_Party/OpenAMP/open-amp/lib/rpmsg -O0 -ffunction-sections -fdata-sections -Wall -fstack-usage -MMD -MP -MF"Core/Src/stm32h7xx_hal_msp.d" -MT"Core/Src/stm32h7xx_hal_msp.o" --specs=nano.specs -mfpu=fpv4-sp-d16 -mfloat-abi=hard -mthumb -o "Core/Src/stm32h7xx_hal_msp.o"
arm-none-eabi-gcc "../Core/Src/stm32h7xx_it.c" -mcpu=cortex-m4 -std=gnu11 -g3 -DDEBUG -DCORE_CM4 -DUSE_HAL_DRIVER -DSTM32H747xx -DMETAL_INTERNAL -DMETAL_MAX_DEVICE_REGIONS=2 -DRPMSG_BUFFER_SIZE=1024 -DVIRTIO_SLAVE_ONLY -DNO_ATOMIC_64_SUPPORT -c -I../Core/Inc -I"/home/studio3s/STM32CubeIDE/workspace_1.11.0/STM32H7_Modules/HSS_Test/CM4/Core/Module" -I../../Drivers/STM32H7xx_HAL_Driver/Inc -I../../Drivers/STM32H7xx_HAL_Driver/Inc/Legacy -I../../Drivers/CMSIS/Device/ST/STM32H7xx/Include -I../../Drivers/CMSIS/Include -I../OPENAMP -I../../Middlewares/Third_Party/OpenAMP/open-amp/lib/include -I../../Middlewares/Third_Party/OpenAMP/libmetal/lib/include -I../../Middlewares/Third_Party/OpenAMP/libmetal/lib/include/metal/compiler/gcc -I../../Middlewares/Third_Party/OpenAMP/open-amp/lib/rpmsg -O0 -ffunction-sections -fdata-sections -Wall -fstack-usage -MMD -MP -MF"Core/Src/stm32h7xx_it.d" -MT"Core/Src/stm32h7xx_it.o" --specs=nano.specs -mfpu=fpv4-sp-d16 -mfloat-abi=hard -mthumb -o "Core/Src/stm32h7xx_it.o"
../Core/Src/main.cpp: In function 'int main()':
../Core/Src/main.cpp:133:7: warning: unused variable 'i' [-Wunused-variable]
  133 |   int i = OpenAMPInit();
      |       ^
../Core/Src/main.cpp: At global scope:
../Core/Src/main.cpp:278:13: warning: 'void MX_TIM13_Init()' defined but not used [-Wunused-function]
  278 | static void MX_TIM13_Init(void)
      |             ^~~~~~~~~~~~~
../Core/Src/main.cpp:208:13: warning: 'void MX_TIM8_Init()' defined but not used [-Wunused-function]
  208 | static void MX_TIM8_Init(void)
      |             ^~~~~~~~~~~~
../Core/Src/main.cpp:154:13: warning: 'void MX_RTC_Init()' defined but not used [-Wunused-function]
  154 | static void MX_RTC_Init(void)
      |             ^~~~~~~~~~~
arm-none-eabi-gcc "../Core/Src/syscalls.c" -mcpu=cortex-m4 -std=gnu11 -g3 -DDEBUG -DCORE_CM4 -DUSE_HAL_DRIVER -DSTM32H747xx -DMETAL_INTERNAL -DMETAL_MAX_DEVICE_REGIONS=2 -DRPMSG_BUFFER_SIZE=1024 -DVIRTIO_SLAVE_ONLY -DNO_ATOMIC_64_SUPPORT -c -I../Core/Inc -I"/home/studio3s/STM32CubeIDE/workspace_1.11.0/STM32H7_Modules/HSS_Test/CM4/Core/Module" -I../../Drivers/STM32H7xx_HAL_Driver/Inc -I../../Drivers/STM32H7xx_HAL_Driver/Inc/Legacy -I../../Drivers/CMSIS/Device/ST/STM32H7xx/Include -I../../Drivers/CMSIS/Include -I../OPENAMP -I../../Middlewares/Third_Party/OpenAMP/open-amp/lib/include -I../../Middlewares/Third_Party/OpenAMP/libmetal/lib/include -I../../Middlewares/Third_Party/OpenAMP/libmetal/lib/include/metal/compiler/gcc -I../../Middlewares/Third_Party/OpenAMP/open-amp/lib/rpmsg -O0 -ffunction-sections -fdata-sections -Wall -fstack-usage -MMD -MP -MF"Core/Src/syscalls.d" -MT"Core/Src/syscalls.o" --specs=nano.specs -mfpu=fpv4-sp-d16 -mfloat-abi=hard -mthumb -o "Core/Src/syscalls.o"
arm-none-eabi-gcc "../Core/Src/sysmem.c" -mcpu=cortex-m4 -std=gnu11 -g3 -DDEBUG -DCORE_CM4 -DUSE_HAL_DRIVER -DSTM32H747xx -DMETAL_INTERNAL -DMETAL_MAX_DEVICE_REGIONS=2 -DRPMSG_BUFFER_SIZE=1024 -DVIRTIO_SLAVE_ONLY -DNO_ATOMIC_64_SUPPORT -c -I../Core/Inc -I"/home/studio3s/STM32CubeIDE/workspace_1.11.0/STM32H7_Modules/HSS_Test/CM4/Core/Module" -I../../Drivers/STM32H7xx_HAL_Driver/Inc -I../../Drivers/STM32H7xx_HAL_Driver/Inc/Legacy -I../../Drivers/CMSIS/Device/ST/STM32H7xx/Include -I../../Drivers/CMSIS/Include -I../OPENAMP -I../../Middlewares/Third_Party/OpenAMP/open-amp/lib/include -I../../Middlewares/Third_Party/OpenAMP/libmetal/lib/include -I../../Middlewares/Third_Party/OpenAMP/libmetal/lib/include/metal/compiler/gcc -I../../Middlewares/Third_Party/OpenAMP/open-amp/lib/rpmsg -O0 -ffunction-sections -fdata-sections -Wall -fstack-usage -MMD -MP -MF"Core/Src/sysmem.d" -MT"Core/Src/sysmem.o" --specs=nano.specs -mfpu=fpv4-sp-d16 -mfloat-abi=hard -mthumb -o "Core/Src/sysmem.o"
arm-none-eabi-g++ "../Core/Module/openAMP_RTOS_M4/src/openAMP_RTOS_M4.cpp" -mcpu=cortex-m4 -std=gnu++14 -g3 -DDEBUG -DCORE_CM4 -DUSE_HAL_DRIVER -DSTM32H747xx -DMETAL_INTERNAL -DMETAL_MAX_DEVICE_REGIONS=2 -DRPMSG_BUFFER_SIZE=1024 -DVIRTIO_SLAVE_ONLY -DNO_ATOMIC_64_SUPPORT -c -I../Core/Inc -I"/home/studio3s/STM32CubeIDE/workspace_1.11.0/STM32H7_Modules/HSS_Test/CM4/Core/Module" -I../../Drivers/STM32H7xx_HAL_Driver/Inc -I../../Drivers/STM32H7xx_HAL_Driver/Inc/Legacy -I../../Drivers/CMSIS/Device/ST/STM32H7xx/Include -I../../Drivers/CMSIS/Include -I../OPENAMP -I../../Middlewares/Third_Party/OpenAMP/open-amp/lib/include -I../../Middlewares/Third_Party/OpenAMP/libmetal/lib/include -I../../Middlewares/Third_Party/OpenAMP/libmetal/lib/include/metal/compiler/gcc -I../../Middlewares/Third_Party/OpenAMP/open-amp/lib/rpmsg -O0 -ffunction-sections -fdata-sections -fno-exceptions -fno-rtti -fno-use-cxa-atexit -Wall -fstack-usage -MMD -MP -MF"Core/Module/openAMP_RTOS_M4/src/openAMP_RTOS_M4.d" -MT"Core/Module/openAMP_RTOS_M4/src/openAMP_RTOS_M4.o" --specs=nano.specs -mfpu=fpv4-sp-d16 -mfloat-abi=hard -mthumb -o "Core/Module/openAMP_RTOS_M4/src/openAMP_RTOS_M4.o"
arm-none-eabi-gcc "/home/studio3s/STM32CubeIDE/workspace_1.11.0/STM32H7_Modules/HSS_Test/Common/Src/system_stm32h7xx_dualcore_boot_cm4_cm7.c" -mcpu=cortex-m4 -std=gnu11 -g3 -DDEBUG -DCORE_CM4 -DUSE_HAL_DRIVER -DSTM32H747xx -DMETAL_INTERNAL -DMETAL_MAX_DEVICE_REGIONS=2 -DRPMSG_BUFFER_SIZE=1024 -DVIRTIO_SLAVE_ONLY -DNO_ATOMIC_64_SUPPORT -c -I../Core/Inc -I"/home/studio3s/STM32CubeIDE/workspace_1.11.0/STM32H7_Modules/HSS_Test/CM4/Core/Module" -I../../Drivers/STM32H7xx_HAL_Driver/Inc -I../../Drivers/STM32H7xx_HAL_Driver/Inc/Legacy -I../../Drivers/CMSIS/Device/ST/STM32H7xx/Include -I../../Drivers/CMSIS/Include -I../OPENAMP -I../../Middlewares/Third_Party/OpenAMP/open-amp/lib/include -I../../Middlewares/Third_Party/OpenAMP/libmetal/lib/include -I../../Middlewares/Third_Party/OpenAMP/libmetal/lib/include/metal/compiler/gcc -I../../Middlewares/Third_Party/OpenAMP/open-amp/lib/rpmsg -O0 -ffunction-sections -fdata-sections -Wall -fstack-usage -MMD -MP -MF"Common/Src/system_stm32h7xx_dualcore_boot_cm4_cm7.d" -MT"Common/Src/system_stm32h7xx_dualcore_boot_cm4_cm7.o" --specs=nano.specs -mfpu=fpv4-sp-d16 -mfloat-abi=hard -mthumb -o "Common/Src/system_stm32h7xx_dualcore_boot_cm4_cm7.o"
../Core/Module/openAMP_RTOS_M4/src/openAMP_RTOS_M4.cpp: In function 'int rpmsg_recv_callback(rpmsg_endpoint*, void*, size_t, uint32_t, void*)':
../Core/Module/openAMP_RTOS_M4/src/openAMP_RTOS_M4.cpp:30:11: warning: unused variable 'len_' [-Wunused-variable]
   30 |    size_t len_=  len;
      |           ^~~~
arm-none-eabi-g++ -o "HSS_Test_CM4.elf" @"objects.list"   -mcpu=cortex-m4 -T"/home/studio3s/STM32CubeIDE/workspace_1.11.0/STM32H7_Modules/HSS_Test/CM4/STM32H747XIHX_FLASH.ld" --specs=nosys.specs -Wl,-Map="HSS_Test_CM4.map" -Wl,--gc-sections -static --specs=nano.specs -mfpu=fpv4-sp-d16 -mfloat-abi=hard -mthumb -Wl,--start-group -lc -lm -lstdc++ -lsupc++ -Wl,--end-group
Finished building target: HSS_Test_CM4.elf
 
arm-none-eabi-size   HSS_Test_CM4.elf 
arm-none-eabi-objdump -h -S  HSS_Test_CM4.elf  > "HSS_Test_CM4.list"
   text	   data	    bss	    dec	    hex	filename
  19404	    292	   2072	  21768	   5508	HSS_Test_CM4.elf
Finished building: default.size.stdout
 
Finished building: HSS_Test_CM4.list
 
14:14:48 **** Incremental Build of configuration Debug for project HSS_Test_CM7 ****
make -j4 all 
arm-none-eabi-size   HSS_Test_CM7.elf 
   text	   data	    bss	    dec	    hex	filename
 322056	   1016	 332735	 655807	  a01bf	HSS_Test_CM7.elf
Finished building: default.size.stdout
 
14:15:17 **** Incremental Build of configuration Debug for project HSS_Test_CM4 ****
make -j4 all 
arm-none-eabi-size   HSS_Test_CM4.elf 
   text	   data	    bss	    dec	    hex	filename
  19404	    292	   2072	  21768	   5508	HSS_Test_CM4.elf
Finished building: default.size.stdout
 
14:15:21 **** Incremental Build of configuration Debug for project HSS_Test_CM7 ****
make -j4 all 
[...]
Finished building target: HSS_Test_CM7.elf
 
arm-none-eabi-size   HSS_Test_CM7.elf 
arm-none-eabi-objdump -h -S  HSS_Test_CM7.elf  > "HSS_Test_CM7.list"
   text	   data	    bss	    dec	    hex	filename
 322144	   1016	 332735	 655895	  a0217	HSS_Test_CM7.elf
Finished building: default.size.stdout
 
Finished building: HSS_Test_CM7.list
 
16:10:36 **** Incremental Build of configuration Debug for project HSS_Test_CM4 ****
make -j4 all 
arm-none-eabi-size   HSS_Test_CM4.elf 
   text	   data	    bss	    dec	    hex	filename
  19404	    292	   2072	  21768	   5508	HSS_Test_CM4.elf
Finished building: default.size.stdout
 
16:10:40 **** Incremental Build of configuration Debug for project HSS_Test_CM7 ****
make -j4 all 
arm-none-eabi-size   HSS_Test_CM7.elf 
   text	   data	    bss	    dec	    hex	filename
 322144	   1016	 332735	 655895	  a0217	HSS_Test_CM7.elf
Finished building: default.size.stdout
 
16:11:10 **** Incremental Build of configuration Debug for project HSS_Test_CM4 ****
make -j4 all 
arm-none-eabi-size   HSS_Test_CM4.elf 
   text	   data	    bss	    dec	    hex	filename
  19404	    292	   2072	  21768	   5508	HSS_Test_CM4.elf
Finished building: default.size.stdout
 
16:13:41 **** Incremental Build of configuration Debug for project HSS_Test_CM4 ****
make -j4 all 
arm-none-eabi-size   HSS_Test_CM4.elf 
   text	   data	    bss	    dec	    hex	filename
  19404	    292	   2072	  21768	   5508	HSS_Test_CM4.elf
Finished building: default.size.stdout
 
16:13:45 **** Incremental Build of configuration Debug for project HSS_Test_CM7 ****
make -j4 all 
arm-none-eabi-g++ "../Core/Module/ethernet/tcp_rtos/server/tcp_rtos_server.cpp" -mcpu=cortex-m7 -std=gnu++14 -g3 -DDEBUG -DDATA_IN_D2_SRAM -DCORE_CM7 -DUSE_HAL_DRIVER -DSTM32H747xx -DMETAL_INTERNAL -DMETAL_MAX_DEVICE_REGIONS=2 -DRPMSG_BUFFER_SIZE=1024 -DVIRTIO_MASTER_ONLY -DNO_ATOMIC_64_SUPPORT -c -I../Core/Inc -I"/home/studio3s/STM32CubeIDE/workspace_1.11.0/STM32H7_Modules/HSS_Test/CM7/Core/Module" -I../LWIP/App -I../LWIP/Target -I../../Middlewares/Third_Party/LwIP/src/include -I../../Middlewares/Third_Party/LwIP/system -I../../Drivers/STM32H7xx_HAL_Driver/Inc -I../../Drivers/STM32H7xx_HAL_Driver/Inc/Legacy -I../../Middlewares/Third_Party/FreeRTOS/Source/include -I../../Middlewares/Third_Party/FreeRTOS/Source/CMSIS_RTOS -I../../Middlewares/Third_Party/FreeRTOS/Source/portable/GCC/ARM_CM4F -I../../Drivers/BSP/Components/lan8742 -I../../Middlewares/Third_Party/LwIP/src/include/netif/ppp -I../../Drivers/CMSIS/Device/ST/STM32H7xx/Include -I../../Middlewares/Third_Party/LwIP/src/include/lwip -I../../Middlewares/Third_Party/LwIP/src/include/lwip/apps -I../../Middlewares/Third_Party/LwIP/src/include/lwip/priv -I../../Middlewares/Third_Party/LwIP/src/include/lwip/prot -I../../Middlewares/Third_Party/LwIP/src/include/netif -I../../Middlewares/Third_Party/LwIP/src/include/compat/posix -I../../Middlewares/Third_Party/LwIP/src/include/compat/posix/arpa -I../../Middlewares/Third_Party/LwIP/src/include/compat/posix/net -I../../Middlewares/Third_Party/LwIP/src/include/compat/posix/sys -I../../Middlewares/Third_Party/LwIP/src/include/compat/stdc -I../../Middlewares/Third_Party/LwIP/system/arch -I../../Drivers/CMSIS/Include -I../FATFS/Target -I../FATFS/App -I../OPENAMP -I../../Middlewares/Third_Party/OpenAMP/open-amp/lib/include -I../../Middlewares/Third_Party/OpenAMP/libmetal/lib/include -I../../Middlewares/Third_Party/OpenAMP/libmetal/lib/include/metal/compiler/gcc -I../../Middlewares/Third_Party/OpenAMP/open-amp/lib/rpmsg -I../../Middlewares/Third_Party/FatFs/src -O0 -ffunction-sections -fdata-sections -fno-exceptions -fno-rtti -fno-use-cxa-atexit -Wall -fstack-usage -MMD -MP -MF"Core/Module/ethernet/tcp_rtos/server/tcp_rtos_server.d" -MT"Core/Module/ethernet/tcp_rtos/server/tcp_rtos_server.o" --specs=nano.specs -mfpu=fpv5-d16 -mfloat-abi=hard -mthumb -o "Core/Module/ethernet/tcp_rtos/server/tcp_rtos_server.o"
../Core/Module/ethernet/tcp_rtos/server/tcp_rtos_server.cpp: In function 'void StartTCPServerTask(const void*)':
../Core/Module/ethernet/tcp_rtos/server/tcp_rtos_server.cpp:49:11: warning: unused variable 'stx_data' [-Wunused-variable]
   49 |  uint16_t stx_data = 0;
      |           ^~~~~~~~
arm-none-eabi-g++ -o "HSS_Test_CM7.elf" @"objects.list"   -mcpu=cortex-m7 -T"/home/studio3s/STM32CubeIDE/workspace_1.11.0/STM32H7_Modules/HSS_Test/CM7/STM32H747XIHX_FLASH.ld" --specs=nosys.specs -Wl,-Map="HSS_Test_CM7.map" -Wl,--gc-sections -static --specs=nano.specs -mfpu=fpv5-d16 -mfloat-abi=hard -mthumb -u _printf_float -Wl,--start-group -lc -lm -lstdc++ -lsupc++ -Wl,--end-group
Finished building target: HSS_Test_CM7.elf
 
arm-none-eabi-size   HSS_Test_CM7.elf 
arm-none-eabi-objdump -h -S  HSS_Test_CM7.elf  > "HSS_Test_CM7.list"
   text	   data	    bss	    dec	    hex	filename
 322160	   1016	 332735	 655911	  a0227	HSS_Test_CM7.elf
Finished building: default.size.stdout
 
Finished building: HSS_Test_CM7.list
 
16:16:06 **** Incremental Build of configuration Debug for project HSS_Test_CM4 ****
make -j4 all 
arm-none-eabi-size   HSS_Test_CM4.elf 
   text	   data	    bss	    dec	    hex	filename
  19404	    292	   2072	  21768	   5508	HSS_Test_CM4.elf
Finished building: default.size.stdout
 
16:16:10 **** Incremental Build of configuration Debug for project HSS_Test_CM7 ****
make -j4 all 
arm-none-eabi-g++ "../Core/Module/ethernet/tcp_rtos/server/tcp_rtos_server.cpp" -mcpu=cortex-m7 -std=gnu++14 -g3 -DDEBUG -DDATA_IN_D2_SRAM -DCORE_CM7 -DUSE_HAL_DRIVER -DSTM32H747xx -DMETAL_INTERNAL -DMETAL_MAX_DEVICE_REGIONS=2 -DRPMSG_BUFFER_SIZE=1024 -DVIRTIO_MASTER_ONLY -DNO_ATOMIC_64_SUPPORT -c -I../Core/Inc -I"/home/studio3s/STM32CubeIDE/workspace_1.11.0/STM32H7_Modules/HSS_Test/CM7/Core/Module" -I../LWIP/App -I../LWIP/Target -I../../Middlewares/Third_Party/LwIP/src/include -I../../Middlewares/Third_Party/LwIP/system -I../../Drivers/STM32H7xx_HAL_Driver/Inc -I../../Drivers/STM32H7xx_HAL_Driver/Inc/Legacy -I../../Middlewares/Third_Party/FreeRTOS/Source/include -I../../Middlewares/Third_Party/FreeRTOS/Source/CMSIS_RTOS -I../../Middlewares/Third_Party/FreeRTOS/Source/portable/GCC/ARM_CM4F -I../../Drivers/BSP/Components/lan8742 -I../../Middlewares/Third_Party/LwIP/src/include/netif/ppp -I../../Drivers/CMSIS/Device/ST/STM32H7xx/Include -I../../Middlewares/Third_Party/LwIP/src/include/lwip -I../../Middlewares/Third_Party/LwIP/src/include/lwip/apps -I../../Middlewares/Third_Party/LwIP/src/include/lwip/priv -I../../Middlewares/Third_Party/LwIP/src/include/lwip/prot -I../../Middlewares/Third_Party/LwIP/src/include/netif -I../../Middlewares/Third_Party/LwIP/src/include/compat/posix -I../../Middlewares/Third_Party/LwIP/src/include/compat/posix/arpa -I../../Middlewares/Third_Party/LwIP/src/include/compat/posix/net -I../../Middlewares/Third_Party/LwIP/src/include/compat/posix/sys -I../../Middlewares/Third_Party/LwIP/src/include/compat/stdc -I../../Middlewares/Third_Party/LwIP/system/arch -I../../Drivers/CMSIS/Include -I../FATFS/Target -I../FATFS/App -I../OPENAMP -I../../Middlewares/Third_Party/OpenAMP/open-amp/lib/include -I../../Middlewares/Third_Party/OpenAMP/libmetal/lib/include -I../../Middlewares/Third_Party/OpenAMP/libmetal/lib/include/metal/compiler/gcc -I../../Middlewares/Third_Party/OpenAMP/open-amp/lib/rpmsg -I../../Middlewares/Third_Party/FatFs/src -O0 -ffunction-sections -fdata-sections -fno-exceptions -fno-rtti -fno-use-cxa-atexit -Wall -fstack-usage -MMD -MP -MF"Core/Module/ethernet/tcp_rtos/server/tcp_rtos_server.d" -MT"Core/Module/ethernet/tcp_rtos/server/tcp_rtos_server.o" --specs=nano.specs -mfpu=fpv5-d16 -mfloat-abi=hard -mthumb -o "Core/Module/ethernet/tcp_rtos/server/tcp_rtos_server.o"
../Core/Module/ethernet/tcp_rtos/server/tcp_rtos_server.cpp: In function 'void StartTCPServerTask(const void*)':
../Core/Module/ethernet/tcp_rtos/server/tcp_rtos_server.cpp:49:11: warning: unused variable 'stx_data' [-Wunused-variable]
   49 |  uint16_t stx_data = 0;
      |           ^~~~~~~~
arm-none-eabi-g++ -o "HSS_Test_CM7.elf" @"objects.list"   -mcpu=cortex-m7 -T"/home/studio3s/STM32CubeIDE/workspace_1.11.0/STM32H7_Modules/HSS_Test/CM7/STM32H747XIHX_FLASH.ld" --specs=nosys.specs -Wl,-Map="HSS_Test_CM7.map" -Wl,--gc-sections -static --specs=nano.specs -mfpu=fpv5-d16 -mfloat-abi=hard -mthumb -u _printf_float -Wl,--start-group -lc -lm -lstdc++ -lsupc++ -Wl,--end-group
Finished building target: HSS_Test_CM7.elf
 
arm-none-eabi-size   HSS_Test_CM7.elf 
arm-none-eabi-objdump -h -S  HSS_Test_CM7.elf  > "HSS_Test_CM7.list"
   text	   data	    bss	    dec	    hex	filename
 322160	   1016	 332735	 655911	  a0227	HSS_Test_CM7.elf
Finished building: default.size.stdout
 
Finished building: HSS_Test_CM7.list
 
16:30:20 **** Incremental Build of configuration Debug for project HSS_Test_CM4 ****
make -j4 all 
arm-none-eabi-size   HSS_Test_CM4.elf 
   text	   data	    bss	    dec	    hex	filename
  19404	    292	   2072	  21768	   5508	HSS_Test_CM4.elf
Finished building: default.size.stdout
 
16:30:24 **** Incremental Build of configuration Debug for project HSS_Test_CM7 ****
make -j4 all 
arm-none-eabi-g++ "../Core/Module/ethernet/tcp_rtos/server/tcp_rtos_server.cpp" -mcpu=cortex-m7 -std=gnu++14 -g3 -DDEBUG -DDATA_IN_D2_SRAM -DCORE_CM7 -DUSE_HAL_DRIVER -DSTM32H747xx -DMETAL_INTERNAL -DMETAL_MAX_DEVICE_REGIONS=2 -DRPMSG_BUFFER_SIZE=1024 -DVIRTIO_MASTER_ONLY -DNO_ATOMIC_64_SUPPORT -c -I../Core/Inc -I"/home/studio3s/STM32CubeIDE/workspace_1.11.0/STM32H7_Modules/HSS_Test/CM7/Core/Module" -I../LWIP/App -I../LWIP/Target -I../../Middlewares/Third_Party/LwIP/src/include -I../../Middlewares/Third_Party/LwIP/system -I../../Drivers/STM32H7xx_HAL_Driver/Inc -I../../Drivers/STM32H7xx_HAL_Driver/Inc/Legacy -I../../Middlewares/Third_Party/FreeRTOS/Source/include -I../../Middlewares/Third_Party/FreeRTOS/Source/CMSIS_RTOS -I../../Middlewares/Third_Party/FreeRTOS/Source/portable/GCC/ARM_CM4F -I../../Drivers/BSP/Components/lan8742 -I../../Middlewares/Third_Party/LwIP/src/include/netif/ppp -I../../Drivers/CMSIS/Device/ST/STM32H7xx/Include -I../../Middlewares/Third_Party/LwIP/src/include/lwip -I../../Middlewares/Third_Party/LwIP/src/include/lwip/apps -I../../Middlewares/Third_Party/LwIP/src/include/lwip/priv -I../../Middlewares/Third_Party/LwIP/src/include/lwip/prot -I../../Middlewares/Third_Party/LwIP/src/include/netif -I../../Middlewares/Third_Party/LwIP/src/include/compat/posix -I../../Middlewares/Third_Party/LwIP/src/include/compat/posix/arpa -I../../Middlewares/Third_Party/LwIP/src/include/compat/posix/net -I../../Middlewares/Third_Party/LwIP/src/include/compat/posix/sys -I../../Middlewares/Third_Party/LwIP/src/include/compat/stdc -I../../Middlewares/Third_Party/LwIP/system/arch -I../../Drivers/CMSIS/Include -I../FATFS/Target -I../FATFS/App -I../OPENAMP -I../../Middlewares/Third_Party/OpenAMP/open-amp/lib/include -I../../Middlewares/Third_Party/OpenAMP/libmetal/lib/include -I../../Middlewares/Third_Party/OpenAMP/libmetal/lib/include/metal/compiler/gcc -I../../Middlewares/Third_Party/OpenAMP/open-amp/lib/rpmsg -I../../Middlewares/Third_Party/FatFs/src -O0 -ffunction-sections -fdata-sections -fno-exceptions -fno-rtti -fno-use-cxa-atexit -Wall -fstack-usage -MMD -MP -MF"Core/Module/ethernet/tcp_rtos/server/tcp_rtos_server.d" -MT"Core/Module/ethernet/tcp_rtos/server/tcp_rtos_server.o" --specs=nano.specs -mfpu=fpv5-d16 -mfloat-abi=hard -mthumb -o "Core/Module/ethernet/tcp_rtos/server/tcp_rtos_server.o"
../Core/Module/ethernet/tcp_rtos/server/tcp_rtos_server.cpp: In function 'void StartTCPServerTask(const void*)':
../Core/Module/ethernet/tcp_rtos/server/tcp_rtos_server.cpp:49:11: warning: unused variable 'stx_data' [-Wunused-variable]
   49 |  uint16_t stx_data = 0;
      |           ^~~~~~~~
arm-none-eabi-g++ -o "HSS_Test_CM7.elf" @"objects.list"   -mcpu=cortex-m7 -T"/home/studio3s/STM32CubeIDE/workspace_1.11.0/STM32H7_Modules/HSS_Test/CM7/STM32H747XIHX_FLASH.ld" --specs=nosys.specs -Wl,-Map="HSS_Test_CM7.map" -Wl,--gc-sections -static --specs=nano.specs -mfpu=fpv5-d16 -mfloat-abi=hard -mthumb -u _printf_float -Wl,--start-group -lc -lm -lstdc++ -lsupc++ -Wl,--end-group
Finished building target: HSS_Test_CM7.elf
 
arm-none-eabi-size   HSS_Test_CM7.elf 
arm-none-eabi-objdump -h -S  HSS_Test_CM7.elf  > "HSS_Test_CM7.list"
   text	   data	    bss	    dec	    hex	filename
 322160	   1016	 332735	 655911	  a0227	HSS_Test_CM7.elf
Finished building: default.size.stdout
 
Finished building: HSS_Test_CM7.list
 
16:32:43 **** Incremental Build of configuration Debug for project HSS_Test_CM4 ****
make -j4 all 
arm-none-eabi-size   HSS_Test_CM4.elf 
   text	   data	    bss	    dec	    hex	filename
  19404	    292	   2072	  21768	   5508	HSS_Test_CM4.elf
Finished building: default.size.stdout
 
16:32:47 **** Incremental Build of configuration Debug for project HSS_Test_CM7 ****
make -j4 all 
arm-none-eabi-g++ "../Core/Module/ethernet/tcp_rtos/server/tcp_rtos_server.cpp" -mcpu=cortex-m7 -std=gnu++14 -g3 -DDEBUG -DDATA_IN_D2_SRAM -DCORE_CM7 -DUSE_HAL_DRIVER -DSTM32H747xx -DMETAL_INTERNAL -DMETAL_MAX_DEVICE_REGIONS=2 -DRPMSG_BUFFER_SIZE=1024 -DVIRTIO_MASTER_ONLY -DNO_ATOMIC_64_SUPPORT -c -I../Core/Inc -I"/home/studio3s/STM32CubeIDE/workspace_1.11.0/STM32H7_Modules/HSS_Test/CM7/Core/Module" -I../LWIP/App -I../LWIP/Target -I../../Middlewares/Third_Party/LwIP/src/include -I../../Middlewares/Third_Party/LwIP/system -I../../Drivers/STM32H7xx_HAL_Driver/Inc -I../../Drivers/STM32H7xx_HAL_Driver/Inc/Legacy -I../../Middlewares/Third_Party/FreeRTOS/Source/include -I../../Middlewares/Third_Party/FreeRTOS/Source/CMSIS_RTOS -I../../Middlewares/Third_Party/FreeRTOS/Source/portable/GCC/ARM_CM4F -I../../Drivers/BSP/Components/lan8742 -I../../Middlewares/Third_Party/LwIP/src/include/netif/ppp -I../../Drivers/CMSIS/Device/ST/STM32H7xx/Include -I../../Middlewares/Third_Party/LwIP/src/include/lwip -I../../Middlewares/Third_Party/LwIP/src/include/lwip/apps -I../../Middlewares/Third_Party/LwIP/src/include/lwip/priv -I../../Middlewares/Third_Party/LwIP/src/include/lwip/prot -I../../Middlewares/Third_Party/LwIP/src/include/netif -I../../Middlewares/Third_Party/LwIP/src/include/compat/posix -I../../Middlewares/Third_Party/LwIP/src/include/compat/posix/arpa -I../../Middlewares/Third_Party/LwIP/src/include/compat/posix/net -I../../Middlewares/Third_Party/LwIP/src/include/compat/posix/sys -I../../Middlewares/Third_Party/LwIP/src/include/compat/stdc -I../../Middlewares/Third_Party/LwIP/system/arch -I../../Drivers/CMSIS/Include -I../FATFS/Target -I../FATFS/App -I../OPENAMP -I../../Middlewares/Third_Party/OpenAMP/open-amp/lib/include -I../../Middlewares/Third_Party/OpenAMP/libmetal/lib/include -I../../Middlewares/Third_Party/OpenAMP/libmetal/lib/include/metal/compiler/gcc -I../../Middlewares/Third_Party/OpenAMP/open-amp/lib/rpmsg -I../../Middlewares/Third_Party/FatFs/src -O0 -ffunction-sections -fdata-sections -fno-exceptions -fno-rtti -fno-use-cxa-atexit -Wall -fstack-usage -MMD -MP -MF"Core/Module/ethernet/tcp_rtos/server/tcp_rtos_server.d" -MT"Core/Module/ethernet/tcp_rtos/server/tcp_rtos_server.o" --specs=nano.specs -mfpu=fpv5-d16 -mfloat-abi=hard -mthumb -o "Core/Module/ethernet/tcp_rtos/server/tcp_rtos_server.o"
../Core/Module/ethernet/tcp_rtos/server/tcp_rtos_server.cpp: In function 'void StartTCPServerTask(const void*)':
../Core/Module/ethernet/tcp_rtos/server/tcp_rtos_server.cpp:49:11: warning: unused variable 'stx_data' [-Wunused-variable]
   49 |  uint16_t stx_data = 0;
      |           ^~~~~~~~
arm-none-eabi-g++ -o "HSS_Test_CM7.elf" @"objects.list"   -mcpu=cortex-m7 -T"/home/studio3s/STM32CubeIDE/workspace_1.11.0/STM32H7_Modules/HSS_Test/CM7/STM32H747XIHX_FLASH.ld" --specs=nosys.specs -Wl,-Map="HSS_Test_CM7.map" -Wl,--gc-sections -static --specs=nano.specs -mfpu=fpv5-d16 -mfloat-abi=hard -mthumb -u _printf_float -Wl,--start-group -lc -lm -lstdc++ -lsupc++ -Wl,--end-group
Finished building target: HSS_Test_CM7.elf
 
arm-none-eabi-size   HSS_Test_CM7.elf 
arm-none-eabi-objdump -h -S  HSS_Test_CM7.elf  > "HSS_Test_CM7.list"
   text	   data	    bss	    dec	    hex	filename
 322192	   1016	 332735	 655943	  a0247	HSS_Test_CM7.elf
Finished building: default.size.stdout
 
Finished building: HSS_Test_CM7.list
 
16:52:51 **** Incremental Build of configuration Debug for project HSS_Test_CM4 ****
make -j4 all 
arm-none-eabi-size   HSS_Test_CM4.elf 
   text	   data	    bss	    dec	    hex	filename
  19404	    292	   2072	  21768	   5508	HSS_Test_CM4.elf
Finished building: default.size.stdout
 
16:52:55 **** Incremental Build of configuration Debug for project HSS_Test_CM7 ****
make -j4 all 
arm-none-eabi-g++ "../Core/Module/ethernet/tcp_rtos/server/tcp_rtos_server.cpp" -mcpu=cortex-m7 -std=gnu++14 -g3 -DDEBUG -DDATA_IN_D2_SRAM -DCORE_CM7 -DUSE_HAL_DRIVER -DSTM32H747xx -DMETAL_INTERNAL -DMETAL_MAX_DEVICE_REGIONS=2 -DRPMSG_BUFFER_SIZE=1024 -DVIRTIO_MASTER_ONLY -DNO_ATOMIC_64_SUPPORT -c -I../Core/Inc -I"/home/studio3s/STM32CubeIDE/workspace_1.11.0/STM32H7_Modules/HSS_Test/CM7/Core/Module" -I../LWIP/App -I../LWIP/Target -I../../Middlewares/Third_Party/LwIP/src/include -I../../Middlewares/Third_Party/LwIP/system -I../../Drivers/STM32H7xx_HAL_Driver/Inc -I../../Drivers/STM32H7xx_HAL_Driver/Inc/Legacy -I../../Middlewares/Third_Party/FreeRTOS/Source/include -I../../Middlewares/Third_Party/FreeRTOS/Source/CMSIS_RTOS -I../../Middlewares/Third_Party/FreeRTOS/Source/portable/GCC/ARM_CM4F -I../../Drivers/BSP/Components/lan8742 -I../../Middlewares/Third_Party/LwIP/src/include/netif/ppp -I../../Drivers/CMSIS/Device/ST/STM32H7xx/Include -I../../Middlewares/Third_Party/LwIP/src/include/lwip -I../../Middlewares/Third_Party/LwIP/src/include/lwip/apps -I../../Middlewares/Third_Party/LwIP/src/include/lwip/priv -I../../Middlewares/Third_Party/LwIP/src/include/lwip/prot -I../../Middlewares/Third_Party/LwIP/src/include/netif -I../../Middlewares/Third_Party/LwIP/src/include/compat/posix -I../../Middlewares/Third_Party/LwIP/src/include/compat/posix/arpa -I../../Middlewares/Third_Party/LwIP/src/include/compat/posix/net -I../../Middlewares/Third_Party/LwIP/src/include/compat/posix/sys -I../../Middlewares/Third_Party/LwIP/src/include/compat/stdc -I../../Middlewares/Third_Party/LwIP/system/arch -I../../Drivers/CMSIS/Include -I../FATFS/Target -I../FATFS/App -I../OPENAMP -I../../Middlewares/Third_Party/OpenAMP/open-amp/lib/include -I../../Middlewares/Third_Party/OpenAMP/libmetal/lib/include -I../../Middlewares/Third_Party/OpenAMP/libmetal/lib/include/metal/compiler/gcc -I../../Middlewares/Third_Party/OpenAMP/open-amp/lib/rpmsg -I../../Middlewares/Third_Party/FatFs/src -O0 -ffunction-sections -fdata-sections -fno-exceptions -fno-rtti -fno-use-cxa-atexit -Wall -fstack-usage -MMD -MP -MF"Core/Module/ethernet/tcp_rtos/server/tcp_rtos_server.d" -MT"Core/Module/ethernet/tcp_rtos/server/tcp_rtos_server.o" --specs=nano.specs -mfpu=fpv5-d16 -mfloat-abi=hard -mthumb -o "Core/Module/ethernet/tcp_rtos/server/tcp_rtos_server.o"
../Core/Module/ethernet/tcp_rtos/server/tcp_rtos_server.cpp: In function 'void StartTCPServerTask(const void*)':
../Core/Module/ethernet/tcp_rtos/server/tcp_rtos_server.cpp:49:11: warning: unused variable 'stx_data' [-Wunused-variable]
   49 |  uint16_t stx_data = 0;
      |           ^~~~~~~~
arm-none-eabi-g++ -o "HSS_Test_CM7.elf" @"objects.list"   -mcpu=cortex-m7 -T"/home/studio3s/STM32CubeIDE/workspace_1.11.0/STM32H7_Modules/HSS_Test/CM7/STM32H747XIHX_FLASH.ld" --specs=nosys.specs -Wl,-Map="HSS_Test_CM7.map" -Wl,--gc-sections -static --specs=nano.specs -mfpu=fpv5-d16 -mfloat-abi=hard -mthumb -u _printf_float -Wl,--start-group -lc -lm -lstdc++ -lsupc++ -Wl,--end-group
Finished building target: HSS_Test_CM7.elf
 
arm-none-eabi-size   HSS_Test_CM7.elf 
arm-none-eabi-objdump -h -S  HSS_Test_CM7.elf  > "HSS_Test_CM7.list"
   text	   data	    bss	    dec	    hex	filename
 322192	   1016	 332735	 655943	  a0247	HSS_Test_CM7.elf
Finished building: default.size.stdout
 
Finished building: HSS_Test_CM7.list
 
