15:12:18 **** Incremental Build of configuration Debug for project HSS_Test_CM7 ****
make -j4 all 
arm-none-eabi-g++ "../Core/Module/ethernet/tcp_rtos/server/tcp_rtos_server.cpp" -mcpu=cortex-m7 -std=gnu++14 -g3 -DDEBUG -DDATA_IN_D2_SRAM -DCORE_CM7 -DUSE_HAL_DRIVER -DSTM32H747xx -DMETAL_INTERNAL -DMETAL_MAX_DEVICE_REGIONS=2 -DRPMSG_BUFFER_SIZE=1024 -DVIRTIO_MASTER_ONLY -DNO_ATOMIC_64_SUPPORT -c -I../Core/Inc -I"/home/studio3s/STM32CubeIDE/workspace_1.11.0/STM32H7_Modules/HSS_Test/CM7/Core/Module" -I../LWIP/App -I../LWIP/Target -I../../Middlewares/Third_Party/LwIP/src/include -I../../Middlewares/Third_Party/LwIP/system -I../../Drivers/STM32H7xx_HAL_Driver/Inc -I../../Drivers/STM32H7xx_HAL_Driver/Inc/Legacy -I../../Middlewares/Third_Party/FreeRTOS/Source/include -I../../Middlewares/Third_Party/FreeRTOS/Source/CMSIS_RTOS -I../../Middlewares/Third_Party/FreeRTOS/Source/portable/GCC/ARM_CM4F -I../../Drivers/BSP/Components/lan8742 -I../../Middlewares/Third_Party/LwIP/src/include/netif/ppp -I../../Drivers/CMSIS/Device/ST/STM32H7xx/Include -I../../Middlewares/Third_Party/LwIP/src/include/lwip -I../../Middlewares/Third_Party/LwIP/src/include/lwip/apps -I../../Middlewares/Third_Party/LwIP/src/include/lwip/priv -I../../Middlewares/Third_Party/LwIP/src/include/lwip/prot -I../../Middlewares/Third_Party/LwIP/src/include/netif -I../../Middlewares/Third_Party/LwIP/src/include/compat/posix -I../../Middlewares/Third_Party/LwIP/src/include/compat/posix/arpa -I../../Middlewares/Third_Party/LwIP/src/include/compat/posix/net -I../../Middlewares/Third_Party/LwIP/src/include/compat/posix/sys -I../../Middlewares/Third_Party/LwIP/src/include/compat/stdc -I../../Middlewares/Third_Party/LwIP/system/arch -I../../Drivers/CMSIS/Include -I../FATFS/Target -I../FATFS/App -I../OPENAMP -I../../Middlewares/Third_Party/OpenAMP/open-amp/lib/include -I../../Middlewares/Third_Party/OpenAMP/libmetal/lib/include -I../../Middlewares/Third_Party/OpenAMP/libmetal/lib/include/metal/compiler/gcc -I../../Middlewares/Third_Party/OpenAMP/open-amp/lib/rpmsg -I../../Middlewares/Third_Party/FatFs/src -O0 -ffunction-sections -fdata-sections -fno-exceptions -fno-rtti -fno-use-cxa-atexit -Wall -fstack-usage -MMD -MP -MF"Core/Module/ethernet/tcp_rtos/server/tcp_rtos_server.d" -MT"Core/Module/ethernet/tcp_rtos/server/tcp_rtos_server.o" --specs=nano.specs -mfpu=fpv5-d16 -mfloat-abi=hard -mthumb -o "Core/Module/ethernet/tcp_rtos/server/tcp_rtos_server.o"
arm-none-eabi-g++ "../Core/Module/api_data_structure/src/api_data_structure.cpp" -mcpu=cortex-m7 -std=gnu++14 -g3 -DDEBUG -DDATA_IN_D2_SRAM -DCORE_CM7 -DUSE_HAL_DRIVER -DSTM32H747xx -DMETAL_INTERNAL -DMETAL_MAX_DEVICE_REGIONS=2 -DRPMSG_BUFFER_SIZE=1024 -DVIRTIO_MASTER_ONLY -DNO_ATOMIC_64_SUPPORT -c -I../Core/Inc -I"/home/studio3s/STM32CubeIDE/workspace_1.11.0/STM32H7_Modules/HSS_Test/CM7/Core/Module" -I../LWIP/App -I../LWIP/Target -I../../Middlewares/Third_Party/LwIP/src/include -I../../Middlewares/Third_Party/LwIP/system -I../../Drivers/STM32H7xx_HAL_Driver/Inc -I../../Drivers/STM32H7xx_HAL_Driver/Inc/Legacy -I../../Middlewares/Third_Party/FreeRTOS/Source/include -I../../Middlewares/Third_Party/FreeRTOS/Source/CMSIS_RTOS -I../../Middlewares/Third_Party/FreeRTOS/Source/portable/GCC/ARM_CM4F -I../../Drivers/BSP/Components/lan8742 -I../../Middlewares/Third_Party/LwIP/src/include/netif/ppp -I../../Drivers/CMSIS/Device/ST/STM32H7xx/Include -I../../Middlewares/Third_Party/LwIP/src/include/lwip -I../../Middlewares/Third_Party/LwIP/src/include/lwip/apps -I../../Middlewares/Third_Party/LwIP/src/include/lwip/priv -I../../Middlewares/Third_Party/LwIP/src/include/lwip/prot -I../../Middlewares/Third_Party/LwIP/src/include/netif -I../../Middlewares/Third_Party/LwIP/src/include/compat/posix -I../../Middlewares/Third_Party/LwIP/src/include/compat/posix/arpa -I../../Middlewares/Third_Party/LwIP/src/include/compat/posix/net -I../../Middlewares/Third_Party/LwIP/src/include/compat/posix/sys -I../../Middlewares/Third_Party/LwIP/src/include/compat/stdc -I../../Middlewares/Third_Party/LwIP/system/arch -I../../Drivers/CMSIS/Include -I../FATFS/Target -I../FATFS/App -I../OPENAMP -I../../Middlewares/Third_Party/OpenAMP/open-amp/lib/include -I../../Middlewares/Third_Party/OpenAMP/libmetal/lib/include -I../../Middlewares/Third_Party/OpenAMP/libmetal/lib/include/metal/compiler/gcc -I../../Middlewares/Third_Party/OpenAMP/open-amp/lib/rpmsg -I../../Middlewares/Third_Party/FatFs/src -O0 -ffunction-sections -fdata-sections -fno-exceptions -fno-rtti -fno-use-cxa-atexit -Wall -fstack-usage -MMD -MP -MF"Core/Module/api_data_structure/src/api_data_structure.d" -MT"Core/Module/api_data_structure/src/api_data_structure.o" --specs=nano.specs -mfpu=fpv5-d16 -mfloat-abi=hard -mthumb -o "Core/Module/api_data_structure/src/api_data_structure.o"
../Core/Module/ethernet/tcp_rtos/server/tcp_rtos_server.cpp: In function 'void TCPServerSendTask(const void*)':
../Core/Module/ethernet/tcp_rtos/server/tcp_rtos_server.cpp:228:57: error: expected ')' before ';' token
  228 |    send_buffer.append(std::to_string(strlen(json_data_));
      |                      ~                                  ^
      |                                                         )
../Core/Module/ethernet/tcp_rtos/server/tcp_rtos_server.cpp: At global scope:
../Core/Module/ethernet/tcp_rtos/server/tcp_rtos_server.cpp:260:2: error: expected unqualified-id before 'return'
  260 |  return;
      |  ^~~~~~
../Core/Module/ethernet/tcp_rtos/server/tcp_rtos_server.cpp:261:1: error: expected declaration before '}' token
  261 | }
      | ^
In file included from /home/studio3s/STM32CubeIDE/workspace_1.11.0/STM32H7_Modules/HSS_Test/CM7/Core/Module/api_data_structure/include/api_data_structure/api_data_structure.h:14,
                 from ../Core/Module/ethernet/tcp_rtos/server/tcp_rtos_server.cpp:7:
/home/studio3s/STM32CubeIDE/workspace_1.11.0/STM32H7_Modules/HSS_Test/CM7/Core/Module/fatfs_h7/include/fatfs_h7/fatfs_h7.h:23:13: warning: 'void BSPInit()' declared 'static' but never defined [-Wunused-function]
   23 | static void BSPInit();
      |             ^~~~~~~
make: *** [Core/Module/ethernet/tcp_rtos/server/subdir.mk:19: Core/Module/ethernet/tcp_rtos/server/tcp_rtos_server.o] Error 1
make: *** Waiting for unfinished jobs....
../Core/Module/api_data_structure/src/api_data_structure.cpp: In function 'int DoCmdFromData(const void*, cmd_queue_data)':
../Core/Module/api_data_structure/src/api_data_structure.cpp:937:6: warning: unused variable 'cmd_' [-Wunused-variable]
  937 |  int cmd_ = cmd_queue_data_.cmd_;
      |      ^~~~
../Core/Module/api_data_structure/src/api_data_structure.cpp: In function 'int GetStringFromMainData(cmd_queue_data, char*)':
../Core/Module/api_data_structure/src/api_data_structure.cpp:999:46: error: 'struct cmd_queue_data' has no member named 'tcp_send_queue_'
  999 |  const cmd_queue_data cmd_queue_data_ = data.tcp_send_queue_.front();
      |                                              ^~~~~~~~~~~~~~~
../Core/Module/api_data_structure/src/api_data_structure.cpp: In function 'netconn* ConnectEthToDataStructure()':
../Core/Module/api_data_structure/src/api_data_structure.cpp:1636:1: warning: no return statement in function returning non-void [-Wreturn-type]
 1636 | }
      | ^
In file included from /home/studio3s/STM32CubeIDE/workspace_1.11.0/STM32H7_Modules/HSS_Test/CM7/Core/Module/api_data_structure/include/api_data_structure/api_data_structure.h:14,
                 from ../Core/Module/api_data_structure/src/api_data_structure.cpp:11:
/home/studio3s/STM32CubeIDE/workspace_1.11.0/STM32H7_Modules/HSS_Test/CM7/Core/Module/fatfs_h7/include/fatfs_h7/fatfs_h7.h: At global scope:
/home/studio3s/STM32CubeIDE/workspace_1.11.0/STM32H7_Modules/HSS_Test/CM7/Core/Module/fatfs_h7/include/fatfs_h7/fatfs_h7.h:23:13: warning: 'void BSPInit()' declared 'static' but never defined [-Wunused-function]
   23 | static void BSPInit();
      |             ^~~~~~~
make: *** [Core/Module/api_data_structure/src/subdir.mk:29: Core/Module/api_data_structure/src/api_data_structure.o] Error 1
"make -j4 all" terminated with exit code 2. Build might be incomplete.
15:12:32 **** Incremental Build of configuration Debug for project HSS_Test_CM4 ****
make -j4 all 
arm-none-eabi-size   HSS_Test_CM4.elf 
   text	   data	    bss	    dec	    hex	filename
  19404	    292	   2072	  21768	   5508	HSS_Test_CM4.elf
Finished building: default.size.stdout
 
15:12:36 **** Incremental Build of configuration Debug for project HSS_Test_CM7 ****
make -j4 all 
arm-none-eabi-g++ "../Core/Module/ethernet/tcp_rtos/server/tcp_rtos_server.cpp" -mcpu=cortex-m7 -std=gnu++14 -g3 -DDEBUG -DDATA_IN_D2_SRAM -DCORE_CM7 -DUSE_HAL_DRIVER -DSTM32H747xx -DMETAL_INTERNAL -DMETAL_MAX_DEVICE_REGIONS=2 -DRPMSG_BUFFER_SIZE=1024 -DVIRTIO_MASTER_ONLY -DNO_ATOMIC_64_SUPPORT -c -I../Core/Inc -I"/home/studio3s/STM32CubeIDE/workspace_1.11.0/STM32H7_Modules/HSS_Test/CM7/Core/Module" -I../LWIP/App -I../LWIP/Target -I../../Middlewares/Third_Party/LwIP/src/include -I../../Middlewares/Third_Party/LwIP/system -I../../Drivers/STM32H7xx_HAL_Driver/Inc -I../../Drivers/STM32H7xx_HAL_Driver/Inc/Legacy -I../../Middlewares/Third_Party/FreeRTOS/Source/include -I../../Middlewares/Third_Party/FreeRTOS/Source/CMSIS_RTOS -I../../Middlewares/Third_Party/FreeRTOS/Source/portable/GCC/ARM_CM4F -I../../Drivers/BSP/Components/lan8742 -I../../Middlewares/Third_Party/LwIP/src/include/netif/ppp -I../../Drivers/CMSIS/Device/ST/STM32H7xx/Include -I../../Middlewares/Third_Party/LwIP/src/include/lwip -I../../Middlewares/Third_Party/LwIP/src/include/lwip/apps -I../../Middlewares/Third_Party/LwIP/src/include/lwip/priv -I../../Middlewares/Third_Party/LwIP/src/include/lwip/prot -I../../Middlewares/Third_Party/LwIP/src/include/netif -I../../Middlewares/Third_Party/LwIP/src/include/compat/posix -I../../Middlewares/Third_Party/LwIP/src/include/compat/posix/arpa -I../../Middlewares/Third_Party/LwIP/src/include/compat/posix/net -I../../Middlewares/Third_Party/LwIP/src/include/compat/posix/sys -I../../Middlewares/Third_Party/LwIP/src/include/compat/stdc -I../../Middlewares/Third_Party/LwIP/system/arch -I../../Drivers/CMSIS/Include -I../FATFS/Target -I../FATFS/App -I../OPENAMP -I../../Middlewares/Third_Party/OpenAMP/open-amp/lib/include -I../../Middlewares/Third_Party/OpenAMP/libmetal/lib/include -I../../Middlewares/Third_Party/OpenAMP/libmetal/lib/include/metal/compiler/gcc -I../../Middlewares/Third_Party/OpenAMP/open-amp/lib/rpmsg -I../../Middlewares/Third_Party/FatFs/src -O0 -ffunction-sections -fdata-sections -fno-exceptions -fno-rtti -fno-use-cxa-atexit -Wall -fstack-usage -MMD -MP -MF"Core/Module/ethernet/tcp_rtos/server/tcp_rtos_server.d" -MT"Core/Module/ethernet/tcp_rtos/server/tcp_rtos_server.o" --specs=nano.specs -mfpu=fpv5-d16 -mfloat-abi=hard -mthumb -o "Core/Module/ethernet/tcp_rtos/server/tcp_rtos_server.o"
arm-none-eabi-g++ "../Core/Module/api_data_structure/src/api_data_structure.cpp" -mcpu=cortex-m7 -std=gnu++14 -g3 -DDEBUG -DDATA_IN_D2_SRAM -DCORE_CM7 -DUSE_HAL_DRIVER -DSTM32H747xx -DMETAL_INTERNAL -DMETAL_MAX_DEVICE_REGIONS=2 -DRPMSG_BUFFER_SIZE=1024 -DVIRTIO_MASTER_ONLY -DNO_ATOMIC_64_SUPPORT -c -I../Core/Inc -I"/home/studio3s/STM32CubeIDE/workspace_1.11.0/STM32H7_Modules/HSS_Test/CM7/Core/Module" -I../LWIP/App -I../LWIP/Target -I../../Middlewares/Third_Party/LwIP/src/include -I../../Middlewares/Third_Party/LwIP/system -I../../Drivers/STM32H7xx_HAL_Driver/Inc -I../../Drivers/STM32H7xx_HAL_Driver/Inc/Legacy -I../../Middlewares/Third_Party/FreeRTOS/Source/include -I../../Middlewares/Third_Party/FreeRTOS/Source/CMSIS_RTOS -I../../Middlewares/Third_Party/FreeRTOS/Source/portable/GCC/ARM_CM4F -I../../Drivers/BSP/Components/lan8742 -I../../Middlewares/Third_Party/LwIP/src/include/netif/ppp -I../../Drivers/CMSIS/Device/ST/STM32H7xx/Include -I../../Middlewares/Third_Party/LwIP/src/include/lwip -I../../Middlewares/Third_Party/LwIP/src/include/lwip/apps -I../../Middlewares/Third_Party/LwIP/src/include/lwip/priv -I../../Middlewares/Third_Party/LwIP/src/include/lwip/prot -I../../Middlewares/Third_Party/LwIP/src/include/netif -I../../Middlewares/Third_Party/LwIP/src/include/compat/posix -I../../Middlewares/Third_Party/LwIP/src/include/compat/posix/arpa -I../../Middlewares/Third_Party/LwIP/src/include/compat/posix/net -I../../Middlewares/Third_Party/LwIP/src/include/compat/posix/sys -I../../Middlewares/Third_Party/LwIP/src/include/compat/stdc -I../../Middlewares/Third_Party/LwIP/system/arch -I../../Drivers/CMSIS/Include -I../FATFS/Target -I../FATFS/App -I../OPENAMP -I../../Middlewares/Third_Party/OpenAMP/open-amp/lib/include -I../../Middlewares/Third_Party/OpenAMP/libmetal/lib/include -I../../Middlewares/Third_Party/OpenAMP/libmetal/lib/include/metal/compiler/gcc -I../../Middlewares/Third_Party/OpenAMP/open-amp/lib/rpmsg -I../../Middlewares/Third_Party/FatFs/src -O0 -ffunction-sections -fdata-sections -fno-exceptions -fno-rtti -fno-use-cxa-atexit -Wall -fstack-usage -MMD -MP -MF"Core/Module/api_data_structure/src/api_data_structure.d" -MT"Core/Module/api_data_structure/src/api_data_structure.o" --specs=nano.specs -mfpu=fpv5-d16 -mfloat-abi=hard -mthumb -o "Core/Module/api_data_structure/src/api_data_structure.o"
../Core/Module/ethernet/tcp_rtos/server/tcp_rtos_server.cpp:260:2: error: expected unqualified-id before 'return'
  260 |  return;
      |  ^~~~~~
../Core/Module/ethernet/tcp_rtos/server/tcp_rtos_server.cpp:261:1: error: expected declaration before '}' token
  261 | }
      | ^
In file included from /home/studio3s/STM32CubeIDE/workspace_1.11.0/STM32H7_Modules/HSS_Test/CM7/Core/Module/api_data_structure/include/api_data_structure/api_data_structure.h:14,
                 from ../Core/Module/ethernet/tcp_rtos/server/tcp_rtos_server.cpp:7:
/home/studio3s/STM32CubeIDE/workspace_1.11.0/STM32H7_Modules/HSS_Test/CM7/Core/Module/fatfs_h7/include/fatfs_h7/fatfs_h7.h:23:13: warning: 'void BSPInit()' declared 'static' but never defined [-Wunused-function]
   23 | static void BSPInit();
      |             ^~~~~~~
make: *** [Core/Module/ethernet/tcp_rtos/server/subdir.mk:19: Core/Module/ethernet/tcp_rtos/server/tcp_rtos_server.o] Error 1
make: *** Waiting for unfinished jobs....
../Core/Module/api_data_structure/src/api_data_structure.cpp: In function 'int DoCmdFromData(const void*, cmd_queue_data)':
../Core/Module/api_data_structure/src/api_data_structure.cpp:937:6: warning: unused variable 'cmd_' [-Wunused-variable]
  937 |  int cmd_ = cmd_queue_data_.cmd_;
      |      ^~~~
../Core/Module/api_data_structure/src/api_data_structure.cpp: In function 'int GetStringFromMainData(cmd_queue_data, char*)':
../Core/Module/api_data_structure/src/api_data_structure.cpp:999:46: error: 'struct cmd_queue_data' has no member named 'tcp_send_queue_'
  999 |  const cmd_queue_data cmd_queue_data_ = data.tcp_send_queue_.front();
      |                                              ^~~~~~~~~~~~~~~
../Core/Module/api_data_structure/src/api_data_structure.cpp: In function 'netconn* ConnectEthToDataStructure()':
../Core/Module/api_data_structure/src/api_data_structure.cpp:1636:1: warning: no return statement in function returning non-void [-Wreturn-type]
 1636 | }
      | ^
In file included from /home/studio3s/STM32CubeIDE/workspace_1.11.0/STM32H7_Modules/HSS_Test/CM7/Core/Module/api_data_structure/include/api_data_structure/api_data_structure.h:14,
                 from ../Core/Module/api_data_structure/src/api_data_structure.cpp:11:
/home/studio3s/STM32CubeIDE/workspace_1.11.0/STM32H7_Modules/HSS_Test/CM7/Core/Module/fatfs_h7/include/fatfs_h7/fatfs_h7.h: At global scope:
/home/studio3s/STM32CubeIDE/workspace_1.11.0/STM32H7_Modules/HSS_Test/CM7/Core/Module/fatfs_h7/include/fatfs_h7/fatfs_h7.h:23:13: warning: 'void BSPInit()' declared 'static' but never defined [-Wunused-function]
   23 | static void BSPInit();
      |             ^~~~~~~
make: *** [Core/Module/api_data_structure/src/subdir.mk:29: Core/Module/api_data_structure/src/api_data_structure.o] Error 1
"make -j4 all" terminated with exit code 2. Build might be incomplete.
15:12:54 **** Incremental Build of configuration Debug for project HSS_Test_CM4 ****
make -j4 all 
arm-none-eabi-size   HSS_Test_CM4.elf 
   text	   data	    bss	    dec	    hex	filename
  19404	    292	   2072	  21768	   5508	HSS_Test_CM4.elf
Finished building: default.size.stdout
 
15:12:57 **** Incremental Build of configuration Debug for project HSS_Test_CM7 ****
make -j4 all 
arm-none-eabi-g++ "../Core/Module/ethernet/tcp_rtos/server/tcp_rtos_server.cpp" -mcpu=cortex-m7 -std=gnu++14 -g3 -DDEBUG -DDATA_IN_D2_SRAM -DCORE_CM7 -DUSE_HAL_DRIVER -DSTM32H747xx -DMETAL_INTERNAL -DMETAL_MAX_DEVICE_REGIONS=2 -DRPMSG_BUFFER_SIZE=1024 -DVIRTIO_MASTER_ONLY -DNO_ATOMIC_64_SUPPORT -c -I../Core/Inc -I"/home/studio3s/STM32CubeIDE/workspace_1.11.0/STM32H7_Modules/HSS_Test/CM7/Core/Module" -I../LWIP/App -I../LWIP/Target -I../../Middlewares/Third_Party/LwIP/src/include -I../../Middlewares/Third_Party/LwIP/system -I../../Drivers/STM32H7xx_HAL_Driver/Inc -I../../Drivers/STM32H7xx_HAL_Driver/Inc/Legacy -I../../Middlewares/Third_Party/FreeRTOS/Source/include -I../../Middlewares/Third_Party/FreeRTOS/Source/CMSIS_RTOS -I../../Middlewares/Third_Party/FreeRTOS/Source/portable/GCC/ARM_CM4F -I../../Drivers/BSP/Components/lan8742 -I../../Middlewares/Third_Party/LwIP/src/include/netif/ppp -I../../Drivers/CMSIS/Device/ST/STM32H7xx/Include -I../../Middlewares/Third_Party/LwIP/src/include/lwip -I../../Middlewares/Third_Party/LwIP/src/include/lwip/apps -I../../Middlewares/Third_Party/LwIP/src/include/lwip/priv -I../../Middlewares/Third_Party/LwIP/src/include/lwip/prot -I../../Middlewares/Third_Party/LwIP/src/include/netif -I../../Middlewares/Third_Party/LwIP/src/include/compat/posix -I../../Middlewares/Third_Party/LwIP/src/include/compat/posix/arpa -I../../Middlewares/Third_Party/LwIP/src/include/compat/posix/net -I../../Middlewares/Third_Party/LwIP/src/include/compat/posix/sys -I../../Middlewares/Third_Party/LwIP/src/include/compat/stdc -I../../Middlewares/Third_Party/LwIP/system/arch -I../../Drivers/CMSIS/Include -I../FATFS/Target -I../FATFS/App -I../OPENAMP -I../../Middlewares/Third_Party/OpenAMP/open-amp/lib/include -I../../Middlewares/Third_Party/OpenAMP/libmetal/lib/include -I../../Middlewares/Third_Party/OpenAMP/libmetal/lib/include/metal/compiler/gcc -I../../Middlewares/Third_Party/OpenAMP/open-amp/lib/rpmsg -I../../Middlewares/Third_Party/FatFs/src -O0 -ffunction-sections -fdata-sections -fno-exceptions -fno-rtti -fno-use-cxa-atexit -Wall -fstack-usage -MMD -MP -MF"Core/Module/ethernet/tcp_rtos/server/tcp_rtos_server.d" -MT"Core/Module/ethernet/tcp_rtos/server/tcp_rtos_server.o" --specs=nano.specs -mfpu=fpv5-d16 -mfloat-abi=hard -mthumb -o "Core/Module/ethernet/tcp_rtos/server/tcp_rtos_server.o"
arm-none-eabi-g++ "../Core/Module/api_data_structure/src/api_data_structure.cpp" -mcpu=cortex-m7 -std=gnu++14 -g3 -DDEBUG -DDATA_IN_D2_SRAM -DCORE_CM7 -DUSE_HAL_DRIVER -DSTM32H747xx -DMETAL_INTERNAL -DMETAL_MAX_DEVICE_REGIONS=2 -DRPMSG_BUFFER_SIZE=1024 -DVIRTIO_MASTER_ONLY -DNO_ATOMIC_64_SUPPORT -c -I../Core/Inc -I"/home/studio3s/STM32CubeIDE/workspace_1.11.0/STM32H7_Modules/HSS_Test/CM7/Core/Module" -I../LWIP/App -I../LWIP/Target -I../../Middlewares/Third_Party/LwIP/src/include -I../../Middlewares/Third_Party/LwIP/system -I../../Drivers/STM32H7xx_HAL_Driver/Inc -I../../Drivers/STM32H7xx_HAL_Driver/Inc/Legacy -I../../Middlewares/Third_Party/FreeRTOS/Source/include -I../../Middlewares/Third_Party/FreeRTOS/Source/CMSIS_RTOS -I../../Middlewares/Third_Party/FreeRTOS/Source/portable/GCC/ARM_CM4F -I../../Drivers/BSP/Components/lan8742 -I../../Middlewares/Third_Party/LwIP/src/include/netif/ppp -I../../Drivers/CMSIS/Device/ST/STM32H7xx/Include -I../../Middlewares/Third_Party/LwIP/src/include/lwip -I../../Middlewares/Third_Party/LwIP/src/include/lwip/apps -I../../Middlewares/Third_Party/LwIP/src/include/lwip/priv -I../../Middlewares/Third_Party/LwIP/src/include/lwip/prot -I../../Middlewares/Third_Party/LwIP/src/include/netif -I../../Middlewares/Third_Party/LwIP/src/include/compat/posix -I../../Middlewares/Third_Party/LwIP/src/include/compat/posix/arpa -I../../Middlewares/Third_Party/LwIP/src/include/compat/posix/net -I../../Middlewares/Third_Party/LwIP/src/include/compat/posix/sys -I../../Middlewares/Third_Party/LwIP/src/include/compat/stdc -I../../Middlewares/Third_Party/LwIP/system/arch -I../../Drivers/CMSIS/Include -I../FATFS/Target -I../FATFS/App -I../OPENAMP -I../../Middlewares/Third_Party/OpenAMP/open-amp/lib/include -I../../Middlewares/Third_Party/OpenAMP/libmetal/lib/include -I../../Middlewares/Third_Party/OpenAMP/libmetal/lib/include/metal/compiler/gcc -I../../Middlewares/Third_Party/OpenAMP/open-amp/lib/rpmsg -I../../Middlewares/Third_Party/FatFs/src -O0 -ffunction-sections -fdata-sections -fno-exceptions -fno-rtti -fno-use-cxa-atexit -Wall -fstack-usage -MMD -MP -MF"Core/Module/api_data_structure/src/api_data_structure.d" -MT"Core/Module/api_data_structure/src/api_data_structure.o" --specs=nano.specs -mfpu=fpv5-d16 -mfloat-abi=hard -mthumb -o "Core/Module/api_data_structure/src/api_data_structure.o"
In file included from /home/studio3s/STM32CubeIDE/workspace_1.11.0/STM32H7_Modules/HSS_Test/CM7/Core/Module/api_data_structure/include/api_data_structure/api_data_structure.h:14,
                 from ../Core/Module/ethernet/tcp_rtos/server/tcp_rtos_server.cpp:7:
/home/studio3s/STM32CubeIDE/workspace_1.11.0/STM32H7_Modules/HSS_Test/CM7/Core/Module/fatfs_h7/include/fatfs_h7/fatfs_h7.h:23:13: warning: 'void BSPInit()' declared 'static' but never defined [-Wunused-function]
   23 | static void BSPInit();
      |             ^~~~~~~
../Core/Module/ethernet/tcp_rtos/server/tcp_rtos_server.cpp: In function 'void TCPServerSendTask(const void*)':
../Core/Module/ethernet/tcp_rtos/server/tcp_rtos_server.cpp:239:61: note: parameter passing for argument of type 'std::vector<cmd_queue_data>::const_iterator' changed in GCC 7.1
  239 |    Dst_->tcp_send_queue_.erase(Dst_->tcp_send_queue_.begin());
      |                                                             ^
In file included from /opt/st/stm32cubeide_1.11.0/plugins/com.st.stm32cube.ide.mcu.externaltools.gnu-tools-for-stm32.10.3-2021.10.linux64_1.0.100.202210260954/tools/arm-none-eabi/include/c++/10.3.1/vector:67,
                 from /home/studio3s/STM32CubeIDE/workspace_1.11.0/STM32H7_Modules/HSS_Test/CM7/Core/Module/api_data_structure/include/api_data_structure/api_data_structure.h:25,
                 from ../Core/Module/ethernet/tcp_rtos/server/tcp_rtos_server.cpp:7:
/opt/st/stm32cubeide_1.11.0/plugins/com.st.stm32cube.ide.mcu.externaltools.gnu-tools-for-stm32.10.3-2021.10.linux64_1.0.100.202210260954/tools/arm-none-eabi/include/c++/10.3.1/bits/stl_vector.h: In member function 'std::vector<_Tp, _Alloc>::iterator std::vector<_Tp, _Alloc>::erase(std::vector<_Tp, _Alloc>::const_iterator) [with _Tp = cmd_queue_data; _Alloc = std::allocator<cmd_queue_data>]':
/opt/st/stm32cubeide_1.11.0/plugins/com.st.stm32cube.ide.mcu.externaltools.gnu-tools-for-stm32.10.3-2021.10.linux64_1.0.100.202210260954/tools/arm-none-eabi/include/c++/10.3.1/bits/stl_vector.h:1430:7: note: parameter passing for argument of type 'std::vector<cmd_queue_data>::const_iterator' changed in GCC 7.1
 1430 |       erase(const_iterator __position)
      |       ^~~~~
/opt/st/stm32cubeide_1.11.0/plugins/com.st.stm32cube.ide.mcu.externaltools.gnu-tools-for-stm32.10.3-2021.10.linux64_1.0.100.202210260954/tools/arm-none-eabi/include/c++/10.3.1/bits/stl_vector.h:1431:24: note: parameter passing for argument of type '__gnu_cxx::__normal_iterator<cmd_queue_data*, std::vector<cmd_queue_data> >' changed in GCC 7.1
 1431 |       { return _M_erase(begin() + (__position - cbegin())); }
      |                ~~~~~~~~^~~~~~~~~~~~~~~~~~~~~~~~~~~~~~~~~~~
In file included from /opt/st/stm32cubeide_1.11.0/plugins/com.st.stm32cube.ide.mcu.externaltools.gnu-tools-for-stm32.10.3-2021.10.linux64_1.0.100.202210260954/tools/arm-none-eabi/include/c++/10.3.1/vector:72,
                 from /home/studio3s/STM32CubeIDE/workspace_1.11.0/STM32H7_Modules/HSS_Test/CM7/Core/Module/api_data_structure/include/api_data_structure/api_data_structure.h:25,
                 from ../Core/Module/ethernet/tcp_rtos/server/tcp_rtos_server.cpp:7:
/opt/st/stm32cubeide_1.11.0/plugins/com.st.stm32cube.ide.mcu.externaltools.gnu-tools-for-stm32.10.3-2021.10.linux64_1.0.100.202210260954/tools/arm-none-eabi/include/c++/10.3.1/bits/vector.tcc: In member function 'std::vector<_Tp, _Alloc>::iterator std::vector<_Tp, _Alloc>::_M_erase(std::vector<_Tp, _Alloc>::iterator) [with _Tp = cmd_queue_data; _Alloc = std::allocator<cmd_queue_data>]':
/opt/st/stm32cubeide_1.11.0/plugins/com.st.stm32cube.ide.mcu.externaltools.gnu-tools-for-stm32.10.3-2021.10.linux64_1.0.100.202210260954/tools/arm-none-eabi/include/c++/10.3.1/bits/vector.tcc:171:5: note: parameter passing for argument of type 'std::vector<cmd_queue_data>::iterator' changed in GCC 7.1
  171 |     vector<_Tp, _Alloc>::
      |     ^~~~~~~~~~~~~~~~~~~
In file included from /opt/st/stm32cubeide_1.11.0/plugins/com.st.stm32cube.ide.mcu.externaltools.gnu-tools-for-stm32.10.3-2021.10.linux64_1.0.100.202210260954/tools/arm-none-eabi/include/c++/10.3.1/vector:60,
                 from /home/studio3s/STM32CubeIDE/workspace_1.11.0/STM32H7_Modules/HSS_Test/CM7/Core/Module/api_data_structure/include/api_data_structure/api_data_structure.h:25,
                 from ../Core/Module/ethernet/tcp_rtos/server/tcp_rtos_server.cpp:7:
/opt/st/stm32cubeide_1.11.0/plugins/com.st.stm32cube.ide.mcu.externaltools.gnu-tools-for-stm32.10.3-2021.10.linux64_1.0.100.202210260954/tools/arm-none-eabi/include/c++/10.3.1/bits/vector.tcc:175:2: note: parameter passing for argument of type '__gnu_cxx::__normal_iterator<cmd_queue_data*, std::vector<cmd_queue_data> >' changed in GCC 7.1
  175 |  _GLIBCXX_MOVE3(__position + 1, end(), __position);
      |  ^~~~~~~~~~~~~~
/opt/st/stm32cubeide_1.11.0/plugins/com.st.stm32cube.ide.mcu.externaltools.gnu-tools-for-stm32.10.3-2021.10.linux64_1.0.100.202210260954/tools/arm-none-eabi/include/c++/10.3.1/bits/stl_algobase.h: In function '_OI std::move(_II, _II, _OI) [with _II = __gnu_cxx::__normal_iterator<cmd_queue_data*, std::vector<cmd_queue_data> >; _OI = __gnu_cxx::__normal_iterator<cmd_queue_data*, std::vector<cmd_queue_data> >]':
/opt/st/stm32cubeide_1.11.0/plugins/com.st.stm32cube.ide.mcu.externaltools.gnu-tools-for-stm32.10.3-2021.10.linux64_1.0.100.202210260954/tools/arm-none-eabi/include/c++/10.3.1/bits/stl_algobase.h:593:5: note: parameter passing for argument of type '__gnu_cxx::__normal_iterator<cmd_queue_data*, std::vector<cmd_queue_data> >' changed in GCC 7.1
  593 |     move(_II __first, _II __last, _OI __result)
      |     ^~~~
/opt/st/stm32cubeide_1.11.0/plugins/com.st.stm32cube.ide.mcu.externaltools.gnu-tools-for-stm32.10.3-2021.10.linux64_1.0.100.202210260954/tools/arm-none-eabi/include/c++/10.3.1/bits/stl_algobase.h:593:5: note: parameter passing for argument of type '__gnu_cxx::__normal_iterator<cmd_queue_data*, std::vector<cmd_queue_data> >' changed in GCC 7.1
/opt/st/stm32cubeide_1.11.0/plugins/com.st.stm32cube.ide.mcu.externaltools.gnu-tools-for-stm32.10.3-2021.10.linux64_1.0.100.202210260954/tools/arm-none-eabi/include/c++/10.3.1/bits/stl_algobase.h:593:5: note: parameter passing for argument of type '__gnu_cxx::__normal_iterator<cmd_queue_data*, std::vector<cmd_queue_data> >' changed in GCC 7.1
/opt/st/stm32cubeide_1.11.0/plugins/com.st.stm32cube.ide.mcu.externaltools.gnu-tools-for-stm32.10.3-2021.10.linux64_1.0.100.202210260954/tools/arm-none-eabi/include/c++/10.3.1/bits/stl_algobase.h:601:38: note: parameter passing for argument of type '__gnu_cxx::__normal_iterator<cmd_queue_data*, std::vector<cmd_queue_data> >' changed in GCC 7.1
  601 |       return std::__copy_move_a<true>(std::__miter_base(__first),
      |              ~~~~~~~~~~~~~~~~~~~~~~~~^~~~~~~~~~~~~~~~~~~~~~~~~~~~
  602 |           std::__miter_base(__last), __result);
      |           ~~~~~~~~~~~~~~~~~~~~~~~~~~~~~~~~~~~~
In file included from /opt/st/stm32cubeide_1.11.0/plugins/com.st.stm32cube.ide.mcu.externaltools.gnu-tools-for-stm32.10.3-2021.10.linux64_1.0.100.202210260954/tools/arm-none-eabi/include/c++/10.3.1/cmath:42,
                 from /opt/st/stm32cubeide_1.11.0/plugins/com.st.stm32cube.ide.mcu.externaltools.gnu-tools-for-stm32.10.3-2021.10.linux64_1.0.100.202210260954/tools/arm-none-eabi/include/c++/10.3.1/math.h:36,
                 from ../../Drivers/STM32H7xx_HAL_Driver/Inc/stm32h7xx_hal_def.h:32,
                 from ../../Drivers/STM32H7xx_HAL_Driver/Inc/stm32h7xx_hal_rcc.h:27,
                 from ../Core/Inc/stm32h7xx_hal_conf.h:246,
                 from ../../Drivers/STM32H7xx_HAL_Driver/Inc/stm32h7xx_hal.h:29,
                 from ../FATFS/Target/bsp_driver_sd.h:30,
                 from /home/studio3s/STM32CubeIDE/workspace_1.11.0/STM32H7_Modules/HSS_Test/CM7/Core/Module/fatfs_h7/include/fatfs_h7/fatfs_h7.h:16,
                 from /home/studio3s/STM32CubeIDE/workspace_1.11.0/STM32H7_Modules/HSS_Test/CM7/Core/Module/api_data_structure/include/api_data_structure/api_data_structure.h:14,
                 from ../Core/Module/ethernet/tcp_rtos/server/tcp_rtos_server.cpp:7:
/opt/st/stm32cubeide_1.11.0/plugins/com.st.stm32cube.ide.mcu.externaltools.gnu-tools-for-stm32.10.3-2021.10.linux64_1.0.100.202210260954/tools/arm-none-eabi/include/c++/10.3.1/bits/cpp_type_traits.h: In function '_Iterator std::__miter_base(_Iterator) [with _Iterator = __gnu_cxx::__normal_iterator<cmd_queue_data*, std::vector<cmd_queue_data> >]':
/opt/st/stm32cubeide_1.11.0/plugins/com.st.stm32cube.ide.mcu.externaltools.gnu-tools-for-stm32.10.3-2021.10.linux64_1.0.100.202210260954/tools/arm-none-eabi/include/c++/10.3.1/bits/cpp_type_traits.h:544:5: note: parameter passing for argument of type '__gnu_cxx::__normal_iterator<cmd_queue_data*, std::vector<cmd_queue_data> >' changed in GCC 7.1
  544 |     __miter_base(_Iterator __it)
      |     ^~~~~~~~~~~~
In file included from /opt/st/stm32cubeide_1.11.0/plugins/com.st.stm32cube.ide.mcu.externaltools.gnu-tools-for-stm32.10.3-2021.10.linux64_1.0.100.202210260954/tools/arm-none-eabi/include/c++/10.3.1/vector:60,
                 from /home/studio3s/STM32CubeIDE/workspace_1.11.0/STM32H7_Modules/HSS_Test/CM7/Core/Module/api_data_structure/include/api_data_structure/api_data_structure.h:25,
                 from ../Core/Module/ethernet/tcp_rtos/server/tcp_rtos_server.cpp:7:
/opt/st/stm32cubeide_1.11.0/plugins/com.st.stm32cube.ide.mcu.externaltools.gnu-tools-for-stm32.10.3-2021.10.linux64_1.0.100.202210260954/tools/arm-none-eabi/include/c++/10.3.1/bits/stl_algobase.h: In function '_OI std::__copy_move_a(_II, _II, _OI) [with bool _IsMove = true; _II = __gnu_cxx::__normal_iterator<cmd_queue_data*, std::vector<cmd_queue_data> >; _OI = __gnu_cxx::__normal_iterator<cmd_queue_data*, std::vector<cmd_queue_data> >]':
/opt/st/stm32cubeide_1.11.0/plugins/com.st.stm32cube.ide.mcu.externaltools.gnu-tools-for-stm32.10.3-2021.10.linux64_1.0.100.202210260954/tools/arm-none-eabi/include/c++/10.3.1/bits/stl_algobase.h:511:5: note: parameter passing for argument of type '__gnu_cxx::__normal_iterator<cmd_queue_data*, std::vector<cmd_queue_data> >' changed in GCC 7.1
  511 |     __copy_move_a(_II __first, _II __last, _OI __result)
      |     ^~~~~~~~~~~~~
/opt/st/stm32cubeide_1.11.0/plugins/com.st.stm32cube.ide.mcu.externaltools.gnu-tools-for-stm32.10.3-2021.10.linux64_1.0.100.202210260954/tools/arm-none-eabi/include/c++/10.3.1/bits/stl_algobase.h:511:5: note: parameter passing for argument of type '__gnu_cxx::__normal_iterator<cmd_queue_data*, std::vector<cmd_queue_data> >' changed in GCC 7.1
/opt/st/stm32cubeide_1.11.0/plugins/com.st.stm32cube.ide.mcu.externaltools.gnu-tools-for-stm32.10.3-2021.10.linux64_1.0.100.202210260954/tools/arm-none-eabi/include/c++/10.3.1/bits/stl_algobase.h:511:5: note: parameter passing for argument of type '__gnu_cxx::__normal_iterator<cmd_queue_data*, std::vector<cmd_queue_data> >' changed in GCC 7.1
In file included from /opt/st/stm32cubeide_1.11.0/plugins/com.st.stm32cube.ide.mcu.externaltools.gnu-tools-for-stm32.10.3-2021.10.linux64_1.0.100.202210260954/tools/arm-none-eabi/include/c++/10.3.1/bits/stl_algobase.h:67,
                 from /opt/st/stm32cubeide_1.11.0/plugins/com.st.stm32cube.ide.mcu.externaltools.gnu-tools-for-stm32.10.3-2021.10.linux64_1.0.100.202210260954/tools/arm-none-eabi/include/c++/10.3.1/vector:60,
                 from /home/studio3s/STM32CubeIDE/workspace_1.11.0/STM32H7_Modules/HSS_Test/CM7/Core/Module/api_data_structure/include/api_data_structure/api_data_structure.h:25,
                 from ../Core/Module/ethernet/tcp_rtos/server/tcp_rtos_server.cpp:7:
/opt/st/stm32cubeide_1.11.0/plugins/com.st.stm32cube.ide.mcu.externaltools.gnu-tools-for-stm32.10.3-2021.10.linux64_1.0.100.202210260954/tools/arm-none-eabi/include/c++/10.3.1/bits/stl_iterator.h: In function '_Iterator std::__niter_base(__gnu_cxx::__normal_iterator<_Iterator, _Container>) [with _Iterator = cmd_queue_data*; _Container = std::vector<cmd_queue_data>]':
/opt/st/stm32cubeide_1.11.0/plugins/com.st.stm32cube.ide.mcu.externaltools.gnu-tools-for-stm32.10.3-2021.10.linux64_1.0.100.202210260954/tools/arm-none-eabi/include/c++/10.3.1/bits/stl_iterator.h:1225:5: note: parameter passing for argument of type '__gnu_cxx::__normal_iterator<cmd_queue_data*, std::vector<cmd_queue_data> >' changed in GCC 7.1
 1225 |     __niter_base(__gnu_cxx::__normal_iterator<_Iterator, _Container> __it)
      |     ^~~~~~~~~~~~
In file included from /opt/st/stm32cubeide_1.11.0/plugins/com.st.stm32cube.ide.mcu.externaltools.gnu-tools-for-stm32.10.3-2021.10.linux64_1.0.100.202210260954/tools/arm-none-eabi/include/c++/10.3.1/vector:60,
                 from /home/studio3s/STM32CubeIDE/workspace_1.11.0/STM32H7_Modules/HSS_Test/CM7/Core/Module/api_data_structure/include/api_data_structure/api_data_structure.h:25,
                 from ../Core/Module/ethernet/tcp_rtos/server/tcp_rtos_server.cpp:7:
/opt/st/stm32cubeide_1.11.0/plugins/com.st.stm32cube.ide.mcu.externaltools.gnu-tools-for-stm32.10.3-2021.10.linux64_1.0.100.202210260954/tools/arm-none-eabi/include/c++/10.3.1/bits/stl_algobase.h: In function '_From std::__niter_wrap(_From, _To) [with _From = __gnu_cxx::__normal_iterator<cmd_queue_data*, std::vector<cmd_queue_data> >; _To = cmd_queue_data*]':
/opt/st/stm32cubeide_1.11.0/plugins/com.st.stm32cube.ide.mcu.externaltools.gnu-tools-for-stm32.10.3-2021.10.linux64_1.0.100.202210260954/tools/arm-none-eabi/include/c++/10.3.1/bits/stl_algobase.h:323:5: note: parameter passing for argument of type '__gnu_cxx::__normal_iterator<cmd_queue_data*, std::vector<cmd_queue_data> >' changed in GCC 7.1
  323 |     __niter_wrap(_From __from, _To __res)
      |     ^~~~~~~~~~~~
../Core/Module/api_data_structure/src/api_data_structure.cpp: In function 'int DoCmdFromData(const void*, cmd_queue_data)':
../Core/Module/api_data_structure/src/api_data_structure.cpp:937:6: warning: unused variable 'cmd_' [-Wunused-variable]
  937 |  int cmd_ = cmd_queue_data_.cmd_;
      |      ^~~~
../Core/Module/api_data_structure/src/api_data_structure.cpp: In function 'int GetStringFromMainData(cmd_queue_data, char*)':
../Core/Module/api_data_structure/src/api_data_structure.cpp:999:46: error: 'struct cmd_queue_data' has no member named 'tcp_send_queue_'
  999 |  const cmd_queue_data cmd_queue_data_ = data.tcp_send_queue_.front();
      |                                              ^~~~~~~~~~~~~~~
../Core/Module/api_data_structure/src/api_data_structure.cpp: In function 'netconn* ConnectEthToDataStructure()':
../Core/Module/api_data_structure/src/api_data_structure.cpp:1636:1: warning: no return statement in function returning non-void [-Wreturn-type]
 1636 | }
      | ^
In file included from /home/studio3s/STM32CubeIDE/workspace_1.11.0/STM32H7_Modules/HSS_Test/CM7/Core/Module/api_data_structure/include/api_data_structure/api_data_structure.h:14,
                 from ../Core/Module/api_data_structure/src/api_data_structure.cpp:11:
/home/studio3s/STM32CubeIDE/workspace_1.11.0/STM32H7_Modules/HSS_Test/CM7/Core/Module/fatfs_h7/include/fatfs_h7/fatfs_h7.h: At global scope:
/home/studio3s/STM32CubeIDE/workspace_1.11.0/STM32H7_Modules/HSS_Test/CM7/Core/Module/fatfs_h7/include/fatfs_h7/fatfs_h7.h:23:13: warning: 'void BSPInit()' declared 'static' but never defined [-Wunused-function]
   23 | static void BSPInit();
      |             ^~~~~~~
make: *** [Core/Module/api_data_structure/src/subdir.mk:29: Core/Module/api_data_structure/src/api_data_structure.o] Error 1
make: *** Waiting for unfinished jobs....
"make -j4 all" terminated with exit code 2. Build might be incomplete.
15:14:31 **** Incremental Build of configuration Debug for project HSS_Test_CM4 ****
make -j4 all 
arm-none-eabi-size   HSS_Test_CM4.elf 
   text	   data	    bss	    dec	    hex	filename
  19404	    292	   2072	  21768	   5508	HSS_Test_CM4.elf
Finished building: default.size.stdout
 
15:14:35 **** Incremental Build of configuration Debug for project HSS_Test_CM7 ****
make -j4 all 
arm-none-eabi-g++ "../Core/Module/api_data_structure/src/api_data_structure.cpp" -mcpu=cortex-m7 -std=gnu++14 -g3 -DDEBUG -DDATA_IN_D2_SRAM -DCORE_CM7 -DUSE_HAL_DRIVER -DSTM32H747xx -DMETAL_INTERNAL -DMETAL_MAX_DEVICE_REGIONS=2 -DRPMSG_BUFFER_SIZE=1024 -DVIRTIO_MASTER_ONLY -DNO_ATOMIC_64_SUPPORT -c -I../Core/Inc -I"/home/studio3s/STM32CubeIDE/workspace_1.11.0/STM32H7_Modules/HSS_Test/CM7/Core/Module" -I../LWIP/App -I../LWIP/Target -I../../Middlewares/Third_Party/LwIP/src/include -I../../Middlewares/Third_Party/LwIP/system -I../../Drivers/STM32H7xx_HAL_Driver/Inc -I../../Drivers/STM32H7xx_HAL_Driver/Inc/Legacy -I../../Middlewares/Third_Party/FreeRTOS/Source/include -I../../Middlewares/Third_Party/FreeRTOS/Source/CMSIS_RTOS -I../../Middlewares/Third_Party/FreeRTOS/Source/portable/GCC/ARM_CM4F -I../../Drivers/BSP/Components/lan8742 -I../../Middlewares/Third_Party/LwIP/src/include/netif/ppp -I../../Drivers/CMSIS/Device/ST/STM32H7xx/Include -I../../Middlewares/Third_Party/LwIP/src/include/lwip -I../../Middlewares/Third_Party/LwIP/src/include/lwip/apps -I../../Middlewares/Third_Party/LwIP/src/include/lwip/priv -I../../Middlewares/Third_Party/LwIP/src/include/lwip/prot -I../../Middlewares/Third_Party/LwIP/src/include/netif -I../../Middlewares/Third_Party/LwIP/src/include/compat/posix -I../../Middlewares/Third_Party/LwIP/src/include/compat/posix/arpa -I../../Middlewares/Third_Party/LwIP/src/include/compat/posix/net -I../../Middlewares/Third_Party/LwIP/src/include/compat/posix/sys -I../../Middlewares/Third_Party/LwIP/src/include/compat/stdc -I../../Middlewares/Third_Party/LwIP/system/arch -I../../Drivers/CMSIS/Include -I../FATFS/Target -I../FATFS/App -I../OPENAMP -I../../Middlewares/Third_Party/OpenAMP/open-amp/lib/include -I../../Middlewares/Third_Party/OpenAMP/libmetal/lib/include -I../../Middlewares/Third_Party/OpenAMP/libmetal/lib/include/metal/compiler/gcc -I../../Middlewares/Third_Party/OpenAMP/open-amp/lib/rpmsg -I../../Middlewares/Third_Party/FatFs/src -O0 -ffunction-sections -fdata-sections -fno-exceptions -fno-rtti -fno-use-cxa-atexit -Wall -fstack-usage -MMD -MP -MF"Core/Module/api_data_structure/src/api_data_structure.d" -MT"Core/Module/api_data_structure/src/api_data_structure.o" --specs=nano.specs -mfpu=fpv5-d16 -mfloat-abi=hard -mthumb -o "Core/Module/api_data_structure/src/api_data_structure.o"
../Core/Module/api_data_structure/src/api_data_structure.cpp: In function 'int DoCmdFromData(const void*, cmd_queue_data)':
../Core/Module/api_data_structure/src/api_data_structure.cpp:937:6: warning: unused variable 'cmd_' [-Wunused-variable]
  937 |  int cmd_ = cmd_queue_data_.cmd_;
      |      ^~~~
../Core/Module/api_data_structure/src/api_data_structure.cpp: In function 'netconn* ConnectEthToDataStructure()':
../Core/Module/api_data_structure/src/api_data_structure.cpp:1636:1: warning: no return statement in function returning non-void [-Wreturn-type]
 1636 | }
      | ^
In file included from /home/studio3s/STM32CubeIDE/workspace_1.11.0/STM32H7_Modules/HSS_Test/CM7/Core/Module/api_data_structure/include/api_data_structure/api_data_structure.h:14,
                 from ../Core/Module/api_data_structure/src/api_data_structure.cpp:11:
/home/studio3s/STM32CubeIDE/workspace_1.11.0/STM32H7_Modules/HSS_Test/CM7/Core/Module/fatfs_h7/include/fatfs_h7/fatfs_h7.h: At global scope:
/home/studio3s/STM32CubeIDE/workspace_1.11.0/STM32H7_Modules/HSS_Test/CM7/Core/Module/fatfs_h7/include/fatfs_h7/fatfs_h7.h:23:13: warning: 'void BSPInit()' declared 'static' but never defined [-Wunused-function]
   23 | static void BSPInit();
      |             ^~~~~~~
In file included from /opt/st/stm32cubeide_1.11.0/plugins/com.st.stm32cube.ide.mcu.externaltools.gnu-tools-for-stm32.10.3-2021.10.linux64_1.0.100.202210260954/tools/arm-none-eabi/include/c++/10.3.1/vector:67,
                 from /home/studio3s/STM32CubeIDE/workspace_1.11.0/STM32H7_Modules/HSS_Test/CM7/Core/Module/api_data_structure/include/api_data_structure/api_data_structure.h:25,
                 from ../Core/Module/api_data_structure/src/api_data_structure.cpp:11:
/opt/st/stm32cubeide_1.11.0/plugins/com.st.stm32cube.ide.mcu.externaltools.gnu-tools-for-stm32.10.3-2021.10.linux64_1.0.100.202210260954/tools/arm-none-eabi/include/c++/10.3.1/bits/stl_vector.h: In member function 'void std::vector<_Tp, _Alloc>::push_back(const value_type&) [with _Tp = cmd_queue_data; _Alloc = std::allocator<cmd_queue_data>]':
/opt/st/stm32cubeide_1.11.0/plugins/com.st.stm32cube.ide.mcu.externaltools.gnu-tools-for-stm32.10.3-2021.10.linux64_1.0.100.202210260954/tools/arm-none-eabi/include/c++/10.3.1/bits/stl_vector.h:1198:21: note: parameter passing for argument of type '__gnu_cxx::__normal_iterator<cmd_queue_data*, std::vector<cmd_queue_data> >' changed in GCC 7.1
 1198 |    _M_realloc_insert(end(), __x);
      |    ~~~~~~~~~~~~~~~~~^~~~~~~~~~~~
In file included from /opt/st/stm32cubeide_1.11.0/plugins/com.st.stm32cube.ide.mcu.externaltools.gnu-tools-for-stm32.10.3-2021.10.linux64_1.0.100.202210260954/tools/arm-none-eabi/include/c++/10.3.1/vector:72,
                 from /home/studio3s/STM32CubeIDE/workspace_1.11.0/STM32H7_Modules/HSS_Test/CM7/Core/Module/api_data_structure/include/api_data_structure/api_data_structure.h:25,
                 from ../Core/Module/api_data_structure/src/api_data_structure.cpp:11:
/opt/st/stm32cubeide_1.11.0/plugins/com.st.stm32cube.ide.mcu.externaltools.gnu-tools-for-stm32.10.3-2021.10.linux64_1.0.100.202210260954/tools/arm-none-eabi/include/c++/10.3.1/bits/vector.tcc: In member function 'void std::vector<_Tp, _Alloc>::_M_realloc_insert(std::vector<_Tp, _Alloc>::iterator, _Args&& ...) [with _Args = {const cmd_queue_data&}; _Tp = cmd_queue_data; _Alloc = std::allocator<cmd_queue_data>]':
/opt/st/stm32cubeide_1.11.0/plugins/com.st.stm32cube.ide.mcu.externaltools.gnu-tools-for-stm32.10.3-2021.10.linux64_1.0.100.202210260954/tools/arm-none-eabi/include/c++/10.3.1/bits/vector.tcc:426:7: note: parameter passing for argument of type 'std::vector<cmd_queue_data>::iterator' changed in GCC 7.1
  426 |       vector<_Tp, _Alloc>::
      |       ^~~~~~~~~~~~~~~~~~~
In file included from /opt/st/stm32cubeide_1.11.0/plugins/com.st.stm32cube.ide.mcu.externaltools.gnu-tools-for-stm32.10.3-2021.10.linux64_1.0.100.202210260954/tools/arm-none-eabi/include/c++/10.3.1/vector:66,
                 from /home/studio3s/STM32CubeIDE/workspace_1.11.0/STM32H7_Modules/HSS_Test/CM7/Core/Module/api_data_structure/include/api_data_structure/api_data_structure.h:25,
                 from ../Core/Module/api_data_structure/src/api_data_structure.cpp:11:
/opt/st/stm32cubeide_1.11.0/plugins/com.st.stm32cube.ide.mcu.externaltools.gnu-tools-for-stm32.10.3-2021.10.linux64_1.0.100.202210260954/tools/arm-none-eabi/include/c++/10.3.1/bits/stl_uninitialized.h: In function '_ForwardIterator std::__uninitialized_move_if_noexcept_a(_InputIterator, _InputIterator, _ForwardIterator, _Allocator&) [with _InputIterator = cmd_queue_data*; _ForwardIterator = cmd_queue_data*; _Allocator = std::allocator<cmd_queue_data>]':
/opt/st/stm32cubeide_1.11.0/plugins/com.st.stm32cube.ide.mcu.externaltools.gnu-tools-for-stm32.10.3-2021.10.linux64_1.0.100.202210260954/tools/arm-none-eabi/include/c++/10.3.1/bits/stl_uninitialized.h:347:2: note: parameter passing for argument of type 'std::move_iterator<cmd_queue_data*>' changed in GCC 7.1
  346 |       return std::__uninitialized_copy_a
      |              ~~~~~~~~~~~~~~~~~~~~~~~~~~~
  347 |  (_GLIBCXX_MAKE_MOVE_IF_NOEXCEPT_ITERATOR(__first),
      |  ^~~~~~~~~~~~~~~~~~~~~~~~~~~~~~~~~~~~~~~~~~~~~~~~~~
  348 |   _GLIBCXX_MAKE_MOVE_IF_NOEXCEPT_ITERATOR(__last), __result, __alloc);
      |   ~~~~~~~~~~~~~~~~~~~~~~~~~~~~~~~~~~~~~~~~~~~~~~~~~~~~~~~~~~~~~~~~~~~
/opt/st/stm32cubeide_1.11.0/plugins/com.st.stm32cube.ide.mcu.externaltools.gnu-tools-for-stm32.10.3-2021.10.linux64_1.0.100.202210260954/tools/arm-none-eabi/include/c++/10.3.1/bits/stl_uninitialized.h: In function '_ForwardIterator std::__uninitialized_copy_a(_InputIterator, _InputIterator, _ForwardIterator, std::allocator<_Tp>&) [with _InputIterator = std::move_iterator<cmd_queue_data*>; _ForwardIterator = cmd_queue_data*; _Tp = cmd_queue_data]':
/opt/st/stm32cubeide_1.11.0/plugins/com.st.stm32cube.ide.mcu.externaltools.gnu-tools-for-stm32.10.3-2021.10.linux64_1.0.100.202210260954/tools/arm-none-eabi/include/c++/10.3.1/bits/stl_uninitialized.h:323:5: note: parameter passing for argument of type 'std::move_iterator<cmd_queue_data*>' changed in GCC 7.1
  323 |     __uninitialized_copy_a(_InputIterator __first, _InputIterator __last,
      |     ^~~~~~~~~~~~~~~~~~~~~~
/opt/st/stm32cubeide_1.11.0/plugins/com.st.stm32cube.ide.mcu.externaltools.gnu-tools-for-stm32.10.3-2021.10.linux64_1.0.100.202210260954/tools/arm-none-eabi/include/c++/10.3.1/bits/stl_uninitialized.h:323:5: note: parameter passing for argument of type 'std::move_iterator<cmd_queue_data*>' changed in GCC 7.1
/opt/st/stm32cubeide_1.11.0/plugins/com.st.stm32cube.ide.mcu.externaltools.gnu-tools-for-stm32.10.3-2021.10.linux64_1.0.100.202210260954/tools/arm-none-eabi/include/c++/10.3.1/bits/stl_uninitialized.h:325:37: note: parameter passing for argument of type 'std::move_iterator<cmd_queue_data*>' changed in GCC 7.1
  325 |     { return std::uninitialized_copy(__first, __last, __result); }
      |              ~~~~~~~~~~~~~~~~~~~~~~~^~~~~~~~~~~~~~~~~~~~~~~~~~~
/opt/st/stm32cubeide_1.11.0/plugins/com.st.stm32cube.ide.mcu.externaltools.gnu-tools-for-stm32.10.3-2021.10.linux64_1.0.100.202210260954/tools/arm-none-eabi/include/c++/10.3.1/bits/stl_uninitialized.h: In function '_ForwardIterator std::uninitialized_copy(_InputIterator, _InputIterator, _ForwardIterator) [with _InputIterator = std::move_iterator<cmd_queue_data*>; _ForwardIterator = cmd_queue_data*]':
/opt/st/stm32cubeide_1.11.0/plugins/com.st.stm32cube.ide.mcu.externaltools.gnu-tools-for-stm32.10.3-2021.10.linux64_1.0.100.202210260954/tools/arm-none-eabi/include/c++/10.3.1/bits/stl_uninitialized.h:125:5: note: parameter passing for argument of type 'std::move_iterator<cmd_queue_data*>' changed in GCC 7.1
  125 |     uninitialized_copy(_InputIterator __first, _InputIterator __last,
      |     ^~~~~~~~~~~~~~~~~~
/opt/st/stm32cubeide_1.11.0/plugins/com.st.stm32cube.ide.mcu.externaltools.gnu-tools-for-stm32.10.3-2021.10.linux64_1.0.100.202210260954/tools/arm-none-eabi/include/c++/10.3.1/bits/stl_uninitialized.h:125:5: note: parameter passing for argument of type 'std::move_iterator<cmd_queue_data*>' changed in GCC 7.1
/opt/st/stm32cubeide_1.11.0/plugins/com.st.stm32cube.ide.mcu.externaltools.gnu-tools-for-stm32.10.3-2021.10.linux64_1.0.100.202210260954/tools/arm-none-eabi/include/c++/10.3.1/bits/stl_uninitialized.h:150:15: note: parameter passing for argument of type 'std::move_iterator<cmd_queue_data*>' changed in GCC 7.1
  147 |       return std::__uninitialized_copy<__is_trivial(_ValueType1)
      |              ~~~~~~~~~~~~~~~~~~~~~~~~~~~~~~~~~~~~~~~~~~~~~~~~~~~
  148 |            && __is_trivial(_ValueType2)
      |            ~~~~~~~~~~~~~~~~~~~~~~~~~~~~
  149 |            && __assignable>::
      |            ~~~~~~~~~~~~~~~~~~
  150 |  __uninit_copy(__first, __last, __result);
      |  ~~~~~~~~~~~~~^~~~~~~~~~~~~~~~~~~~~~~~~~~
/opt/st/stm32cubeide_1.11.0/plugins/com.st.stm32cube.ide.mcu.externaltools.gnu-tools-for-stm32.10.3-2021.10.linux64_1.0.100.202210260954/tools/arm-none-eabi/include/c++/10.3.1/bits/stl_uninitialized.h: In static member function 'static _ForwardIterator std::__uninitialized_copy<_TrivialValueTypes>::__uninit_copy(_InputIterator, _InputIterator, _ForwardIterator) [with _InputIterator = std::move_iterator<cmd_queue_data*>; _ForwardIterator = cmd_queue_data*; bool _TrivialValueTypes = false]':
/opt/st/stm32cubeide_1.11.0/plugins/com.st.stm32cube.ide.mcu.externaltools.gnu-tools-for-stm32.10.3-2021.10.linux64_1.0.100.202210260954/tools/arm-none-eabi/include/c++/10.3.1/bits/stl_uninitialized.h:84:9: note: parameter passing for argument of type 'std::move_iterator<cmd_queue_data*>' changed in GCC 7.1
   84 |         __uninit_copy(_InputIterator __first, _InputIterator __last,
      |         ^~~~~~~~~~~~~
/opt/st/stm32cubeide_1.11.0/plugins/com.st.stm32cube.ide.mcu.externaltools.gnu-tools-for-stm32.10.3-2021.10.linux64_1.0.100.202210260954/tools/arm-none-eabi/include/c++/10.3.1/bits/stl_uninitialized.h:84:9: note: parameter passing for argument of type 'std::move_iterator<cmd_queue_data*>' changed in GCC 7.1
arm-none-eabi-g++ -o "HSS_Test_CM7.elf" @"objects.list"   -mcpu=cortex-m7 -T"/home/studio3s/STM32CubeIDE/workspace_1.11.0/STM32H7_Modules/HSS_Test/CM7/STM32H747XIHX_FLASH.ld" --specs=nosys.specs -Wl,-Map="HSS_Test_CM7.map" -Wl,--gc-sections -static --specs=nano.specs -mfpu=fpv5-d16 -mfloat-abi=hard -mthumb -u _printf_float -Wl,--start-group -lc -lm -lstdc++ -lsupc++ -Wl,--end-group
Finished building target: HSS_Test_CM7.elf
 
arm-none-eabi-size   HSS_Test_CM7.elf 
arm-none-eabi-objdump -h -S  HSS_Test_CM7.elf  > "HSS_Test_CM7.list"
   text	   data	    bss	    dec	    hex	filename
 347688	   1008	 332751	 681447	  a65e7	HSS_Test_CM7.elf
Finished building: default.size.stdout
 
Finished building: HSS_Test_CM7.list
 
15:18:33 **** Incremental Build of configuration Debug for project HSS_Test_CM4 ****
make -j4 all 
arm-none-eabi-size   HSS_Test_CM4.elf 
   text	   data	    bss	    dec	    hex	filename
  19404	    292	   2072	  21768	   5508	HSS_Test_CM4.elf
Finished building: default.size.stdout
 
15:18:37 **** Incremental Build of configuration Debug for project HSS_Test_CM7 ****
make -j4 all 
arm-none-eabi-g++ "../Core/Module/api_data_structure/src/api_data_structure.cpp" -mcpu=cortex-m7 -std=gnu++14 -g3 -DDEBUG -DDATA_IN_D2_SRAM -DCORE_CM7 -DUSE_HAL_DRIVER -DSTM32H747xx -DMETAL_INTERNAL -DMETAL_MAX_DEVICE_REGIONS=2 -DRPMSG_BUFFER_SIZE=1024 -DVIRTIO_MASTER_ONLY -DNO_ATOMIC_64_SUPPORT -c -I../Core/Inc -I"/home/studio3s/STM32CubeIDE/workspace_1.11.0/STM32H7_Modules/HSS_Test/CM7/Core/Module" -I../LWIP/App -I../LWIP/Target -I../../Middlewares/Third_Party/LwIP/src/include -I../../Middlewares/Third_Party/LwIP/system -I../../Drivers/STM32H7xx_HAL_Driver/Inc -I../../Drivers/STM32H7xx_HAL_Driver/Inc/Legacy -I../../Middlewares/Third_Party/FreeRTOS/Source/include -I../../Middlewares/Third_Party/FreeRTOS/Source/CMSIS_RTOS -I../../Middlewares/Third_Party/FreeRTOS/Source/portable/GCC/ARM_CM4F -I../../Drivers/BSP/Components/lan8742 -I../../Middlewares/Third_Party/LwIP/src/include/netif/ppp -I../../Drivers/CMSIS/Device/ST/STM32H7xx/Include -I../../Middlewares/Third_Party/LwIP/src/include/lwip -I../../Middlewares/Third_Party/LwIP/src/include/lwip/apps -I../../Middlewares/Third_Party/LwIP/src/include/lwip/priv -I../../Middlewares/Third_Party/LwIP/src/include/lwip/prot -I../../Middlewares/Third_Party/LwIP/src/include/netif -I../../Middlewares/Third_Party/LwIP/src/include/compat/posix -I../../Middlewares/Third_Party/LwIP/src/include/compat/posix/arpa -I../../Middlewares/Third_Party/LwIP/src/include/compat/posix/net -I../../Middlewares/Third_Party/LwIP/src/include/compat/posix/sys -I../../Middlewares/Third_Party/LwIP/src/include/compat/stdc -I../../Middlewares/Third_Party/LwIP/system/arch -I../../Drivers/CMSIS/Include -I../FATFS/Target -I../FATFS/App -I../OPENAMP -I../../Middlewares/Third_Party/OpenAMP/open-amp/lib/include -I../../Middlewares/Third_Party/OpenAMP/libmetal/lib/include -I../../Middlewares/Third_Party/OpenAMP/libmetal/lib/include/metal/compiler/gcc -I../../Middlewares/Third_Party/OpenAMP/open-amp/lib/rpmsg -I../../Middlewares/Third_Party/FatFs/src -O0 -ffunction-sections -fdata-sections -fno-exceptions -fno-rtti -fno-use-cxa-atexit -Wall -fstack-usage -MMD -MP -MF"Core/Module/api_data_structure/src/api_data_structure.d" -MT"Core/Module/api_data_structure/src/api_data_structure.o" --specs=nano.specs -mfpu=fpv5-d16 -mfloat-abi=hard -mthumb -o "Core/Module/api_data_structure/src/api_data_structure.o"
../Core/Module/api_data_structure/src/api_data_structure.cpp: In function 'int DoCmdFromData(const void*, cmd_queue_data)':
../Core/Module/api_data_structure/src/api_data_structure.cpp:941:6: warning: unused variable 'cmd_' [-Wunused-variable]
  941 |  int cmd_ = cmd_queue_data_.cmd_;
      |      ^~~~
../Core/Module/api_data_structure/src/api_data_structure.cpp: In function 'netconn* ConnectEthToDataStructure()':
../Core/Module/api_data_structure/src/api_data_structure.cpp:1640:1: warning: no return statement in function returning non-void [-Wreturn-type]
 1640 | }
      | ^
In file included from /home/studio3s/STM32CubeIDE/workspace_1.11.0/STM32H7_Modules/HSS_Test/CM7/Core/Module/api_data_structure/include/api_data_structure/api_data_structure.h:14,
                 from ../Core/Module/api_data_structure/src/api_data_structure.cpp:11:
/home/studio3s/STM32CubeIDE/workspace_1.11.0/STM32H7_Modules/HSS_Test/CM7/Core/Module/fatfs_h7/include/fatfs_h7/fatfs_h7.h: At global scope:
/home/studio3s/STM32CubeIDE/workspace_1.11.0/STM32H7_Modules/HSS_Test/CM7/Core/Module/fatfs_h7/include/fatfs_h7/fatfs_h7.h:23:13: warning: 'void BSPInit()' declared 'static' but never defined [-Wunused-function]
   23 | static void BSPInit();
      |             ^~~~~~~
In file included from /opt/st/stm32cubeide_1.11.0/plugins/com.st.stm32cube.ide.mcu.externaltools.gnu-tools-for-stm32.10.3-2021.10.linux64_1.0.100.202210260954/tools/arm-none-eabi/include/c++/10.3.1/vector:67,
                 from /home/studio3s/STM32CubeIDE/workspace_1.11.0/STM32H7_Modules/HSS_Test/CM7/Core/Module/api_data_structure/include/api_data_structure/api_data_structure.h:25,
                 from ../Core/Module/api_data_structure/src/api_data_structure.cpp:11:
/opt/st/stm32cubeide_1.11.0/plugins/com.st.stm32cube.ide.mcu.externaltools.gnu-tools-for-stm32.10.3-2021.10.linux64_1.0.100.202210260954/tools/arm-none-eabi/include/c++/10.3.1/bits/stl_vector.h: In member function 'void std::vector<_Tp, _Alloc>::push_back(const value_type&) [with _Tp = cmd_queue_data; _Alloc = std::allocator<cmd_queue_data>]':
/opt/st/stm32cubeide_1.11.0/plugins/com.st.stm32cube.ide.mcu.externaltools.gnu-tools-for-stm32.10.3-2021.10.linux64_1.0.100.202210260954/tools/arm-none-eabi/include/c++/10.3.1/bits/stl_vector.h:1198:21: note: parameter passing for argument of type '__gnu_cxx::__normal_iterator<cmd_queue_data*, std::vector<cmd_queue_data> >' changed in GCC 7.1
 1198 |    _M_realloc_insert(end(), __x);
      |    ~~~~~~~~~~~~~~~~~^~~~~~~~~~~~
In file included from /opt/st/stm32cubeide_1.11.0/plugins/com.st.stm32cube.ide.mcu.externaltools.gnu-tools-for-stm32.10.3-2021.10.linux64_1.0.100.202210260954/tools/arm-none-eabi/include/c++/10.3.1/vector:72,
                 from /home/studio3s/STM32CubeIDE/workspace_1.11.0/STM32H7_Modules/HSS_Test/CM7/Core/Module/api_data_structure/include/api_data_structure/api_data_structure.h:25,
                 from ../Core/Module/api_data_structure/src/api_data_structure.cpp:11:
/opt/st/stm32cubeide_1.11.0/plugins/com.st.stm32cube.ide.mcu.externaltools.gnu-tools-for-stm32.10.3-2021.10.linux64_1.0.100.202210260954/tools/arm-none-eabi/include/c++/10.3.1/bits/vector.tcc: In member function 'void std::vector<_Tp, _Alloc>::_M_realloc_insert(std::vector<_Tp, _Alloc>::iterator, _Args&& ...) [with _Args = {const cmd_queue_data&}; _Tp = cmd_queue_data; _Alloc = std::allocator<cmd_queue_data>]':
/opt/st/stm32cubeide_1.11.0/plugins/com.st.stm32cube.ide.mcu.externaltools.gnu-tools-for-stm32.10.3-2021.10.linux64_1.0.100.202210260954/tools/arm-none-eabi/include/c++/10.3.1/bits/vector.tcc:426:7: note: parameter passing for argument of type 'std::vector<cmd_queue_data>::iterator' changed in GCC 7.1
  426 |       vector<_Tp, _Alloc>::
      |       ^~~~~~~~~~~~~~~~~~~
In file included from /opt/st/stm32cubeide_1.11.0/plugins/com.st.stm32cube.ide.mcu.externaltools.gnu-tools-for-stm32.10.3-2021.10.linux64_1.0.100.202210260954/tools/arm-none-eabi/include/c++/10.3.1/vector:66,
                 from /home/studio3s/STM32CubeIDE/workspace_1.11.0/STM32H7_Modules/HSS_Test/CM7/Core/Module/api_data_structure/include/api_data_structure/api_data_structure.h:25,
                 from ../Core/Module/api_data_structure/src/api_data_structure.cpp:11:
/opt/st/stm32cubeide_1.11.0/plugins/com.st.stm32cube.ide.mcu.externaltools.gnu-tools-for-stm32.10.3-2021.10.linux64_1.0.100.202210260954/tools/arm-none-eabi/include/c++/10.3.1/bits/stl_uninitialized.h: In function '_ForwardIterator std::__uninitialized_move_if_noexcept_a(_InputIterator, _InputIterator, _ForwardIterator, _Allocator&) [with _InputIterator = cmd_queue_data*; _ForwardIterator = cmd_queue_data*; _Allocator = std::allocator<cmd_queue_data>]':
/opt/st/stm32cubeide_1.11.0/plugins/com.st.stm32cube.ide.mcu.externaltools.gnu-tools-for-stm32.10.3-2021.10.linux64_1.0.100.202210260954/tools/arm-none-eabi/include/c++/10.3.1/bits/stl_uninitialized.h:347:2: note: parameter passing for argument of type 'std::move_iterator<cmd_queue_data*>' changed in GCC 7.1
  346 |       return std::__uninitialized_copy_a
      |              ~~~~~~~~~~~~~~~~~~~~~~~~~~~
  347 |  (_GLIBCXX_MAKE_MOVE_IF_NOEXCEPT_ITERATOR(__first),
      |  ^~~~~~~~~~~~~~~~~~~~~~~~~~~~~~~~~~~~~~~~~~~~~~~~~~
  348 |   _GLIBCXX_MAKE_MOVE_IF_NOEXCEPT_ITERATOR(__last), __result, __alloc);
      |   ~~~~~~~~~~~~~~~~~~~~~~~~~~~~~~~~~~~~~~~~~~~~~~~~~~~~~~~~~~~~~~~~~~~
/opt/st/stm32cubeide_1.11.0/plugins/com.st.stm32cube.ide.mcu.externaltools.gnu-tools-for-stm32.10.3-2021.10.linux64_1.0.100.202210260954/tools/arm-none-eabi/include/c++/10.3.1/bits/stl_uninitialized.h: In function '_ForwardIterator std::__uninitialized_copy_a(_InputIterator, _InputIterator, _ForwardIterator, std::allocator<_Tp>&) [with _InputIterator = std::move_iterator<cmd_queue_data*>; _ForwardIterator = cmd_queue_data*; _Tp = cmd_queue_data]':
/opt/st/stm32cubeide_1.11.0/plugins/com.st.stm32cube.ide.mcu.externaltools.gnu-tools-for-stm32.10.3-2021.10.linux64_1.0.100.202210260954/tools/arm-none-eabi/include/c++/10.3.1/bits/stl_uninitialized.h:323:5: note: parameter passing for argument of type 'std::move_iterator<cmd_queue_data*>' changed in GCC 7.1
  323 |     __uninitialized_copy_a(_InputIterator __first, _InputIterator __last,
      |     ^~~~~~~~~~~~~~~~~~~~~~
/opt/st/stm32cubeide_1.11.0/plugins/com.st.stm32cube.ide.mcu.externaltools.gnu-tools-for-stm32.10.3-2021.10.linux64_1.0.100.202210260954/tools/arm-none-eabi/include/c++/10.3.1/bits/stl_uninitialized.h:323:5: note: parameter passing for argument of type 'std::move_iterator<cmd_queue_data*>' changed in GCC 7.1
/opt/st/stm32cubeide_1.11.0/plugins/com.st.stm32cube.ide.mcu.externaltools.gnu-tools-for-stm32.10.3-2021.10.linux64_1.0.100.202210260954/tools/arm-none-eabi/include/c++/10.3.1/bits/stl_uninitialized.h:325:37: note: parameter passing for argument of type 'std::move_iterator<cmd_queue_data*>' changed in GCC 7.1
  325 |     { return std::uninitialized_copy(__first, __last, __result); }
      |              ~~~~~~~~~~~~~~~~~~~~~~~^~~~~~~~~~~~~~~~~~~~~~~~~~~
/opt/st/stm32cubeide_1.11.0/plugins/com.st.stm32cube.ide.mcu.externaltools.gnu-tools-for-stm32.10.3-2021.10.linux64_1.0.100.202210260954/tools/arm-none-eabi/include/c++/10.3.1/bits/stl_uninitialized.h: In function '_ForwardIterator std::uninitialized_copy(_InputIterator, _InputIterator, _ForwardIterator) [with _InputIterator = std::move_iterator<cmd_queue_data*>; _ForwardIterator = cmd_queue_data*]':
/opt/st/stm32cubeide_1.11.0/plugins/com.st.stm32cube.ide.mcu.externaltools.gnu-tools-for-stm32.10.3-2021.10.linux64_1.0.100.202210260954/tools/arm-none-eabi/include/c++/10.3.1/bits/stl_uninitialized.h:125:5: note: parameter passing for argument of type 'std::move_iterator<cmd_queue_data*>' changed in GCC 7.1
  125 |     uninitialized_copy(_InputIterator __first, _InputIterator __last,
      |     ^~~~~~~~~~~~~~~~~~
/opt/st/stm32cubeide_1.11.0/plugins/com.st.stm32cube.ide.mcu.externaltools.gnu-tools-for-stm32.10.3-2021.10.linux64_1.0.100.202210260954/tools/arm-none-eabi/include/c++/10.3.1/bits/stl_uninitialized.h:125:5: note: parameter passing for argument of type 'std::move_iterator<cmd_queue_data*>' changed in GCC 7.1
/opt/st/stm32cubeide_1.11.0/plugins/com.st.stm32cube.ide.mcu.externaltools.gnu-tools-for-stm32.10.3-2021.10.linux64_1.0.100.202210260954/tools/arm-none-eabi/include/c++/10.3.1/bits/stl_uninitialized.h:150:15: note: parameter passing for argument of type 'std::move_iterator<cmd_queue_data*>' changed in GCC 7.1
  147 |       return std::__uninitialized_copy<__is_trivial(_ValueType1)
      |              ~~~~~~~~~~~~~~~~~~~~~~~~~~~~~~~~~~~~~~~~~~~~~~~~~~~
  148 |            && __is_trivial(_ValueType2)
      |            ~~~~~~~~~~~~~~~~~~~~~~~~~~~~
  149 |            && __assignable>::
      |            ~~~~~~~~~~~~~~~~~~
  150 |  __uninit_copy(__first, __last, __result);
      |  ~~~~~~~~~~~~~^~~~~~~~~~~~~~~~~~~~~~~~~~~
/opt/st/stm32cubeide_1.11.0/plugins/com.st.stm32cube.ide.mcu.externaltools.gnu-tools-for-stm32.10.3-2021.10.linux64_1.0.100.202210260954/tools/arm-none-eabi/include/c++/10.3.1/bits/stl_uninitialized.h: In static member function 'static _ForwardIterator std::__uninitialized_copy<_TrivialValueTypes>::__uninit_copy(_InputIterator, _InputIterator, _ForwardIterator) [with _InputIterator = std::move_iterator<cmd_queue_data*>; _ForwardIterator = cmd_queue_data*; bool _TrivialValueTypes = false]':
/opt/st/stm32cubeide_1.11.0/plugins/com.st.stm32cube.ide.mcu.externaltools.gnu-tools-for-stm32.10.3-2021.10.linux64_1.0.100.202210260954/tools/arm-none-eabi/include/c++/10.3.1/bits/stl_uninitialized.h:84:9: note: parameter passing for argument of type 'std::move_iterator<cmd_queue_data*>' changed in GCC 7.1
   84 |         __uninit_copy(_InputIterator __first, _InputIterator __last,
      |         ^~~~~~~~~~~~~
/opt/st/stm32cubeide_1.11.0/plugins/com.st.stm32cube.ide.mcu.externaltools.gnu-tools-for-stm32.10.3-2021.10.linux64_1.0.100.202210260954/tools/arm-none-eabi/include/c++/10.3.1/bits/stl_uninitialized.h:84:9: note: parameter passing for argument of type 'std::move_iterator<cmd_queue_data*>' changed in GCC 7.1
arm-none-eabi-g++ -o "HSS_Test_CM7.elf" @"objects.list"   -mcpu=cortex-m7 -T"/home/studio3s/STM32CubeIDE/workspace_1.11.0/STM32H7_Modules/HSS_Test/CM7/STM32H747XIHX_FLASH.ld" --specs=nosys.specs -Wl,-Map="HSS_Test_CM7.map" -Wl,--gc-sections -static --specs=nano.specs -mfpu=fpv5-d16 -mfloat-abi=hard -mthumb -u _printf_float -Wl,--start-group -lc -lm -lstdc++ -lsupc++ -Wl,--end-group
Finished building target: HSS_Test_CM7.elf
 
arm-none-eabi-size   HSS_Test_CM7.elf 
arm-none-eabi-objdump -h -S  HSS_Test_CM7.elf  > "HSS_Test_CM7.list"
   text	   data	    bss	    dec	    hex	filename
 347704	   1008	 332751	 681463	  a65f7	HSS_Test_CM7.elf
Finished building: default.size.stdout
 
Finished building: HSS_Test_CM7.list
 
15:21:56 **** Incremental Build of configuration Debug for project HSS_Test_CM4 ****
make -j4 all 
arm-none-eabi-size   HSS_Test_CM4.elf 
   text	   data	    bss	    dec	    hex	filename
  19404	    292	   2072	  21768	   5508	HSS_Test_CM4.elf
Finished building: default.size.stdout
 
15:22:00 **** Incremental Build of configuration Debug for project HSS_Test_CM7 ****
make -j4 all 
arm-none-eabi-g++ "../Core/Module/ethernet/tcp_rtos/server/tcp_rtos_server.cpp" -mcpu=cortex-m7 -std=gnu++14 -g3 -DDEBUG -DDATA_IN_D2_SRAM -DCORE_CM7 -DUSE_HAL_DRIVER -DSTM32H747xx -DMETAL_INTERNAL -DMETAL_MAX_DEVICE_REGIONS=2 -DRPMSG_BUFFER_SIZE=1024 -DVIRTIO_MASTER_ONLY -DNO_ATOMIC_64_SUPPORT -c -I../Core/Inc -I"/home/studio3s/STM32CubeIDE/workspace_1.11.0/STM32H7_Modules/HSS_Test/CM7/Core/Module" -I../LWIP/App -I../LWIP/Target -I../../Middlewares/Third_Party/LwIP/src/include -I../../Middlewares/Third_Party/LwIP/system -I../../Drivers/STM32H7xx_HAL_Driver/Inc -I../../Drivers/STM32H7xx_HAL_Driver/Inc/Legacy -I../../Middlewares/Third_Party/FreeRTOS/Source/include -I../../Middlewares/Third_Party/FreeRTOS/Source/CMSIS_RTOS -I../../Middlewares/Third_Party/FreeRTOS/Source/portable/GCC/ARM_CM4F -I../../Drivers/BSP/Components/lan8742 -I../../Middlewares/Third_Party/LwIP/src/include/netif/ppp -I../../Drivers/CMSIS/Device/ST/STM32H7xx/Include -I../../Middlewares/Third_Party/LwIP/src/include/lwip -I../../Middlewares/Third_Party/LwIP/src/include/lwip/apps -I../../Middlewares/Third_Party/LwIP/src/include/lwip/priv -I../../Middlewares/Third_Party/LwIP/src/include/lwip/prot -I../../Middlewares/Third_Party/LwIP/src/include/netif -I../../Middlewares/Third_Party/LwIP/src/include/compat/posix -I../../Middlewares/Third_Party/LwIP/src/include/compat/posix/arpa -I../../Middlewares/Third_Party/LwIP/src/include/compat/posix/net -I../../Middlewares/Third_Party/LwIP/src/include/compat/posix/sys -I../../Middlewares/Third_Party/LwIP/src/include/compat/stdc -I../../Middlewares/Third_Party/LwIP/system/arch -I../../Drivers/CMSIS/Include -I../FATFS/Target -I../FATFS/App -I../OPENAMP -I../../Middlewares/Third_Party/OpenAMP/open-amp/lib/include -I../../Middlewares/Third_Party/OpenAMP/libmetal/lib/include -I../../Middlewares/Third_Party/OpenAMP/libmetal/lib/include/metal/compiler/gcc -I../../Middlewares/Third_Party/OpenAMP/open-amp/lib/rpmsg -I../../Middlewares/Third_Party/FatFs/src -O0 -ffunction-sections -fdata-sections -fno-exceptions -fno-rtti -fno-use-cxa-atexit -Wall -fstack-usage -MMD -MP -MF"Core/Module/ethernet/tcp_rtos/server/tcp_rtos_server.d" -MT"Core/Module/ethernet/tcp_rtos/server/tcp_rtos_server.o" --specs=nano.specs -mfpu=fpv5-d16 -mfloat-abi=hard -mthumb -o "Core/Module/ethernet/tcp_rtos/server/tcp_rtos_server.o"
In file included from /home/studio3s/STM32CubeIDE/workspace_1.11.0/STM32H7_Modules/HSS_Test/CM7/Core/Module/api_data_structure/include/api_data_structure/api_data_structure.h:14,
                 from ../Core/Module/ethernet/tcp_rtos/server/tcp_rtos_server.cpp:7:
/home/studio3s/STM32CubeIDE/workspace_1.11.0/STM32H7_Modules/HSS_Test/CM7/Core/Module/fatfs_h7/include/fatfs_h7/fatfs_h7.h:23:13: warning: 'void BSPInit()' declared 'static' but never defined [-Wunused-function]
   23 | static void BSPInit();
      |             ^~~~~~~
../Core/Module/ethernet/tcp_rtos/server/tcp_rtos_server.cpp: In function 'void TCPServerSendTask(const void*)':
../Core/Module/ethernet/tcp_rtos/server/tcp_rtos_server.cpp:246:61: note: parameter passing for argument of type 'std::vector<cmd_queue_data>::const_iterator' changed in GCC 7.1
  246 |    Dst_->tcp_send_queue_.erase(Dst_->tcp_send_queue_.begin());
      |                                                             ^
In file included from /opt/st/stm32cubeide_1.11.0/plugins/com.st.stm32cube.ide.mcu.externaltools.gnu-tools-for-stm32.10.3-2021.10.linux64_1.0.100.202210260954/tools/arm-none-eabi/include/c++/10.3.1/vector:67,
                 from /home/studio3s/STM32CubeIDE/workspace_1.11.0/STM32H7_Modules/HSS_Test/CM7/Core/Module/api_data_structure/include/api_data_structure/api_data_structure.h:25,
                 from ../Core/Module/ethernet/tcp_rtos/server/tcp_rtos_server.cpp:7:
/opt/st/stm32cubeide_1.11.0/plugins/com.st.stm32cube.ide.mcu.externaltools.gnu-tools-for-stm32.10.3-2021.10.linux64_1.0.100.202210260954/tools/arm-none-eabi/include/c++/10.3.1/bits/stl_vector.h: In member function 'std::vector<_Tp, _Alloc>::iterator std::vector<_Tp, _Alloc>::erase(std::vector<_Tp, _Alloc>::const_iterator) [with _Tp = cmd_queue_data; _Alloc = std::allocator<cmd_queue_data>]':
/opt/st/stm32cubeide_1.11.0/plugins/com.st.stm32cube.ide.mcu.externaltools.gnu-tools-for-stm32.10.3-2021.10.linux64_1.0.100.202210260954/tools/arm-none-eabi/include/c++/10.3.1/bits/stl_vector.h:1430:7: note: parameter passing for argument of type 'std::vector<cmd_queue_data>::const_iterator' changed in GCC 7.1
 1430 |       erase(const_iterator __position)
      |       ^~~~~
/opt/st/stm32cubeide_1.11.0/plugins/com.st.stm32cube.ide.mcu.externaltools.gnu-tools-for-stm32.10.3-2021.10.linux64_1.0.100.202210260954/tools/arm-none-eabi/include/c++/10.3.1/bits/stl_vector.h:1431:24: note: parameter passing for argument of type '__gnu_cxx::__normal_iterator<cmd_queue_data*, std::vector<cmd_queue_data> >' changed in GCC 7.1
 1431 |       { return _M_erase(begin() + (__position - cbegin())); }
      |                ~~~~~~~~^~~~~~~~~~~~~~~~~~~~~~~~~~~~~~~~~~~
In file included from /opt/st/stm32cubeide_1.11.0/plugins/com.st.stm32cube.ide.mcu.externaltools.gnu-tools-for-stm32.10.3-2021.10.linux64_1.0.100.202210260954/tools/arm-none-eabi/include/c++/10.3.1/vector:72,
                 from /home/studio3s/STM32CubeIDE/workspace_1.11.0/STM32H7_Modules/HSS_Test/CM7/Core/Module/api_data_structure/include/api_data_structure/api_data_structure.h:25,
                 from ../Core/Module/ethernet/tcp_rtos/server/tcp_rtos_server.cpp:7:
/opt/st/stm32cubeide_1.11.0/plugins/com.st.stm32cube.ide.mcu.externaltools.gnu-tools-for-stm32.10.3-2021.10.linux64_1.0.100.202210260954/tools/arm-none-eabi/include/c++/10.3.1/bits/vector.tcc: In member function 'std::vector<_Tp, _Alloc>::iterator std::vector<_Tp, _Alloc>::_M_erase(std::vector<_Tp, _Alloc>::iterator) [with _Tp = cmd_queue_data; _Alloc = std::allocator<cmd_queue_data>]':
/opt/st/stm32cubeide_1.11.0/plugins/com.st.stm32cube.ide.mcu.externaltools.gnu-tools-for-stm32.10.3-2021.10.linux64_1.0.100.202210260954/tools/arm-none-eabi/include/c++/10.3.1/bits/vector.tcc:171:5: note: parameter passing for argument of type 'std::vector<cmd_queue_data>::iterator' changed in GCC 7.1
  171 |     vector<_Tp, _Alloc>::
      |     ^~~~~~~~~~~~~~~~~~~
In file included from /opt/st/stm32cubeide_1.11.0/plugins/com.st.stm32cube.ide.mcu.externaltools.gnu-tools-for-stm32.10.3-2021.10.linux64_1.0.100.202210260954/tools/arm-none-eabi/include/c++/10.3.1/vector:60,
                 from /home/studio3s/STM32CubeIDE/workspace_1.11.0/STM32H7_Modules/HSS_Test/CM7/Core/Module/api_data_structure/include/api_data_structure/api_data_structure.h:25,
                 from ../Core/Module/ethernet/tcp_rtos/server/tcp_rtos_server.cpp:7:
/opt/st/stm32cubeide_1.11.0/plugins/com.st.stm32cube.ide.mcu.externaltools.gnu-tools-for-stm32.10.3-2021.10.linux64_1.0.100.202210260954/tools/arm-none-eabi/include/c++/10.3.1/bits/vector.tcc:175:2: note: parameter passing for argument of type '__gnu_cxx::__normal_iterator<cmd_queue_data*, std::vector<cmd_queue_data> >' changed in GCC 7.1
  175 |  _GLIBCXX_MOVE3(__position + 1, end(), __position);
      |  ^~~~~~~~~~~~~~
/opt/st/stm32cubeide_1.11.0/plugins/com.st.stm32cube.ide.mcu.externaltools.gnu-tools-for-stm32.10.3-2021.10.linux64_1.0.100.202210260954/tools/arm-none-eabi/include/c++/10.3.1/bits/stl_algobase.h: In function '_OI std::move(_II, _II, _OI) [with _II = __gnu_cxx::__normal_iterator<cmd_queue_data*, std::vector<cmd_queue_data> >; _OI = __gnu_cxx::__normal_iterator<cmd_queue_data*, std::vector<cmd_queue_data> >]':
/opt/st/stm32cubeide_1.11.0/plugins/com.st.stm32cube.ide.mcu.externaltools.gnu-tools-for-stm32.10.3-2021.10.linux64_1.0.100.202210260954/tools/arm-none-eabi/include/c++/10.3.1/bits/stl_algobase.h:593:5: note: parameter passing for argument of type '__gnu_cxx::__normal_iterator<cmd_queue_data*, std::vector<cmd_queue_data> >' changed in GCC 7.1
  593 |     move(_II __first, _II __last, _OI __result)
      |     ^~~~
/opt/st/stm32cubeide_1.11.0/plugins/com.st.stm32cube.ide.mcu.externaltools.gnu-tools-for-stm32.10.3-2021.10.linux64_1.0.100.202210260954/tools/arm-none-eabi/include/c++/10.3.1/bits/stl_algobase.h:593:5: note: parameter passing for argument of type '__gnu_cxx::__normal_iterator<cmd_queue_data*, std::vector<cmd_queue_data> >' changed in GCC 7.1
/opt/st/stm32cubeide_1.11.0/plugins/com.st.stm32cube.ide.mcu.externaltools.gnu-tools-for-stm32.10.3-2021.10.linux64_1.0.100.202210260954/tools/arm-none-eabi/include/c++/10.3.1/bits/stl_algobase.h:593:5: note: parameter passing for argument of type '__gnu_cxx::__normal_iterator<cmd_queue_data*, std::vector<cmd_queue_data> >' changed in GCC 7.1
/opt/st/stm32cubeide_1.11.0/plugins/com.st.stm32cube.ide.mcu.externaltools.gnu-tools-for-stm32.10.3-2021.10.linux64_1.0.100.202210260954/tools/arm-none-eabi/include/c++/10.3.1/bits/stl_algobase.h:601:38: note: parameter passing for argument of type '__gnu_cxx::__normal_iterator<cmd_queue_data*, std::vector<cmd_queue_data> >' changed in GCC 7.1
  601 |       return std::__copy_move_a<true>(std::__miter_base(__first),
      |              ~~~~~~~~~~~~~~~~~~~~~~~~^~~~~~~~~~~~~~~~~~~~~~~~~~~~
  602 |           std::__miter_base(__last), __result);
      |           ~~~~~~~~~~~~~~~~~~~~~~~~~~~~~~~~~~~~
In file included from /opt/st/stm32cubeide_1.11.0/plugins/com.st.stm32cube.ide.mcu.externaltools.gnu-tools-for-stm32.10.3-2021.10.linux64_1.0.100.202210260954/tools/arm-none-eabi/include/c++/10.3.1/cmath:42,
                 from /opt/st/stm32cubeide_1.11.0/plugins/com.st.stm32cube.ide.mcu.externaltools.gnu-tools-for-stm32.10.3-2021.10.linux64_1.0.100.202210260954/tools/arm-none-eabi/include/c++/10.3.1/math.h:36,
                 from ../../Drivers/STM32H7xx_HAL_Driver/Inc/stm32h7xx_hal_def.h:32,
                 from ../../Drivers/STM32H7xx_HAL_Driver/Inc/stm32h7xx_hal_rcc.h:27,
                 from ../Core/Inc/stm32h7xx_hal_conf.h:246,
                 from ../../Drivers/STM32H7xx_HAL_Driver/Inc/stm32h7xx_hal.h:29,
                 from ../FATFS/Target/bsp_driver_sd.h:30,
                 from /home/studio3s/STM32CubeIDE/workspace_1.11.0/STM32H7_Modules/HSS_Test/CM7/Core/Module/fatfs_h7/include/fatfs_h7/fatfs_h7.h:16,
                 from /home/studio3s/STM32CubeIDE/workspace_1.11.0/STM32H7_Modules/HSS_Test/CM7/Core/Module/api_data_structure/include/api_data_structure/api_data_structure.h:14,
                 from ../Core/Module/ethernet/tcp_rtos/server/tcp_rtos_server.cpp:7:
/opt/st/stm32cubeide_1.11.0/plugins/com.st.stm32cube.ide.mcu.externaltools.gnu-tools-for-stm32.10.3-2021.10.linux64_1.0.100.202210260954/tools/arm-none-eabi/include/c++/10.3.1/bits/cpp_type_traits.h: In function '_Iterator std::__miter_base(_Iterator) [with _Iterator = __gnu_cxx::__normal_iterator<cmd_queue_data*, std::vector<cmd_queue_data> >]':
/opt/st/stm32cubeide_1.11.0/plugins/com.st.stm32cube.ide.mcu.externaltools.gnu-tools-for-stm32.10.3-2021.10.linux64_1.0.100.202210260954/tools/arm-none-eabi/include/c++/10.3.1/bits/cpp_type_traits.h:544:5: note: parameter passing for argument of type '__gnu_cxx::__normal_iterator<cmd_queue_data*, std::vector<cmd_queue_data> >' changed in GCC 7.1
  544 |     __miter_base(_Iterator __it)
      |     ^~~~~~~~~~~~
In file included from /opt/st/stm32cubeide_1.11.0/plugins/com.st.stm32cube.ide.mcu.externaltools.gnu-tools-for-stm32.10.3-2021.10.linux64_1.0.100.202210260954/tools/arm-none-eabi/include/c++/10.3.1/vector:60,
                 from /home/studio3s/STM32CubeIDE/workspace_1.11.0/STM32H7_Modules/HSS_Test/CM7/Core/Module/api_data_structure/include/api_data_structure/api_data_structure.h:25,
                 from ../Core/Module/ethernet/tcp_rtos/server/tcp_rtos_server.cpp:7:
/opt/st/stm32cubeide_1.11.0/plugins/com.st.stm32cube.ide.mcu.externaltools.gnu-tools-for-stm32.10.3-2021.10.linux64_1.0.100.202210260954/tools/arm-none-eabi/include/c++/10.3.1/bits/stl_algobase.h: In function '_OI std::__copy_move_a(_II, _II, _OI) [with bool _IsMove = true; _II = __gnu_cxx::__normal_iterator<cmd_queue_data*, std::vector<cmd_queue_data> >; _OI = __gnu_cxx::__normal_iterator<cmd_queue_data*, std::vector<cmd_queue_data> >]':
/opt/st/stm32cubeide_1.11.0/plugins/com.st.stm32cube.ide.mcu.externaltools.gnu-tools-for-stm32.10.3-2021.10.linux64_1.0.100.202210260954/tools/arm-none-eabi/include/c++/10.3.1/bits/stl_algobase.h:511:5: note: parameter passing for argument of type '__gnu_cxx::__normal_iterator<cmd_queue_data*, std::vector<cmd_queue_data> >' changed in GCC 7.1
  511 |     __copy_move_a(_II __first, _II __last, _OI __result)
      |     ^~~~~~~~~~~~~
/opt/st/stm32cubeide_1.11.0/plugins/com.st.stm32cube.ide.mcu.externaltools.gnu-tools-for-stm32.10.3-2021.10.linux64_1.0.100.202210260954/tools/arm-none-eabi/include/c++/10.3.1/bits/stl_algobase.h:511:5: note: parameter passing for argument of type '__gnu_cxx::__normal_iterator<cmd_queue_data*, std::vector<cmd_queue_data> >' changed in GCC 7.1
/opt/st/stm32cubeide_1.11.0/plugins/com.st.stm32cube.ide.mcu.externaltools.gnu-tools-for-stm32.10.3-2021.10.linux64_1.0.100.202210260954/tools/arm-none-eabi/include/c++/10.3.1/bits/stl_algobase.h:511:5: note: parameter passing for argument of type '__gnu_cxx::__normal_iterator<cmd_queue_data*, std::vector<cmd_queue_data> >' changed in GCC 7.1
In file included from /opt/st/stm32cubeide_1.11.0/plugins/com.st.stm32cube.ide.mcu.externaltools.gnu-tools-for-stm32.10.3-2021.10.linux64_1.0.100.202210260954/tools/arm-none-eabi/include/c++/10.3.1/bits/stl_algobase.h:67,
                 from /opt/st/stm32cubeide_1.11.0/plugins/com.st.stm32cube.ide.mcu.externaltools.gnu-tools-for-stm32.10.3-2021.10.linux64_1.0.100.202210260954/tools/arm-none-eabi/include/c++/10.3.1/vector:60,
                 from /home/studio3s/STM32CubeIDE/workspace_1.11.0/STM32H7_Modules/HSS_Test/CM7/Core/Module/api_data_structure/include/api_data_structure/api_data_structure.h:25,
                 from ../Core/Module/ethernet/tcp_rtos/server/tcp_rtos_server.cpp:7:
/opt/st/stm32cubeide_1.11.0/plugins/com.st.stm32cube.ide.mcu.externaltools.gnu-tools-for-stm32.10.3-2021.10.linux64_1.0.100.202210260954/tools/arm-none-eabi/include/c++/10.3.1/bits/stl_iterator.h: In function '_Iterator std::__niter_base(__gnu_cxx::__normal_iterator<_Iterator, _Container>) [with _Iterator = cmd_queue_data*; _Container = std::vector<cmd_queue_data>]':
/opt/st/stm32cubeide_1.11.0/plugins/com.st.stm32cube.ide.mcu.externaltools.gnu-tools-for-stm32.10.3-2021.10.linux64_1.0.100.202210260954/tools/arm-none-eabi/include/c++/10.3.1/bits/stl_iterator.h:1225:5: note: parameter passing for argument of type '__gnu_cxx::__normal_iterator<cmd_queue_data*, std::vector<cmd_queue_data> >' changed in GCC 7.1
 1225 |     __niter_base(__gnu_cxx::__normal_iterator<_Iterator, _Container> __it)
      |     ^~~~~~~~~~~~
In file included from /opt/st/stm32cubeide_1.11.0/plugins/com.st.stm32cube.ide.mcu.externaltools.gnu-tools-for-stm32.10.3-2021.10.linux64_1.0.100.202210260954/tools/arm-none-eabi/include/c++/10.3.1/vector:60,
                 from /home/studio3s/STM32CubeIDE/workspace_1.11.0/STM32H7_Modules/HSS_Test/CM7/Core/Module/api_data_structure/include/api_data_structure/api_data_structure.h:25,
                 from ../Core/Module/ethernet/tcp_rtos/server/tcp_rtos_server.cpp:7:
/opt/st/stm32cubeide_1.11.0/plugins/com.st.stm32cube.ide.mcu.externaltools.gnu-tools-for-stm32.10.3-2021.10.linux64_1.0.100.202210260954/tools/arm-none-eabi/include/c++/10.3.1/bits/stl_algobase.h: In function '_From std::__niter_wrap(_From, _To) [with _From = __gnu_cxx::__normal_iterator<cmd_queue_data*, std::vector<cmd_queue_data> >; _To = cmd_queue_data*]':
[...]
../Core/Module/ethernet/tcp_rtos/server/tcp_rtos_server.cpp: In function 'void TCPServerRecvTask(const void*)':
../Core/Module/ethernet/tcp_rtos/server/tcp_rtos_server.cpp:191:13: error: 'json_data_' was not declared in this scope
  191 |      memset(json_data_, '\0', LWIP_MAX_LENGTH);
      |             ^~~~~~~~~~
In file included from /home/studio3s/STM32CubeIDE/workspace_1.11.0/STM32H7_Modules/HSS_Test/CM7/Core/Module/api_data_structure/include/api_data_structure/api_data_structure.h:14,
                 from ../Core/Module/ethernet/tcp_rtos/server/tcp_rtos_server.cpp:7:
/home/studio3s/STM32CubeIDE/workspace_1.11.0/STM32H7_Modules/HSS_Test/CM7/Core/Module/fatfs_h7/include/fatfs_h7/fatfs_h7.h: At global scope:
/home/studio3s/STM32CubeIDE/workspace_1.11.0/STM32H7_Modules/HSS_Test/CM7/Core/Module/fatfs_h7/include/fatfs_h7/fatfs_h7.h:23:13: warning: 'void BSPInit()' declared 'static' but never defined [-Wunused-function]
   23 | static void BSPInit();
      |             ^~~~~~~
make: *** [Core/Module/ethernet/tcp_rtos/server/subdir.mk:19: Core/Module/ethernet/tcp_rtos/server/tcp_rtos_server.o] Error 1
"make -j4 all" terminated with exit code 2. Build might be incomplete.
17:14:39 **** Incremental Build of configuration Debug for project HSS_Test_CM4 ****
make -j4 all 
arm-none-eabi-size   HSS_Test_CM4.elf 
   text	   data	    bss	    dec	    hex	filename
  19404	    292	   2072	  21768	   5508	HSS_Test_CM4.elf
Finished building: default.size.stdout
 
17:14:43 **** Incremental Build of configuration Debug for project HSS_Test_CM7 ****
make -j4 all 
arm-none-eabi-g++ "../Core/Module/ethernet/tcp_rtos/server/tcp_rtos_server.cpp" -mcpu=cortex-m7 -std=gnu++14 -g3 -DDEBUG -DDATA_IN_D2_SRAM -DCORE_CM7 -DUSE_HAL_DRIVER -DSTM32H747xx -DMETAL_INTERNAL -DMETAL_MAX_DEVICE_REGIONS=2 -DRPMSG_BUFFER_SIZE=1024 -DVIRTIO_MASTER_ONLY -DNO_ATOMIC_64_SUPPORT -c -I../Core/Inc -I"/home/studio3s/STM32CubeIDE/workspace_1.11.0/STM32H7_Modules/HSS_Test/CM7/Core/Module" -I../LWIP/App -I../LWIP/Target -I../../Middlewares/Third_Party/LwIP/src/include -I../../Middlewares/Third_Party/LwIP/system -I../../Drivers/STM32H7xx_HAL_Driver/Inc -I../../Drivers/STM32H7xx_HAL_Driver/Inc/Legacy -I../../Middlewares/Third_Party/FreeRTOS/Source/include -I../../Middlewares/Third_Party/FreeRTOS/Source/CMSIS_RTOS -I../../Middlewares/Third_Party/FreeRTOS/Source/portable/GCC/ARM_CM4F -I../../Drivers/BSP/Components/lan8742 -I../../Middlewares/Third_Party/LwIP/src/include/netif/ppp -I../../Drivers/CMSIS/Device/ST/STM32H7xx/Include -I../../Middlewares/Third_Party/LwIP/src/include/lwip -I../../Middlewares/Third_Party/LwIP/src/include/lwip/apps -I../../Middlewares/Third_Party/LwIP/src/include/lwip/priv -I../../Middlewares/Third_Party/LwIP/src/include/lwip/prot -I../../Middlewares/Third_Party/LwIP/src/include/netif -I../../Middlewares/Third_Party/LwIP/src/include/compat/posix -I../../Middlewares/Third_Party/LwIP/src/include/compat/posix/arpa -I../../Middlewares/Third_Party/LwIP/src/include/compat/posix/net -I../../Middlewares/Third_Party/LwIP/src/include/compat/posix/sys -I../../Middlewares/Third_Party/LwIP/src/include/compat/stdc -I../../Middlewares/Third_Party/LwIP/system/arch -I../../Drivers/CMSIS/Include -I../FATFS/Target -I../FATFS/App -I../OPENAMP -I../../Middlewares/Third_Party/OpenAMP/open-amp/lib/include -I../../Middlewares/Third_Party/OpenAMP/libmetal/lib/include -I../../Middlewares/Third_Party/OpenAMP/libmetal/lib/include/metal/compiler/gcc -I../../Middlewares/Third_Party/OpenAMP/open-amp/lib/rpmsg -I../../Middlewares/Third_Party/FatFs/src -O0 -ffunction-sections -fdata-sections -fno-exceptions -fno-rtti -fno-use-cxa-atexit -Wall -fstack-usage -MMD -MP -MF"Core/Module/ethernet/tcp_rtos/server/tcp_rtos_server.d" -MT"Core/Module/ethernet/tcp_rtos/server/tcp_rtos_server.o" --specs=nano.specs -mfpu=fpv5-d16 -mfloat-abi=hard -mthumb -o "Core/Module/ethernet/tcp_rtos/server/tcp_rtos_server.o"
In file included from /home/studio3s/STM32CubeIDE/workspace_1.11.0/STM32H7_Modules/HSS_Test/CM7/Core/Module/api_data_structure/include/api_data_structure/api_data_structure.h:14,
                 from ../Core/Module/ethernet/tcp_rtos/server/tcp_rtos_server.cpp:7:
/home/studio3s/STM32CubeIDE/workspace_1.11.0/STM32H7_Modules/HSS_Test/CM7/Core/Module/fatfs_h7/include/fatfs_h7/fatfs_h7.h:23:13: warning: 'void BSPInit()' declared 'static' but never defined [-Wunused-function]
   23 | static void BSPInit();
      |             ^~~~~~~
../Core/Module/ethernet/tcp_rtos/server/tcp_rtos_server.cpp: In function 'void TCPServerSendTask(const void*)':
../Core/Module/ethernet/tcp_rtos/server/tcp_rtos_server.cpp:255:61: note: parameter passing for argument of type 'std::vector<cmd_queue_data>::const_iterator' changed in GCC 7.1
  255 |    Dst_->tcp_send_queue_.erase(Dst_->tcp_send_queue_.begin());
      |                                                             ^
In file included from /opt/st/stm32cubeide_1.11.0/plugins/com.st.stm32cube.ide.mcu.externaltools.gnu-tools-for-stm32.10.3-2021.10.linux64_1.0.100.202210260954/tools/arm-none-eabi/include/c++/10.3.1/vector:67,
                 from /home/studio3s/STM32CubeIDE/workspace_1.11.0/STM32H7_Modules/HSS_Test/CM7/Core/Module/api_data_structure/include/api_data_structure/api_data_structure.h:25,
                 from ../Core/Module/ethernet/tcp_rtos/server/tcp_rtos_server.cpp:7:
/opt/st/stm32cubeide_1.11.0/plugins/com.st.stm32cube.ide.mcu.externaltools.gnu-tools-for-stm32.10.3-2021.10.linux64_1.0.100.202210260954/tools/arm-none-eabi/include/c++/10.3.1/bits/stl_vector.h: In member function 'std::vector<_Tp, _Alloc>::iterator std::vector<_Tp, _Alloc>::erase(std::vector<_Tp, _Alloc>::const_iterator) [with _Tp = cmd_queue_data; _Alloc = std::allocator<cmd_queue_data>]':
/opt/st/stm32cubeide_1.11.0/plugins/com.st.stm32cube.ide.mcu.externaltools.gnu-tools-for-stm32.10.3-2021.10.linux64_1.0.100.202210260954/tools/arm-none-eabi/include/c++/10.3.1/bits/stl_vector.h:1430:7: note: parameter passing for argument of type 'std::vector<cmd_queue_data>::const_iterator' changed in GCC 7.1
 1430 |       erase(const_iterator __position)
      |       ^~~~~
/opt/st/stm32cubeide_1.11.0/plugins/com.st.stm32cube.ide.mcu.externaltools.gnu-tools-for-stm32.10.3-2021.10.linux64_1.0.100.202210260954/tools/arm-none-eabi/include/c++/10.3.1/bits/stl_vector.h:1431:24: note: parameter passing for argument of type '__gnu_cxx::__normal_iterator<cmd_queue_data*, std::vector<cmd_queue_data> >' changed in GCC 7.1
 1431 |       { return _M_erase(begin() + (__position - cbegin())); }
      |                ~~~~~~~~^~~~~~~~~~~~~~~~~~~~~~~~~~~~~~~~~~~
In file included from /opt/st/stm32cubeide_1.11.0/plugins/com.st.stm32cube.ide.mcu.externaltools.gnu-tools-for-stm32.10.3-2021.10.linux64_1.0.100.202210260954/tools/arm-none-eabi/include/c++/10.3.1/vector:72,
                 from /home/studio3s/STM32CubeIDE/workspace_1.11.0/STM32H7_Modules/HSS_Test/CM7/Core/Module/api_data_structure/include/api_data_structure/api_data_structure.h:25,
                 from ../Core/Module/ethernet/tcp_rtos/server/tcp_rtos_server.cpp:7:
/opt/st/stm32cubeide_1.11.0/plugins/com.st.stm32cube.ide.mcu.externaltools.gnu-tools-for-stm32.10.3-2021.10.linux64_1.0.100.202210260954/tools/arm-none-eabi/include/c++/10.3.1/bits/vector.tcc: In member function 'std::vector<_Tp, _Alloc>::iterator std::vector<_Tp, _Alloc>::_M_erase(std::vector<_Tp, _Alloc>::iterator) [with _Tp = cmd_queue_data; _Alloc = std::allocator<cmd_queue_data>]':
/opt/st/stm32cubeide_1.11.0/plugins/com.st.stm32cube.ide.mcu.externaltools.gnu-tools-for-stm32.10.3-2021.10.linux64_1.0.100.202210260954/tools/arm-none-eabi/include/c++/10.3.1/bits/vector.tcc:171:5: note: parameter passing for argument of type 'std::vector<cmd_queue_data>::iterator' changed in GCC 7.1
  171 |     vector<_Tp, _Alloc>::
      |     ^~~~~~~~~~~~~~~~~~~
In file included from /opt/st/stm32cubeide_1.11.0/plugins/com.st.stm32cube.ide.mcu.externaltools.gnu-tools-for-stm32.10.3-2021.10.linux64_1.0.100.202210260954/tools/arm-none-eabi/include/c++/10.3.1/vector:60,
                 from /home/studio3s/STM32CubeIDE/workspace_1.11.0/STM32H7_Modules/HSS_Test/CM7/Core/Module/api_data_structure/include/api_data_structure/api_data_structure.h:25,
                 from ../Core/Module/ethernet/tcp_rtos/server/tcp_rtos_server.cpp:7:
/opt/st/stm32cubeide_1.11.0/plugins/com.st.stm32cube.ide.mcu.externaltools.gnu-tools-for-stm32.10.3-2021.10.linux64_1.0.100.202210260954/tools/arm-none-eabi/include/c++/10.3.1/bits/vector.tcc:175:2: note: parameter passing for argument of type '__gnu_cxx::__normal_iterator<cmd_queue_data*, std::vector<cmd_queue_data> >' changed in GCC 7.1
  175 |  _GLIBCXX_MOVE3(__position + 1, end(), __position);
      |  ^~~~~~~~~~~~~~
/opt/st/stm32cubeide_1.11.0/plugins/com.st.stm32cube.ide.mcu.externaltools.gnu-tools-for-stm32.10.3-2021.10.linux64_1.0.100.202210260954/tools/arm-none-eabi/include/c++/10.3.1/bits/stl_algobase.h: In function '_OI std::move(_II, _II, _OI) [with _II = __gnu_cxx::__normal_iterator<cmd_queue_data*, std::vector<cmd_queue_data> >; _OI = __gnu_cxx::__normal_iterator<cmd_queue_data*, std::vector<cmd_queue_data> >]':
/opt/st/stm32cubeide_1.11.0/plugins/com.st.stm32cube.ide.mcu.externaltools.gnu-tools-for-stm32.10.3-2021.10.linux64_1.0.100.202210260954/tools/arm-none-eabi/include/c++/10.3.1/bits/stl_algobase.h:593:5: note: parameter passing for argument of type '__gnu_cxx::__normal_iterator<cmd_queue_data*, std::vector<cmd_queue_data> >' changed in GCC 7.1
  593 |     move(_II __first, _II __last, _OI __result)
      |     ^~~~
/opt/st/stm32cubeide_1.11.0/plugins/com.st.stm32cube.ide.mcu.externaltools.gnu-tools-for-stm32.10.3-2021.10.linux64_1.0.100.202210260954/tools/arm-none-eabi/include/c++/10.3.1/bits/stl_algobase.h:593:5: note: parameter passing for argument of type '__gnu_cxx::__normal_iterator<cmd_queue_data*, std::vector<cmd_queue_data> >' changed in GCC 7.1
/opt/st/stm32cubeide_1.11.0/plugins/com.st.stm32cube.ide.mcu.externaltools.gnu-tools-for-stm32.10.3-2021.10.linux64_1.0.100.202210260954/tools/arm-none-eabi/include/c++/10.3.1/bits/stl_algobase.h:593:5: note: parameter passing for argument of type '__gnu_cxx::__normal_iterator<cmd_queue_data*, std::vector<cmd_queue_data> >' changed in GCC 7.1
/opt/st/stm32cubeide_1.11.0/plugins/com.st.stm32cube.ide.mcu.externaltools.gnu-tools-for-stm32.10.3-2021.10.linux64_1.0.100.202210260954/tools/arm-none-eabi/include/c++/10.3.1/bits/stl_algobase.h:601:38: note: parameter passing for argument of type '__gnu_cxx::__normal_iterator<cmd_queue_data*, std::vector<cmd_queue_data> >' changed in GCC 7.1
  601 |       return std::__copy_move_a<true>(std::__miter_base(__first),
      |              ~~~~~~~~~~~~~~~~~~~~~~~~^~~~~~~~~~~~~~~~~~~~~~~~~~~~
  602 |           std::__miter_base(__last), __result);
      |           ~~~~~~~~~~~~~~~~~~~~~~~~~~~~~~~~~~~~
In file included from /opt/st/stm32cubeide_1.11.0/plugins/com.st.stm32cube.ide.mcu.externaltools.gnu-tools-for-stm32.10.3-2021.10.linux64_1.0.100.202210260954/tools/arm-none-eabi/include/c++/10.3.1/cmath:42,
                 from /opt/st/stm32cubeide_1.11.0/plugins/com.st.stm32cube.ide.mcu.externaltools.gnu-tools-for-stm32.10.3-2021.10.linux64_1.0.100.202210260954/tools/arm-none-eabi/include/c++/10.3.1/math.h:36,
                 from ../../Drivers/STM32H7xx_HAL_Driver/Inc/stm32h7xx_hal_def.h:32,
                 from ../../Drivers/STM32H7xx_HAL_Driver/Inc/stm32h7xx_hal_rcc.h:27,
                 from ../Core/Inc/stm32h7xx_hal_conf.h:246,
                 from ../../Drivers/STM32H7xx_HAL_Driver/Inc/stm32h7xx_hal.h:29,
                 from ../FATFS/Target/bsp_driver_sd.h:30,
                 from /home/studio3s/STM32CubeIDE/workspace_1.11.0/STM32H7_Modules/HSS_Test/CM7/Core/Module/fatfs_h7/include/fatfs_h7/fatfs_h7.h:16,
                 from /home/studio3s/STM32CubeIDE/workspace_1.11.0/STM32H7_Modules/HSS_Test/CM7/Core/Module/api_data_structure/include/api_data_structure/api_data_structure.h:14,
                 from ../Core/Module/ethernet/tcp_rtos/server/tcp_rtos_server.cpp:7:
/opt/st/stm32cubeide_1.11.0/plugins/com.st.stm32cube.ide.mcu.externaltools.gnu-tools-for-stm32.10.3-2021.10.linux64_1.0.100.202210260954/tools/arm-none-eabi/include/c++/10.3.1/bits/cpp_type_traits.h: In function '_Iterator std::__miter_base(_Iterator) [with _Iterator = __gnu_cxx::__normal_iterator<cmd_queue_data*, std::vector<cmd_queue_data> >]':
/opt/st/stm32cubeide_1.11.0/plugins/com.st.stm32cube.ide.mcu.externaltools.gnu-tools-for-stm32.10.3-2021.10.linux64_1.0.100.202210260954/tools/arm-none-eabi/include/c++/10.3.1/bits/cpp_type_traits.h:544:5: note: parameter passing for argument of type '__gnu_cxx::__normal_iterator<cmd_queue_data*, std::vector<cmd_queue_data> >' changed in GCC 7.1
  544 |     __miter_base(_Iterator __it)
      |     ^~~~~~~~~~~~
In file included from /opt/st/stm32cubeide_1.11.0/plugins/com.st.stm32cube.ide.mcu.externaltools.gnu-tools-for-stm32.10.3-2021.10.linux64_1.0.100.202210260954/tools/arm-none-eabi/include/c++/10.3.1/vector:60,
                 from /home/studio3s/STM32CubeIDE/workspace_1.11.0/STM32H7_Modules/HSS_Test/CM7/Core/Module/api_data_structure/include/api_data_structure/api_data_structure.h:25,
                 from ../Core/Module/ethernet/tcp_rtos/server/tcp_rtos_server.cpp:7:
/opt/st/stm32cubeide_1.11.0/plugins/com.st.stm32cube.ide.mcu.externaltools.gnu-tools-for-stm32.10.3-2021.10.linux64_1.0.100.202210260954/tools/arm-none-eabi/include/c++/10.3.1/bits/stl_algobase.h: In function '_OI std::__copy_move_a(_II, _II, _OI) [with bool _IsMove = true; _II = __gnu_cxx::__normal_iterator<cmd_queue_data*, std::vector<cmd_queue_data> >; _OI = __gnu_cxx::__normal_iterator<cmd_queue_data*, std::vector<cmd_queue_data> >]':
/opt/st/stm32cubeide_1.11.0/plugins/com.st.stm32cube.ide.mcu.externaltools.gnu-tools-for-stm32.10.3-2021.10.linux64_1.0.100.202210260954/tools/arm-none-eabi/include/c++/10.3.1/bits/stl_algobase.h:511:5: note: parameter passing for argument of type '__gnu_cxx::__normal_iterator<cmd_queue_data*, std::vector<cmd_queue_data> >' changed in GCC 7.1
  511 |     __copy_move_a(_II __first, _II __last, _OI __result)
      |     ^~~~~~~~~~~~~
/opt/st/stm32cubeide_1.11.0/plugins/com.st.stm32cube.ide.mcu.externaltools.gnu-tools-for-stm32.10.3-2021.10.linux64_1.0.100.202210260954/tools/arm-none-eabi/include/c++/10.3.1/bits/stl_algobase.h:511:5: note: parameter passing for argument of type '__gnu_cxx::__normal_iterator<cmd_queue_data*, std::vector<cmd_queue_data> >' changed in GCC 7.1
/opt/st/stm32cubeide_1.11.0/plugins/com.st.stm32cube.ide.mcu.externaltools.gnu-tools-for-stm32.10.3-2021.10.linux64_1.0.100.202210260954/tools/arm-none-eabi/include/c++/10.3.1/bits/stl_algobase.h:511:5: note: parameter passing for argument of type '__gnu_cxx::__normal_iterator<cmd_queue_data*, std::vector<cmd_queue_data> >' changed in GCC 7.1
In file included from /opt/st/stm32cubeide_1.11.0/plugins/com.st.stm32cube.ide.mcu.externaltools.gnu-tools-for-stm32.10.3-2021.10.linux64_1.0.100.202210260954/tools/arm-none-eabi/include/c++/10.3.1/bits/stl_algobase.h:67,
                 from /opt/st/stm32cubeide_1.11.0/plugins/com.st.stm32cube.ide.mcu.externaltools.gnu-tools-for-stm32.10.3-2021.10.linux64_1.0.100.202210260954/tools/arm-none-eabi/include/c++/10.3.1/vector:60,
                 from /home/studio3s/STM32CubeIDE/workspace_1.11.0/STM32H7_Modules/HSS_Test/CM7/Core/Module/api_data_structure/include/api_data_structure/api_data_structure.h:25,
                 from ../Core/Module/ethernet/tcp_rtos/server/tcp_rtos_server.cpp:7:
/opt/st/stm32cubeide_1.11.0/plugins/com.st.stm32cube.ide.mcu.externaltools.gnu-tools-for-stm32.10.3-2021.10.linux64_1.0.100.202210260954/tools/arm-none-eabi/include/c++/10.3.1/bits/stl_iterator.h: In function '_Iterator std::__niter_base(__gnu_cxx::__normal_iterator<_Iterator, _Container>) [with _Iterator = cmd_queue_data*; _Container = std::vector<cmd_queue_data>]':
/opt/st/stm32cubeide_1.11.0/plugins/com.st.stm32cube.ide.mcu.externaltools.gnu-tools-for-stm32.10.3-2021.10.linux64_1.0.100.202210260954/tools/arm-none-eabi/include/c++/10.3.1/bits/stl_iterator.h:1225:5: note: parameter passing for argument of type '__gnu_cxx::__normal_iterator<cmd_queue_data*, std::vector<cmd_queue_data> >' changed in GCC 7.1
 1225 |     __niter_base(__gnu_cxx::__normal_iterator<_Iterator, _Container> __it)
      |     ^~~~~~~~~~~~
In file included from /opt/st/stm32cubeide_1.11.0/plugins/com.st.stm32cube.ide.mcu.externaltools.gnu-tools-for-stm32.10.3-2021.10.linux64_1.0.100.202210260954/tools/arm-none-eabi/include/c++/10.3.1/vector:60,
                 from /home/studio3s/STM32CubeIDE/workspace_1.11.0/STM32H7_Modules/HSS_Test/CM7/Core/Module/api_data_structure/include/api_data_structure/api_data_structure.h:25,
                 from ../Core/Module/ethernet/tcp_rtos/server/tcp_rtos_server.cpp:7:
/opt/st/stm32cubeide_1.11.0/plugins/com.st.stm32cube.ide.mcu.externaltools.gnu-tools-for-stm32.10.3-2021.10.linux64_1.0.100.202210260954/tools/arm-none-eabi/include/c++/10.3.1/bits/stl_algobase.h: In function '_From std::__niter_wrap(_From, _To) [with _From = __gnu_cxx::__normal_iterator<cmd_queue_data*, std::vector<cmd_queue_data> >; _To = cmd_queue_data*]':
/opt/st/stm32cubeide_1.11.0/plugins/com.st.stm32cube.ide.mcu.externaltools.gnu-tools-for-stm32.10.3-2021.10.linux64_1.0.100.202210260954/tools/arm-none-eabi/include/c++/10.3.1/bits/stl_algobase.h:323:5: note: parameter passing for argument of type '__gnu_cxx::__normal_iterator<cmd_queue_data*, std::vector<cmd_queue_data> >' changed in GCC 7.1
  323 |     __niter_wrap(_From __from, _To __res)
      |     ^~~~~~~~~~~~
arm-none-eabi-g++ -o "HSS_Test_CM7.elf" @"objects.list"   -mcpu=cortex-m7 -T"/home/studio3s/STM32CubeIDE/workspace_1.11.0/STM32H7_Modules/HSS_Test/CM7/STM32H747XIHX_FLASH.ld" --specs=nosys.specs -Wl,-Map="HSS_Test_CM7.map" -Wl,--gc-sections -static --specs=nano.specs -mfpu=fpv5-d16 -mfloat-abi=hard -mthumb -u _printf_float -Wl,--start-group -lc -lm -lstdc++ -lsupc++ -Wl,--end-group
Finished building target: HSS_Test_CM7.elf
 
arm-none-eabi-size   HSS_Test_CM7.elf 
arm-none-eabi-objdump -h -S  HSS_Test_CM7.elf  > "HSS_Test_CM7.list"
   text	   data	    bss	    dec	    hex	filename
 347800	   1008	 332751	 681559	  a6657	HSS_Test_CM7.elf
Finished building: default.size.stdout
 
Finished building: HSS_Test_CM7.list
 
