13:06:22 **** Incremental Build of configuration Debug for project HSS_Test_CM7 ****
make -j4 all 
arm-none-eabi-g++ "../Core/Src/main.cpp" -mcpu=cortex-m7 -std=gnu++14 -g3 -DDEBUG -DDATA_IN_D2_SRAM -DCORE_CM7 -DUSE_HAL_DRIVER -DSTM32H747xx -DMETAL_INTERNAL -DMETAL_MAX_DEVICE_REGIONS=2 -DRPMSG_BUFFER_SIZE=1024 -DVIRTIO_MASTER_ONLY -DNO_ATOMIC_64_SUPPORT -c -I../Core/Inc -I"/home/studio3s/STM32CubeIDE/workspace_1.11.0/STM32H7_Modules/HSS_Test/CM7/Core/Module" -I../LWIP/App -I../LWIP/Target -I../../Middlewares/Third_Party/LwIP/src/include -I../../Middlewares/Third_Party/LwIP/system -I../../Drivers/STM32H7xx_HAL_Driver/Inc -I../../Drivers/STM32H7xx_HAL_Driver/Inc/Legacy -I../../Middlewares/Third_Party/FreeRTOS/Source/include -I../../Middlewares/Third_Party/FreeRTOS/Source/CMSIS_RTOS -I../../Middlewares/Third_Party/FreeRTOS/Source/portable/GCC/ARM_CM4F -I../../Drivers/BSP/Components/lan8742 -I../../Middlewares/Third_Party/LwIP/src/include/netif/ppp -I../../Drivers/CMSIS/Device/ST/STM32H7xx/Include -I../../Middlewares/Third_Party/LwIP/src/include/lwip -I../../Middlewares/Third_Party/LwIP/src/include/lwip/apps -I../../Middlewares/Third_Party/LwIP/src/include/lwip/priv -I../../Middlewares/Third_Party/LwIP/src/include/lwip/prot -I../../Middlewares/Third_Party/LwIP/src/include/netif -I../../Middlewares/Third_Party/LwIP/src/include/compat/posix -I../../Middlewares/Third_Party/LwIP/src/include/compat/posix/arpa -I../../Middlewares/Third_Party/LwIP/src/include/compat/posix/net -I../../Middlewares/Third_Party/LwIP/src/include/compat/posix/sys -I../../Middlewares/Third_Party/LwIP/src/include/compat/stdc -I../../Middlewares/Third_Party/LwIP/system/arch -I../../Drivers/CMSIS/Include -I../FATFS/Target -I../FATFS/App -I../OPENAMP -I../../Middlewares/Third_Party/OpenAMP/open-amp/lib/include -I../../Middlewares/Third_Party/OpenAMP/libmetal/lib/include -I../../Middlewares/Third_Party/OpenAMP/libmetal/lib/include/metal/compiler/gcc -I../../Middlewares/Third_Party/OpenAMP/open-amp/lib/rpmsg -I../../Middlewares/Third_Party/FatFs/src -O0 -ffunction-sections -fdata-sections -fno-exceptions -fno-rtti -fno-use-cxa-atexit -Wall -fstack-usage -MMD -MP -MF"Core/Src/main.d" -MT"Core/Src/main.o" --specs=nano.specs -mfpu=fpv5-d16 -mfloat-abi=hard -mthumb -o "Core/Src/main.o"
In file included from ../Core/Src/main.cpp:30:
/home/studio3s/STM32CubeIDE/workspace_1.11.0/STM32H7_Modules/HSS_Test/CM7/Core/Module/fatfs_h7/include/fatfs_h7/fatfs_h7.h:23:13: warning: 'void BSPInit()' declared 'static' but never defined [-Wunused-function]
   23 | static void BSPInit();
      |             ^~~~~~~
arm-none-eabi-g++ -o "HSS_Test_CM7.elf" @"objects.list"   -mcpu=cortex-m7 -T"/home/studio3s/STM32CubeIDE/workspace_1.11.0/STM32H7_Modules/HSS_Test/CM7/STM32H747XIHX_FLASH.ld" --specs=nosys.specs -Wl,-Map="HSS_Test_CM7.map" -Wl,--gc-sections -static --specs=nano.specs -mfpu=fpv5-d16 -mfloat-abi=hard -mthumb -Wl,--start-group -lc -lm -lstdc++ -lsupc++ -Wl,--end-group
Finished building target: HSS_Test_CM7.elf
 
arm-none-eabi-size   HSS_Test_CM7.elf 
arm-none-eabi-objdump -h -S  HSS_Test_CM7.elf  > "HSS_Test_CM7.list"
   text	   data	    bss	    dec	    hex	filename
 131436	    160	 216843	 348439	  55117	HSS_Test_CM7.elf
Finished building: default.size.stdout
 
Finished building: HSS_Test_CM7.list
 
13:07:25 **** Incremental Build of configuration Debug for project HSS_Test_CM7 ****
make -j4 all 
arm-none-eabi-g++ -o "HSS_Test_CM7.elf" @"objects.list"   -mcpu=cortex-m7 -T"/home/studio3s/STM32CubeIDE/workspace_1.11.0/STM32H7_Modules/HSS_Test/CM7/STM32H747XIHX_FLASH.ld" --specs=nosys.specs -Wl,-Map="HSS_Test_CM7.map" -Wl,--gc-sections -static --specs=nano.specs -mfpu=fpv5-d16 -mfloat-abi=hard -mthumb -Wl,--start-group -lc -lm -lstdc++ -lsupc++ -Wl,--end-group
Finished building target: HSS_Test_CM7.elf
 
arm-none-eabi-size   HSS_Test_CM7.elf 
arm-none-eabi-objdump -h -S  HSS_Test_CM7.elf  > "HSS_Test_CM7.list"
   text	   data	    bss	    dec	    hex	filename
 131436	    160	 216843	 348439	  55117	HSS_Test_CM7.elf
Finished building: default.size.stdout
 
Finished building: HSS_Test_CM7.list
 
13:07:40 **** Incremental Build of configuration Debug for project HSS_Test_CM7 ****
make -j4 all 
arm-none-eabi-g++ "../Core/Src/main.cpp" -mcpu=cortex-m7 -std=gnu++14 -g3 -DDEBUG -DDATA_IN_D2_SRAM -DCORE_CM7 -DUSE_HAL_DRIVER -DSTM32H747xx -DMETAL_INTERNAL -DMETAL_MAX_DEVICE_REGIONS=2 -DRPMSG_BUFFER_SIZE=1024 -DVIRTIO_MASTER_ONLY -DNO_ATOMIC_64_SUPPORT -c -I../Core/Inc -I"/home/studio3s/STM32CubeIDE/workspace_1.11.0/STM32H7_Modules/HSS_Test/CM7/Core/Module" -I../LWIP/App -I../LWIP/Target -I../../Middlewares/Third_Party/LwIP/src/include -I../../Middlewares/Third_Party/LwIP/system -I../../Drivers/STM32H7xx_HAL_Driver/Inc -I../../Drivers/STM32H7xx_HAL_Driver/Inc/Legacy -I../../Middlewares/Third_Party/FreeRTOS/Source/include -I../../Middlewares/Third_Party/FreeRTOS/Source/CMSIS_RTOS -I../../Middlewares/Third_Party/FreeRTOS/Source/portable/GCC/ARM_CM4F -I../../Drivers/BSP/Components/lan8742 -I../../Middlewares/Third_Party/LwIP/src/include/netif/ppp -I../../Drivers/CMSIS/Device/ST/STM32H7xx/Include -I../../Middlewares/Third_Party/LwIP/src/include/lwip -I../../Middlewares/Third_Party/LwIP/src/include/lwip/apps -I../../Middlewares/Third_Party/LwIP/src/include/lwip/priv -I../../Middlewares/Third_Party/LwIP/src/include/lwip/prot -I../../Middlewares/Third_Party/LwIP/src/include/netif -I../../Middlewares/Third_Party/LwIP/src/include/compat/posix -I../../Middlewares/Third_Party/LwIP/src/include/compat/posix/arpa -I../../Middlewares/Third_Party/LwIP/src/include/compat/posix/net -I../../Middlewares/Third_Party/LwIP/src/include/compat/posix/sys -I../../Middlewares/Third_Party/LwIP/src/include/compat/stdc -I../../Middlewares/Third_Party/LwIP/system/arch -I../../Drivers/CMSIS/Include -I../FATFS/Target -I../FATFS/App -I../OPENAMP -I../../Middlewares/Third_Party/OpenAMP/open-amp/lib/include -I../../Middlewares/Third_Party/OpenAMP/libmetal/lib/include -I../../Middlewares/Third_Party/OpenAMP/libmetal/lib/include/metal/compiler/gcc -I../../Middlewares/Third_Party/OpenAMP/open-amp/lib/rpmsg -I../../Middlewares/Third_Party/FatFs/src -O0 -ffunction-sections -fdata-sections -fno-exceptions -fno-rtti -fno-use-cxa-atexit -Wall -fstack-usage -MMD -MP -MF"Core/Src/main.d" -MT"Core/Src/main.o" --specs=nano.specs -mfpu=fpv5-d16 -mfloat-abi=hard -mthumb -o "Core/Src/main.o"
In file included from ../Core/Src/main.cpp:30:
/home/studio3s/STM32CubeIDE/workspace_1.11.0/STM32H7_Modules/HSS_Test/CM7/Core/Module/fatfs_h7/include/fatfs_h7/fatfs_h7.h:23:13: warning: 'void BSPInit()' declared 'static' but never defined [-Wunused-function]
   23 | static void BSPInit();
      |             ^~~~~~~
arm-none-eabi-g++ -o "HSS_Test_CM7.elf" @"objects.list"   -mcpu=cortex-m7 -T"/home/studio3s/STM32CubeIDE/workspace_1.11.0/STM32H7_Modules/HSS_Test/CM7/STM32H747XIHX_FLASH.ld" --specs=nosys.specs -Wl,-Map="HSS_Test_CM7.map" -Wl,--gc-sections -static --specs=nano.specs -mfpu=fpv5-d16 -mfloat-abi=hard -mthumb -Wl,--start-group -lc -lm -lstdc++ -lsupc++ -Wl,--end-group
Finished building target: HSS_Test_CM7.elf
 
arm-none-eabi-size   HSS_Test_CM7.elf 
arm-none-eabi-objdump -h -S  HSS_Test_CM7.elf  > "HSS_Test_CM7.list"
   text	   data	    bss	    dec	    hex	filename
 149076	    160	 217235	 366471	  59787	HSS_Test_CM7.elf
Finished building: default.size.stdout
 
Finished building: HSS_Test_CM7.list
 
13:21:00 **** Incremental Build of configuration Debug for project HSS_Test_CM7 ****
make -j4 all 
arm-none-eabi-g++ -o "HSS_Test_CM7.elf" @"objects.list"   -mcpu=cortex-m7 -T"/home/studio3s/STM32CubeIDE/workspace_1.11.0/STM32H7_Modules/HSS_Test/CM7/STM32H747XIHX_FLASH.ld" --specs=nosys.specs -Wl,-Map="HSS_Test_CM7.map" -Wl,--gc-sections -static --specs=nano.specs -mfpu=fpv5-d16 -mfloat-abi=hard -mthumb -Wl,--start-group -lc -lm -lstdc++ -lsupc++ -Wl,--end-group
Finished building target: HSS_Test_CM7.elf
 
arm-none-eabi-size   HSS_Test_CM7.elf 
arm-none-eabi-objdump -h -S  HSS_Test_CM7.elf  > "HSS_Test_CM7.list"
   text	   data	    bss	    dec	    hex	filename
 149076	    160	 217235	 366471	  59787	HSS_Test_CM7.elf
Finished building: default.size.stdout
 
Finished building: HSS_Test_CM7.list
 
13:24:10 **** Incremental Build of configuration Debug for project HSS_Test_CM7 ****
make -j4 all 
arm-none-eabi-g++ -o "HSS_Test_CM7.elf" @"objects.list"   -mcpu=cortex-m7 -T"/home/studio3s/STM32CubeIDE/workspace_1.11.0/STM32H7_Modules/HSS_Test/CM7/STM32H747XIHX_FLASH.ld" --specs=nosys.specs -Wl,-Map="HSS_Test_CM7.map" -Wl,--gc-sections -static --specs=nano.specs -mfpu=fpv5-d16 -mfloat-abi=hard -mthumb -Wl,--start-group -lc -lm -lstdc++ -lsupc++ -Wl,--end-group
Finished building target: HSS_Test_CM7.elf
 
arm-none-eabi-size   HSS_Test_CM7.elf 
arm-none-eabi-objdump -h -S  HSS_Test_CM7.elf  > "HSS_Test_CM7.list"
   text	   data	    bss	    dec	    hex	filename
 149076	    160	 223379	 372615	  5af87	HSS_Test_CM7.elf
Finished building: default.size.stdout
 
Finished building: HSS_Test_CM7.list
 
13:25:14 **** Incremental Build of configuration Debug for project HSS_Test_CM7 ****
make -j4 all 
arm-none-eabi-g++ -o "HSS_Test_CM7.elf" @"objects.list"   -mcpu=cortex-m7 -T"/home/studio3s/STM32CubeIDE/workspace_1.11.0/STM32H7_Modules/HSS_Test/CM7/STM32H747XIHX_FLASH.ld" --specs=nosys.specs -Wl,-Map="HSS_Test_CM7.map" -Wl,--gc-sections -static --specs=nano.specs -mfpu=fpv5-d16 -mfloat-abi=hard -mthumb -Wl,--start-group -lc -lm -lstdc++ -lsupc++ -Wl,--end-group
Finished building target: HSS_Test_CM7.elf
 
arm-none-eabi-size   HSS_Test_CM7.elf 
arm-none-eabi-objdump -h -S  HSS_Test_CM7.elf  > "HSS_Test_CM7.list"
   text	   data	    bss	    dec	    hex	filename
 149076	    160	 247955	 397191	  60f87	HSS_Test_CM7.elf
Finished building: default.size.stdout
 
Finished building: HSS_Test_CM7.list
 
13:26:26 **** Incremental Build of configuration Debug for project HSS_Test_CM7 ****
make -j4 all 
arm-none-eabi-g++ -o "HSS_Test_CM7.elf" @"objects.list"   -mcpu=cortex-m7 -T"/home/studio3s/STM32CubeIDE/workspace_1.11.0/STM32H7_Modules/HSS_Test/CM7/STM32H747XIHX_FLASH.ld" --specs=nosys.specs -Wl,-Map="HSS_Test_CM7.map" -Wl,--gc-sections -static --specs=nano.specs -mfpu=fpv5-d16 -mfloat-abi=hard -mthumb -Wl,--start-group -lc -lm -lstdc++ -lsupc++ -Wl,--end-group
Finished building target: HSS_Test_CM7.elf
 
arm-none-eabi-size   HSS_Test_CM7.elf 
arm-none-eabi-objdump -h -S  HSS_Test_CM7.elf  > "HSS_Test_CM7.list"
   text	   data	    bss	    dec	    hex	filename
 149076	    160	 218259	 367495	  59b87	HSS_Test_CM7.elf
Finished building: default.size.stdout
 
Finished building: HSS_Test_CM7.list
 
13:33:01 **** Incremental Build of configuration Debug for project HSS_Test_CM7 ****
make -j4 all 
arm-none-eabi-g++ "../Core/Src/main.cpp" -mcpu=cortex-m7 -std=gnu++14 -g3 -DDEBUG -DDATA_IN_D2_SRAM -DCORE_CM7 -DUSE_HAL_DRIVER -DSTM32H747xx -DMETAL_INTERNAL -DMETAL_MAX_DEVICE_REGIONS=2 -DRPMSG_BUFFER_SIZE=1024 -DVIRTIO_MASTER_ONLY -DNO_ATOMIC_64_SUPPORT -c -I../Core/Inc -I"/home/studio3s/STM32CubeIDE/workspace_1.11.0/STM32H7_Modules/HSS_Test/CM7/Core/Module" -I../LWIP/App -I../LWIP/Target -I../../Middlewares/Third_Party/LwIP/src/include -I../../Middlewares/Third_Party/LwIP/system -I../../Drivers/STM32H7xx_HAL_Driver/Inc -I../../Drivers/STM32H7xx_HAL_Driver/Inc/Legacy -I../../Middlewares/Third_Party/FreeRTOS/Source/include -I../../Middlewares/Third_Party/FreeRTOS/Source/CMSIS_RTOS -I../../Middlewares/Third_Party/FreeRTOS/Source/portable/GCC/ARM_CM4F -I../../Drivers/BSP/Components/lan8742 -I../../Middlewares/Third_Party/LwIP/src/include/netif/ppp -I../../Drivers/CMSIS/Device/ST/STM32H7xx/Include -I../../Middlewares/Third_Party/LwIP/src/include/lwip -I../../Middlewares/Third_Party/LwIP/src/include/lwip/apps -I../../Middlewares/Third_Party/LwIP/src/include/lwip/priv -I../../Middlewares/Third_Party/LwIP/src/include/lwip/prot -I../../Middlewares/Third_Party/LwIP/src/include/netif -I../../Middlewares/Third_Party/LwIP/src/include/compat/posix -I../../Middlewares/Third_Party/LwIP/src/include/compat/posix/arpa -I../../Middlewares/Third_Party/LwIP/src/include/compat/posix/net -I../../Middlewares/Third_Party/LwIP/src/include/compat/posix/sys -I../../Middlewares/Third_Party/LwIP/src/include/compat/stdc -I../../Middlewares/Third_Party/LwIP/system/arch -I../../Drivers/CMSIS/Include -I../FATFS/Target -I../FATFS/App -I../OPENAMP -I../../Middlewares/Third_Party/OpenAMP/open-amp/lib/include -I../../Middlewares/Third_Party/OpenAMP/libmetal/lib/include -I../../Middlewares/Third_Party/OpenAMP/libmetal/lib/include/metal/compiler/gcc -I../../Middlewares/Third_Party/OpenAMP/open-amp/lib/rpmsg -I../../Middlewares/Third_Party/FatFs/src -O0 -ffunction-sections -fdata-sections -fno-exceptions -fno-rtti -fno-use-cxa-atexit -Wall -fstack-usage -MMD -MP -MF"Core/Src/main.d" -MT"Core/Src/main.o" --specs=nano.specs -mfpu=fpv5-d16 -mfloat-abi=hard -mthumb -o "Core/Src/main.o"
In file included from ../Core/Src/main.cpp:30:
/home/studio3s/STM32CubeIDE/workspace_1.11.0/STM32H7_Modules/HSS_Test/CM7/Core/Module/fatfs_h7/include/fatfs_h7/fatfs_h7.h:23:13: warning: 'void BSPInit()' declared 'static' but never defined [-Wunused-function]
   23 | static void BSPInit();
      |             ^~~~~~~
arm-none-eabi-g++ -o "HSS_Test_CM7.elf" @"objects.list"   -mcpu=cortex-m7 -T"/home/studio3s/STM32CubeIDE/workspace_1.11.0/STM32H7_Modules/HSS_Test/CM7/STM32H747XIHX_FLASH.ld" --specs=nosys.specs -Wl,-Map="HSS_Test_CM7.map" -Wl,--gc-sections -static --specs=nano.specs -mfpu=fpv5-d16 -mfloat-abi=hard -mthumb -Wl,--start-group -lc -lm -lstdc++ -lsupc++ -Wl,--end-group
Finished building target: HSS_Test_CM7.elf
 
arm-none-eabi-size   HSS_Test_CM7.elf 
arm-none-eabi-objdump -h -S  HSS_Test_CM7.elf  > "HSS_Test_CM7.list"
   text	   data	    bss	    dec	    hex	filename
  65056	    128	 170152	 235336	  39748	HSS_Test_CM7.elf
Finished building: default.size.stdout
 
Finished building: HSS_Test_CM7.list
 
13:36:17 **** Incremental Build of configuration Debug for project HSS_Test_CM7 ****
make -j4 all 
arm-none-eabi-g++ "../Core/Src/main.cpp" -mcpu=cortex-m7 -std=gnu++14 -g3 -DDEBUG -DDATA_IN_D2_SRAM -DCORE_CM7 -DUSE_HAL_DRIVER -DSTM32H747xx -DMETAL_INTERNAL -DMETAL_MAX_DEVICE_REGIONS=2 -DRPMSG_BUFFER_SIZE=1024 -DVIRTIO_MASTER_ONLY -DNO_ATOMIC_64_SUPPORT -c -I../Core/Inc -I"/home/studio3s/STM32CubeIDE/workspace_1.11.0/STM32H7_Modules/HSS_Test/CM7/Core/Module" -I../LWIP/App -I../LWIP/Target -I../../Middlewares/Third_Party/LwIP/src/include -I../../Middlewares/Third_Party/LwIP/system -I../../Drivers/STM32H7xx_HAL_Driver/Inc -I../../Drivers/STM32H7xx_HAL_Driver/Inc/Legacy -I../../Middlewares/Third_Party/FreeRTOS/Source/include -I../../Middlewares/Third_Party/FreeRTOS/Source/CMSIS_RTOS -I../../Middlewares/Third_Party/FreeRTOS/Source/portable/GCC/ARM_CM4F -I../../Drivers/BSP/Components/lan8742 -I../../Middlewares/Third_Party/LwIP/src/include/netif/ppp -I../../Drivers/CMSIS/Device/ST/STM32H7xx/Include -I../../Middlewares/Third_Party/LwIP/src/include/lwip -I../../Middlewares/Third_Party/LwIP/src/include/lwip/apps -I../../Middlewares/Third_Party/LwIP/src/include/lwip/priv -I../../Middlewares/Third_Party/LwIP/src/include/lwip/prot -I../../Middlewares/Third_Party/LwIP/src/include/netif -I../../Middlewares/Third_Party/LwIP/src/include/compat/posix -I../../Middlewares/Third_Party/LwIP/src/include/compat/posix/arpa -I../../Middlewares/Third_Party/LwIP/src/include/compat/posix/net -I../../Middlewares/Third_Party/LwIP/src/include/compat/posix/sys -I../../Middlewares/Third_Party/LwIP/src/include/compat/stdc -I../../Middlewares/Third_Party/LwIP/system/arch -I../../Drivers/CMSIS/Include -I../FATFS/Target -I../FATFS/App -I../OPENAMP -I../../Middlewares/Third_Party/OpenAMP/open-amp/lib/include -I../../Middlewares/Third_Party/OpenAMP/libmetal/lib/include -I../../Middlewares/Third_Party/OpenAMP/libmetal/lib/include/metal/compiler/gcc -I../../Middlewares/Third_Party/OpenAMP/open-amp/lib/rpmsg -I../../Middlewares/Third_Party/FatFs/src -O0 -ffunction-sections -fdata-sections -fno-exceptions -fno-rtti -fno-use-cxa-atexit -Wall -fstack-usage -MMD -MP -MF"Core/Src/main.d" -MT"Core/Src/main.o" --specs=nano.specs -mfpu=fpv5-d16 -mfloat-abi=hard -mthumb -o "Core/Src/main.o"
In file included from ../Core/Src/main.cpp:30:
/home/studio3s/STM32CubeIDE/workspace_1.11.0/STM32H7_Modules/HSS_Test/CM7/Core/Module/fatfs_h7/include/fatfs_h7/fatfs_h7.h:23:13: warning: 'void BSPInit()' declared 'static' but never defined [-Wunused-function]
   23 | static void BSPInit();
      |             ^~~~~~~
arm-none-eabi-g++ -o "HSS_Test_CM7.elf" @"objects.list"   -mcpu=cortex-m7 -T"/home/studio3s/STM32CubeIDE/workspace_1.11.0/STM32H7_Modules/HSS_Test/CM7/STM32H747XIHX_FLASH.ld" --specs=nosys.specs -Wl,-Map="HSS_Test_CM7.map" -Wl,--gc-sections -static --specs=nano.specs -mfpu=fpv5-d16 -mfloat-abi=hard -mthumb -Wl,--start-group -lc -lm -lstdc++ -lsupc++ -Wl,--end-group
Finished building target: HSS_Test_CM7.elf
 
arm-none-eabi-size   HSS_Test_CM7.elf 
arm-none-eabi-objdump -h -S  HSS_Test_CM7.elf  > "HSS_Test_CM7.list"
   text	   data	    bss	    dec	    hex	filename
 149076	    160	 217235	 366471	  59787	HSS_Test_CM7.elf
Finished building: default.size.stdout
 
Finished building: HSS_Test_CM7.list
 
13:38:15 **** Incremental Build of configuration Debug for project HSS_Test_CM7 ****
make -j4 all 
arm-none-eabi-g++ "../Core/Src/main.cpp" -mcpu=cortex-m7 -std=gnu++14 -g3 -DDEBUG -DDATA_IN_D2_SRAM -DCORE_CM7 -DUSE_HAL_DRIVER -DSTM32H747xx -DMETAL_INTERNAL -DMETAL_MAX_DEVICE_REGIONS=2 -DRPMSG_BUFFER_SIZE=1024 -DVIRTIO_MASTER_ONLY -DNO_ATOMIC_64_SUPPORT -c -I../Core/Inc -I"/home/studio3s/STM32CubeIDE/workspace_1.11.0/STM32H7_Modules/HSS_Test/CM7/Core/Module" -I../LWIP/App -I../LWIP/Target -I../../Middlewares/Third_Party/LwIP/src/include -I../../Middlewares/Third_Party/LwIP/system -I../../Drivers/STM32H7xx_HAL_Driver/Inc -I../../Drivers/STM32H7xx_HAL_Driver/Inc/Legacy -I../../Middlewares/Third_Party/FreeRTOS/Source/include -I../../Middlewares/Third_Party/FreeRTOS/Source/CMSIS_RTOS -I../../Middlewares/Third_Party/FreeRTOS/Source/portable/GCC/ARM_CM4F -I../../Drivers/BSP/Components/lan8742 -I../../Middlewares/Third_Party/LwIP/src/include/netif/ppp -I../../Drivers/CMSIS/Device/ST/STM32H7xx/Include -I../../Middlewares/Third_Party/LwIP/src/include/lwip -I../../Middlewares/Third_Party/LwIP/src/include/lwip/apps -I../../Middlewares/Third_Party/LwIP/src/include/lwip/priv -I../../Middlewares/Third_Party/LwIP/src/include/lwip/prot -I../../Middlewares/Third_Party/LwIP/src/include/netif -I../../Middlewares/Third_Party/LwIP/src/include/compat/posix -I../../Middlewares/Third_Party/LwIP/src/include/compat/posix/arpa -I../../Middlewares/Third_Party/LwIP/src/include/compat/posix/net -I../../Middlewares/Third_Party/LwIP/src/include/compat/posix/sys -I../../Middlewares/Third_Party/LwIP/src/include/compat/stdc -I../../Middlewares/Third_Party/LwIP/system/arch -I../../Drivers/CMSIS/Include -I../FATFS/Target -I../FATFS/App -I../OPENAMP -I../../Middlewares/Third_Party/OpenAMP/open-amp/lib/include -I../../Middlewares/Third_Party/OpenAMP/libmetal/lib/include -I../../Middlewares/Third_Party/OpenAMP/libmetal/lib/include/metal/compiler/gcc -I../../Middlewares/Third_Party/OpenAMP/open-amp/lib/rpmsg -I../../Middlewares/Third_Party/FatFs/src -O0 -ffunction-sections -fdata-sections -fno-exceptions -fno-rtti -fno-use-cxa-atexit -Wall -fstack-usage -MMD -MP -MF"Core/Src/main.d" -MT"Core/Src/main.o" --specs=nano.specs -mfpu=fpv5-d16 -mfloat-abi=hard -mthumb -o "Core/Src/main.o"
In file included from ../Core/Src/main.cpp:30:
/home/studio3s/STM32CubeIDE/workspace_1.11.0/STM32H7_Modules/HSS_Test/CM7/Core/Module/fatfs_h7/include/fatfs_h7/fatfs_h7.h:23:13: warning: 'void BSPInit()' declared 'static' but never defined [-Wunused-function]
   23 | static void BSPInit();
      |             ^~~~~~~
arm-none-eabi-g++ -o "HSS_Test_CM7.elf" @"objects.list"   -mcpu=cortex-m7 -T"/home/studio3s/STM32CubeIDE/workspace_1.11.0/STM32H7_Modules/HSS_Test/CM7/STM32H747XIHX_FLASH.ld" --specs=nosys.specs -Wl,-Map="HSS_Test_CM7.map" -Wl,--gc-sections -static --specs=nano.specs -mfpu=fpv5-d16 -mfloat-abi=hard -mthumb -Wl,--start-group -lc -lm -lstdc++ -lsupc++ -Wl,--end-group
Finished building target: HSS_Test_CM7.elf
 
arm-none-eabi-size   HSS_Test_CM7.elf 
arm-none-eabi-objdump -h -S  HSS_Test_CM7.elf  > "HSS_Test_CM7.list"
   text	   data	    bss	    dec	    hex	filename
 149076	    160	 217235	 366471	  59787	HSS_Test_CM7.elf
Finished building: default.size.stdout
 
Finished building: HSS_Test_CM7.list
 
13:39:56 **** Incremental Build of configuration Debug for project HSS_Test_CM7 ****
make -j4 all 
arm-none-eabi-g++ "../Core/Src/main.cpp" -mcpu=cortex-m7 -std=gnu++14 -g3 -DDEBUG -DDATA_IN_D2_SRAM -DCORE_CM7 -DUSE_HAL_DRIVER -DSTM32H747xx -DMETAL_INTERNAL -DMETAL_MAX_DEVICE_REGIONS=2 -DRPMSG_BUFFER_SIZE=1024 -DVIRTIO_MASTER_ONLY -DNO_ATOMIC_64_SUPPORT -c -I../Core/Inc -I"/home/studio3s/STM32CubeIDE/workspace_1.11.0/STM32H7_Modules/HSS_Test/CM7/Core/Module" -I../LWIP/App -I../LWIP/Target -I../../Middlewares/Third_Party/LwIP/src/include -I../../Middlewares/Third_Party/LwIP/system -I../../Drivers/STM32H7xx_HAL_Driver/Inc -I../../Drivers/STM32H7xx_HAL_Driver/Inc/Legacy -I../../Middlewares/Third_Party/FreeRTOS/Source/include -I../../Middlewares/Third_Party/FreeRTOS/Source/CMSIS_RTOS -I../../Middlewares/Third_Party/FreeRTOS/Source/portable/GCC/ARM_CM4F -I../../Drivers/BSP/Components/lan8742 -I../../Middlewares/Third_Party/LwIP/src/include/netif/ppp -I../../Drivers/CMSIS/Device/ST/STM32H7xx/Include -I../../Middlewares/Third_Party/LwIP/src/include/lwip -I../../Middlewares/Third_Party/LwIP/src/include/lwip/apps -I../../Middlewares/Third_Party/LwIP/src/include/lwip/priv -I../../Middlewares/Third_Party/LwIP/src/include/lwip/prot -I../../Middlewares/Third_Party/LwIP/src/include/netif -I../../Middlewares/Third_Party/LwIP/src/include/compat/posix -I../../Middlewares/Third_Party/LwIP/src/include/compat/posix/arpa -I../../Middlewares/Third_Party/LwIP/src/include/compat/posix/net -I../../Middlewares/Third_Party/LwIP/src/include/compat/posix/sys -I../../Middlewares/Third_Party/LwIP/src/include/compat/stdc -I../../Middlewares/Third_Party/LwIP/system/arch -I../../Drivers/CMSIS/Include -I../FATFS/Target -I../FATFS/App -I../OPENAMP -I../../Middlewares/Third_Party/OpenAMP/open-amp/lib/include -I../../Middlewares/Third_Party/OpenAMP/libmetal/lib/include -I../../Middlewares/Third_Party/OpenAMP/libmetal/lib/include/metal/compiler/gcc -I../../Middlewares/Third_Party/OpenAMP/open-amp/lib/rpmsg -I../../Middlewares/Third_Party/FatFs/src -O0 -ffunction-sections -fdata-sections -fno-exceptions -fno-rtti -fno-use-cxa-atexit -Wall -fstack-usage -MMD -MP -MF"Core/Src/main.d" -MT"Core/Src/main.o" --specs=nano.specs -mfpu=fpv5-d16 -mfloat-abi=hard -mthumb -o "Core/Src/main.o"
In file included from ../Core/Src/main.cpp:30:
/home/studio3s/STM32CubeIDE/workspace_1.11.0/STM32H7_Modules/HSS_Test/CM7/Core/Module/fatfs_h7/include/fatfs_h7/fatfs_h7.h:23:13: warning: 'void BSPInit()' declared 'static' but never defined [-Wunused-function]
   23 | static void BSPInit();
      |             ^~~~~~~
arm-none-eabi-g++ -o "HSS_Test_CM7.elf" @"objects.list"   -mcpu=cortex-m7 -T"/home/studio3s/STM32CubeIDE/workspace_1.11.0/STM32H7_Modules/HSS_Test/CM7/STM32H747XIHX_FLASH.ld" --specs=nosys.specs -Wl,-Map="HSS_Test_CM7.map" -Wl,--gc-sections -static --specs=nano.specs -mfpu=fpv5-d16 -mfloat-abi=hard -mthumb -Wl,--start-group -lc -lm -lstdc++ -lsupc++ -Wl,--end-group
Finished building target: HSS_Test_CM7.elf
 
arm-none-eabi-size   HSS_Test_CM7.elf 
arm-none-eabi-objdump -h -S  HSS_Test_CM7.elf  > "HSS_Test_CM7.list"
   text	   data	    bss	    dec	    hex	filename
 149076	    160	 217235	 366471	  59787	HSS_Test_CM7.elf
Finished building: default.size.stdout
 
Finished building: HSS_Test_CM7.list
 
13:40:47 **** Incremental Build of configuration Debug for project HSS_Test_CM7 ****
make -j4 all 
arm-none-eabi-g++ "../Core/Src/main.cpp" -mcpu=cortex-m7 -std=gnu++14 -g3 -DDEBUG -DDATA_IN_D2_SRAM -DCORE_CM7 -DUSE_HAL_DRIVER -DSTM32H747xx -DMETAL_INTERNAL -DMETAL_MAX_DEVICE_REGIONS=2 -DRPMSG_BUFFER_SIZE=1024 -DVIRTIO_MASTER_ONLY -DNO_ATOMIC_64_SUPPORT -c -I../Core/Inc -I"/home/studio3s/STM32CubeIDE/workspace_1.11.0/STM32H7_Modules/HSS_Test/CM7/Core/Module" -I../LWIP/App -I../LWIP/Target -I../../Middlewares/Third_Party/LwIP/src/include -I../../Middlewares/Third_Party/LwIP/system -I../../Drivers/STM32H7xx_HAL_Driver/Inc -I../../Drivers/STM32H7xx_HAL_Driver/Inc/Legacy -I../../Middlewares/Third_Party/FreeRTOS/Source/include -I../../Middlewares/Third_Party/FreeRTOS/Source/CMSIS_RTOS -I../../Middlewares/Third_Party/FreeRTOS/Source/portable/GCC/ARM_CM4F -I../../Drivers/BSP/Components/lan8742 -I../../Middlewares/Third_Party/LwIP/src/include/netif/ppp -I../../Drivers/CMSIS/Device/ST/STM32H7xx/Include -I../../Middlewares/Third_Party/LwIP/src/include/lwip -I../../Middlewares/Third_Party/LwIP/src/include/lwip/apps -I../../Middlewares/Third_Party/LwIP/src/include/lwip/priv -I../../Middlewares/Third_Party/LwIP/src/include/lwip/prot -I../../Middlewares/Third_Party/LwIP/src/include/netif -I../../Middlewares/Third_Party/LwIP/src/include/compat/posix -I../../Middlewares/Third_Party/LwIP/src/include/compat/posix/arpa -I../../Middlewares/Third_Party/LwIP/src/include/compat/posix/net -I../../Middlewares/Third_Party/LwIP/src/include/compat/posix/sys -I../../Middlewares/Third_Party/LwIP/src/include/compat/stdc -I../../Middlewares/Third_Party/LwIP/system/arch -I../../Drivers/CMSIS/Include -I../FATFS/Target -I../FATFS/App -I../OPENAMP -I../../Middlewares/Third_Party/OpenAMP/open-amp/lib/include -I../../Middlewares/Third_Party/OpenAMP/libmetal/lib/include -I../../Middlewares/Third_Party/OpenAMP/libmetal/lib/include/metal/compiler/gcc -I../../Middlewares/Third_Party/OpenAMP/open-amp/lib/rpmsg -I../../Middlewares/Third_Party/FatFs/src -O0 -ffunction-sections -fdata-sections -fno-exceptions -fno-rtti -fno-use-cxa-atexit -Wall -fstack-usage -MMD -MP -MF"Core/Src/main.d" -MT"Core/Src/main.o" --specs=nano.specs -mfpu=fpv5-d16 -mfloat-abi=hard -mthumb -o "Core/Src/main.o"
In file included from ../Core/Src/main.cpp:30:
/home/studio3s/STM32CubeIDE/workspace_1.11.0/STM32H7_Modules/HSS_Test/CM7/Core/Module/fatfs_h7/include/fatfs_h7/fatfs_h7.h:23:13: warning: 'void BSPInit()' declared 'static' but never defined [-Wunused-function]
   23 | static void BSPInit();
      |             ^~~~~~~
arm-none-eabi-g++ -o "HSS_Test_CM7.elf" @"objects.list"   -mcpu=cortex-m7 -T"/home/studio3s/STM32CubeIDE/workspace_1.11.0/STM32H7_Modules/HSS_Test/CM7/STM32H747XIHX_FLASH.ld" --specs=nosys.specs -Wl,-Map="HSS_Test_CM7.map" -Wl,--gc-sections -static --specs=nano.specs -mfpu=fpv5-d16 -mfloat-abi=hard -mthumb -Wl,--start-group -lc -lm -lstdc++ -lsupc++ -Wl,--end-group
Finished building target: HSS_Test_CM7.elf
 
arm-none-eabi-size   HSS_Test_CM7.elf 
arm-none-eabi-objdump -h -S  HSS_Test_CM7.elf  > "HSS_Test_CM7.list"
   text	   data	    bss	    dec	    hex	filename
 131436	    160	 216843	 348439	  55117	HSS_Test_CM7.elf
Finished building: default.size.stdout
 
Finished building: HSS_Test_CM7.list
 
13:43:55 **** Incremental Build of configuration Debug for project HSS_Test_CM7 ****
make -j4 all 
arm-none-eabi-g++ -o "HSS_Test_CM7.elf" @"objects.list"   -mcpu=cortex-m7 -T"/home/studio3s/STM32CubeIDE/workspace_1.11.0/STM32H7_Modules/HSS_Test/CM7/STM32H747XIHX_FLASH.ld" --specs=nosys.specs -Wl,-Map="HSS_Test_CM7.map" -Wl,--gc-sections -static --specs=nano.specs -mfpu=fpv5-d16 -mfloat-abi=hard -mthumb -Wl,--start-group -lc -lm -lstdc++ -lsupc++ -Wl,--end-group
Finished building target: HSS_Test_CM7.elf
 
arm-none-eabi-size   HSS_Test_CM7.elf 
arm-none-eabi-objdump -h -S  HSS_Test_CM7.elf  > "HSS_Test_CM7.list"
   text	   data	    bss	    dec	    hex	filename
 131436	    160	 216843	 348439	  55117	HSS_Test_CM7.elf
Finished building: default.size.stdout
 
Finished building: HSS_Test_CM7.list
 
13:45:21 **** Incremental Build of configuration Debug for project HSS_Test_CM7 ****
make -j4 all 
arm-none-eabi-g++ -o "HSS_Test_CM7.elf" @"objects.list"   -mcpu=cortex-m7 -T"/home/studio3s/STM32CubeIDE/workspace_1.11.0/STM32H7_Modules/HSS_Test/CM7/STM32H747XIHX_FLASH.ld" --specs=nosys.specs -Wl,-Map="HSS_Test_CM7.map" -Wl,--gc-sections -static --specs=nano.specs -mfpu=fpv5-d16 -mfloat-abi=hard -mthumb -Wl,--start-group -lc -lm -lstdc++ -lsupc++ -Wl,--end-group
Finished building target: HSS_Test_CM7.elf
 
arm-none-eabi-size   HSS_Test_CM7.elf 
arm-none-eabi-objdump -h -S  HSS_Test_CM7.elf  > "HSS_Test_CM7.list"
   text	   data	    bss	    dec	    hex	filename
 131436	    160	 216843	 348439	  55117	HSS_Test_CM7.elf
Finished building: default.size.stdout
 
Finished building: HSS_Test_CM7.list
 
13:46:24 **** Incremental Build of configuration Debug for project HSS_Test_CM7 ****
make -j4 all 
arm-none-eabi-g++ "../Core/Src/main.cpp" -mcpu=cortex-m7 -std=gnu++14 -g3 -DDEBUG -DDATA_IN_D2_SRAM -DCORE_CM7 -DUSE_HAL_DRIVER -DSTM32H747xx -DMETAL_INTERNAL -DMETAL_MAX_DEVICE_REGIONS=2 -DRPMSG_BUFFER_SIZE=1024 -DVIRTIO_MASTER_ONLY -DNO_ATOMIC_64_SUPPORT -c -I../Core/Inc -I"/home/studio3s/STM32CubeIDE/workspace_1.11.0/STM32H7_Modules/HSS_Test/CM7/Core/Module" -I../LWIP/App -I../LWIP/Target -I../../Middlewares/Third_Party/LwIP/src/include -I../../Middlewares/Third_Party/LwIP/system -I../../Drivers/STM32H7xx_HAL_Driver/Inc -I../../Drivers/STM32H7xx_HAL_Driver/Inc/Legacy -I../../Middlewares/Third_Party/FreeRTOS/Source/include -I../../Middlewares/Third_Party/FreeRTOS/Source/CMSIS_RTOS -I../../Middlewares/Third_Party/FreeRTOS/Source/portable/GCC/ARM_CM4F -I../../Drivers/BSP/Components/lan8742 -I../../Middlewares/Third_Party/LwIP/src/include/netif/ppp -I../../Drivers/CMSIS/Device/ST/STM32H7xx/Include -I../../Middlewares/Third_Party/LwIP/src/include/lwip -I../../Middlewares/Third_Party/LwIP/src/include/lwip/apps -I../../Middlewares/Third_Party/LwIP/src/include/lwip/priv -I../../Middlewares/Third_Party/LwIP/src/include/lwip/prot -I../../Middlewares/Third_Party/LwIP/src/include/netif -I../../Middlewares/Third_Party/LwIP/src/include/compat/posix -I../../Middlewares/Third_Party/LwIP/src/include/compat/posix/arpa -I../../Middlewares/Third_Party/LwIP/src/include/compat/posix/net -I../../Middlewares/Third_Party/LwIP/src/include/compat/posix/sys -I../../Middlewares/Third_Party/LwIP/src/include/compat/stdc -I../../Middlewares/Third_Party/LwIP/system/arch -I../../Drivers/CMSIS/Include -I../FATFS/Target -I../FATFS/App -I../OPENAMP -I../../Middlewares/Third_Party/OpenAMP/open-amp/lib/include -I../../Middlewares/Third_Party/OpenAMP/libmetal/lib/include -I../../Middlewares/Third_Party/OpenAMP/libmetal/lib/include/metal/compiler/gcc -I../../Middlewares/Third_Party/OpenAMP/open-amp/lib/rpmsg -I../../Middlewares/Third_Party/FatFs/src -O0 -ffunction-sections -fdata-sections -fno-exceptions -fno-rtti -fno-use-cxa-atexit -Wall -fstack-usage -MMD -MP -MF"Core/Src/main.d" -MT"Core/Src/main.o" --specs=nano.specs -mfpu=fpv5-d16 -mfloat-abi=hard -mthumb -o "Core/Src/main.o"
In file included from ../Core/Src/main.cpp:30:
/home/studio3s/STM32CubeIDE/workspace_1.11.0/STM32H7_Modules/HSS_Test/CM7/Core/Module/fatfs_h7/include/fatfs_h7/fatfs_h7.h:23:13: warning: 'void BSPInit()' declared 'static' but never defined [-Wunused-function]
   23 | static void BSPInit();
      |             ^~~~~~~
arm-none-eabi-g++ -o "HSS_Test_CM7.elf" @"objects.list"   -mcpu=cortex-m7 -T"/home/studio3s/STM32CubeIDE/workspace_1.11.0/STM32H7_Modules/HSS_Test/CM7/STM32H747XIHX_FLASH.ld" --specs=nosys.specs -Wl,-Map="HSS_Test_CM7.map" -Wl,--gc-sections -static --specs=nano.specs -mfpu=fpv5-d16 -mfloat-abi=hard -mthumb -Wl,--start-group -lc -lm -lstdc++ -lsupc++ -Wl,--end-group
Finished building target: HSS_Test_CM7.elf
 
arm-none-eabi-size   HSS_Test_CM7.elf 
arm-none-eabi-objdump -h -S  HSS_Test_CM7.elf  > "HSS_Test_CM7.list"
   text	   data	    bss	    dec	    hex	filename
 149076	    160	 217235	 366471	  59787	HSS_Test_CM7.elf
Finished building: default.size.stdout
 
Finished building: HSS_Test_CM7.list
 
13:49:16 **** Incremental Build of configuration Debug for project HSS_Test_CM7 ****
make -j4 all 
arm-none-eabi-g++ -o "HSS_Test_CM7.elf" @"objects.list"   -mcpu=cortex-m7 -T"/home/studio3s/STM32CubeIDE/workspace_1.11.0/STM32H7_Modules/HSS_Test/CM7/STM32H747XIHX_FLASH.ld" --specs=nosys.specs -Wl,-Map="HSS_Test_CM7.map" -Wl,--gc-sections -static --specs=nano.specs -mfpu=fpv5-d16 -mfloat-abi=hard -mthumb -Wl,--start-group -lc -lm -lstdc++ -lsupc++ -Wl,--end-group
Finished building target: HSS_Test_CM7.elf
 
arm-none-eabi-size   HSS_Test_CM7.elf 
arm-none-eabi-objdump -h -S  HSS_Test_CM7.elf  > "HSS_Test_CM7.list"
   text	   data	    bss	    dec	    hex	filename
 149076	    160	 217235	 366471	  59787	HSS_Test_CM7.elf
Finished building: default.size.stdout
 
Finished building: HSS_Test_CM7.list
 
13:50:52 **** Incremental Build of configuration Debug for project HSS_Test_CM7 ****
make -j4 all 
arm-none-eabi-g++ -o "HSS_Test_CM7.elf" @"objects.list"   -mcpu=cortex-m7 -T"/home/studio3s/STM32CubeIDE/workspace_1.11.0/STM32H7_Modules/HSS_Test/CM7/STM32H747XIHX_FLASH.ld" --specs=nosys.specs -Wl,-Map="HSS_Test_CM7.map" -Wl,--gc-sections -static --specs=nano.specs -mfpu=fpv5-d16 -mfloat-abi=hard -mthumb -Wl,--start-group -lc -lm -lstdc++ -lsupc++ -Wl,--end-group
/opt/st/stm32cubeide_1.11.0/plugins/com.st.stm32cube.ide.mcu.externaltools.gnu-tools-for-stm32.10.3-2021.10.linux64_1.0.100.202210260954/tools/bin/../lib/gcc/arm-none-eabi/10.3.1/../../../../arm-none-eabi/bin/ld:/home/studio3s/STM32CubeIDE/workspace_1.11.0/STM32H7_Modules/HSS_Test/CM7/STM32H747XIHX_FLASH.ld:194: undefined symbol `_estack' referenced in expression
collect2: error: ld returned 1 exit status
make: *** [makefile:94: HSS_Test_CM7.elf] Error 1
"make -j4 all" terminated with exit code 2. Build might be incomplete.
13:57:25 **** Incremental Build of configuration Debug for project HSS_Test_CM7 ****
make -j4 all 
arm-none-eabi-g++ -o "HSS_Test_CM7.elf" @"objects.list"   -mcpu=cortex-m7 -T"/home/studio3s/STM32CubeIDE/workspace_1.11.0/STM32H7_Modules/HSS_Test/CM7/STM32H747XIHX_FLASH.ld" --specs=nosys.specs -Wl,-Map="HSS_Test_CM7.map" -Wl,--gc-sections -static --specs=nano.specs -mfpu=fpv5-d16 -mfloat-abi=hard -mthumb -Wl,--start-group -lc -lm -lstdc++ -lsupc++ -Wl,--end-group
Finished building target: HSS_Test_CM7.elf
 
arm-none-eabi-size   HSS_Test_CM7.elf 
arm-none-eabi-objdump -h -S  HSS_Test_CM7.elf  > "HSS_Test_CM7.list"
   text	   data	    bss	    dec	    hex	filename
 149076	    160	 217235	 366471	  59787	HSS_Test_CM7.elf
Finished building: default.size.stdout
 
Finished building: HSS_Test_CM7.list
 
13:58:54 **** Incremental Build of configuration Debug for project HSS_Test_CM7 ****
make -j4 all 
arm-none-eabi-g++ -o "HSS_Test_CM7.elf" @"objects.list"   -mcpu=cortex-m7 -T"/home/studio3s/STM32CubeIDE/workspace_1.11.0/STM32H7_Modules/HSS_Test/CM7/STM32H747XIHX_FLASH.ld" --specs=nosys.specs -Wl,-Map="HSS_Test_CM7.map" -Wl,--gc-sections -static --specs=nano.specs -mfpu=fpv5-d16 -mfloat-abi=hard -mthumb -Wl,--start-group -lc -lm -lstdc++ -lsupc++ -Wl,--end-group
Finished building target: HSS_Test_CM7.elf
 
arm-none-eabi-size   HSS_Test_CM7.elf 
arm-none-eabi-objdump -h -S  HSS_Test_CM7.elf  > "HSS_Test_CM7.list"
   text	   data	    bss	    dec	    hex	filename
 149076	    160	 217235	 366471	  59787	HSS_Test_CM7.elf
Finished building: default.size.stdout
 
Finished building: HSS_Test_CM7.list
 
14:06:48 **** Incremental Build of configuration Debug for project HSS_Test_CM7 ****
make -j4 all 
arm-none-eabi-gcc "../Core/Src/sysmem.c" -mcpu=cortex-m7 -std=gnu11 -g3 -DDEBUG -DDATA_IN_D2_SRAM -DCORE_CM7 -DUSE_HAL_DRIVER -DSTM32H747xx -DMETAL_INTERNAL -DMETAL_MAX_DEVICE_REGIONS=2 -DRPMSG_BUFFER_SIZE=1024 -DVIRTIO_MASTER_ONLY -DNO_ATOMIC_64_SUPPORT -c -I../Core/Inc -I"/home/studio3s/STM32CubeIDE/workspace_1.11.0/STM32H7_Modules/HSS_Test/CM7/Core/Module" -I../LWIP/App -I../LWIP/Target -I../../Middlewares/Third_Party/LwIP/src/include -I../../Middlewares/Third_Party/LwIP/system -I../../Drivers/STM32H7xx_HAL_Driver/Inc -I../../Drivers/STM32H7xx_HAL_Driver/Inc/Legacy -I../../Middlewares/Third_Party/FreeRTOS/Source/include -I../../Middlewares/Third_Party/FreeRTOS/Source/CMSIS_RTOS -I../../Middlewares/Third_Party/FreeRTOS/Source/portable/GCC/ARM_CM4F -I../../Drivers/BSP/Components/lan8742 -I../../Middlewares/Third_Party/LwIP/src/include/netif/ppp -I../../Drivers/CMSIS/Device/ST/STM32H7xx/Include -I../../Middlewares/Third_Party/LwIP/src/include/lwip -I../../Middlewares/Third_Party/LwIP/src/include/lwip/apps -I../../Middlewares/Third_Party/LwIP/src/include/lwip/priv -I../../Middlewares/Third_Party/LwIP/src/include/lwip/prot -I../../Middlewares/Third_Party/LwIP/src/include/netif -I../../Middlewares/Third_Party/LwIP/src/include/compat/posix -I../../Middlewares/Third_Party/LwIP/src/include/compat/posix/arpa -I../../Middlewares/Third_Party/LwIP/src/include/compat/posix/net -I../../Middlewares/Third_Party/LwIP/src/include/compat/posix/sys -I../../Middlewares/Third_Party/LwIP/src/include/compat/stdc -I../../Middlewares/Third_Party/LwIP/system/arch -I../../Drivers/CMSIS/Include -I../FATFS/Target -I../FATFS/App -I../OPENAMP -I../../Middlewares/Third_Party/OpenAMP/open-amp/lib/include -I../../Middlewares/Third_Party/OpenAMP/libmetal/lib/include -I../../Middlewares/Third_Party/OpenAMP/libmetal/lib/include/metal/compiler/gcc -I../../Middlewares/Third_Party/OpenAMP/open-amp/lib/rpmsg -I../../Middlewares/Third_Party/FatFs/src -O0 -ffunction-sections -fdata-sections -Wall -fstack-usage -MMD -MP -MF"Core/Src/sysmem.d" -MT"Core/Src/sysmem.o" --specs=nano.specs -mfpu=fpv5-d16 -mfloat-abi=hard -mthumb -o "Core/Src/sysmem.o"
arm-none-eabi-g++ -o "HSS_Test_CM7.elf" @"objects.list"   -mcpu=cortex-m7 -T"/home/studio3s/STM32CubeIDE/workspace_1.11.0/STM32H7_Modules/HSS_Test/CM7/STM32H747XIHX_FLASH.ld" --specs=nosys.specs -Wl,-Map="HSS_Test_CM7.map" -Wl,--gc-sections -static --specs=nano.specs -mfpu=fpv5-d16 -mfloat-abi=hard -mthumb -Wl,--start-group -lc -lm -lstdc++ -lsupc++ -Wl,--end-group
Finished building target: HSS_Test_CM7.elf
 
arm-none-eabi-size   HSS_Test_CM7.elf 
arm-none-eabi-objdump -h -S  HSS_Test_CM7.elf  > "HSS_Test_CM7.list"
   text	   data	    bss	    dec	    hex	filename
 149076	    160	 217235	 366471	  59787	HSS_Test_CM7.elf
Finished building: default.size.stdout
 
Finished building: HSS_Test_CM7.list
 
14:07:39 **** Incremental Build of configuration Debug for project HSS_Test_CM7 ****
make -j4 all 
arm-none-eabi-gcc "../Core/Src/sysmem.c" -mcpu=cortex-m7 -std=gnu11 -g3 -DDEBUG -DDATA_IN_D2_SRAM -DCORE_CM7 -DUSE_HAL_DRIVER -DSTM32H747xx -DMETAL_INTERNAL -DMETAL_MAX_DEVICE_REGIONS=2 -DRPMSG_BUFFER_SIZE=1024 -DVIRTIO_MASTER_ONLY -DNO_ATOMIC_64_SUPPORT -c -I../Core/Inc -I"/home/studio3s/STM32CubeIDE/workspace_1.11.0/STM32H7_Modules/HSS_Test/CM7/Core/Module" -I../LWIP/App -I../LWIP/Target -I../../Middlewares/Third_Party/LwIP/src/include -I../../Middlewares/Third_Party/LwIP/system -I../../Drivers/STM32H7xx_HAL_Driver/Inc -I../../Drivers/STM32H7xx_HAL_Driver/Inc/Legacy -I../../Middlewares/Third_Party/FreeRTOS/Source/include -I../../Middlewares/Third_Party/FreeRTOS/Source/CMSIS_RTOS -I../../Middlewares/Third_Party/FreeRTOS/Source/portable/GCC/ARM_CM4F -I../../Drivers/BSP/Components/lan8742 -I../../Middlewares/Third_Party/LwIP/src/include/netif/ppp -I../../Drivers/CMSIS/Device/ST/STM32H7xx/Include -I../../Middlewares/Third_Party/LwIP/src/include/lwip -I../../Middlewares/Third_Party/LwIP/src/include/lwip/apps -I../../Middlewares/Third_Party/LwIP/src/include/lwip/priv -I../../Middlewares/Third_Party/LwIP/src/include/lwip/prot -I../../Middlewares/Third_Party/LwIP/src/include/netif -I../../Middlewares/Third_Party/LwIP/src/include/compat/posix -I../../Middlewares/Third_Party/LwIP/src/include/compat/posix/arpa -I../../Middlewares/Third_Party/LwIP/src/include/compat/posix/net -I../../Middlewares/Third_Party/LwIP/src/include/compat/posix/sys -I../../Middlewares/Third_Party/LwIP/src/include/compat/stdc -I../../Middlewares/Third_Party/LwIP/system/arch -I../../Drivers/CMSIS/Include -I../FATFS/Target -I../FATFS/App -I../OPENAMP -I../../Middlewares/Third_Party/OpenAMP/open-amp/lib/include -I../../Middlewares/Third_Party/OpenAMP/libmetal/lib/include -I../../Middlewares/Third_Party/OpenAMP/libmetal/lib/include/metal/compiler/gcc -I../../Middlewares/Third_Party/OpenAMP/open-amp/lib/rpmsg -I../../Middlewares/Third_Party/FatFs/src -O0 -ffunction-sections -fdata-sections -Wall -fstack-usage -MMD -MP -MF"Core/Src/sysmem.d" -MT"Core/Src/sysmem.o" --specs=nano.specs -mfpu=fpv5-d16 -mfloat-abi=hard -mthumb -o "Core/Src/sysmem.o"
arm-none-eabi-g++ -o "HSS_Test_CM7.elf" @"objects.list"   -mcpu=cortex-m7 -T"/home/studio3s/STM32CubeIDE/workspace_1.11.0/STM32H7_Modules/HSS_Test/CM7/STM32H747XIHX_FLASH.ld" --specs=nosys.specs -Wl,-Map="HSS_Test_CM7.map" -Wl,--gc-sections -static --specs=nano.specs -mfpu=fpv5-d16 -mfloat-abi=hard -mthumb -Wl,--start-group -lc -lm -lstdc++ -lsupc++ -Wl,--end-group
Finished building target: HSS_Test_CM7.elf
 
arm-none-eabi-size   HSS_Test_CM7.elf 
arm-none-eabi-objdump -h -S  HSS_Test_CM7.elf  > "HSS_Test_CM7.list"
   text	   data	    bss	    dec	    hex	filename
 149076	    160	 217235	 366471	  59787	HSS_Test_CM7.elf
Finished building: default.size.stdout
 
Finished building: HSS_Test_CM7.list
 
14:10:23 **** Incremental Build of configuration Debug for project HSS_Test_CM7 ****
make -j4 all 
arm-none-eabi-g++ -o "HSS_Test_CM7.elf" @"objects.list"   -mcpu=cortex-m7 -T"/home/studio3s/STM32CubeIDE/workspace_1.11.0/STM32H7_Modules/HSS_Test/CM7/STM32H747XIHX_FLASH.ld" --specs=nosys.specs -Wl,-Map="HSS_Test_CM7.map" -Wl,--gc-sections -static --specs=nano.specs -mfpu=fpv5-d16 -mfloat-abi=hard -mthumb -Wl,--start-group -lc -lm -lstdc++ -lsupc++ -Wl,--end-group
Finished building target: HSS_Test_CM7.elf
 
arm-none-eabi-size   HSS_Test_CM7.elf 
arm-none-eabi-objdump -h -S  HSS_Test_CM7.elf  > "HSS_Test_CM7.list"
   text	   data	    bss	    dec	    hex	filename
 149076	    160	 255123	 404359	  62b87	HSS_Test_CM7.elf
Finished building: default.size.stdout
 
Finished building: HSS_Test_CM7.list
 
14:11:29 **** Incremental Build of configuration Debug for project HSS_Test_CM7 ****
make -j4 all 
arm-none-eabi-g++ -o "HSS_Test_CM7.elf" @"objects.list"   -mcpu=cortex-m7 -T"/home/studio3s/STM32CubeIDE/workspace_1.11.0/STM32H7_Modules/HSS_Test/CM7/STM32H747XIHX_FLASH.ld" --specs=nosys.specs -Wl,-Map="HSS_Test_CM7.map" -Wl,--gc-sections -static --specs=nano.specs -mfpu=fpv5-d16 -mfloat-abi=hard -mthumb -Wl,--start-group -lc -lm -lstdc++ -lsupc++ -Wl,--end-group
Finished building target: HSS_Test_CM7.elf
 
arm-none-eabi-size   HSS_Test_CM7.elf 
arm-none-eabi-objdump -h -S  HSS_Test_CM7.elf  > "HSS_Test_CM7.list"
   text	   data	    bss	    dec	    hex	filename
 149076	    160	 217235	 366471	  59787	HSS_Test_CM7.elf
Finished building: default.size.stdout
 
Finished building: HSS_Test_CM7.list
 
14:18:34 **** Incremental Build of configuration Debug for project HSS_Test_CM7 ****
make -j4 all 
arm-none-eabi-g++ -o "HSS_Test_CM7.elf" @"objects.list"   -mcpu=cortex-m7 -T"/home/studio3s/STM32CubeIDE/workspace_1.11.0/STM32H7_Modules/HSS_Test/CM7/STM32H747XIHX_FLASH.ld" --specs=nosys.specs -Wl,-Map="HSS_Test_CM7.map" -Wl,--gc-sections -static --specs=nano.specs -mfpu=fpv5-d16 -mfloat-abi=hard -mthumb -Wl,--start-group -lc -lm -lstdc++ -lsupc++ -Wl,--end-group
Finished building target: HSS_Test_CM7.elf
 
arm-none-eabi-size   HSS_Test_CM7.elf 
arm-none-eabi-objdump -h -S  HSS_Test_CM7.elf  > "HSS_Test_CM7.list"
   text	   data	    bss	    dec	    hex	filename
 149076	    160	 217235	 366471	  59787	HSS_Test_CM7.elf
Finished building: default.size.stdout
 
Finished building: HSS_Test_CM7.list
 
14:20:54 **** Incremental Build of configuration Debug for project HSS_Test_CM7 ****
make -j4 all 
arm-none-eabi-g++ -o "HSS_Test_CM7.elf" @"objects.list"   -mcpu=cortex-m7 -T"/home/studio3s/STM32CubeIDE/workspace_1.11.0/STM32H7_Modules/HSS_Test/CM7/STM32H747XIHX_FLASH.ld" --specs=nosys.specs -Wl,-Map="HSS_Test_CM7.map" -Wl,--gc-sections -static --specs=nano.specs -mfpu=fpv5-d16 -mfloat-abi=hard -mthumb -Wl,--start-group -lc -lm -lstdc++ -lsupc++ -Wl,--end-group
Finished building target: HSS_Test_CM7.elf
 
arm-none-eabi-size   HSS_Test_CM7.elf 
arm-none-eabi-objdump -h -S  HSS_Test_CM7.elf  > "HSS_Test_CM7.list"
   text	   data	    bss	    dec	    hex	filename
 149076	    160	 217235	 366471	  59787	HSS_Test_CM7.elf
Finished building: default.size.stdout
 
Finished building: HSS_Test_CM7.list
 
14:22:47 **** Incremental Build of configuration Debug for project HSS_Test_CM7 ****
make -j4 all 
arm-none-eabi-g++ -o "HSS_Test_CM7.elf" @"objects.list"   -mcpu=cortex-m7 -T"/home/studio3s/STM32CubeIDE/workspace_1.11.0/STM32H7_Modules/HSS_Test/CM7/STM32H747XIHX_FLASH.ld" --specs=nosys.specs -Wl,-Map="HSS_Test_CM7.map" -Wl,--gc-sections -static --specs=nano.specs -mfpu=fpv5-d16 -mfloat-abi=hard -mthumb -Wl,--start-group -lc -lm -lstdc++ -lsupc++ -Wl,--end-group
Finished building target: HSS_Test_CM7.elf
 
arm-none-eabi-size   HSS_Test_CM7.elf 
arm-none-eabi-objdump -h -S  HSS_Test_CM7.elf  > "HSS_Test_CM7.list"
   text	   data	    bss	    dec	    hex	filename
 149076	    160	 217235	 366471	  59787	HSS_Test_CM7.elf
Finished building: default.size.stdout
 
Finished building: HSS_Test_CM7.list
 
14:28:15 **** Incremental Build of configuration Debug for project HSS_Test_CM7 ****
make -j4 all 
arm-none-eabi-gcc "../FATFS/Target/sd_diskio.c" -mcpu=cortex-m7 -std=gnu11 -g3 -DDEBUG -DDATA_IN_D2_SRAM -DCORE_CM7 -DUSE_HAL_DRIVER -DSTM32H747xx -DMETAL_INTERNAL -DMETAL_MAX_DEVICE_REGIONS=2 -DRPMSG_BUFFER_SIZE=1024 -DVIRTIO_MASTER_ONLY -DNO_ATOMIC_64_SUPPORT -c -I../Core/Inc -I"/home/studio3s/STM32CubeIDE/workspace_1.11.0/STM32H7_Modules/HSS_Test/CM7/Core/Module" -I../LWIP/App -I../LWIP/Target -I../../Middlewares/Third_Party/LwIP/src/include -I../../Middlewares/Third_Party/LwIP/system -I../../Drivers/STM32H7xx_HAL_Driver/Inc -I../../Drivers/STM32H7xx_HAL_Driver/Inc/Legacy -I../../Middlewares/Third_Party/FreeRTOS/Source/include -I../../Middlewares/Third_Party/FreeRTOS/Source/CMSIS_RTOS -I../../Middlewares/Third_Party/FreeRTOS/Source/portable/GCC/ARM_CM4F -I../../Drivers/BSP/Components/lan8742 -I../../Middlewares/Third_Party/LwIP/src/include/netif/ppp -I../../Drivers/CMSIS/Device/ST/STM32H7xx/Include -I../../Middlewares/Third_Party/LwIP/src/include/lwip -I../../Middlewares/Third_Party/LwIP/src/include/lwip/apps -I../../Middlewares/Third_Party/LwIP/src/include/lwip/priv -I../../Middlewares/Third_Party/LwIP/src/include/lwip/prot -I../../Middlewares/Third_Party/LwIP/src/include/netif -I../../Middlewares/Third_Party/LwIP/src/include/compat/posix -I../../Middlewares/Third_Party/LwIP/src/include/compat/posix/arpa -I../../Middlewares/Third_Party/LwIP/src/include/compat/posix/net -I../../Middlewares/Third_Party/LwIP/src/include/compat/posix/sys -I../../Middlewares/Third_Party/LwIP/src/include/compat/stdc -I../../Middlewares/Third_Party/LwIP/system/arch -I../../Drivers/CMSIS/Include -I../FATFS/Target -I../FATFS/App -I../OPENAMP -I../../Middlewares/Third_Party/OpenAMP/open-amp/lib/include -I../../Middlewares/Third_Party/OpenAMP/libmetal/lib/include -I../../Middlewares/Third_Party/OpenAMP/libmetal/lib/include/metal/compiler/gcc -I../../Middlewares/Third_Party/OpenAMP/open-amp/lib/rpmsg -I../../Middlewares/Third_Party/FatFs/src -O0 -ffunction-sections -fdata-sections -Wall -fstack-usage -MMD -MP -MF"FATFS/Target/sd_diskio.d" -MT"FATFS/Target/sd_diskio.o" --specs=nano.specs -mfpu=fpv5-d16 -mfloat-abi=hard -mthumb -o "FATFS/Target/sd_diskio.o"
arm-none-eabi-g++ -o "HSS_Test_CM7.elf" @"objects.list"   -mcpu=cortex-m7 -T"/home/studio3s/STM32CubeIDE/workspace_1.11.0/STM32H7_Modules/HSS_Test/CM7/STM32H747XIHX_FLASH.ld" --specs=nosys.specs -Wl,-Map="HSS_Test_CM7.map" -Wl,--gc-sections -static --specs=nano.specs -mfpu=fpv5-d16 -mfloat-abi=hard -mthumb -Wl,--start-group -lc -lm -lstdc++ -lsupc++ -Wl,--end-group
Finished building target: HSS_Test_CM7.elf
 
arm-none-eabi-size   HSS_Test_CM7.elf 
arm-none-eabi-objdump -h -S  HSS_Test_CM7.elf  > "HSS_Test_CM7.list"
   text	   data	    bss	    dec	    hex	filename
 149668	    160	 217755	 367583	  59bdf	HSS_Test_CM7.elf
Finished building: default.size.stdout
 
Finished building: HSS_Test_CM7.list
 
14:30:10 **** Incremental Build of configuration Debug for project HSS_Test_CM7 ****
make -j4 all 
arm-none-eabi-gcc "../FATFS/Target/sd_diskio.c" -mcpu=cortex-m7 -std=gnu11 -g3 -DDEBUG -DDATA_IN_D2_SRAM -DCORE_CM7 -DUSE_HAL_DRIVER -DSTM32H747xx -DMETAL_INTERNAL -DMETAL_MAX_DEVICE_REGIONS=2 -DRPMSG_BUFFER_SIZE=1024 -DVIRTIO_MASTER_ONLY -DNO_ATOMIC_64_SUPPORT -c -I../Core/Inc -I"/home/studio3s/STM32CubeIDE/workspace_1.11.0/STM32H7_Modules/HSS_Test/CM7/Core/Module" -I../LWIP/App -I../LWIP/Target -I../../Middlewares/Third_Party/LwIP/src/include -I../../Middlewares/Third_Party/LwIP/system -I../../Drivers/STM32H7xx_HAL_Driver/Inc -I../../Drivers/STM32H7xx_HAL_Driver/Inc/Legacy -I../../Middlewares/Third_Party/FreeRTOS/Source/include -I../../Middlewares/Third_Party/FreeRTOS/Source/CMSIS_RTOS -I../../Middlewares/Third_Party/FreeRTOS/Source/portable/GCC/ARM_CM4F -I../../Drivers/BSP/Components/lan8742 -I../../Middlewares/Third_Party/LwIP/src/include/netif/ppp -I../../Drivers/CMSIS/Device/ST/STM32H7xx/Include -I../../Middlewares/Third_Party/LwIP/src/include/lwip -I../../Middlewares/Third_Party/LwIP/src/include/lwip/apps -I../../Middlewares/Third_Party/LwIP/src/include/lwip/priv -I../../Middlewares/Third_Party/LwIP/src/include/lwip/prot -I../../Middlewares/Third_Party/LwIP/src/include/netif -I../../Middlewares/Third_Party/LwIP/src/include/compat/posix -I../../Middlewares/Third_Party/LwIP/src/include/compat/posix/arpa -I../../Middlewares/Third_Party/LwIP/src/include/compat/posix/net -I../../Middlewares/Third_Party/LwIP/src/include/compat/posix/sys -I../../Middlewares/Third_Party/LwIP/src/include/compat/stdc -I../../Middlewares/Third_Party/LwIP/system/arch -I../../Drivers/CMSIS/Include -I../FATFS/Target -I../FATFS/App -I../OPENAMP -I../../Middlewares/Third_Party/OpenAMP/open-amp/lib/include -I../../Middlewares/Third_Party/OpenAMP/libmetal/lib/include -I../../Middlewares/Third_Party/OpenAMP/libmetal/lib/include/metal/compiler/gcc -I../../Middlewares/Third_Party/OpenAMP/open-amp/lib/rpmsg -I../../Middlewares/Third_Party/FatFs/src -O0 -ffunction-sections -fdata-sections -Wall -fstack-usage -MMD -MP -MF"FATFS/Target/sd_diskio.d" -MT"FATFS/Target/sd_diskio.o" --specs=nano.specs -mfpu=fpv5-d16 -mfloat-abi=hard -mthumb -o "FATFS/Target/sd_diskio.o"
arm-none-eabi-g++ "../Core/Src/main.cpp" -mcpu=cortex-m7 -std=gnu++14 -g3 -DDEBUG -DDATA_IN_D2_SRAM -DCORE_CM7 -DUSE_HAL_DRIVER -DSTM32H747xx -DMETAL_INTERNAL -DMETAL_MAX_DEVICE_REGIONS=2 -DRPMSG_BUFFER_SIZE=1024 -DVIRTIO_MASTER_ONLY -DNO_ATOMIC_64_SUPPORT -c -I../Core/Inc -I"/home/studio3s/STM32CubeIDE/workspace_1.11.0/STM32H7_Modules/HSS_Test/CM7/Core/Module" -I../LWIP/App -I../LWIP/Target -I../../Middlewares/Third_Party/LwIP/src/include -I../../Middlewares/Third_Party/LwIP/system -I../../Drivers/STM32H7xx_HAL_Driver/Inc -I../../Drivers/STM32H7xx_HAL_Driver/Inc/Legacy -I../../Middlewares/Third_Party/FreeRTOS/Source/include -I../../Middlewares/Third_Party/FreeRTOS/Source/CMSIS_RTOS -I../../Middlewares/Third_Party/FreeRTOS/Source/portable/GCC/ARM_CM4F -I../../Drivers/BSP/Components/lan8742 -I../../Middlewares/Third_Party/LwIP/src/include/netif/ppp -I../../Drivers/CMSIS/Device/ST/STM32H7xx/Include -I../../Middlewares/Third_Party/LwIP/src/include/lwip -I../../Middlewares/Third_Party/LwIP/src/include/lwip/apps -I../../Middlewares/Third_Party/LwIP/src/include/lwip/priv -I../../Middlewares/Third_Party/LwIP/src/include/lwip/prot -I../../Middlewares/Third_Party/LwIP/src/include/netif -I../../Middlewares/Third_Party/LwIP/src/include/compat/posix -I../../Middlewares/Third_Party/LwIP/src/include/compat/posix/arpa -I../../Middlewares/Third_Party/LwIP/src/include/compat/posix/net -I../../Middlewares/Third_Party/LwIP/src/include/compat/posix/sys -I../../Middlewares/Third_Party/LwIP/src/include/compat/stdc -I../../Middlewares/Third_Party/LwIP/system/arch -I../../Drivers/CMSIS/Include -I../FATFS/Target -I../FATFS/App -I../OPENAMP -I../../Middlewares/Third_Party/OpenAMP/open-amp/lib/include -I../../Middlewares/Third_Party/OpenAMP/libmetal/lib/include -I../../Middlewares/Third_Party/OpenAMP/libmetal/lib/include/metal/compiler/gcc -I../../Middlewares/Third_Party/OpenAMP/open-amp/lib/rpmsg -I../../Middlewares/Third_Party/FatFs/src -O0 -ffunction-sections -fdata-sections -fno-exceptions -fno-rtti -fno-use-cxa-atexit -Wall -fstack-usage -MMD -MP -MF"Core/Src/main.d" -MT"Core/Src/main.o" --specs=nano.specs -mfpu=fpv5-d16 -mfloat-abi=hard -mthumb -o "Core/Src/main.o"
In file included from ../Core/Src/main.cpp:30:
/home/studio3s/STM32CubeIDE/workspace_1.11.0/STM32H7_Modules/HSS_Test/CM7/Core/Module/fatfs_h7/include/fatfs_h7/fatfs_h7.h:23:13: warning: 'void BSPInit()' declared 'static' but never defined [-Wunused-function]
   23 | static void BSPInit();
      |             ^~~~~~~
arm-none-eabi-g++ -o "HSS_Test_CM7.elf" @"objects.list"   -mcpu=cortex-m7 -T"/home/studio3s/STM32CubeIDE/workspace_1.11.0/STM32H7_Modules/HSS_Test/CM7/STM32H747XIHX_FLASH.ld" --specs=nosys.specs -Wl,-Map="HSS_Test_CM7.map" -Wl,--gc-sections -static --specs=nano.specs -mfpu=fpv5-d16 -mfloat-abi=hard -mthumb -Wl,--start-group -lc -lm -lstdc++ -lsupc++ -Wl,--end-group
Finished building target: HSS_Test_CM7.elf
 
arm-none-eabi-size   HSS_Test_CM7.elf 
arm-none-eabi-objdump -h -S  HSS_Test_CM7.elf  > "HSS_Test_CM7.list"
   text	   data	    bss	    dec	    hex	filename
 132028	    160	 217371	 349559	  55577	HSS_Test_CM7.elf
Finished building: default.size.stdout
 
Finished building: HSS_Test_CM7.list
 
14:39:40 **** Incremental Build of configuration Debug for project HSS_Test_CM7 ****
make -j4 all 
arm-none-eabi-gcc "../FATFS/Target/sd_diskio.c" -mcpu=cortex-m7 -std=gnu11 -g3 -DDEBUG -DDATA_IN_D2_SRAM -DCORE_CM7 -DUSE_HAL_DRIVER -DSTM32H747xx -DMETAL_INTERNAL -DMETAL_MAX_DEVICE_REGIONS=2 -DRPMSG_BUFFER_SIZE=1024 -DVIRTIO_MASTER_ONLY -DNO_ATOMIC_64_SUPPORT -c -I../Core/Inc -I"/home/studio3s/STM32CubeIDE/workspace_1.11.0/STM32H7_Modules/HSS_Test/CM7/Core/Module" -I../LWIP/App -I../LWIP/Target -I../../Middlewares/Third_Party/LwIP/src/include -I../../Middlewares/Third_Party/LwIP/system -I../../Drivers/STM32H7xx_HAL_Driver/Inc -I../../Drivers/STM32H7xx_HAL_Driver/Inc/Legacy -I../../Middlewares/Third_Party/FreeRTOS/Source/include -I../../Middlewares/Third_Party/FreeRTOS/Source/CMSIS_RTOS -I../../Middlewares/Third_Party/FreeRTOS/Source/portable/GCC/ARM_CM4F -I../../Drivers/BSP/Components/lan8742 -I../../Middlewares/Third_Party/LwIP/src/include/netif/ppp -I../../Drivers/CMSIS/Device/ST/STM32H7xx/Include -I../../Middlewares/Third_Party/LwIP/src/include/lwip -I../../Middlewares/Third_Party/LwIP/src/include/lwip/apps -I../../Middlewares/Third_Party/LwIP/src/include/lwip/priv -I../../Middlewares/Third_Party/LwIP/src/include/lwip/prot -I../../Middlewares/Third_Party/LwIP/src/include/netif -I../../Middlewares/Third_Party/LwIP/src/include/compat/posix -I../../Middlewares/Third_Party/LwIP/src/include/compat/posix/arpa -I../../Middlewares/Third_Party/LwIP/src/include/compat/posix/net -I../../Middlewares/Third_Party/LwIP/src/include/compat/posix/sys -I../../Middlewares/Third_Party/LwIP/src/include/compat/stdc -I../../Middlewares/Third_Party/LwIP/system/arch -I../../Drivers/CMSIS/Include -I../FATFS/Target -I../FATFS/App -I../OPENAMP -I../../Middlewares/Third_Party/OpenAMP/open-amp/lib/include -I../../Middlewares/Third_Party/OpenAMP/libmetal/lib/include -I../../Middlewares/Third_Party/OpenAMP/libmetal/lib/include/metal/compiler/gcc -I../../Middlewares/Third_Party/OpenAMP/open-amp/lib/rpmsg -I../../Middlewares/Third_Party/FatFs/src -O0 -ffunction-sections -fdata-sections -Wall -fstack-usage -MMD -MP -MF"FATFS/Target/sd_diskio.d" -MT"FATFS/Target/sd_diskio.o" --specs=nano.specs -mfpu=fpv5-d16 -mfloat-abi=hard -mthumb -o "FATFS/Target/sd_diskio.o"
arm-none-eabi-g++ "../Core/Src/main.cpp" -mcpu=cortex-m7 -std=gnu++14 -g3 -DDEBUG -DDATA_IN_D2_SRAM -DCORE_CM7 -DUSE_HAL_DRIVER -DSTM32H747xx -DMETAL_INTERNAL -DMETAL_MAX_DEVICE_REGIONS=2 -DRPMSG_BUFFER_SIZE=1024 -DVIRTIO_MASTER_ONLY -DNO_ATOMIC_64_SUPPORT -c -I../Core/Inc -I"/home/studio3s/STM32CubeIDE/workspace_1.11.0/STM32H7_Modules/HSS_Test/CM7/Core/Module" -I../LWIP/App -I../LWIP/Target -I../../Middlewares/Third_Party/LwIP/src/include -I../../Middlewares/Third_Party/LwIP/system -I../../Drivers/STM32H7xx_HAL_Driver/Inc -I../../Drivers/STM32H7xx_HAL_Driver/Inc/Legacy -I../../Middlewares/Third_Party/FreeRTOS/Source/include -I../../Middlewares/Third_Party/FreeRTOS/Source/CMSIS_RTOS -I../../Middlewares/Third_Party/FreeRTOS/Source/portable/GCC/ARM_CM4F -I../../Drivers/BSP/Components/lan8742 -I../../Middlewares/Third_Party/LwIP/src/include/netif/ppp -I../../Drivers/CMSIS/Device/ST/STM32H7xx/Include -I../../Middlewares/Third_Party/LwIP/src/include/lwip -I../../Middlewares/Third_Party/LwIP/src/include/lwip/apps -I../../Middlewares/Third_Party/LwIP/src/include/lwip/priv -I../../Middlewares/Third_Party/LwIP/src/include/lwip/prot -I../../Middlewares/Third_Party/LwIP/src/include/netif -I../../Middlewares/Third_Party/LwIP/src/include/compat/posix -I../../Middlewares/Third_Party/LwIP/src/include/compat/posix/arpa -I../../Middlewares/Third_Party/LwIP/src/include/compat/posix/net -I../../Middlewares/Third_Party/LwIP/src/include/compat/posix/sys -I../../Middlewares/Third_Party/LwIP/src/include/compat/stdc -I../../Middlewares/Third_Party/LwIP/system/arch -I../../Drivers/CMSIS/Include -I../FATFS/Target -I../FATFS/App -I../OPENAMP -I../../Middlewares/Third_Party/OpenAMP/open-amp/lib/include -I../../Middlewares/Third_Party/OpenAMP/libmetal/lib/include -I../../Middlewares/Third_Party/OpenAMP/libmetal/lib/include/metal/compiler/gcc -I../../Middlewares/Third_Party/OpenAMP/open-amp/lib/rpmsg -I../../Middlewares/Third_Party/FatFs/src -O0 -ffunction-sections -fdata-sections -fno-exceptions -fno-rtti -fno-use-cxa-atexit -Wall -fstack-usage -MMD -MP -MF"Core/Src/main.d" -MT"Core/Src/main.o" --specs=nano.specs -mfpu=fpv5-d16 -mfloat-abi=hard -mthumb -o "Core/Src/main.o"
In file included from ../Core/Src/main.cpp:30:
/home/studio3s/STM32CubeIDE/workspace_1.11.0/STM32H7_Modules/HSS_Test/CM7/Core/Module/fatfs_h7/include/fatfs_h7/fatfs_h7.h:23:13: warning: 'void BSPInit()' declared 'static' but never defined [-Wunused-function]
   23 | static void BSPInit();
      |             ^~~~~~~
arm-none-eabi-g++ -o "HSS_Test_CM7.elf" @"objects.list"   -mcpu=cortex-m7 -T"/home/studio3s/STM32CubeIDE/workspace_1.11.0/STM32H7_Modules/HSS_Test/CM7/STM32H747XIHX_FLASH.ld" --specs=nosys.specs -Wl,-Map="HSS_Test_CM7.map" -Wl,--gc-sections -static --specs=nano.specs -mfpu=fpv5-d16 -mfloat-abi=hard -mthumb -Wl,--start-group -lc -lm -lstdc++ -lsupc++ -Wl,--end-group
Finished building target: HSS_Test_CM7.elf
 
arm-none-eabi-size   HSS_Test_CM7.elf 
arm-none-eabi-objdump -h -S  HSS_Test_CM7.elf  > "HSS_Test_CM7.list"
   text	   data	    bss	    dec	    hex	filename
 131676	    160	 217355	 349191	  55407	HSS_Test_CM7.elf
Finished building: default.size.stdout
 
Finished building: HSS_Test_CM7.list
 
14:40:53 **** Incremental Build of configuration Debug for project HSS_Test_CM7 ****
make -j4 all 
arm-none-eabi-g++ "../Core/Src/main.cpp" -mcpu=cortex-m7 -std=gnu++14 -g3 -DDEBUG -DDATA_IN_D2_SRAM -DCORE_CM7 -DUSE_HAL_DRIVER -DSTM32H747xx -DMETAL_INTERNAL -DMETAL_MAX_DEVICE_REGIONS=2 -DRPMSG_BUFFER_SIZE=1024 -DVIRTIO_MASTER_ONLY -DNO_ATOMIC_64_SUPPORT -c -I../Core/Inc -I"/home/studio3s/STM32CubeIDE/workspace_1.11.0/STM32H7_Modules/HSS_Test/CM7/Core/Module" -I../LWIP/App -I../LWIP/Target -I../../Middlewares/Third_Party/LwIP/src/include -I../../Middlewares/Third_Party/LwIP/system -I../../Drivers/STM32H7xx_HAL_Driver/Inc -I../../Drivers/STM32H7xx_HAL_Driver/Inc/Legacy -I../../Middlewares/Third_Party/FreeRTOS/Source/include -I../../Middlewares/Third_Party/FreeRTOS/Source/CMSIS_RTOS -I../../Middlewares/Third_Party/FreeRTOS/Source/portable/GCC/ARM_CM4F -I../../Drivers/BSP/Components/lan8742 -I../../Middlewares/Third_Party/LwIP/src/include/netif/ppp -I../../Drivers/CMSIS/Device/ST/STM32H7xx/Include -I../../Middlewares/Third_Party/LwIP/src/include/lwip -I../../Middlewares/Third_Party/LwIP/src/include/lwip/apps -I../../Middlewares/Third_Party/LwIP/src/include/lwip/priv -I../../Middlewares/Third_Party/LwIP/src/include/lwip/prot -I../../Middlewares/Third_Party/LwIP/src/include/netif -I../../Middlewares/Third_Party/LwIP/src/include/compat/posix -I../../Middlewares/Third_Party/LwIP/src/include/compat/posix/arpa -I../../Middlewares/Third_Party/LwIP/src/include/compat/posix/net -I../../Middlewares/Third_Party/LwIP/src/include/compat/posix/sys -I../../Middlewares/Third_Party/LwIP/src/include/compat/stdc -I../../Middlewares/Third_Party/LwIP/system/arch -I../../Drivers/CMSIS/Include -I../FATFS/Target -I../FATFS/App -I../OPENAMP -I../../Middlewares/Third_Party/OpenAMP/open-amp/lib/include -I../../Middlewares/Third_Party/OpenAMP/libmetal/lib/include -I../../Middlewares/Third_Party/OpenAMP/libmetal/lib/include/metal/compiler/gcc -I../../Middlewares/Third_Party/OpenAMP/open-amp/lib/rpmsg -I../../Middlewares/Third_Party/FatFs/src -O0 -ffunction-sections -fdata-sections -fno-exceptions -fno-rtti -fno-use-cxa-atexit -Wall -fstack-usage -MMD -MP -MF"Core/Src/main.d" -MT"Core/Src/main.o" --specs=nano.specs -mfpu=fpv5-d16 -mfloat-abi=hard -mthumb -o "Core/Src/main.o"
In file included from ../Core/Src/main.cpp:30:
/home/studio3s/STM32CubeIDE/workspace_1.11.0/STM32H7_Modules/HSS_Test/CM7/Core/Module/fatfs_h7/include/fatfs_h7/fatfs_h7.h:23:13: warning: 'void BSPInit()' declared 'static' but never defined [-Wunused-function]
   23 | static void BSPInit();
      |             ^~~~~~~
arm-none-eabi-g++ -o "HSS_Test_CM7.elf" @"objects.list"   -mcpu=cortex-m7 -T"/home/studio3s/STM32CubeIDE/workspace_1.11.0/STM32H7_Modules/HSS_Test/CM7/STM32H747XIHX_FLASH.ld" --specs=nosys.specs -Wl,-Map="HSS_Test_CM7.map" -Wl,--gc-sections -static --specs=nano.specs -mfpu=fpv5-d16 -mfloat-abi=hard -mthumb -Wl,--start-group -lc -lm -lstdc++ -lsupc++ -Wl,--end-group
Finished building target: HSS_Test_CM7.elf
 
arm-none-eabi-size   HSS_Test_CM7.elf 
arm-none-eabi-objdump -h -S  HSS_Test_CM7.elf  > "HSS_Test_CM7.list"
   text	   data	    bss	    dec	    hex	filename
 149300	    160	 217747	 367207	  59a67	HSS_Test_CM7.elf
Finished building: default.size.stdout
 
Finished building: HSS_Test_CM7.list
 
14:42:57 **** Incremental Build of configuration Debug for project HSS_Test_CM7 ****
make -j4 all 
arm-none-eabi-gcc "../FATFS/Target/sd_diskio.c" -mcpu=cortex-m7 -std=gnu11 -g3 -DDEBUG -DDATA_IN_D2_SRAM -DCORE_CM7 -DUSE_HAL_DRIVER -DSTM32H747xx -DMETAL_INTERNAL -DMETAL_MAX_DEVICE_REGIONS=2 -DRPMSG_BUFFER_SIZE=1024 -DVIRTIO_MASTER_ONLY -DNO_ATOMIC_64_SUPPORT -c -I../Core/Inc -I"/home/studio3s/STM32CubeIDE/workspace_1.11.0/STM32H7_Modules/HSS_Test/CM7/Core/Module" -I../LWIP/App -I../LWIP/Target -I../../Middlewares/Third_Party/LwIP/src/include -I../../Middlewares/Third_Party/LwIP/system -I../../Drivers/STM32H7xx_HAL_Driver/Inc -I../../Drivers/STM32H7xx_HAL_Driver/Inc/Legacy -I../../Middlewares/Third_Party/FreeRTOS/Source/include -I../../Middlewares/Third_Party/FreeRTOS/Source/CMSIS_RTOS -I../../Middlewares/Third_Party/FreeRTOS/Source/portable/GCC/ARM_CM4F -I../../Drivers/BSP/Components/lan8742 -I../../Middlewares/Third_Party/LwIP/src/include/netif/ppp -I../../Drivers/CMSIS/Device/ST/STM32H7xx/Include -I../../Middlewares/Third_Party/LwIP/src/include/lwip -I../../Middlewares/Third_Party/LwIP/src/include/lwip/apps -I../../Middlewares/Third_Party/LwIP/src/include/lwip/priv -I../../Middlewares/Third_Party/LwIP/src/include/lwip/prot -I../../Middlewares/Third_Party/LwIP/src/include/netif -I../../Middlewares/Third_Party/LwIP/src/include/compat/posix -I../../Middlewares/Third_Party/LwIP/src/include/compat/posix/arpa -I../../Middlewares/Third_Party/LwIP/src/include/compat/posix/net -I../../Middlewares/Third_Party/LwIP/src/include/compat/posix/sys -I../../Middlewares/Third_Party/LwIP/src/include/compat/stdc -I../../Middlewares/Third_Party/LwIP/system/arch -I../../Drivers/CMSIS/Include -I../FATFS/Target -I../FATFS/App -I../OPENAMP -I../../Middlewares/Third_Party/OpenAMP/open-amp/lib/include -I../../Middlewares/Third_Party/OpenAMP/libmetal/lib/include -I../../Middlewares/Third_Party/OpenAMP/libmetal/lib/include/metal/compiler/gcc -I../../Middlewares/Third_Party/OpenAMP/open-amp/lib/rpmsg -I../../Middlewares/Third_Party/FatFs/src -O0 -ffunction-sections -fdata-sections -Wall -fstack-usage -MMD -MP -MF"FATFS/Target/sd_diskio.d" -MT"FATFS/Target/sd_diskio.o" --specs=nano.specs -mfpu=fpv5-d16 -mfloat-abi=hard -mthumb -o "FATFS/Target/sd_diskio.o"
arm-none-eabi-g++ -o "HSS_Test_CM7.elf" @"objects.list"   -mcpu=cortex-m7 -T"/home/studio3s/STM32CubeIDE/workspace_1.11.0/STM32H7_Modules/HSS_Test/CM7/STM32H747XIHX_FLASH.ld" --specs=nosys.specs -Wl,-Map="HSS_Test_CM7.map" -Wl,--gc-sections -static --specs=nano.specs -mfpu=fpv5-d16 -mfloat-abi=hard -mthumb -Wl,--start-group -lc -lm -lstdc++ -lsupc++ -Wl,--end-group
Finished building target: HSS_Test_CM7.elf
 
arm-none-eabi-size   HSS_Test_CM7.elf 
arm-none-eabi-objdump -h -S  HSS_Test_CM7.elf  > "HSS_Test_CM7.list"
   text	   data	    bss	    dec	    hex	filename
 149668	    160	 217755	 367583	  59bdf	HSS_Test_CM7.elf
Finished building: default.size.stdout
 
Finished building: HSS_Test_CM7.list
 
14:44:12 **** Incremental Build of configuration Debug for project HSS_Test_CM7 ****
make -j4 all 
arm-none-eabi-g++ -o "HSS_Test_CM7.elf" @"objects.list"   -mcpu=cortex-m7 -T"/home/studio3s/STM32CubeIDE/workspace_1.11.0/STM32H7_Modules/HSS_Test/CM7/STM32H747XIHX_FLASH.ld" --specs=nosys.specs -Wl,-Map="HSS_Test_CM7.map" -Wl,--gc-sections -static --specs=nano.specs -mfpu=fpv5-d16 -mfloat-abi=hard -mthumb -Wl,--start-group -lc -lm -lstdc++ -lsupc++ -Wl,--end-group
Finished building target: HSS_Test_CM7.elf
 
arm-none-eabi-size   HSS_Test_CM7.elf 
arm-none-eabi-objdump -h -S  HSS_Test_CM7.elf  > "HSS_Test_CM7.list"
   text	   data	    bss	    dec	    hex	filename
 149668	    160	 217755	 367583	  59bdf	HSS_Test_CM7.elf
Finished building: default.size.stdout
 
Finished building: HSS_Test_CM7.list
 
16:03:29 **** Incremental Build of configuration Debug for project HSS_Test_CM7 ****
make -j4 all 
arm-none-eabi-g++ -o "HSS_Test_CM7.elf" @"objects.list"   -mcpu=cortex-m7 -T"/home/studio3s/STM32CubeIDE/workspace_1.11.0/STM32H7_Modules/HSS_Test/CM7/STM32H747XIHX_FLASH.ld" --specs=nosys.specs -Wl,-Map="HSS_Test_CM7.map" -Wl,--gc-sections -static --specs=nano.specs -mfpu=fpv5-d16 -mfloat-abi=hard -mthumb -Wl,--start-group -lc -lm -lstdc++ -lsupc++ -Wl,--end-group
Finished building target: HSS_Test_CM7.elf
 
arm-none-eabi-size   HSS_Test_CM7.elf 
arm-none-eabi-objdump -h -S  HSS_Test_CM7.elf  > "HSS_Test_CM7.list"
   text	   data	    bss	    dec	    hex	filename
 149668	    160	 217755	 367583	  59bdf	HSS_Test_CM7.elf
Finished building: default.size.stdout
 
Finished building: HSS_Test_CM7.list
 
16:08:44 **** Build of configuration Debug for project HSS_Test_CM7 ****
make -j4 all 
arm-none-eabi-g++ -o "HSS_Test_CM7.elf" @"objects.list"   -mcpu=cortex-m7 -T"/home/studio3s/STM32CubeIDE/workspace_1.11.0/STM32H7_Modules/HSS_Test/CM7/STM32H747XIHX_FLASH.ld" --specs=nosys.specs -Wl,-Map="HSS_Test_CM7.map" -Wl,--gc-sections -static --specs=nano.specs -mfpu=fpv5-d16 -mfloat-abi=hard -mthumb -Wl,--start-group -lc -lm -lstdc++ -lsupc++ -Wl,--end-group
Finished building target: HSS_Test_CM7.elf
 
arm-none-eabi-size   HSS_Test_CM7.elf 
arm-none-eabi-objdump -h -S  HSS_Test_CM7.elf  > "HSS_Test_CM7.list"
   text	   data	    bss	    dec	    hex	filename
 149668	    160	 217755	 367583	  59bdf	HSS_Test_CM7.elf
Finished building: default.size.stdout
 
Finished building: HSS_Test_CM7.list
 
16:11:52 **** Incremental Build of configuration Debug for project HSS_Test_CM7 ****
make -j4 all 
arm-none-eabi-g++ "../Core/Src/main.cpp" -mcpu=cortex-m7 -std=gnu++14 -g3 -DDEBUG -DDATA_IN_D2_SRAM -DCORE_CM7 -DUSE_HAL_DRIVER -DSTM32H747xx -DMETAL_INTERNAL -DMETAL_MAX_DEVICE_REGIONS=2 -DRPMSG_BUFFER_SIZE=1024 -DVIRTIO_MASTER_ONLY -DNO_ATOMIC_64_SUPPORT -c -I../Core/Inc -I"/home/studio3s/STM32CubeIDE/workspace_1.11.0/STM32H7_Modules/HSS_Test/CM7/Core/Module" -I../LWIP/App -I../LWIP/Target -I../../Middlewares/Third_Party/LwIP/src/include -I../../Middlewares/Third_Party/LwIP/system -I../../Drivers/STM32H7xx_HAL_Driver/Inc -I../../Drivers/STM32H7xx_HAL_Driver/Inc/Legacy -I../../Middlewares/Third_Party/FreeRTOS/Source/include -I../../Middlewares/Third_Party/FreeRTOS/Source/CMSIS_RTOS -I../../Middlewares/Third_Party/FreeRTOS/Source/portable/GCC/ARM_CM4F -I../../Drivers/BSP/Components/lan8742 -I../../Middlewares/Third_Party/LwIP/src/include/netif/ppp -I../../Drivers/CMSIS/Device/ST/STM32H7xx/Include -I../../Middlewares/Third_Party/LwIP/src/include/lwip -I../../Middlewares/Third_Party/LwIP/src/include/lwip/apps -I../../Middlewares/Third_Party/LwIP/src/include/lwip/priv -I../../Middlewares/Third_Party/LwIP/src/include/lwip/prot -I../../Middlewares/Third_Party/LwIP/src/include/netif -I../../Middlewares/Third_Party/LwIP/src/include/compat/posix -I../../Middlewares/Third_Party/LwIP/src/include/compat/posix/arpa -I../../Middlewares/Third_Party/LwIP/src/include/compat/posix/net -I../../Middlewares/Third_Party/LwIP/src/include/compat/posix/sys -I../../Middlewares/Third_Party/LwIP/src/include/compat/stdc -I../../Middlewares/Third_Party/LwIP/system/arch -I../../Drivers/CMSIS/Include -I../FATFS/Target -I../FATFS/App -I../OPENAMP -I../../Middlewares/Third_Party/OpenAMP/open-amp/lib/include -I../../Middlewares/Third_Party/OpenAMP/libmetal/lib/include -I../../Middlewares/Third_Party/OpenAMP/libmetal/lib/include/metal/compiler/gcc -I../../Middlewares/Third_Party/OpenAMP/open-amp/lib/rpmsg -I../../Middlewares/Third_Party/FatFs/src -O0 -ffunction-sections -fdata-sections -fno-exceptions -fno-rtti -fno-use-cxa-atexit -Wall -fstack-usage -MMD -MP -MF"Core/Src/main.d" -MT"Core/Src/main.o" --specs=nano.specs -mfpu=fpv5-d16 -mfloat-abi=hard -mthumb -o "Core/Src/main.o"
In file included from ../Core/Src/main.cpp:30:
/home/studio3s/STM32CubeIDE/workspace_1.11.0/STM32H7_Modules/HSS_Test/CM7/Core/Module/fatfs_h7/include/fatfs_h7/fatfs_h7.h:23:13: warning: 'void BSPInit()' declared 'static' but never defined [-Wunused-function]
   23 | static void BSPInit();
      |             ^~~~~~~
arm-none-eabi-g++ -o "HSS_Test_CM7.elf" @"objects.list"   -mcpu=cortex-m7 -T"/home/studio3s/STM32CubeIDE/workspace_1.11.0/STM32H7_Modules/HSS_Test/CM7/STM32H747XIHX_FLASH.ld" --specs=nosys.specs -Wl,-Map="HSS_Test_CM7.map" -Wl,--gc-sections -static --specs=nano.specs -mfpu=fpv5-d16 -mfloat-abi=hard -mthumb -Wl,--start-group -lc -lm -lstdc++ -lsupc++ -Wl,--end-group
Finished building target: HSS_Test_CM7.elf
 
arm-none-eabi-size   HSS_Test_CM7.elf 
arm-none-eabi-objdump -h -S  HSS_Test_CM7.elf  > "HSS_Test_CM7.list"
   text	   data	    bss	    dec	    hex	filename
 132028	    160	 217371	 349559	  55577	HSS_Test_CM7.elf
Finished building: default.size.stdout
 
Finished building: HSS_Test_CM7.list
 
16:13:00 **** Incremental Build of configuration Debug for project HSS_Test_CM7 ****
make -j4 all 
arm-none-eabi-g++ "../Core/Src/main.cpp" -mcpu=cortex-m7 -std=gnu++14 -g3 -DDEBUG -DDATA_IN_D2_SRAM -DCORE_CM7 -DUSE_HAL_DRIVER -DSTM32H747xx -DMETAL_INTERNAL -DMETAL_MAX_DEVICE_REGIONS=2 -DRPMSG_BUFFER_SIZE=1024 -DVIRTIO_MASTER_ONLY -DNO_ATOMIC_64_SUPPORT -c -I../Core/Inc -I"/home/studio3s/STM32CubeIDE/workspace_1.11.0/STM32H7_Modules/HSS_Test/CM7/Core/Module" -I../LWIP/App -I../LWIP/Target -I../../Middlewares/Third_Party/LwIP/src/include -I../../Middlewares/Third_Party/LwIP/system -I../../Drivers/STM32H7xx_HAL_Driver/Inc -I../../Drivers/STM32H7xx_HAL_Driver/Inc/Legacy -I../../Middlewares/Third_Party/FreeRTOS/Source/include -I../../Middlewares/Third_Party/FreeRTOS/Source/CMSIS_RTOS -I../../Middlewares/Third_Party/FreeRTOS/Source/portable/GCC/ARM_CM4F -I../../Drivers/BSP/Components/lan8742 -I../../Middlewares/Third_Party/LwIP/src/include/netif/ppp -I../../Drivers/CMSIS/Device/ST/STM32H7xx/Include -I../../Middlewares/Third_Party/LwIP/src/include/lwip -I../../Middlewares/Third_Party/LwIP/src/include/lwip/apps -I../../Middlewares/Third_Party/LwIP/src/include/lwip/priv -I../../Middlewares/Third_Party/LwIP/src/include/lwip/prot -I../../Middlewares/Third_Party/LwIP/src/include/netif -I../../Middlewares/Third_Party/LwIP/src/include/compat/posix -I../../Middlewares/Third_Party/LwIP/src/include/compat/posix/arpa -I../../Middlewares/Third_Party/LwIP/src/include/compat/posix/net -I../../Middlewares/Third_Party/LwIP/src/include/compat/posix/sys -I../../Middlewares/Third_Party/LwIP/src/include/compat/stdc -I../../Middlewares/Third_Party/LwIP/system/arch -I../../Drivers/CMSIS/Include -I../FATFS/Target -I../FATFS/App -I../OPENAMP -I../../Middlewares/Third_Party/OpenAMP/open-amp/lib/include -I../../Middlewares/Third_Party/OpenAMP/libmetal/lib/include -I../../Middlewares/Third_Party/OpenAMP/libmetal/lib/include/metal/compiler/gcc -I../../Middlewares/Third_Party/OpenAMP/open-amp/lib/rpmsg -I../../Middlewares/Third_Party/FatFs/src -O0 -ffunction-sections -fdata-sections -fno-exceptions -fno-rtti -fno-use-cxa-atexit -Wall -fstack-usage -MMD -MP -MF"Core/Src/main.d" -MT"Core/Src/main.o" --specs=nano.specs -mfpu=fpv5-d16 -mfloat-abi=hard -mthumb -o "Core/Src/main.o"
In file included from ../Core/Src/main.cpp:30:
/home/studio3s/STM32CubeIDE/workspace_1.11.0/STM32H7_Modules/HSS_Test/CM7/Core/Module/fatfs_h7/include/fatfs_h7/fatfs_h7.h:23:13: warning: 'void BSPInit()' declared 'static' but never defined [-Wunused-function]
   23 | static void BSPInit();
      |             ^~~~~~~
arm-none-eabi-g++ -o "HSS_Test_CM7.elf" @"objects.list"   -mcpu=cortex-m7 -T"/home/studio3s/STM32CubeIDE/workspace_1.11.0/STM32H7_Modules/HSS_Test/CM7/STM32H747XIHX_FLASH.ld" --specs=nosys.specs -Wl,-Map="HSS_Test_CM7.map" -Wl,--gc-sections -static --specs=nano.specs -mfpu=fpv5-d16 -mfloat-abi=hard -mthumb -Wl,--start-group -lc -lm -lstdc++ -lsupc++ -Wl,--end-group
Finished building target: HSS_Test_CM7.elf
 
arm-none-eabi-size   HSS_Test_CM7.elf 
arm-none-eabi-objdump -h -S  HSS_Test_CM7.elf  > "HSS_Test_CM7.list"
   text	   data	    bss	    dec	    hex	filename
  65648	    128	 170680	 236456	  39ba8	HSS_Test_CM7.elf
Finished building: default.size.stdout
 
Finished building: HSS_Test_CM7.list
 
16:14:15 **** Incremental Build of configuration Debug for project HSS_Test_CM7 ****
make -j4 all 
arm-none-eabi-g++ -o "HSS_Test_CM7.elf" @"objects.list"   -mcpu=cortex-m7 -T"/home/studio3s/STM32CubeIDE/workspace_1.11.0/STM32H7_Modules/HSS_Test/CM7/STM32H747XIHX_FLASH.ld" --specs=nosys.specs -Wl,-Map="HSS_Test_CM7.map" -Wl,--gc-sections -static --specs=nano.specs -mfpu=fpv5-d16 -mfloat-abi=hard -mthumb -Wl,--start-group -lc -lm -lstdc++ -lsupc++ -Wl,--end-group
Finished building target: HSS_Test_CM7.elf
 
arm-none-eabi-size   HSS_Test_CM7.elf 
arm-none-eabi-objdump -h -S  HSS_Test_CM7.elf  > "HSS_Test_CM7.list"
   text	   data	    bss	    dec	    hex	filename
  65648	    128	 176824	 242600	  3b3a8	HSS_Test_CM7.elf
Finished building: default.size.stdout
 
Finished building: HSS_Test_CM7.list
 
16:15:28 **** Incremental Build of configuration Debug for project HSS_Test_CM7 ****
make -j4 all 
arm-none-eabi-gcc "../FATFS/Target/sd_diskio.c" -mcpu=cortex-m7 -std=gnu11 -g3 -DDEBUG -DDATA_IN_D2_SRAM -DCORE_CM7 -DUSE_HAL_DRIVER -DSTM32H747xx -DMETAL_INTERNAL -DMETAL_MAX_DEVICE_REGIONS=2 -DRPMSG_BUFFER_SIZE=1024 -DVIRTIO_MASTER_ONLY -DNO_ATOMIC_64_SUPPORT -c -I../Core/Inc -I"/home/studio3s/STM32CubeIDE/workspace_1.11.0/STM32H7_Modules/HSS_Test/CM7/Core/Module" -I../LWIP/App -I../LWIP/Target -I../../Middlewares/Third_Party/LwIP/src/include -I../../Middlewares/Third_Party/LwIP/system -I../../Drivers/STM32H7xx_HAL_Driver/Inc -I../../Drivers/STM32H7xx_HAL_Driver/Inc/Legacy -I../../Middlewares/Third_Party/FreeRTOS/Source/include -I../../Middlewares/Third_Party/FreeRTOS/Source/CMSIS_RTOS -I../../Middlewares/Third_Party/FreeRTOS/Source/portable/GCC/ARM_CM4F -I../../Drivers/BSP/Components/lan8742 -I../../Middlewares/Third_Party/LwIP/src/include/netif/ppp -I../../Drivers/CMSIS/Device/ST/STM32H7xx/Include -I../../Middlewares/Third_Party/LwIP/src/include/lwip -I../../Middlewares/Third_Party/LwIP/src/include/lwip/apps -I../../Middlewares/Third_Party/LwIP/src/include/lwip/priv -I../../Middlewares/Third_Party/LwIP/src/include/lwip/prot -I../../Middlewares/Third_Party/LwIP/src/include/netif -I../../Middlewares/Third_Party/LwIP/src/include/compat/posix -I../../Middlewares/Third_Party/LwIP/src/include/compat/posix/arpa -I../../Middlewares/Third_Party/LwIP/src/include/compat/posix/net -I../../Middlewares/Third_Party/LwIP/src/include/compat/posix/sys -I../../Middlewares/Third_Party/LwIP/src/include/compat/stdc -I../../Middlewares/Third_Party/LwIP/system/arch -I../../Drivers/CMSIS/Include -I../FATFS/Target -I../FATFS/App -I../OPENAMP -I../../Middlewares/Third_Party/OpenAMP/open-amp/lib/include -I../../Middlewares/Third_Party/OpenAMP/libmetal/lib/include -I../../Middlewares/Third_Party/OpenAMP/libmetal/lib/include/metal/compiler/gcc -I../../Middlewares/Third_Party/OpenAMP/open-amp/lib/rpmsg -I../../Middlewares/Third_Party/FatFs/src -O0 -ffunction-sections -fdata-sections -Wall -fstack-usage -MMD -MP -MF"FATFS/Target/sd_diskio.d" -MT"FATFS/Target/sd_diskio.o" --specs=nano.specs -mfpu=fpv5-d16 -mfloat-abi=hard -mthumb -o "FATFS/Target/sd_diskio.o"
arm-none-eabi-g++ -o "HSS_Test_CM7.elf" @"objects.list"   -mcpu=cortex-m7 -T"/home/studio3s/STM32CubeIDE/workspace_1.11.0/STM32H7_Modules/HSS_Test/CM7/STM32H747XIHX_FLASH.ld" --specs=nosys.specs -Wl,-Map="HSS_Test_CM7.map" -Wl,--gc-sections -static --specs=nano.specs -mfpu=fpv5-d16 -mfloat-abi=hard -mthumb -Wl,--start-group -lc -lm -lstdc++ -lsupc++ -Wl,--end-group
Finished building target: HSS_Test_CM7.elf
 
arm-none-eabi-size   HSS_Test_CM7.elf 
arm-none-eabi-objdump -h -S  HSS_Test_CM7.elf  > "HSS_Test_CM7.list"
   text	   data	    bss	    dec	    hex	filename
  65056	    128	 170152	 235336	  39748	HSS_Test_CM7.elf
Finished building: default.size.stdout
 
Finished building: HSS_Test_CM7.list
 
16:16:57 **** Incremental Build of configuration Debug for project HSS_Test_CM7 ****
make -j4 all 
[...]
arm-none-eabi-g++ -o "HSS_Test_CM7.elf" @"objects.list"   -mcpu=cortex-m7 -T"/home/studio3s/STM32CubeIDE/workspace_1.11.0/STM32H7_Modules/HSS_Test/CM7/STM32H747XIHX_FLASH.ld" --specs=nosys.specs -Wl,-Map="HSS_Test_CM7.map" -Wl,--gc-sections -static --specs=nano.specs -mfpu=fpv5-d16 -mfloat-abi=hard -mthumb -Wl,--start-group -lc -lm -lstdc++ -lsupc++ -Wl,--end-group
Finished building target: HSS_Test_CM7.elf
 
arm-none-eabi-size   HSS_Test_CM7.elf 
arm-none-eabi-objdump -h -S  HSS_Test_CM7.elf  > "HSS_Test_CM7.list"
   text	   data	    bss	    dec	    hex	filename
 149044	    160	 217235	 366439	  59767	HSS_Test_CM7.elf
Finished building: default.size.stdout
 
Finished building: HSS_Test_CM7.list
 
17:30:17 **** Incremental Build of configuration Debug for project HSS_Test_CM7 ****
make -j4 all 
arm-none-eabi-gcc "../FATFS/Target/sd_diskio.c" -mcpu=cortex-m7 -std=gnu11 -g3 -DDEBUG -DDATA_IN_D2_SRAM -DCORE_CM7 -DUSE_HAL_DRIVER -DSTM32H747xx -DMETAL_INTERNAL -DMETAL_MAX_DEVICE_REGIONS=2 -DRPMSG_BUFFER_SIZE=1024 -DVIRTIO_MASTER_ONLY -DNO_ATOMIC_64_SUPPORT -c -I../Core/Inc -I"/home/studio3s/STM32CubeIDE/workspace_1.11.0/STM32H7_Modules/HSS_Test/CM7/Core/Module" -I../LWIP/App -I../LWIP/Target -I../../Middlewares/Third_Party/LwIP/src/include -I../../Middlewares/Third_Party/LwIP/system -I../../Drivers/STM32H7xx_HAL_Driver/Inc -I../../Drivers/STM32H7xx_HAL_Driver/Inc/Legacy -I../../Middlewares/Third_Party/FreeRTOS/Source/include -I../../Middlewares/Third_Party/FreeRTOS/Source/CMSIS_RTOS -I../../Middlewares/Third_Party/FreeRTOS/Source/portable/GCC/ARM_CM4F -I../../Drivers/BSP/Components/lan8742 -I../../Middlewares/Third_Party/LwIP/src/include/netif/ppp -I../../Drivers/CMSIS/Device/ST/STM32H7xx/Include -I../../Middlewares/Third_Party/LwIP/src/include/lwip -I../../Middlewares/Third_Party/LwIP/src/include/lwip/apps -I../../Middlewares/Third_Party/LwIP/src/include/lwip/priv -I../../Middlewares/Third_Party/LwIP/src/include/lwip/prot -I../../Middlewares/Third_Party/LwIP/src/include/netif -I../../Middlewares/Third_Party/LwIP/src/include/compat/posix -I../../Middlewares/Third_Party/LwIP/src/include/compat/posix/arpa -I../../Middlewares/Third_Party/LwIP/src/include/compat/posix/net -I../../Middlewares/Third_Party/LwIP/src/include/compat/posix/sys -I../../Middlewares/Third_Party/LwIP/src/include/compat/stdc -I../../Middlewares/Third_Party/LwIP/system/arch -I../../Drivers/CMSIS/Include -I../FATFS/Target -I../FATFS/App -I../OPENAMP -I../../Middlewares/Third_Party/OpenAMP/open-amp/lib/include -I../../Middlewares/Third_Party/OpenAMP/libmetal/lib/include -I../../Middlewares/Third_Party/OpenAMP/libmetal/lib/include/metal/compiler/gcc -I../../Middlewares/Third_Party/OpenAMP/open-amp/lib/rpmsg -I../../Middlewares/Third_Party/FatFs/src -O0 -ffunction-sections -fdata-sections -Wall -fstack-usage -MMD -MP -MF"FATFS/Target/sd_diskio.d" -MT"FATFS/Target/sd_diskio.o" --specs=nano.specs -mfpu=fpv5-d16 -mfloat-abi=hard -mthumb -o "FATFS/Target/sd_diskio.o"
../FATFS/Target/sd_diskio.c: In function 'SD_read':
../FATFS/Target/sd_diskio.c:318:17: error: unknown type name 'the'
  318 |                 the SCB_InvalidateDCache_by_Addr() requires a 32-Byte aligned address,
      |                 ^~~
../FATFS/Target/sd_diskio.c:318:52: error: expected '=', ',', ';', 'asm' or '__attribute__' before 'requires'
  318 |                 the SCB_InvalidateDCache_by_Addr() requires a 32-Byte aligned address,
      |                                                    ^~~~~~~~
make: *** [FATFS/Target/subdir.mk:25: FATFS/Target/sd_diskio.o] Error 1
"make -j4 all" terminated with exit code 2. Build might be incomplete.
17:30:44 **** Incremental Build of configuration Debug for project HSS_Test_CM7 ****
make -j4 all 
arm-none-eabi-gcc "../FATFS/Target/sd_diskio.c" -mcpu=cortex-m7 -std=gnu11 -g3 -DDEBUG -DDATA_IN_D2_SRAM -DCORE_CM7 -DUSE_HAL_DRIVER -DSTM32H747xx -DMETAL_INTERNAL -DMETAL_MAX_DEVICE_REGIONS=2 -DRPMSG_BUFFER_SIZE=1024 -DVIRTIO_MASTER_ONLY -DNO_ATOMIC_64_SUPPORT -c -I../Core/Inc -I"/home/studio3s/STM32CubeIDE/workspace_1.11.0/STM32H7_Modules/HSS_Test/CM7/Core/Module" -I../LWIP/App -I../LWIP/Target -I../../Middlewares/Third_Party/LwIP/src/include -I../../Middlewares/Third_Party/LwIP/system -I../../Drivers/STM32H7xx_HAL_Driver/Inc -I../../Drivers/STM32H7xx_HAL_Driver/Inc/Legacy -I../../Middlewares/Third_Party/FreeRTOS/Source/include -I../../Middlewares/Third_Party/FreeRTOS/Source/CMSIS_RTOS -I../../Middlewares/Third_Party/FreeRTOS/Source/portable/GCC/ARM_CM4F -I../../Drivers/BSP/Components/lan8742 -I../../Middlewares/Third_Party/LwIP/src/include/netif/ppp -I../../Drivers/CMSIS/Device/ST/STM32H7xx/Include -I../../Middlewares/Third_Party/LwIP/src/include/lwip -I../../Middlewares/Third_Party/LwIP/src/include/lwip/apps -I../../Middlewares/Third_Party/LwIP/src/include/lwip/priv -I../../Middlewares/Third_Party/LwIP/src/include/lwip/prot -I../../Middlewares/Third_Party/LwIP/src/include/netif -I../../Middlewares/Third_Party/LwIP/src/include/compat/posix -I../../Middlewares/Third_Party/LwIP/src/include/compat/posix/arpa -I../../Middlewares/Third_Party/LwIP/src/include/compat/posix/net -I../../Middlewares/Third_Party/LwIP/src/include/compat/posix/sys -I../../Middlewares/Third_Party/LwIP/src/include/compat/stdc -I../../Middlewares/Third_Party/LwIP/system/arch -I../../Drivers/CMSIS/Include -I../FATFS/Target -I../FATFS/App -I../OPENAMP -I../../Middlewares/Third_Party/OpenAMP/open-amp/lib/include -I../../Middlewares/Third_Party/OpenAMP/libmetal/lib/include -I../../Middlewares/Third_Party/OpenAMP/libmetal/lib/include/metal/compiler/gcc -I../../Middlewares/Third_Party/OpenAMP/open-amp/lib/rpmsg -I../../Middlewares/Third_Party/FatFs/src -O0 -ffunction-sections -fdata-sections -Wall -fstack-usage -MMD -MP -MF"FATFS/Target/sd_diskio.d" -MT"FATFS/Target/sd_diskio.o" --specs=nano.specs -mfpu=fpv5-d16 -mfloat-abi=hard -mthumb -o "FATFS/Target/sd_diskio.o"
../FATFS/Target/sd_diskio.c: In function 'SD_read':
../FATFS/Target/sd_diskio.c:272:32: warning: statement with no effect [-Wunused-value]
  272 |                count*BLOCKSIZE + ((uint32_t)buff - alignedAddr));
      |                ~~~~~~~~~~~~~~~~^~~~~~~~~~~~~~~~~~~~~~~~~~~~~~~~
../FATFS/Target/sd_diskio.c:272:64: error: expected ';' before ')' token
  272 |                count*BLOCKSIZE + ((uint32_t)buff - alignedAddr));
      |                                                                ^
      |                                                                ;
../FATFS/Target/sd_diskio.c:272:64: error: expected statement before ')' token
make: *** [FATFS/Target/subdir.mk:25: FATFS/Target/sd_diskio.o] Error 1
"make -j4 all" terminated with exit code 2. Build might be incomplete.
17:31:17 **** Incremental Build of configuration Debug for project HSS_Test_CM7 ****
make -j4 all 
arm-none-eabi-gcc "../FATFS/Target/sd_diskio.c" -mcpu=cortex-m7 -std=gnu11 -g3 -DDEBUG -DDATA_IN_D2_SRAM -DCORE_CM7 -DUSE_HAL_DRIVER -DSTM32H747xx -DMETAL_INTERNAL -DMETAL_MAX_DEVICE_REGIONS=2 -DRPMSG_BUFFER_SIZE=1024 -DVIRTIO_MASTER_ONLY -DNO_ATOMIC_64_SUPPORT -c -I../Core/Inc -I"/home/studio3s/STM32CubeIDE/workspace_1.11.0/STM32H7_Modules/HSS_Test/CM7/Core/Module" -I../LWIP/App -I../LWIP/Target -I../../Middlewares/Third_Party/LwIP/src/include -I../../Middlewares/Third_Party/LwIP/system -I../../Drivers/STM32H7xx_HAL_Driver/Inc -I../../Drivers/STM32H7xx_HAL_Driver/Inc/Legacy -I../../Middlewares/Third_Party/FreeRTOS/Source/include -I../../Middlewares/Third_Party/FreeRTOS/Source/CMSIS_RTOS -I../../Middlewares/Third_Party/FreeRTOS/Source/portable/GCC/ARM_CM4F -I../../Drivers/BSP/Components/lan8742 -I../../Middlewares/Third_Party/LwIP/src/include/netif/ppp -I../../Drivers/CMSIS/Device/ST/STM32H7xx/Include -I../../Middlewares/Third_Party/LwIP/src/include/lwip -I../../Middlewares/Third_Party/LwIP/src/include/lwip/apps -I../../Middlewares/Third_Party/LwIP/src/include/lwip/priv -I../../Middlewares/Third_Party/LwIP/src/include/lwip/prot -I../../Middlewares/Third_Party/LwIP/src/include/netif -I../../Middlewares/Third_Party/LwIP/src/include/compat/posix -I../../Middlewares/Third_Party/LwIP/src/include/compat/posix/arpa -I../../Middlewares/Third_Party/LwIP/src/include/compat/posix/net -I../../Middlewares/Third_Party/LwIP/src/include/compat/posix/sys -I../../Middlewares/Third_Party/LwIP/src/include/compat/stdc -I../../Middlewares/Third_Party/LwIP/system/arch -I../../Drivers/CMSIS/Include -I../FATFS/Target -I../FATFS/App -I../OPENAMP -I../../Middlewares/Third_Party/OpenAMP/open-amp/lib/include -I../../Middlewares/Third_Party/OpenAMP/libmetal/lib/include -I../../Middlewares/Third_Party/OpenAMP/libmetal/lib/include/metal/compiler/gcc -I../../Middlewares/Third_Party/OpenAMP/open-amp/lib/rpmsg -I../../Middlewares/Third_Party/FatFs/src -O0 -ffunction-sections -fdata-sections -Wall -fstack-usage -MMD -MP -MF"FATFS/Target/sd_diskio.d" -MT"FATFS/Target/sd_diskio.o" --specs=nano.specs -mfpu=fpv5-d16 -mfloat-abi=hard -mthumb -o "FATFS/Target/sd_diskio.o"
arm-none-eabi-g++ -o "HSS_Test_CM7.elf" @"objects.list"   -mcpu=cortex-m7 -T"/home/studio3s/STM32CubeIDE/workspace_1.11.0/STM32H7_Modules/HSS_Test/CM7/STM32H747XIHX_FLASH.ld" --specs=nosys.specs -Wl,-Map="HSS_Test_CM7.map" -Wl,--gc-sections -static --specs=nano.specs -mfpu=fpv5-d16 -mfloat-abi=hard -mthumb -Wl,--start-group -lc -lm -lstdc++ -lsupc++ -Wl,--end-group
Finished building target: HSS_Test_CM7.elf
 
arm-none-eabi-size   HSS_Test_CM7.elf 
arm-none-eabi-objdump -h -S  HSS_Test_CM7.elf  > "HSS_Test_CM7.list"
   text	   data	    bss	    dec	    hex	filename
 149140	    160	 217235	 366535	  597c7	HSS_Test_CM7.elf
Finished building: default.size.stdout
 
Finished building: HSS_Test_CM7.list
 
17:32:05 **** Incremental Build of configuration Debug for project HSS_Test_CM7 ****
make -j4 all 
arm-none-eabi-gcc "../FATFS/Target/sd_diskio.c" -mcpu=cortex-m7 -std=gnu11 -g3 -DDEBUG -DDATA_IN_D2_SRAM -DCORE_CM7 -DUSE_HAL_DRIVER -DSTM32H747xx -DMETAL_INTERNAL -DMETAL_MAX_DEVICE_REGIONS=2 -DRPMSG_BUFFER_SIZE=1024 -DVIRTIO_MASTER_ONLY -DNO_ATOMIC_64_SUPPORT -c -I../Core/Inc -I"/home/studio3s/STM32CubeIDE/workspace_1.11.0/STM32H7_Modules/HSS_Test/CM7/Core/Module" -I../LWIP/App -I../LWIP/Target -I../../Middlewares/Third_Party/LwIP/src/include -I../../Middlewares/Third_Party/LwIP/system -I../../Drivers/STM32H7xx_HAL_Driver/Inc -I../../Drivers/STM32H7xx_HAL_Driver/Inc/Legacy -I../../Middlewares/Third_Party/FreeRTOS/Source/include -I../../Middlewares/Third_Party/FreeRTOS/Source/CMSIS_RTOS -I../../Middlewares/Third_Party/FreeRTOS/Source/portable/GCC/ARM_CM4F -I../../Drivers/BSP/Components/lan8742 -I../../Middlewares/Third_Party/LwIP/src/include/netif/ppp -I../../Drivers/CMSIS/Device/ST/STM32H7xx/Include -I../../Middlewares/Third_Party/LwIP/src/include/lwip -I../../Middlewares/Third_Party/LwIP/src/include/lwip/apps -I../../Middlewares/Third_Party/LwIP/src/include/lwip/priv -I../../Middlewares/Third_Party/LwIP/src/include/lwip/prot -I../../Middlewares/Third_Party/LwIP/src/include/netif -I../../Middlewares/Third_Party/LwIP/src/include/compat/posix -I../../Middlewares/Third_Party/LwIP/src/include/compat/posix/arpa -I../../Middlewares/Third_Party/LwIP/src/include/compat/posix/net -I../../Middlewares/Third_Party/LwIP/src/include/compat/posix/sys -I../../Middlewares/Third_Party/LwIP/src/include/compat/stdc -I../../Middlewares/Third_Party/LwIP/system/arch -I../../Drivers/CMSIS/Include -I../FATFS/Target -I../FATFS/App -I../OPENAMP -I../../Middlewares/Third_Party/OpenAMP/open-amp/lib/include -I../../Middlewares/Third_Party/OpenAMP/libmetal/lib/include -I../../Middlewares/Third_Party/OpenAMP/libmetal/lib/include/metal/compiler/gcc -I../../Middlewares/Third_Party/OpenAMP/open-amp/lib/rpmsg -I../../Middlewares/Third_Party/FatFs/src -O0 -ffunction-sections -fdata-sections -Wall -fstack-usage -MMD -MP -MF"FATFS/Target/sd_diskio.d" -MT"FATFS/Target/sd_diskio.o" --specs=nano.specs -mfpu=fpv5-d16 -mfloat-abi=hard -mthumb -o "FATFS/Target/sd_diskio.o"
arm-none-eabi-g++ -o "HSS_Test_CM7.elf" @"objects.list"   -mcpu=cortex-m7 -T"/home/studio3s/STM32CubeIDE/workspace_1.11.0/STM32H7_Modules/HSS_Test/CM7/STM32H747XIHX_FLASH.ld" --specs=nosys.specs -Wl,-Map="HSS_Test_CM7.map" -Wl,--gc-sections -static --specs=nano.specs -mfpu=fpv5-d16 -mfloat-abi=hard -mthumb -Wl,--start-group -lc -lm -lstdc++ -lsupc++ -Wl,--end-group
Finished building target: HSS_Test_CM7.elf
 
arm-none-eabi-size   HSS_Test_CM7.elf 
arm-none-eabi-objdump -h -S  HSS_Test_CM7.elf  > "HSS_Test_CM7.list"
   text	   data	    bss	    dec	    hex	filename
 149220	    160	 217235	 366615	  59817	HSS_Test_CM7.elf
Finished building: default.size.stdout
 
Finished building: HSS_Test_CM7.list
 
18:39:34 **** Incremental Build of configuration Debug for project HSS_Test_CM7 ****
make -j4 all 
arm-none-eabi-gcc "../FATFS/Target/sd_diskio.c" -mcpu=cortex-m7 -std=gnu11 -g3 -DDEBUG -DDATA_IN_D2_SRAM -DCORE_CM7 -DUSE_HAL_DRIVER -DSTM32H747xx -DMETAL_INTERNAL -DMETAL_MAX_DEVICE_REGIONS=2 -DRPMSG_BUFFER_SIZE=1024 -DVIRTIO_MASTER_ONLY -DNO_ATOMIC_64_SUPPORT -c -I../Core/Inc -I"/home/studio3s/STM32CubeIDE/workspace_1.11.0/STM32H7_Modules/HSS_Test/CM7/Core/Module" -I../LWIP/App -I../LWIP/Target -I../../Middlewares/Third_Party/LwIP/src/include -I../../Middlewares/Third_Party/LwIP/system -I../../Drivers/STM32H7xx_HAL_Driver/Inc -I../../Drivers/STM32H7xx_HAL_Driver/Inc/Legacy -I../../Middlewares/Third_Party/FreeRTOS/Source/include -I../../Middlewares/Third_Party/FreeRTOS/Source/CMSIS_RTOS -I../../Middlewares/Third_Party/FreeRTOS/Source/portable/GCC/ARM_CM4F -I../../Drivers/BSP/Components/lan8742 -I../../Middlewares/Third_Party/LwIP/src/include/netif/ppp -I../../Drivers/CMSIS/Device/ST/STM32H7xx/Include -I../../Middlewares/Third_Party/LwIP/src/include/lwip -I../../Middlewares/Third_Party/LwIP/src/include/lwip/apps -I../../Middlewares/Third_Party/LwIP/src/include/lwip/priv -I../../Middlewares/Third_Party/LwIP/src/include/lwip/prot -I../../Middlewares/Third_Party/LwIP/src/include/netif -I../../Middlewares/Third_Party/LwIP/src/include/compat/posix -I../../Middlewares/Third_Party/LwIP/src/include/compat/posix/arpa -I../../Middlewares/Third_Party/LwIP/src/include/compat/posix/net -I../../Middlewares/Third_Party/LwIP/src/include/compat/posix/sys -I../../Middlewares/Third_Party/LwIP/src/include/compat/stdc -I../../Middlewares/Third_Party/LwIP/system/arch -I../../Drivers/CMSIS/Include -I../FATFS/Target -I../FATFS/App -I../OPENAMP -I../../Middlewares/Third_Party/OpenAMP/open-amp/lib/include -I../../Middlewares/Third_Party/OpenAMP/libmetal/lib/include -I../../Middlewares/Third_Party/OpenAMP/libmetal/lib/include/metal/compiler/gcc -I../../Middlewares/Third_Party/OpenAMP/open-amp/lib/rpmsg -I../../Middlewares/Third_Party/FatFs/src -O0 -ffunction-sections -fdata-sections -Wall -fstack-usage -MMD -MP -MF"FATFS/Target/sd_diskio.d" -MT"FATFS/Target/sd_diskio.o" --specs=nano.specs -mfpu=fpv5-d16 -mfloat-abi=hard -mthumb -o "FATFS/Target/sd_diskio.o"
arm-none-eabi-g++ -o "HSS_Test_CM7.elf" @"objects.list"   -mcpu=cortex-m7 -T"/home/studio3s/STM32CubeIDE/workspace_1.11.0/STM32H7_Modules/HSS_Test/CM7/STM32H747XIHX_FLASH.ld" --specs=nosys.specs -Wl,-Map="HSS_Test_CM7.map" -Wl,--gc-sections -static --specs=nano.specs -mfpu=fpv5-d16 -mfloat-abi=hard -mthumb -Wl,--start-group -lc -lm -lstdc++ -lsupc++ -Wl,--end-group
Finished building target: HSS_Test_CM7.elf
 
arm-none-eabi-size   HSS_Test_CM7.elf 
arm-none-eabi-objdump -h -S  HSS_Test_CM7.elf  > "HSS_Test_CM7.list"
   text	   data	    bss	    dec	    hex	filename
 149124	    160	 217235	 366519	  597b7	HSS_Test_CM7.elf
Finished building: default.size.stdout
 
Finished building: HSS_Test_CM7.list
 
09:37:14 **** Incremental Build of configuration Debug for project HSS_Test_CM7 ****
make -j4 all 
arm-none-eabi-gcc "../FATFS/Target/sd_diskio.c" -mcpu=cortex-m7 -std=gnu11 -g3 -DDEBUG -DDATA_IN_D2_SRAM -DCORE_CM7 -DUSE_HAL_DRIVER -DSTM32H747xx -DMETAL_INTERNAL -DMETAL_MAX_DEVICE_REGIONS=2 -DRPMSG_BUFFER_SIZE=1024 -DVIRTIO_MASTER_ONLY -DNO_ATOMIC_64_SUPPORT -c -I../Core/Inc -I"/home/studio3s/STM32CubeIDE/workspace_1.11.0/STM32H7_Modules/HSS_Test/CM7/Core/Module" -I../LWIP/App -I../LWIP/Target -I../../Middlewares/Third_Party/LwIP/src/include -I../../Middlewares/Third_Party/LwIP/system -I../../Drivers/STM32H7xx_HAL_Driver/Inc -I../../Drivers/STM32H7xx_HAL_Driver/Inc/Legacy -I../../Middlewares/Third_Party/FreeRTOS/Source/include -I../../Middlewares/Third_Party/FreeRTOS/Source/CMSIS_RTOS -I../../Middlewares/Third_Party/FreeRTOS/Source/portable/GCC/ARM_CM4F -I../../Drivers/BSP/Components/lan8742 -I../../Middlewares/Third_Party/LwIP/src/include/netif/ppp -I../../Drivers/CMSIS/Device/ST/STM32H7xx/Include -I../../Middlewares/Third_Party/LwIP/src/include/lwip -I../../Middlewares/Third_Party/LwIP/src/include/lwip/apps -I../../Middlewares/Third_Party/LwIP/src/include/lwip/priv -I../../Middlewares/Third_Party/LwIP/src/include/lwip/prot -I../../Middlewares/Third_Party/LwIP/src/include/netif -I../../Middlewares/Third_Party/LwIP/src/include/compat/posix -I../../Middlewares/Third_Party/LwIP/src/include/compat/posix/arpa -I../../Middlewares/Third_Party/LwIP/src/include/compat/posix/net -I../../Middlewares/Third_Party/LwIP/src/include/compat/posix/sys -I../../Middlewares/Third_Party/LwIP/src/include/compat/stdc -I../../Middlewares/Third_Party/LwIP/system/arch -I../../Drivers/CMSIS/Include -I../FATFS/Target -I../FATFS/App -I../OPENAMP -I../../Middlewares/Third_Party/OpenAMP/open-amp/lib/include -I../../Middlewares/Third_Party/OpenAMP/libmetal/lib/include -I../../Middlewares/Third_Party/OpenAMP/libmetal/lib/include/metal/compiler/gcc -I../../Middlewares/Third_Party/OpenAMP/open-amp/lib/rpmsg -I../../Middlewares/Third_Party/FatFs/src -O0 -ffunction-sections -fdata-sections -Wall -fstack-usage -MMD -MP -MF"FATFS/Target/sd_diskio.d" -MT"FATFS/Target/sd_diskio.o" --specs=nano.specs -mfpu=fpv5-d16 -mfloat-abi=hard -mthumb -o "FATFS/Target/sd_diskio.o"
arm-none-eabi-g++ -o "HSS_Test_CM7.elf" @"objects.list"   -mcpu=cortex-m7 -T"/home/studio3s/STM32CubeIDE/workspace_1.11.0/STM32H7_Modules/HSS_Test/CM7/STM32H747XIHX_FLASH.ld" --specs=nosys.specs -Wl,-Map="HSS_Test_CM7.map" -Wl,--gc-sections -static --specs=nano.specs -mfpu=fpv5-d16 -mfloat-abi=hard -mthumb -Wl,--start-group -lc -lm -lstdc++ -lsupc++ -Wl,--end-group
Finished building target: HSS_Test_CM7.elf
 
arm-none-eabi-size   HSS_Test_CM7.elf 
arm-none-eabi-objdump -h -S  HSS_Test_CM7.elf  > "HSS_Test_CM7.list"
   text	   data	    bss	    dec	    hex	filename
 149124	    160	 217235	 366519	  597b7	HSS_Test_CM7.elf
Finished building: default.size.stdout
 
Finished building: HSS_Test_CM7.list
 
09:39:26 **** Incremental Build of configuration Debug for project HSS_Test_CM7 ****
make -j4 all 
arm-none-eabi-g++ -o "HSS_Test_CM7.elf" @"objects.list"   -mcpu=cortex-m7 -T"/home/studio3s/STM32CubeIDE/workspace_1.11.0/STM32H7_Modules/HSS_Test/CM7/STM32H747XIHX_FLASH.ld" --specs=nosys.specs -Wl,-Map="HSS_Test_CM7.map" -Wl,--gc-sections -static --specs=nano.specs -mfpu=fpv5-d16 -mfloat-abi=hard -mthumb -Wl,--start-group -lc -lm -lstdc++ -lsupc++ -Wl,--end-group
Finished building target: HSS_Test_CM7.elf
 
arm-none-eabi-size   HSS_Test_CM7.elf 
arm-none-eabi-objdump -h -S  HSS_Test_CM7.elf  > "HSS_Test_CM7.list"
   text	   data	    bss	    dec	    hex	filename
 149124	    160	 217235	 366519	  597b7	HSS_Test_CM7.elf
Finished building: default.size.stdout
 
Finished building: HSS_Test_CM7.list
 
