09:55:05 **** Incremental Build of configuration Debug for project sdmmc_h7_CM7 ****
make -j4 all 
arm-none-eabi-gcc "../Core/Module/fatfs_h7/src/fatfs_h7.c" -mcpu=cortex-m7 -std=gnu11 -g3 -DDEBUG -DCORE_CM7 -DUSE_HAL_DRIVER -DSTM32H747xx -c -I../Core/Inc -I"/home/studio3s/STM32CubeIDE/workspace_1.11.0/STM32H7_Modules/sdmmc_h7/CM7/Core/Module" -I../LWIP/App -I../LWIP/Target -I../../Middlewares/Third_Party/LwIP/src/include -I../../Middlewares/Third_Party/LwIP/system -I../../Drivers/STM32H7xx_HAL_Driver/Inc -I../../Drivers/STM32H7xx_HAL_Driver/Inc/Legacy -I../../Middlewares/Third_Party/FreeRTOS/Source/include -I../../Middlewares/Third_Party/FreeRTOS/Source/CMSIS_RTOS -I../../Middlewares/Third_Party/FreeRTOS/Source/portable/GCC/ARM_CM4F -I../../Drivers/BSP/Components/lan8742 -I../../Middlewares/Third_Party/LwIP/src/include/netif/ppp -I../../Drivers/CMSIS/Device/ST/STM32H7xx/Include -I../../Middlewares/Third_Party/LwIP/src/include/lwip -I../../Middlewares/Third_Party/LwIP/src/include/lwip/apps -I../../Middlewares/Third_Party/LwIP/src/include/lwip/priv -I../../Middlewares/Third_Party/LwIP/src/include/lwip/prot -I../../Middlewares/Third_Party/LwIP/src/include/netif -I../../Middlewares/Third_Party/LwIP/src/include/compat/posix -I../../Middlewares/Third_Party/LwIP/src/include/compat/posix/arpa -I../../Middlewares/Third_Party/LwIP/src/include/compat/posix/net -I../../Middlewares/Third_Party/LwIP/src/include/compat/posix/sys -I../../Middlewares/Third_Party/LwIP/src/include/compat/stdc -I../../Middlewares/Third_Party/LwIP/system/arch -I../../Drivers/CMSIS/Include -I../FATFS/Target -I../FATFS/App -I../../Middlewares/Third_Party/FatFs/src -O0 -ffunction-sections -fdata-sections -Wall -fstack-usage -MMD -MP -MF"Core/Module/fatfs_h7/src/fatfs_h7.d" -MT"Core/Module/fatfs_h7/src/fatfs_h7.o" --specs=nano.specs -mfpu=fpv5-d16 -mfloat-abi=hard -mthumb -o "Core/Module/fatfs_h7/src/fatfs_h7.o"
arm-none-eabi-g++ -o "sdmmc_h7_CM7.elf" @"objects.list"   -mcpu=cortex-m7 -T"/home/studio3s/STM32CubeIDE/workspace_1.11.0/STM32H7_Modules/sdmmc_h7/CM7/STM32H747XIHX_FLASH.ld" --specs=nosys.specs -Wl,-Map="sdmmc_h7_CM7.map" -Wl,--gc-sections -static --specs=nano.specs -mfpu=fpv5-d16 -mfloat-abi=hard -mthumb -Wl,--start-group -lc -lm -lstdc++ -lsupc++ -Wl,--end-group
Finished building target: sdmmc_h7_CM7.elf
 
arm-none-eabi-size   sdmmc_h7_CM7.elf 
arm-none-eabi-objdump -h -S  sdmmc_h7_CM7.elf  > "sdmmc_h7_CM7.list"
   text	   data	    bss	    dec	    hex	filename
  64756	    128	  38568	 103452	  1941c	sdmmc_h7_CM7.elf
Finished building: default.size.stdout
 
Finished building: sdmmc_h7_CM7.list
 

09:55:08 Build Finished. 0 errors, 0 warnings. (took 2s.494ms)

